
=== webhook — deploy the registration and its serving certificate
serviceaccount/dpumesh-webhook unchanged
clusterrole.rbac.authorization.k8s.io/dpumesh-webhook unchanged
clusterrolebinding.rbac.authorization.k8s.io/dpumesh-webhook unchanged
service/dpumesh-webhook unchanged
deployment.apps/dpumesh-webhook created
mutatingwebhookconfiguration.admissionregistration.k8s.io/dpumesh-inject created
Waiting for deployment "dpumesh-webhook" rollout to finish: 0 of 1 updated replicas are available...
deployment "dpumesh-webhook" successfully rolled out
    I0 [PASS] caBundle published: expected=present observed=present 

=== workloads — the same Deployment, with and without the annotation
deployment.apps/inject-echo unchanged
service/inject-sock unchanged
deployment.apps/plain-echo unchanged
service/plain-sock unchanged
deployment.apps/inject-bench unchanged
service/inject-bench unchanged
deployment.apps/plain-bench unchanged
service/plain-bench unchanged
deployment.apps/inject-echo scaled
deployment.apps/plain-echo scaled
deployment.apps/inject-bench scaled
deployment.apps/plain-bench scaled
    DPU admin ports: 4191 4192 4193 4194 4195 4196 4197 4198

=== I1/I2 — what the admitted Pod objects carry
    I1 [PASS] inject-echo: expected=injected observed=injected 
    I2 [PASS] plain-echo: expected=bare observed=bare 

=== I3 — the meshed pair
I3 | OK mrps=0.002602 gbps=0.0222 req_gbps=0.0217 resp_gbps=0.0005 p50=368.00 p95=596.00 p99=730.00 p999=925.00 p9999=1757.00 avg=382.25 min=114.21 max=5706.58 rcnt=25898 scheduled=25999 pending=1 fail=0 conc=1 threads=1 reqsz=1024 repsz=8 reqframe=1040 respframe=24 durs=10.000 offered_mrps=0.002602 drops=0 overflow=0 worker_fail=0 reorder=0 mode=closed arr=const grabs=1 rets=1 recyc=57 waits=0 pads=0 wwin=0 wpool=0
    I3 [PASS] meshed traffic: expected=serve observed=serve rcnt=25898 fail=0 admitted+=1
    I3b [PASS] meshed verdict: expected=yes observed=yes 

=== I4 — the unmeshed control
I4 | OK mrps=0.041969 gbps=0.3572 req_gbps=0.3492 resp_gbps=0.0081 p50=22.00 p95=26.00 p99=38.00 p999=208.00 p9999=269.00 avg=23.56 min=9.52 max=898.26 rcnt=419590 scheduled=419691 pending=1 fail=0 conc=1 threads=1 reqsz=1024 repsz=8 reqframe=1040 respframe=24 durs=10.000 offered_mrps=0.041969 drops=0 overflow=0 worker_fail=0 reorder=0 mode=closed arr=const grabs=NA rets=NA recyc=NA waits=NA pads=NA wwin=NA wpool=NA
    I4 [PASS] unmeshed traffic: expected=serve observed=serve rcnt=419590 fail=0 admitted+=0
    I4b [PASS] unmeshed verdict: expected=no observed=no 

=== I5 — fail-closed: while the webhook cannot answer, the namespace creates no Pod
deployment.apps/dpumesh-webhook scaled
pod/dpumesh-webhook-54db6b87dd-9hbcd condition met
probe | Error from server (InternalError): Internal error occurred: failed calling webhook "inject.dpumesh.io": failed to call webhook: Post "https://dpumesh-webhook.test-bench.svc:443/mutate?timeout=30s": dial tcp 10.98.72.55:443: connect: connection refused
    I5a [PASS] creation while webhook is down: expected=refuse observed=refuse 
deployment.apps/dpumesh-webhook scaled
Waiting for deployment "dpumesh-webhook" rollout to finish: 0 of 1 updated replicas are available...
deployment "dpumesh-webhook" successfully rolled out
probe | Error from server (InternalError): Internal error occurred: failed calling webhook "inject.dpumesh.io": failed to call webhook: Post "https://dpumesh-webhook.test-bench.svc:443/mutate?timeout=30s": context deadline exceeded (Client.Timeout exceeded while awaiting headers)
    I5b [FAIL] creation once it answers: expected=admit observed=refuse 

=== I6 — fail-closed: while the DPU is down, a meshed Pod's connect refuses
I6a | OK mrps=0.002822 gbps=0.0240 req_gbps=0.0235 resp_gbps=0.0005 p50=357.00 p95=587.00 p99=715.00 p999=891.00 p9999=1808.00 avg=352.44 min=127.02 max=2334.04 rcnt=28105 scheduled=28206 pending=1 fail=0 conc=1 threads=1 reqsz=1024 repsz=8 reqframe=1040 respframe=24 durs=10.000 offered_mrps=0.002822 drops=0 overflow=0 worker_fail=0 reorder=0 mode=closed arr=const grabs=1 rets=1 recyc=61 waits=0 pads=0 wwin=0 wpool=0
    I6a [PASS] meshed serve before the kill: expected=serve observed=serve rcnt=28105 fail=0
[sudo] password for jukebox:     I6b [PASS] dpumesh_dpu after the kill: expected=absent observed=absent 
I6c | ERR mrps=0.000000 gbps=0.0000 req_gbps=0.0000 resp_gbps=0.0000 p50=0.00 p95=0.00 p99=0.00 p999=0.00 p9999=0.00 avg=0.00 min=0.00 max=0.00 rcnt=0 scheduled=0 pending=0 fail=1 conc=1 threads=1 reqsz=1024 repsz=8 reqframe=1040 respframe=24 durs=10.000 offered_mrps=0.000000 drops=0 overflow=0 worker_fail=1 reorder=0 mode=closed arr=const grabs=0 rets=0 recyc=0 waits=0 pads=0 wwin=0 wpool=0
    I6c [PASS] warm meshed connect, DPU down: expected=refuse observed=refuse rcnt=0 fail=1 refusals=1 restarts=0:0
deployment.apps/inject-bench scaled
pod/inject-bench-66bd76df9d-7b9k6 condition met
deployment.apps/inject-bench scaled
I6d | ERR mrps=0.000000 gbps=0.0000 req_gbps=0.0000 resp_gbps=0.0000 p50=0.00 p95=0.00 p99=0.00 p999=0.00 p9999=0.00 avg=0.00 min=0.00 max=0.00 rcnt=0 scheduled=0 pending=0 fail=1 conc=1 threads=1 reqsz=1024 repsz=8 reqframe=1040 respframe=24 durs=10.000 offered_mrps=0.000000 drops=0 overflow=0 worker_fail=1 reorder=0 mode=closed arr=const grabs=0 rets=0 recyc=0 waits=0 pads=0 wwin=0 wpool=0
    I6d [PASS] meshed Pod born in the outage: expected=refuse observed=refuse rcnt=0 fail=1 refusals=1
I6e | OK mrps=0.041706 gbps=0.3550 req_gbps=0.3470 resp_gbps=0.0080 p50=22.00 p95=26.00 p99=38.00 p999=215.00 p9999=286.00 avg=23.71 min=9.50 max=1176.88 rcnt=416954 scheduled=417055 pending=1 fail=0 conc=1 threads=1 reqsz=1024 repsz=8 reqframe=1040 respframe=24 durs=10.000 offered_mrps=0.041706 drops=0 overflow=0 worker_fail=0 reorder=0 mode=closed arr=const grabs=NA rets=NA recyc=NA waits=NA pads=NA wwin=NA wpool=NA
    I6e [PASS] unmeshed pair, DPU down: expected=serve observed=serve rcnt=416954 fail=0

=== I6 — restore: a fresh DPU, then the meshed pair recycled against it
deployment.apps/inject-bench scaled
deployment.apps/inject-echo scaled
pod/inject-bench-66bd76df9d-9926d condition met
pod/inject-echo-6857bff6f-57zgj condition met
[sudo] password for jukebox:     dpumesh_dpu relaunched (PID: 3509240)
    no startup banner within 90s
deployment.apps/inject-echo scaled
deployment.apps/inject-bench scaled
I6f | OK mrps=0.003026 gbps=0.0258 req_gbps=0.0252 resp_gbps=0.0006 p50=336.00 p95=583.00 p99=726.00 p999=1024.00 p9999=1828.00 avg=328.61 min=111.01 max=12118.88 rcnt=30160 scheduled=30261 pending=1 fail=0 conc=1 threads=1 reqsz=1024 repsz=8 reqframe=1040 respframe=24 durs=10.000 offered_mrps=0.003026 drops=0 overflow=0 worker_fail=0 reorder=0 mode=closed arr=const grabs=1 rets=1 recyc=66 waits=0 pads=0 wwin=0 wpool=0
    I6f [PASS] meshed serve after restore: expected=serve observed=serve rcnt=30160 fail=0 admitted+=1

=== summary
    passes=14 failures=1
    -> bench/report/data/inject-dpudown-20260825-214159/stages.csv

=== cleanup
deployment.apps/inject-echo scaled
deployment.apps/inject-bench scaled
deployment.apps/plain-echo scaled
deployment.apps/plain-bench scaled
mutatingwebhookconfiguration.admissionregistration.k8s.io "dpumesh-inject" deleted
deployment.apps "dpumesh-webhook" deleted
    injected workloads scaled to zero; webhook and its registration removed
