[0;32m[INFO][0m Host NUMA: PCI 94:00.0 -> node 1, benchmark cores 18-35
secret/envoy-mtls configured
[0;32m[INFO][0m Envoy benchmark mTLS Secret ready
[0;34m[STEP][0m === Applying K8s manifest (replicas=0) ===
deployment.apps/bench-dpumesh configured
service/bench-dpumesh unchanged
deployment.apps/echo-dpumesh configured
deployment.apps/echo-dpumesh-13 configured
deployment.apps/echo-dpumesh-14 configured
deployment.apps/loopback-dpumesh unchanged
service/loopback-dpumesh unchanged
deployment.apps/verbs-dpumesh unchanged
service/verbs-dpumesh unchanged
deployment.apps/preload-dpumesh unchanged
service/preload-dpumesh unchanged
deployment.apps/preload-echo unchanged
deployment.apps/preload-bench unchanged
service/preload-bench unchanged
service/preload-sock unchanged
deployment.apps/bench-tcp unchanged
service/bench-tcp unchanged
deployment.apps/echo-tcp unchanged
service/echo-tcp unchanged
deployment.apps/bench-tcp-strict unchanged
service/bench-tcp-strict unchanged
deployment.apps/echo-tcp-strict unchanged
service/echo-tcp-strict unchanged
configmap/sidecar1-config unchanged
configmap/sidecar2-config unchanged
configmap/strict-client-config unchanged
configmap/strict-server-config unchanged
deployment.apps/bench-grpc-dpumesh unchanged
service/bench-grpc-dpumesh unchanged
deployment.apps/echo-grpc-dpumesh unchanged
service/echo-grpc-dpumesh unchanged
deployment.apps/bench-grpc-envoy unchanged
service/bench-grpc-envoy unchanged
deployment.apps/echo-grpc-envoy unchanged
service/echo-grpc-envoy unchanged
deployment.apps/bench-grpc-tcp unchanged
service/bench-grpc-tcp unchanged
deployment.apps/echo-grpc-tcp unchanged
service/echo-grpc-tcp unchanged
configmap/grpc-sidecar1-config unchanged
deployment.apps/bench-grpc-envoy-strict unchanged
service/bench-grpc-envoy-strict unchanged
deployment.apps/echo-grpc-envoy-strict unchanged
service/echo-grpc-envoy-strict unchanged
configmap/grpc-strict-client-config unchanged
[0;32m[INFO][0m K8s resources applied (linkerd=0)
[0;34m[STEP][0m === Syncing sources to DPU (jukebox@192.168.100.2:~/DPUmesh) ===
sending incremental file list
buffer.c
buffer.h
build_dpacc.sh
comch_client.c
comch_client.h
comch_common.c
comch_common.h
comch_msgq.c
comch_msgq.h
comch_server.c
comch_server.h
common.c
common.h
config.c
config.h
dpa.c
dpa.h
dpa_common.h
dpa_resource_config.yaml
dpu_main.c
dpu_proxy.c
dpu_proxy.h
dpu_worker.c
dpu_worker.h
meson.build
meson_options.txt
object.c
object.h
ring.c
ring.h
device/dpa_kernel.c

sent 2,148 bytes  received 4,316 bytes  4,309.33 bytes/sec
total size is 420,563  speedup is 65.06
sending incremental file list
dpumesh/dmesh.h
dpumesh/dmesh_common.h
dpumesh/dmesh_topology.h

sent 297 bytes  received 186 bytes  966.00 bytes/sec
total size is 11,793  speedup is 24.42
sending incremental file list
dmesh_l7.h

sent 134 bytes  received 69 bytes  135.33 bytes/sec
total size is 3,208  speedup is 15.80
sending incremental file list
l7_null.c

sent 130 bytes  received 189 bytes  638.00 bytes/sec
total size is 17,332  speedup is 54.33
[0;32m[INFO][0m Source sync complete
[0;34m[STEP][0m === Syncing linkerd sources to DPU (jukebox@192.168.100.2:/home/jukebox/l7build) ===
[0;32m[INFO][0m linkerd source sync complete
[0;34m[STEP][0m === Building linkerd artifacts on DPU (libdmesh_l7.a + mock control plane) ===
[0;32m[INFO][0m libdmesh_l7.a built (/home/jukebox/l7build/rust/target/release/libdmesh_l7.a)
[0;32m[INFO][0m mock control plane staged (/home/jukebox/l7build/mock)
[0;34m[STEP][0m === Building on DPU (ninja) ===
[0;32m[INFO][0m linkerd preflight OK (staticlib exports the contract and needs no port datapath, identity material readable, control plane=mock)
[0;32m[INFO][0m DPU build OK (buildtype=debugoptimized, recompiled 13 C objects)
[0;34m[STEP][0m === Building host libdpumesh.so (make lib) ===
make: Entering directory '/home/jukebox/DPUmesh'
make: Leaving directory '/home/jukebox/DPUmesh'
[0;32m[INFO][0m Host build OK (/home/jukebox/DPUmesh/build/lib/libdpumesh.so)
[0;34m[STEP][0m === Building bench/validator binaries (make bench) ===
make: Entering directory '/home/jukebox/DPUmesh'
make: Leaving directory '/home/jukebox/DPUmesh'
[0;32m[INFO][0m Bench binaries built (/home/jukebox/DPUmesh/build/bin + /home/jukebox/DPUmesh/build/lib/libdmesh_preload.so)
[0;34m[STEP][0m === Building Docker images (scope=core) ===
#0 building with "default" instance using docker driver

#1 [internal] load build definition from bench_dpumesh.Dockerfile
#1 DONE 0.0s

#1 [internal] load build definition from bench_dpumesh.Dockerfile
#1 transferring dockerfile: 747B done
#1 DONE 0.0s

#2 [internal] load metadata for docker.io/library/ubuntu:22.04
#2 DONE 0.0s

#3 [internal] load .dockerignore
#3 transferring context: 2B done
#3 DONE 0.0s

#4 [1/8] FROM docker.io/library/ubuntu:22.04@sha256:3b06811b2afd352be909dd088a004166d665dc76d38b13eada33522a9d915c6f
#4 resolve docker.io/library/ubuntu:22.04@sha256:3b06811b2afd352be909dd088a004166d665dc76d38b13eada33522a9d915c6f done
#4 DONE 0.0s

#5 [internal] load build context
#5 transferring context: 108.25kB done
#5 DONE 0.0s

#6 [2/8] RUN apt-get update &&     DEBIAN_FRONTEND=noninteractive apt-get install -y       ca-certificates       libibverbs1       libnl-3-200       libnl-route-3-200       libyaml-0-2       libsasl2-2       numactl       openssl &&     rm -rf /var/lib/apt/lists/*
#6 CACHED

#7 [4/8] COPY doca-libs/ /usr/local/lib/
#7 CACHED

#8 [5/8] COPY build/lib/libdpumesh.so.4 /usr/local/lib/
#8 CACHED

#9 [3/8] COPY build/bin/bench_dpumesh /usr/local/bin/bench_dpumesh
#9 CACHED

#10 [6/8] COPY bench/k8s/registry /etc/dpumesh/registry
#10 CACHED

#11 [7/8] COPY bench/docker/numa-entrypoint.sh /usr/local/bin/numa-entrypoint.sh
#11 CACHED

#12 [8/8] RUN ldconfig
#12 CACHED

#13 exporting to image
#13 exporting layers done
#13 exporting manifest sha256:b641a6f1807d1fdc0a44dfe2837847e694519dd59c9196fabce79c576c9d87f2 done
#13 exporting config sha256:b04cfe605175d94d545999db0ed8bac2a962b710c3ca89bab2b45289d6bf4901 done
#13 exporting attestation manifest sha256:c73dd11a33fa280615273e785ecba0af1ad758188855a16ff01ca32423b29563 0.0s done
#13 exporting manifest list sha256:8992ea66dea753f35d2474113fdc267e9a48a3a62a797692a78731a01c193be8 done
#13 naming to docker.io/bench/bench-dpumesh:latest done
#13 unpacking to docker.io/bench/bench-dpumesh:latest done
#13 DONE 0.0s
docker.io/bench/bench-dpumesh:latest
docker.io/bench/bench dpumesh:latest    	saved	
application/vnd.oci.image.index.v1+json sha256:8992ea66dea753f35d2474113fdc267e9a48a3a62a797692a78731a01c193be8
Importing	elapsed: 0.5 s	total:   0.0 B	(0.0 B/s)	
#0 building with "default" instance using docker driver

#1 [internal] load build definition from echo_dpumesh.Dockerfile
#1 transferring dockerfile: 731B done
#1 DONE 0.0s

#2 [internal] load metadata for docker.io/library/ubuntu:22.04
#2 DONE 0.0s

#3 [internal] load .dockerignore
#3 transferring context: 2B done
#3 DONE 0.0s

#4 [1/8] FROM docker.io/library/ubuntu:22.04@sha256:3b06811b2afd352be909dd088a004166d665dc76d38b13eada33522a9d915c6f
#4 resolve docker.io/library/ubuntu:22.04@sha256:3b06811b2afd352be909dd088a004166d665dc76d38b13eada33522a9d915c6f done
#4 DONE 0.0s

#5 [internal] load build context
#5 transferring context: 42.28kB done
#5 DONE 0.0s

#6 [2/8] RUN apt-get update &&     DEBIAN_FRONTEND=noninteractive apt-get install -y       ca-certificates       libibverbs1       libnl-3-200       libnl-route-3-200       libyaml-0-2       libsasl2-2       numactl       openssl &&     rm -rf /var/lib/apt/lists/*
#6 CACHED

#7 [4/8] COPY doca-libs/ /usr/local/lib/
#7 CACHED

#8 [5/8] COPY build/lib/libdpumesh.so.4 /usr/local/lib/
#8 CACHED

#9 [6/8] COPY bench/k8s/registry /etc/dpumesh/registry
#9 CACHED

#10 [7/8] COPY bench/docker/numa-entrypoint.sh /usr/local/bin/numa-entrypoint.sh
#10 CACHED

#11 [3/8] COPY build/bin/echo_dpumesh /usr/local/bin/echo_dpumesh
#11 CACHED

#12 [8/8] RUN ldconfig
#12 CACHED

#13 exporting to image
#13 exporting layers done
#13 exporting manifest sha256:46a1b6dc117da9fae3dae7a004590d6d7a9e8e8bf8fda8dafdc9a18a4a4baa40 done
#13 exporting config sha256:717323223ba816c18c1f60eadfef34f1ce86b2bafd66ef51502eb11e5104f763 done
#13 exporting attestation manifest sha256:ddea97381bb9fd7960c4b2452c3d5a6ef3e9b8005910f9f3207fe55356b5e8f3
#13 exporting attestation manifest sha256:ddea97381bb9fd7960c4b2452c3d5a6ef3e9b8005910f9f3207fe55356b5e8f3 0.0s done
#13 exporting manifest list sha256:28957f2a44e7a20196bbb01063e2cf3aee309b44ee3cba498c9e0c68737f1d6c done
#13 naming to docker.io/bench/echo-dpumesh:latest done
#13 unpacking to docker.io/bench/echo-dpumesh:latest done
#13 DONE 0.0s
docker.io/bench/echo-dpumesh:latest
docker.io/bench/echo dpumesh:latest     	saved	
application/vnd.oci.image.index.v1+json sha256:28957f2a44e7a20196bbb01063e2cf3aee309b44ee3cba498c9e0c68737f1d6c
Importing	elapsed: 0.6 s	total:   0.0 B	(0.0 B/s)	
[0;32m[INFO][0m Scope images built and imported to containerd
[0;34m[STEP][0m === Starting dpumesh_dpu (l7_decision='' l7_opaque='11,13,14' l7_full='' dpa_threads='32' rings_per_pod='8' arm_workers='4') ===
[0;32m[INFO][0m Stopping dpumesh_dpu...
[0;34m[STEP][0m === Starting mock control plane (identity/destination/policy) ===
[0;32m[INFO][0m mock control plane up (identity :8088, destination :8089, policy :8087)
[0;32m[INFO][0m dpumesh_dpu running (PID: 3786938)
[0;34m[STEP][0m === Starting pods (innermost first, scope=core) ===
deployment.apps/echo-dpumesh scaled
deployment.apps/echo-dpumesh scaled
pod/echo-dpumesh-6fbb47b695-7xn4f condition met
[0;32m[INFO][0m echo-dpumesh pod Ready
[0;32m[INFO][0m Waiting for DPUmesh init: echo-dpumesh (DPU pod is data-ready)
[0;32m[INFO][0m echo-dpumesh DPUmesh data-ready
deployment.apps/echo-dpumesh-13 scaled
deployment.apps/echo-dpumesh-13 scaled
pod/echo-dpumesh-13-86c6f8f97b-ncpnv condition met
[0;32m[INFO][0m echo-dpumesh-13 pod Ready
[0;32m[INFO][0m Waiting for DPUmesh init: echo-dpumesh-13 (DPU pod is data-ready)
[0;32m[INFO][0m echo-dpumesh-13 DPUmesh data-ready
deployment.apps/echo-dpumesh-14 scaled
deployment.apps/echo-dpumesh-14 scaled
pod/echo-dpumesh-14-789dcf897f-89bcw condition met
[0;32m[INFO][0m echo-dpumesh-14 pod Ready
[0;32m[INFO][0m Waiting for DPUmesh init: echo-dpumesh-14 (DPU pod is data-ready)
[0;32m[INFO][0m echo-dpumesh-14 DPUmesh data-ready
deployment.apps/bench-dpumesh scaled
deployment.apps/bench-dpumesh scaled
pod/bench-dpumesh-6fc9577967-7tjjk condition met
[0;32m[INFO][0m bench-dpumesh pod Ready
[0;32m[INFO][0m Waiting for DPUmesh init: bench-dpumesh (DPU pod is data-ready)
[0;32m[INFO][0m bench-dpumesh DPUmesh data-ready
[0;34m[STEP][0m === Pinning pods to dedicated cores (taskset, profile=fair) ===
[0;32m[INFO][0m CPU governor=performance, fixed 2.5 GHz on cores 18-35
[0;32m[INFO][0m bench-dpumesh → core(s) 18 (pod=212c30324267b59ce0913f6adcbcfd5b791fba66bd32adae82f1b56ab5825333)
[0;32m[INFO][0m   bench-dpumesh (PID 2861666) → 18
[0;32m[INFO][0m echo-dpumesh → core(s) 19 (pod=52dab3df6435be03366bdba32fd92d6d54053a02480db56c595950817b0a26de)
[0;32m[INFO][0m   echo-dpumesh (PID 2860587) → 19
[0;32m[INFO][0m echo-dpumesh-13 → core(s) 24 (pod=dfb861684c313888cbc445224a33b6eb19e9c8371e7a1b9166ba511b9fe02dd4)
[0;32m[INFO][0m   echo-dpumesh-13 (PID 2861111) → 24
[0;32m[INFO][0m echo-dpumesh-14 → core(s) 25 (pod=3d362b6072e7c86817e1cd341a051bbd3f40695c13bb52788d6a7a95d804ed0b)
[0;32m[INFO][0m   echo-dpumesh-14 (PID 2861408) → 25
[0;32m[INFO][0m Pinning done
[0;34m[STEP][0m === Validating one connection through the L7 layer ===
  OK mrps=0.005076 gbps=0.0432 req_gbps=0.0422 resp_gbps=0.0010 p50=152.00 p95=439.00 p99=548.00 p999=674.00 p9999=757.00 avg=196.81 min=121.38 max=899.88 rcnt=25229 scheduled=25330 pending=1 fail=0 conc=1 threads=1 reqsz=1024 repsz=8 reqframe=1040 respframe=24 durs=5.000 offered_mrps=0.005076 drops=0 overflow=0 worker_fail=0 mode=closed arr=const batch=1 reconns=0 reconn_us=0.00 grabs=1 rets=1 recyc=55 waits=0 pads=0 reorder=0 dist=0:25329
[0;32m[INFO][0m single-connection L7 validation passed
[0;32m[INFO][0m === Deploy complete ===
  Run:  /home/jukebox/DPUmesh/bench/bench.sh latency|bandwidth|rate|all [dpumesh|tcp|both]
        /home/jukebox/DPUmesh/bench/bench.sh loopback|verbs|preload ...   (validators)
  Re-pin:  /home/jukebox/DPUmesh/bench/bench.sh pin [fair|l4|hw|hw3|hw6]
