
=== DPU admin endpoints: 4191 4192 4193 4194 4195 4196 4197 4198

=== output: /home/jukebox/DPUmesh/bench/report/data/f-final-20260821-233741

=== surfaces — Linkerd features running in a proxy nobody has aimed at them
S0 | OK mrps=0.000786 gbps=0.0067 req_gbps=0.0065 resp_gbps=0.0002 p50=1268.00 p95=1464.00 p99=1536.00 p999=1965.00 p9999=2919.00 avg=1271.92 min=782.74 max=3880.43 rcnt=7971 scheduled=8072 pending=0 fail=0 conc=1 threads=1 channels=1 reqsz=1024 repsz=8 reqframe=1040 respframe=24 durs=10.000 offered_mrps=0.000786 drops=0 overflow=0 worker_fail=0 reorder=0 mode=closed arr=const batch=0 reconns=0 reconn_us=0.00 grabs=0 rets=0 recyc=17 waits=0 pads=0 credit_hold_dropped=0 eq_budget_exhausted=0 dist=NA
    S0 [PASS] no route: expected=serve observed=serve rcnt=7971 fail=0 admitted+=1 denied+=0 route_hits+=0 mismatch+=0

=== S1/S2 — HTTPRoute request timeouts
httproute.gateway.networking.k8s.io/bench-grpc-route created
S1 | OK mrps=0.000776 gbps=0.0066 req_gbps=0.0065 resp_gbps=0.0001 p50=1281.00 p95=1474.00 p99=1545.00 p999=1747.00 p9999=3911.00 avg=1288.26 min=809.81 max=5210.64 rcnt=7888 scheduled=7989 pending=0 fail=0 conc=1 threads=1 channels=1 reqsz=1024 repsz=8 reqframe=1040 respframe=24 durs=10.000 offered_mrps=0.000776 drops=0 overflow=0 worker_fail=0 reorder=0 mode=closed arr=const batch=0 reconns=0 reconn_us=0.00 grabs=0 rets=0 recyc=17 waits=0 pads=0 credit_hold_dropped=0 eq_budget_exhausted=0 dist=NA
    S1 [PASS] timeout 10s: expected=serve observed=serve rcnt=7888 fail=0 admitted+=1 denied+=0 route_hits+=7989 mismatch+=0
httproute.gateway.networking.k8s.io/bench-grpc-route configured
S2 | OK mrps=0.000784 gbps=0.0067 req_gbps=0.0065 resp_gbps=0.0002 p50=1271.00 p95=1483.00 p99=1546.00 p999=1720.00 p9999=2931.00 avg=1274.00 min=797.02 max=3739.73 rcnt=7968 scheduled=8073 pending=0 fail=4 conc=1 threads=1 channels=1 reqsz=1024 repsz=8 reqframe=1040 respframe=24 durs=10.000 offered_mrps=0.000784 drops=0 overflow=0 worker_fail=0 reorder=0 mode=closed arr=const batch=0 reconns=0 reconn_us=0.00 grabs=0 rets=0 recyc=17 waits=0 pads=0 credit_hold_dropped=0 eq_budget_exhausted=0 dist=NA
    S2 [PASS] timeout 1ms: expected=refuse observed=refuse rcnt=7968 fail=4 admitted+=1 denied+=0 route_hits+=8072 mismatch+=0
httproute.gateway.networking.k8s.io "bench-grpc-route" deleted

=== S3 — retries, against a backend that fails on purpose
deployment.apps/echo-grpc-dpumesh env updated
Waiting for deployment "echo-grpc-dpumesh" rollout to finish: 0 out of 1 new replicas have been updated...
Waiting for deployment "echo-grpc-dpumesh" rollout to finish: 1 old replicas are pending termination...
Waiting for deployment "echo-grpc-dpumesh" rollout to finish: 1 old replicas are pending termination...
deployment "echo-grpc-dpumesh" successfully rolled out
httproute.gateway.networking.k8s.io/bench-grpc-route created
S3a | OK mrps=0.000638 gbps=0.0054 req_gbps=0.0053 resp_gbps=0.0001 p50=1483.00 p95=1669.00 p99=1751.00 p999=4801.00 p9999=45103.00 avg=1536.77 min=787.44 max=400492.94 rcnt=6483 scheduled=6718 pending=0 fail=134 conc=1 threads=1 channels=1 reqsz=1024 repsz=8 reqframe=1040 respframe=24 durs=10.000 offered_mrps=0.000638 drops=0 overflow=0 worker_fail=0 reorder=0 mode=closed arr=const batch=0 reconns=0 reconn_us=0.00 grabs=0 rets=0 recyc=14 waits=0 pads=0 credit_hold_dropped=0 eq_budget_exhausted=0 dist=NA
    S3a [PASS] 1-in-50 failures, no retry policy: expected=refuse observed=refuse rcnt=6483 fail=134 admitted+=1 denied+=0 route_hits+=6717 mismatch+=0
httproute.gateway.networking.k8s.io/bench-grpc-route configured
S3b | OK mrps=0.000639 gbps=0.0054 req_gbps=0.0053 resp_gbps=0.0001 p50=1546.00 p95=1739.00 p99=1811.00 p999=1965.00 p9999=2479.00 avg=1532.90 min=857.99 max=3287.56 rcnt=6465 scheduled=6700 pending=0 fail=134 conc=1 threads=1 channels=1 reqsz=1024 repsz=8 reqframe=1040 respframe=24 durs=10.000 offered_mrps=0.000639 drops=0 overflow=0 worker_fail=0 reorder=0 mode=closed arr=const batch=0 reconns=0 reconn_us=0.00 grabs=0 rets=0 recyc=14 waits=0 pads=0 credit_hold_dropped=0 eq_budget_exhausted=0 dist=NA
    S3b [FAIL] 1-in-50 failures, retry limit 3: expected=serve observed=refuse rcnt=6465 fail=134 admitted+=1 denied+=0 route_hits+=6699 mismatch+=0
httproute.gateway.networking.k8s.io "bench-grpc-route" deleted
deployment.apps/echo-grpc-dpumesh env updated
Waiting for deployment "echo-grpc-dpumesh" rollout to finish: 1 old replicas are pending termination...
Waiting for deployment "echo-grpc-dpumesh" rollout to finish: 1 old replicas are pending termination...
deployment "echo-grpc-dpumesh" successfully rolled out

=== S4/S5 — method matching
httproute.gateway.networking.k8s.io/bench-grpc-route created
S4 | OK mrps=0.000654 gbps=0.0056 req_gbps=0.0054 resp_gbps=0.0001 p50=1508.00 p95=1717.00 p99=1792.00 p999=2131.00 p9999=169459.00 avg=1528.53 min=822.56 max=200888.98 rcnt=6618 scheduled=6719 pending=0 fail=0 conc=1 threads=1 channels=1 reqsz=1024 repsz=8 reqframe=1040 respframe=24 durs=10.000 offered_mrps=0.000654 drops=0 overflow=0 worker_fail=0 reorder=0 mode=closed arr=const batch=0 reconns=0 reconn_us=0.00 grabs=0 rets=0 recyc=14 waits=0 pads=0 credit_hold_dropped=0 eq_budget_exhausted=0 dist=NA
    S4 [PASS] method POST: expected=serve observed=serve rcnt=6618 fail=0 admitted+=1 denied+=0 route_hits+=6718 mismatch+=0
httproute.gateway.networking.k8s.io/bench-grpc-route configured
S5 | OK mrps=0.000000 gbps=0.0000 req_gbps=0.0000 resp_gbps=0.0000 p50=0.00 p95=0.00 p99=0.00 p999=0.00 p9999=0.00 avg=0.00 min=0.00 max=0.00 rcnt=0 scheduled=23635 pending=0 fail=23634 conc=1 threads=1 channels=1 reqsz=1024 repsz=8 reqframe=1040 respframe=24 durs=10.000 offered_mrps=0.000000 drops=0 overflow=0 worker_fail=0 reorder=0 mode=closed arr=const batch=0 reconns=0 reconn_us=0.00 grabs=0 rets=0 recyc=51 waits=0 pads=0 credit_hold_dropped=0 eq_budget_exhausted=0 dist=NA
    S5 [PASS] method GET: expected=refuse observed=refuse rcnt=0 fail=23634 admitted+=1 denied+=0 route_hits+=0 mismatch+=0
httproute.gateway.networking.k8s.io "bench-grpc-route" deleted

=== S6/S7 — header matching
httproute.gateway.networking.k8s.io/bench-grpc-route created
S6 | OK mrps=0.000653 gbps=0.0056 req_gbps=0.0054 resp_gbps=0.0001 p50=1552.00 p95=1721.00 p99=1800.00 p999=2714.00 p9999=13023.00 avg=1532.27 min=824.67 max=15366.34 rcnt=6609 scheduled=6710 pending=0 fail=0 conc=1 threads=1 channels=1 reqsz=1024 repsz=8 reqframe=1040 respframe=24 durs=10.000 offered_mrps=0.000653 drops=0 overflow=0 worker_fail=0 reorder=0 mode=closed arr=const batch=0 reconns=0 reconn_us=0.00 grabs=0 rets=0 recyc=14 waits=0 pads=0 credit_hold_dropped=0 eq_budget_exhausted=0 dist=NA
    S6 [PASS] header content-type: application/grpc: expected=serve observed=serve rcnt=6609 fail=0 admitted+=1 denied+=0 route_hits+=6710 mismatch+=0
httproute.gateway.networking.k8s.io/bench-grpc-route configured
S7 | OK mrps=0.000000 gbps=0.0000 req_gbps=0.0000 resp_gbps=0.0000 p50=0.00 p95=0.00 p99=0.00 p999=0.00 p9999=0.00 avg=0.00 min=0.00 max=0.00 rcnt=0 scheduled=23719 pending=0 fail=23718 conc=1 threads=1 channels=1 reqsz=1024 repsz=8 reqframe=1040 respframe=24 durs=10.000 offered_mrps=0.000000 drops=0 overflow=0 worker_fail=0 reorder=0 mode=closed arr=const batch=0 reconns=0 reconn_us=0.00 grabs=0 rets=0 recyc=52 waits=0 pads=0 credit_hold_dropped=0 eq_budget_exhausted=0 dist=NA
    S7 [PASS] header content-type: application/json: expected=refuse observed=refuse rcnt=0 fail=23718 admitted+=1 denied+=0 route_hits+=0 mismatch+=0
httproute.gateway.networking.k8s.io "bench-grpc-route" deleted

=== S8/S9 — GRPCRoute
grpcroute.gateway.networking.k8s.io/bench-grpc-grpcroute created
S8 | OK mrps=0.000648 gbps=0.0055 req_gbps=0.0054 resp_gbps=0.0001 p50=1561.00 p95=1724.00 p99=1791.00 p999=2251.00 p9999=3081.00 avg=1542.58 min=847.43 max=3123.16 rcnt=6561 scheduled=6662 pending=0 fail=0 conc=1 threads=1 channels=1 reqsz=1024 repsz=8 reqframe=1040 respframe=24 durs=10.000 offered_mrps=0.000648 drops=0 overflow=0 worker_fail=0 reorder=0 mode=closed arr=const batch=0 reconns=0 reconn_us=0.00 grabs=0 rets=0 recyc=14 waits=0 pads=0 credit_hold_dropped=0 eq_budget_exhausted=0 dist=NA
    S8 [PASS] GRPCRoute on the called method: expected=serve observed=serve rcnt=6561 fail=0 admitted+=1 denied+=0 route_hits+=0 mismatch+=0
grpcroute.gateway.networking.k8s.io/bench-grpc-grpcroute configured
S9 | OK mrps=0.000000 gbps=0.0000 req_gbps=0.0000 resp_gbps=0.0000 p50=0.00 p95=0.00 p99=0.00 p999=0.00 p9999=0.00 avg=0.00 min=0.00 max=0.00 rcnt=0 scheduled=23474 pending=0 fail=23473 conc=1 threads=1 channels=1 reqsz=1024 repsz=8 reqframe=1040 respframe=24 durs=10.000 offered_mrps=0.000000 drops=0 overflow=0 worker_fail=0 reorder=0 mode=closed arr=const batch=0 reconns=0 reconn_us=0.00 grabs=0 rets=0 recyc=51 waits=0 pads=0 credit_hold_dropped=0 eq_budget_exhausted=0 dist=NA
    S9 [PASS] GRPCRoute on another method: expected=refuse observed=refuse rcnt=0 fail=23473 admitted+=1 denied+=0 route_hits+=0 mismatch+=0
grpcroute.gateway.networking.k8s.io "bench-grpc-grpcroute" deleted

=== S10-S12 — authorization whose subject is a route
    caller identity: default.test-bench.serviceaccount.identity.linkerd.cluster.local
server.policy.linkerd.io/bench-echo-grpc created
S10 | OK mrps=0.000000 gbps=0.0000 req_gbps=0.0000 resp_gbps=0.0000 p50=0.00 p95=0.00 p99=0.00 p999=0.00 p9999=0.00 avg=0.00 min=0.00 max=0.00 rcnt=0 scheduled=294 pending=0 fail=293 conc=1 threads=1 channels=1 reqsz=1024 repsz=8 reqframe=1040 respframe=24 durs=10.000 offered_mrps=0.000000 drops=0 overflow=0 worker_fail=0 reorder=0 mode=closed arr=const batch=0 reconns=0 reconn_us=0.00 grabs=293 rets=293 recyc=0 waits=0 pads=0 credit_hold_dropped=0 eq_budget_exhausted=0 dist=NA
    S10 [PASS] Server on the protocol-aware Service, no authorization: expected=refuse observed=refuse rcnt=0 fail=293 admitted+=0 denied+=586 route_hits+=0 mismatch+=0
httproute.policy.linkerd.io/bench-grpc-inbound-route created
meshtlsauthentication.policy.linkerd.io/bench-route-caller created
authorizationpolicy.policy.linkerd.io/bench-allow-route created
S11 | OK mrps=0.000000 gbps=0.0000 req_gbps=0.0000 resp_gbps=0.0000 p50=0.00 p95=0.00 p99=0.00 p999=0.00 p9999=0.00 avg=0.00 min=0.00 max=0.00 rcnt=0 scheduled=409 pending=0 fail=408 conc=1 threads=1 channels=1 reqsz=1024 repsz=8 reqframe=1040 respframe=24 durs=10.000 offered_mrps=0.000000 drops=0 overflow=0 worker_fail=0 reorder=0 mode=closed arr=const batch=0 reconns=0 reconn_us=0.00 grabs=285 rets=285 recyc=0 waits=0 pads=0 credit_hold_dropped=0 eq_budget_exhausted=0 dist=NA
    S11 [FAIL] AuthorizationPolicy targeting the HTTPRoute: expected=serve observed=refuse rcnt=0 fail=408 admitted+=0 denied+=570 route_hits+=0 mismatch+=0
httproute.policy.linkerd.io/bench-grpc-inbound-route unchanged
meshtlsauthentication.policy.linkerd.io/bench-route-caller configured
authorizationpolicy.policy.linkerd.io/bench-allow-route unchanged
S12 | OK mrps=0.000000 gbps=0.0000 req_gbps=0.0000 resp_gbps=0.0000 p50=0.00 p95=0.00 p99=0.00 p999=0.00 p9999=0.00 avg=0.00 min=0.00 max=0.00 rcnt=0 scheduled=77 pending=0 fail=76 conc=1 threads=1 channels=1 reqsz=1024 repsz=8 reqframe=1040 respframe=24 durs=10.000 offered_mrps=0.000000 drops=0 overflow=0 worker_fail=0 reorder=0 mode=closed arr=const batch=0 reconns=0 reconn_us=0.00 grabs=76 rets=76 recyc=0 waits=0 pads=0 credit_hold_dropped=0 eq_budget_exhausted=0 dist=NA
    S12 [PASS] the same policy naming another identity: expected=refuse observed=refuse rcnt=0 fail=76 admitted+=0 denied+=152 route_hits+=0 mismatch+=0
httproute.policy.linkerd.io "bench-grpc-inbound-route" deleted
meshtlsauthentication.policy.linkerd.io "bench-route-caller" deleted
authorizationpolicy.policy.linkerd.io "bench-allow-route" deleted
server.policy.linkerd.io "bench-echo-grpc" deleted

=== S13/S14 — failure accrual
service/echo-grpc-dpumesh annotated
deployment.apps/echo-grpc-dpumesh env updated
Waiting for deployment "echo-grpc-dpumesh" rollout to finish: 0 out of 1 new replicas have been updated...
Waiting for deployment "echo-grpc-dpumesh" rollout to finish: 1 old replicas are pending termination...
Waiting for deployment "echo-grpc-dpumesh" rollout to finish: 1 old replicas are pending termination...
deployment "echo-grpc-dpumesh" successfully rolled out
    S13 breaker: ready_endpoints=0 rcnt= fail=
deployment.apps/echo-grpc-dpumesh env updated
Waiting for deployment "echo-grpc-dpumesh" rollout to finish: 1 old replicas are pending termination...
Waiting for deployment "echo-grpc-dpumesh" rollout to finish: 1 old replicas are pending termination...
deployment "echo-grpc-dpumesh" successfully rolled out
    S14 recovery: ready_endpoints=0 rcnt= fail=
service/echo-grpc-dpumesh annotated

=== S15 — HTTP/1.1 through the protocol-aware path
S15 | OK mrps=0.000652 gbps=0.0000 req_gbps=0.0000 resp_gbps=0.0000 p50=1494.00 p95=1688.00 p99=1770.00 p999=2012.00 p9999=3051.00 avg=1472.29 min=684.87 max=5150.72 rcnt=6791 scheduled=6791 pending=0 fail=0 conc=1 threads=1 reqsz=1024 repsz=8 durs=10.415 worker_fail=0 mode=closed arr=const proto=http1
    S15 [PASS] HTTP/1.1 request-response: expected=serve observed=serve rcnt=6791 fail=0 admitted+=1 denied+=0 route_hits+=0 mismatch+=0

=== stages: 14 pass, 3 fail

=== csv: /home/jukebox/DPUmesh/bench/report/data/f-final-20260821-233741/stages.csv

=== cleanup
deployment.apps/echo-dpumesh-14 scaled
deployment.apps/echo-grpc-dpumesh scaled
    fixtures removed; replica counts restored

=== DPU admin endpoints: 4191 4192 4193 4194 4195 4196 4197 4198

=== output: /home/jukebox/DPUmesh/bench/report/data/f-final-20260821-233741

=== routing — outbound HTTPRoute on the protocol-aware Service
R0 | OK mrps=0.000663 gbps=0.0056 req_gbps=0.0055 resp_gbps=0.0001 p50=1531.00 p95=1719.00 p99=1789.00 p999=1925.00 p9999=4391.00 avg=1508.91 min=847.34 max=6954.10 rcnt=6698 scheduled=6799 pending=0 fail=0 conc=1 threads=1 channels=1 reqsz=1024 repsz=8 reqframe=1040 respframe=24 durs=10.000 offered_mrps=0.000663 drops=0 overflow=0 worker_fail=0 reorder=0 mode=closed arr=const batch=0 reconns=0 reconn_us=0.00 grabs=0 rets=0 recyc=14 waits=0 pads=0 credit_hold_dropped=0 eq_budget_exhausted=0 dist=NA
    R0 [PASS] no route: expected=serve observed=serve rcnt=6698 fail=0 admitted+=1 denied+=0 route_hits+=0 mismatch+=0
httproute.gateway.networking.k8s.io/bench-grpc-route created
R1 | ERR connect failed on channel 0
    R1 [FAIL] HTTPRoute matching the method: expected=serve observed=refuse rcnt=0 fail=0 admitted+=0 denied+=0 route_hits+=0 mismatch+=0
httproute.gateway.networking.k8s.io/bench-grpc-route configured
R2 | ERR connect failed on channel 0
    R2 [PASS] HTTPRoute matching nothing: expected=refuse observed=refuse rcnt=0 fail=0 admitted+=0 denied+=0 route_hits+=0 mismatch+=0
httproute.gateway.networking.k8s.io/bench-grpc-route configured
R3 | ERR connect failed on channel 0
    R3 [FAIL] HTTPRoute to another Service: expected=serve observed=refuse rcnt=0 fail=0 admitted+=0 denied+=0 route_hits+=0 mismatch+=0
httproute.gateway.networking.k8s.io "bench-grpc-route" deleted
R4 | OK mrps=0.000621 gbps=0.0053 req_gbps=0.0052 resp_gbps=0.0001 p50=1617.00 p95=1790.00 p99=1864.00 p999=2180.00 p9999=25848.00 avg=1611.13 min=897.11 max=27564.86 rcnt=6297 scheduled=6398 pending=0 fail=0 conc=1 threads=1 channels=1 reqsz=1024 repsz=8 reqframe=1040 respframe=24 durs=10.000 offered_mrps=0.000621 drops=0 overflow=0 worker_fail=0 reorder=0 mode=closed arr=const batch=0 reconns=0 reconn_us=0.00 grabs=0 rets=0 recyc=14 waits=0 pads=0 credit_hold_dropped=0 eq_budget_exhausted=0 dist=NA
    R4 [PASS] no route: expected=serve observed=serve rcnt=6297 fail=0 admitted+=1 denied+=0 route_hits+=0 mismatch+=0

=== stages: 3 pass, 2 fail

=== csv: /home/jukebox/DPUmesh/bench/report/data/f-final-20260821-233741/stages.csv

=== cleanup
deployment.apps/echo-dpumesh-14 scaled
deployment.apps/echo-grpc-dpumesh scaled
    fixtures removed; replica counts restored

=== DPU admin endpoints: 4191 4192 4193 4194 4195 4196 4197 4198

=== output: /home/jukebox/DPUmesh/bench/report/data/f-final-20260821-233741

=== cross-Service routing — a route whose backend is another Service
X0 | ERR connect failed on channel 0
    X0 [FAIL] no route: expected=serve observed=refuse rcnt=0 fail=0 admitted+=0 denied+=0 route_hits+=0 mismatch+=0

=== X1 — the route reaches the other Service
httproute.gateway.networking.k8s.io/bench-grpc-route created
X1 | ERR connect failed on channel 0
    X1 [FAIL] backendRef in another Service: expected=serve observed=refuse rcnt=0 fail=0 admitted+=0 denied+=0 route_hits+=0 mismatch+=0
    X1 served by echo-grpc-alt: none

=== X2 — the destination's own policy grades the stream that arrives
server.policy.linkerd.io/bench-echo-grpc-alt created
X2 | ERR connect failed on channel 0
    X2 [PASS] Server on the destination Service, no authorization: expected=refuse observed=refuse rcnt=0 fail=0 admitted+=0 denied+=0 route_hits+=0 mismatch+=0
    X2v [FAIL] the destination refused: denied+=0
server.policy.linkerd.io "bench-echo-grpc-alt" deleted
X2b | ERR connect failed on channel 0
    X2b [FAIL] the destination Server withdrawn: expected=serve observed=refuse rcnt=0 fail=0 admitted+=0 denied+=0 route_hits+=0 mismatch+=0

=== X3 — weighted backendRefs across two Services
httproute.gateway.networking.k8s.io/bench-grpc-route configured
X3 | ERR connect failed on channel 1
    X3 [FAIL] weighted 50/50 across two Services: expected=serve observed=refuse rcnt=0 fail=0 admitted+=2 denied+=0 route_hits+=0 mismatch+=0
    X3 split: echo-grpc-dpumesh{none} echo-grpc-alt{none}
httproute.gateway.networking.k8s.io "bench-grpc-route" deleted
X4 | OK mrps=0.000642 gbps=0.0055 req_gbps=0.0053 resp_gbps=0.0001 p50=1567.00 p95=1740.00 p99=1822.00 p999=2939.00 p9999=12984.00 avg=1557.28 min=842.30 max=14959.26 rcnt=6495 scheduled=6596 pending=0 fail=0 conc=1 threads=1 channels=1 reqsz=1024 repsz=8 reqframe=1040 respframe=24 durs=10.000 offered_mrps=0.000642 drops=0 overflow=0 worker_fail=0 reorder=0 mode=closed arr=const batch=0 reconns=0 reconn_us=0.00 grabs=0 rets=0 recyc=14 waits=0 pads=0 credit_hold_dropped=0 eq_budget_exhausted=0 dist=NA
    X4 [PASS] no route: expected=serve observed=serve rcnt=6495 fail=0 admitted+=1 denied+=0 route_hits+=0 mismatch+=0

=== stages: 2 pass, 7 fail

=== csv: /home/jukebox/DPUmesh/bench/report/data/f-final-20260821-233741/stages.csv

=== cleanup
deployment.apps/echo-dpumesh-14 scaled
deployment.apps/echo-grpc-dpumesh scaled
    fixtures removed; replica counts restored

=== DPU admin endpoints: 4191 4192 4193 4194 4195 4196 4197 4198

=== output: /home/jukebox/DPUmesh/bench/report/data/f-final-20260821-233741

=== fan-out — one client channel across two backends of one Service
deployment.apps/echo-grpc-dpumesh scaled
pod/echo-grpc-dpumesh-84546996c7-2kgwp condition met
    F1 1 channel(s): backends=0 fail= take_errors+=0 served: none
    F1 4 channel(s): backends=0 fail= take_errors+=0 served: none

=== F1 — back to one backend
deployment.apps/echo-grpc-dpumesh scaled
timed out waiting for the condition on pods/echo-grpc-dpumesh-84546996c7-2kgwp
client rate limiter Wait returned an error: context deadline exceeded
F1r | ERR connect failed on channel 0
    F1r [FAIL] one backend restored: expected=serve observed=refuse rcnt=0 fail=0 admitted+=0 denied+=0 route_hits+=0 mismatch+=0

=== stages: 0 pass, 3 fail

=== csv: /home/jukebox/DPUmesh/bench/report/data/f-final-20260821-233741/stages.csv

=== cleanup
deployment.apps/echo-dpumesh-14 scaled
deployment.apps/echo-grpc-dpumesh scaled
    fixtures removed; replica counts restored

=== webhook — deploy the registration and its serving certificate
serviceaccount/dpumesh-webhook unchanged
clusterrole.rbac.authorization.k8s.io/dpumesh-webhook unchanged
clusterrolebinding.rbac.authorization.k8s.io/dpumesh-webhook unchanged
service/dpumesh-webhook unchanged
deployment.apps/dpumesh-webhook configured
mutatingwebhookconfiguration.admissionregistration.k8s.io/dpumesh-inject unchanged
Waiting for deployment "dpumesh-webhook" rollout to finish: 1 old replicas are pending termination...
Waiting for deployment "dpumesh-webhook" rollout to finish: 1 old replicas are pending termination...
deployment "dpumesh-webhook" successfully rolled out
    I0 [PASS] caBundle published: expected=present observed=present 

=== workloads — the same Deployment, with and without the annotation
deployment.apps/inject-echo configured
service/inject-sock unchanged
deployment.apps/plain-echo configured
service/plain-sock unchanged
deployment.apps/inject-bench configured
service/inject-bench unchanged
deployment.apps/plain-bench configured
service/plain-bench unchanged
deployment.apps/inject-echo scaled
deployment.apps/plain-echo scaled
deployment.apps/inject-bench scaled
deployment.apps/plain-bench scaled
    DPU admin ports: 4191 4192 4193 4194 4195 4196 4197 4198

=== I1/I2 — what the admitted Pod objects carry
    I1 [PASS] inject-echo: expected=injected observed=injected 
    I2 [PASS] plain-echo: expected=bare observed=bare 

=== I3 — the meshed pair
I3 | ERR mrps=0.000000 gbps=0.0000 req_gbps=0.0000 resp_gbps=0.0000 p50=0.00 p95=0.00 p99=0.00 p999=0.00 p9999=0.00 avg=0.00 min=0.00 max=0.00 rcnt=0 scheduled=0 pending=0 fail=1 conc=1 threads=1 reqsz=1024 repsz=8 reqframe=1040 respframe=24 durs=10.000 offered_mrps=0.000000 drops=0 overflow=0 worker_fail=1 reorder=0 mode=closed arr=const grabs=0 rets=0 recyc=0 waits=0 pads=0 wwin=0 wpool=0
    I3 [FAIL] meshed traffic: expected=serve observed=refuse rcnt=0 fail=1 admitted+=0
    I3b [FAIL] meshed verdict: expected=yes observed=no 

=== I4 — the unmeshed control
I4 | OK mrps=0.042426 gbps=0.3611 req_gbps=0.3530 resp_gbps=0.0081 p50=22.00 p95=26.00 p99=38.00 p999=213.00 p9999=285.00 avg=23.31 min=9.24 max=1685.82 rcnt=424093 scheduled=424194 pending=1 fail=0 conc=1 threads=1 reqsz=1024 repsz=8 reqframe=1040 respframe=24 durs=10.000 offered_mrps=0.042426 drops=0 overflow=0 worker_fail=0 reorder=0 mode=closed arr=const grabs=NA rets=NA recyc=NA waits=NA pads=NA wwin=NA wpool=NA
    I4 [PASS] unmeshed traffic: expected=serve observed=serve rcnt=424093 fail=0 admitted+=0
    I4b [PASS] unmeshed verdict: expected=no observed=no 

=== summary
    passes=5 failures=2
    -> /home/jukebox/DPUmesh/bench/report/data/f-final-20260821-233741/stages.csv

=== cleanup
deployment.apps/inject-echo scaled
deployment.apps/inject-bench scaled
deployment.apps/plain-echo scaled
deployment.apps/plain-bench scaled
    injected workloads scaled to zero; the webhook registration is left in place
