[0;34m[l4][0m output=/home/jukebox/DPUmesh/integrations/linkerd/bench/report/data/linkerd-20260810/open
[0;34m[l4][0m planned workload: load_max=270 idle=18 pilot_max=720 knee_vote_runs_typical=216 perf_replays=0 expected_timed~111.3min
[sudo] password for jukebox: [0;34m[l4][0m using existing deployment (--no-deploy)
[0;32m[INFO][0m Host NUMA: PCI 94:00.0 -> node 1, benchmark cores 18-35
[0;34m[STEP][0m === Pinning pods to dedicated cores (taskset, profile=grpc) ===
[0;32m[INFO][0m CPU governor=performance, fixed 2.5 GHz on cores 18-35
[0;32m[INFO][0m bench-grpc-dpumesh → core(s) 18 (pod=4766ecb1aaa6d6b95b617259ba837766b464f48d92b2643b75e050f83feb1648)
[0;32m[INFO][0m   bench-grpc-dpumesh (PID 3647777) → 18
[0;32m[INFO][0m echo-grpc-dpumesh → core(s) 19 (pod=e8cdc33c6a30ebe164e28183d27d599ad7e36536c8c766e5e61dcbad3f96c028)
[0;32m[INFO][0m   echo-grpc-dpumesh (PID 3647192) → 19
[0;32m[INFO][0m bench-grpc-envoy → core(s) 20 (pod=3824427e4daef425bf2295af0c0887369542853217f78ca416f105268bff1de9)
[0;32m[INFO][0m   sidecar1 (PID 3648502) → 20
[0;32m[INFO][0m   bench-grpc-envoy (PID 3648466) → 20
[0;32m[INFO][0m echo-grpc-envoy → core(s) 21 (pod=84f76c9667edc310d924c774c35a97c65659c90112edf6d9921af015ef5f8960)
[0;32m[INFO][0m   sidecar2 (PID 3648137) → 21
[0;32m[INFO][0m   echo-grpc-envoy (PID 3648094) → 21
[0;32m[INFO][0m bench-grpc-tcp → core(s) 22 (pod=ec72203db59506fe916cb8a6bd6e3a0dcb0526f187244f82c3caf9c031e1327f)
[0;32m[INFO][0m   bench-grpc-tcp (PID 3649126) → 22
[0;32m[INFO][0m echo-grpc-tcp → core(s) 23 (pod=9e72d929e0e09ab01a416dcbc3ca65e90a11c07995b5fe4a7e221742253fd9c8)
[0;32m[INFO][0m   echo-grpc-tcp (PID 3648857) → 23
[0;32m[INFO][0m bench-grpc-envoy-strict → core(s) 24 (pod=e35d41c33ad8f05f332bab3b240fa5f5ffa898bfb7bd21cd8d4ccb21ac12a621)
[0;32m[INFO][0m   sidecar1 (PID 3649819) → 24
[0;32m[INFO][0m   bench-grpc-envoy-strict (PID 3649793) → 24
[0;32m[INFO][0m echo-grpc-envoy-strict → core(s) 25 (pod=39829d7ab5e825478264cbf12080da6608c30dafa76b2eeab97a06241167bcb2)
[0;32m[INFO][0m   sidecar2 (PID 3649442) → 25
[0;32m[INFO][0m   echo-grpc-envoy-strict (PID 3649399) → 25
[0;32m[INFO][0m bench-grpc-linkerd → core(s) 26 (pod=0a3d68f2d1296942be6484e4a8f860b025d01935662cdfa3ea57501c748e1941)
[0;32m[INFO][0m   bench-grpc-linkerd (PID 3650843) → 26
[0;32m[INFO][0m   linkerd-proxy (PID 3650754) → 26
[0;32m[INFO][0m echo-grpc-linkerd → core(s) 27 (pod=aad8fc20a75e4ef6a948a349bfdecca9c0bc71ee6d4ee9e5f104c801eb78c558)
[0;32m[INFO][0m   echo-grpc-linkerd (PID 3650320) → 27
[0;32m[INFO][0m   linkerd-proxy (PID 3650230) → 27
[0;32m[INFO][0m bench-grpc-linkerd-opaque → core(s) 28 (pod=cece1504abab8c4494366bbecfe00b502fc697d3992af6d7d46064052ecbdb8f)
[0;32m[INFO][0m   bench-grpc-linkerd-opaque (PID 3651857) → 28
[0;32m[INFO][0m   linkerd-proxy (PID 3651764) → 28
[0;32m[INFO][0m echo-grpc-linkerd-opaque → core(s) 29 (pod=874a2f5c2ca02a4271f881da531e75d7f84497e56bc954c3bf66ec5f461ec81a)
[0;32m[INFO][0m   echo-grpc-linkerd-opaque (PID 3651316) → 29
[0;32m[INFO][0m   linkerd-proxy (PID 3651225) → 29
[0;32m[INFO][0m Pinning done
[0;34m[l4][0m binary audit PASS: selected POSIX and gRPC paths are each byte-identical; native API binaries recorded separately
[0;34m[l4][0m smoke grpc-envoy-permissive attempt=1 clean=1: OK mrps=0.004998 gbps=0.0051 req_gbps=0.0026 resp_gbps=0.0026 p50=180.00 p95=187.00 p99=205.00 p999=1362.00 p9999=3168.00 avg=184.47 min=138.85 max=3300.74 rcnt=9840 scheduled=10000 pending=0 fail=0 conc=0 threads=8 channels=8 reqsz=48 repsz=48 reqframe=64 respframe=64 durs=2.000 offered_mrps=0.005000 drops=0 overflow=0 worker_fail=0 reorder=0 mode=open arr=const batch=0 reconns=0 reconn_us=0.00 grabs=0 rets=0 recyc=0 waits=0 pads=0 credit_hold_dropped=0 eq_budget_exhausted=0 dist=NA
[0;34m[l4][0m smoke grpc-envoy-strict attempt=1 clean=1: OK mrps=0.004998 gbps=0.0051 req_gbps=0.0026 resp_gbps=0.0026 p50=187.00 p95=199.00 p99=474.00 p999=1369.00 p9999=3175.00 avg=197.21 min=144.49 max=3332.65 rcnt=9839 scheduled=10000 pending=0 fail=0 conc=0 threads=8 channels=8 reqsz=48 repsz=48 reqframe=64 respframe=64 durs=2.000 offered_mrps=0.005000 drops=0 overflow=0 worker_fail=0 reorder=0 mode=open arr=const batch=0 reconns=0 reconn_us=0.00 grabs=0 rets=0 recyc=0 waits=0 pads=0 credit_hold_dropped=0 eq_budget_exhausted=0 dist=NA
[0;34m[l4][0m smoke grpc-linkerd attempt=1 clean=1: OK mrps=0.004998 gbps=0.0051 req_gbps=0.0026 resp_gbps=0.0026 p50=405.00 p95=423.00 p99=729.00 p999=1134.00 p9999=1169.00 avg=414.44 min=291.54 max=1177.78 rcnt=9838 scheduled=10000 pending=0 fail=0 conc=0 threads=8 channels=8 reqsz=48 repsz=48 reqframe=64 respframe=64 durs=2.000 offered_mrps=0.005000 drops=0 overflow=0 worker_fail=0 reorder=0 mode=open arr=const batch=0 reconns=0 reconn_us=0.00 grabs=0 rets=0 recyc=0 waits=0 pads=0 credit_hold_dropped=0 eq_budget_exhausted=0 dist=NA
[0;34m[l4][0m smoke grpc-linkerd-opaque attempt=1 clean=1: OK mrps=0.004997 gbps=0.0051 req_gbps=0.0026 resp_gbps=0.0026 p50=225.00 p95=485.00 p99=584.00 p999=693.00 p9999=733.00 avg=288.66 min=146.21 max=736.78 rcnt=9838 scheduled=10000 pending=0 fail=0 conc=0 threads=8 channels=8 reqsz=48 repsz=48 reqframe=64 respframe=64 durs=2.000 offered_mrps=0.005000 drops=0 overflow=0 worker_fail=0 reorder=0 mode=open arr=const batch=0 reconns=0 reconn_us=0.00 grabs=0 rets=0 recyc=0 waits=0 pads=0 credit_hold_dropped=0 eq_budget_exhausted=0 dist=NA
[0;34m[l4][0m smoke grpc-tcp attempt=1 clean=1: OK mrps=0.004998 gbps=0.0051 req_gbps=0.0026 resp_gbps=0.0026 p50=134.00 p95=139.00 p99=320.00 p999=500.00 p9999=1209.00 avg=139.20 min=98.88 max=1435.25 rcnt=9840 scheduled=10000 pending=0 fail=0 conc=0 threads=8 channels=8 reqsz=48 repsz=48 reqframe=64 respframe=64 durs=2.000 offered_mrps=0.005000 drops=0 overflow=0 worker_fail=0 reorder=0 mode=open arr=const batch=0 reconns=0 reconn_us=0.00 grabs=0 rets=0 recyc=0 waits=0 pads=0 credit_hold_dropped=0 eq_budget_exhausted=0 dist=NA
[0;34m[l4][0m smoke grpc-dpumesh attempt=1 clean=1: OK mrps=0.004998 gbps=0.0051 req_gbps=0.0026 resp_gbps=0.0026 p50=242.00 p95=254.00 p99=282.00 p999=510.00 p9999=632.00 avg=243.39 min=189.73 max=816.41 rcnt=9839 scheduled=10000 pending=0 fail=0 conc=0 threads=8 channels=8 reqsz=48 repsz=48 reqframe=64 respframe=64 durs=2.000 offered_mrps=0.005000 drops=0 overflow=0 worker_fail=0 reorder=0 mode=open arr=const batch=0 reconns=0 reconn_us=0.00 grabs=0 rets=0 recyc=0 waits=0 pads=0 credit_hold_dropped=0 eq_budget_exhausted=0 dist=NA
[0;34m[l4][0m backend budget PASS: exactly one ready server backend/config
[0;34m[l4][0m fixed host-core budget PASS: 2 exclusive cores/config, 12 endpoint cores total
[0;34m[l4][0m generator selftest grpc/64 clean_ceiling=28832525 first_bad=43248788 status=bracketed
[0;34m[l4][0m generator selftest grpc/1024 clean_ceiling=28832525 first_bad=43248788 status=bracketed
[0;34m[l4][0m generator selftest grpc/8192 clean_ceiling=12814455 first_bad=19221683 status=bracketed
[0;34m[l4][0m discovering per-config OPEN-loop SLA knees
[0;34m[l4][0m scout-64-grpc-tcp-pilot1-v1 offered=5000 host_busy=0.427990 dpu=NA clean=1 reason=clean
[0;34m[l4][0m scout-64-grpc-tcp-pilot2-v1 offered=6750 host_busy=0.573876 dpu=NA clean=1 reason=clean
[0;34m[l4][0m scout-64-grpc-tcp-pilot3-v1 offered=9113 host_busy=0.774878 dpu=NA clean=1 reason=clean
[0;34m[l4][0m scout-64-grpc-tcp-pilot4-v1 offered=12303 host_busy=1.035587 dpu=NA clean=1 reason=clean
[0;34m[l4][0m scout-64-grpc-tcp-pilot5-v1 offered=16609 host_busy=1.445201 dpu=NA clean=1 reason=clean
[0;34m[l4][0m scout-64-grpc-tcp-pilot6-v1 offered=22422 host_busy=1.676548 dpu=NA clean=1 reason=clean
[0;34m[l4][0m scout-64-grpc-tcp-pilot7-v1 offered=30270 host_busy=1.897123 dpu=NA clean=1 reason=clean
[0;34m[l4][0m scout-64-grpc-tcp-pilot8-v1 offered=40865 host_busy=1.959812 dpu=NA clean=0 reason=achieved+scheduler
[0;34m[l4][0m recovery PASS: grpc-tcp/64 at 5000 rps
[0;34m[l4][0m scout-64-grpc-tcp-validate8-v1 offered=40865 host_busy=1.992389 dpu=NA clean=0 reason=overflow+achieved+scheduler
[0;34m[l4][0m recovery PASS: grpc-tcp/64 at 5000 rps
[0;34m[l4][0m scout-64-grpc-tcp-validate8-v2 offered=40865 host_busy=1.992853 dpu=NA clean=0 reason=overflow+achieved+scheduler
[0;34m[l4][0m recovery PASS: grpc-tcp/64 at 5000 rps
[0;34m[l4][0m point-64-grpc-tcp-r40865 decision=0 votes=0-2
[0;34m[l4][0m scout-64-grpc-tcp-backtrack7-v1 offered=30270 host_busy=1.911873 dpu=NA clean=1 reason=clean
[0;34m[l4][0m scout-64-grpc-tcp-backtrack7-v2 offered=30270 host_busy=1.909870 dpu=NA clean=1 reason=clean
[0;34m[l4][0m point-64-grpc-tcp-r30270 decision=1 votes=2-0
[0;34m[l4][0m scout-64-grpc-tcp-refine1-v1 offered=35171 host_busy=1.991296 dpu=NA clean=0 reason=overflow+achieved
[0;34m[l4][0m recovery PASS: grpc-tcp/64 at 5000 rps
[0;34m[l4][0m scout-64-grpc-tcp-refine1-v2 offered=35171 host_busy=1.992843 dpu=NA clean=0 reason=overflow+achieved
[0;34m[l4][0m recovery PASS: grpc-tcp/64 at 5000 rps
[0;34m[l4][0m point-64-grpc-tcp-r35171 decision=0 votes=0-2
[0;34m[l4][0m scout-64-grpc-tcp-refine2-v1 offered=32629 host_busy=1.959579 dpu=NA clean=1 reason=clean
[0;34m[l4][0m scout-64-grpc-tcp-refine2-v2 offered=32629 host_busy=1.960169 dpu=NA clean=1 reason=clean
[0;34m[l4][0m point-64-grpc-tcp-r32629 decision=1 votes=2-0
[0;34m[l4][0m scout-64-grpc-tcp-refine3-v1 offered=33876 host_busy=1.981945 dpu=NA clean=1 reason=clean
[0;34m[l4][0m scout-64-grpc-tcp-refine3-v2 offered=33876 host_busy=1.980056 dpu=NA clean=1 reason=clean
[0;34m[l4][0m point-64-grpc-tcp-r33876 decision=1 votes=2-0
[0;34m[l4][0m scout-64-grpc-tcp-refine4-v1 offered=34517 host_busy=1.992683 dpu=NA clean=0 reason=achieved
[0;34m[l4][0m recovery PASS: grpc-tcp/64 at 5000 rps
[0;34m[l4][0m scout-64-grpc-tcp-refine4-v2 offered=34517 host_busy=1.992239 dpu=NA clean=0 reason=overflow+achieved
[0;34m[l4][0m recovery PASS: grpc-tcp/64 at 5000 rps
[0;34m[l4][0m point-64-grpc-tcp-r34517 decision=0 votes=0-2
[0;34m[l4][0m knee grpc-tcp/64 clean=33876 first_bad=34517 bracket=1.019x
[0;34m[l4][0m scout-64-grpc-dpumesh-pilot1-v1 offered=5000 host_busy=0.344822 dpu=NA clean=1 reason=clean
[0;34m[l4][0m scout-64-grpc-dpumesh-pilot2-v1 offered=6750 host_busy=0.447609 dpu=NA clean=1 reason=clean
[0;34m[l4][0m scout-64-grpc-dpumesh-pilot3-v1 offered=9113 host_busy=0.563172 dpu=NA clean=1 reason=clean
[0;34m[l4][0m scout-64-grpc-dpumesh-pilot4-v1 offered=12303 host_busy=0.717916 dpu=NA clean=1 reason=clean
[0;34m[l4][0m scout-64-grpc-dpumesh-pilot5-v1 offered=16609 host_busy=0.998506 dpu=NA clean=1 reason=clean
[0;34m[l4][0m scout-64-grpc-dpumesh-pilot6-v1 offered=22422 host_busy=1.321709 dpu=NA clean=1 reason=clean
[0;34m[l4][0m scout-64-grpc-dpumesh-pilot7-v1 offered=30270 host_busy=1.771801 dpu=NA clean=1 reason=clean
[0;34m[l4][0m scout-64-grpc-dpumesh-pilot8-v1 offered=40865 host_busy=1.956397 dpu=NA clean=0 reason=achieved+scheduler
[0;34m[l4][0m recovery PASS: grpc-dpumesh/64 at 5000 rps
[0;34m[l4][0m scout-64-grpc-dpumesh-validate8-v1 offered=40865 host_busy=1.992573 dpu=1.416209 clean=0 reason=overflow+achieved+scheduler
[0;34m[l4][0m recovery PASS: grpc-dpumesh/64 at 5000 rps
[0;34m[l4][0m scout-64-grpc-dpumesh-validate8-v2 offered=40865 host_busy=1.992267 dpu=1.441051 clean=0 reason=overflow+achieved+scheduler
[0;34m[l4][0m recovery PASS: grpc-dpumesh/64 at 5000 rps
[0;34m[l4][0m point-64-grpc-dpumesh-r40865 decision=0 votes=0-2
[0;34m[l4][0m scout-64-grpc-dpumesh-backtrack7-v1 offered=30270 host_busy=1.832426 dpu=2.117574 clean=1 reason=clean
[0;34m[l4][0m scout-64-grpc-dpumesh-backtrack7-v2 offered=30270 host_busy=1.946567 dpu=1.584648 clean=0 reason=overflow+achieved
[0;34m[l4][0m recovery PASS: grpc-dpumesh/64 at 5000 rps
[0;34m[l4][0m scout-64-grpc-dpumesh-backtrack7-v3 offered=30270 host_busy=1.920117 dpu=1.186001 clean=0 reason=overflow+achieved
[0;34m[l4][0m recovery PASS: grpc-dpumesh/64 at 5000 rps
[0;34m[l4][0m point-64-grpc-dpumesh-r30270 decision=0 votes=1-2
[0;34m[l4][0m scout-64-grpc-dpumesh-backtrack6-v1 offered=22422 host_busy=1.317426 dpu=1.920749 clean=1 reason=clean
[0;34m[l4][0m scout-64-grpc-dpumesh-backtrack6-v2 offered=22422 host_busy=1.312343 dpu=1.930580 clean=1 reason=clean
[0;34m[l4][0m point-64-grpc-dpumesh-r22422 decision=1 votes=2-0
[0;34m[l4][0m scout-64-grpc-dpumesh-refine1-v1 offered=26052 host_busy=1.590656 dpu=2.155455 clean=1 reason=clean
[0;34m[l4][0m scout-64-grpc-dpumesh-refine1-v2 offered=26052 host_busy=1.602092 dpu=2.178891 clean=1 reason=clean
[0;34m[l4][0m point-64-grpc-dpumesh-r26052 decision=1 votes=2-0
[0;34m[l4][0m scout-64-grpc-dpumesh-refine2-v1 offered=28082 host_busy=1.703028 dpu=2.279759 clean=1 reason=clean
[0;34m[l4][0m scout-64-grpc-dpumesh-refine2-v2 offered=28082 host_busy=1.847895 dpu=1.597897 clean=0 reason=overflow+achieved
[0;34m[l4][0m recovery PASS: grpc-dpumesh/64 at 5000 rps
[0;34m[l4][0m scout-64-grpc-dpumesh-refine2-v3 offered=28082 host_busy=1.726597 dpu=2.298239 clean=1 reason=clean
[0;34m[l4][0m point-64-grpc-dpumesh-r28082 decision=1 votes=2-1
[0;34m[l4][0m scout-64-grpc-dpumesh-refine3-v1 offered=29155 host_busy=1.776687 dpu=2.258184 clean=1 reason=clean
[0;34m[l4][0m scout-64-grpc-dpumesh-refine3-v2 offered=29155 host_busy=1.736505 dpu=2.415173 clean=1 reason=clean
[0;34m[l4][0m point-64-grpc-dpumesh-r29155 decision=1 votes=2-0
[0;34m[l4][0m scout-64-grpc-dpumesh-refine4-v1 offered=29707 host_busy=1.496678 dpu=1.859418 clean=0 reason=achieved
[0;34m[l4][0m recovery PASS: grpc-dpumesh/64 at 5000 rps
[0;34m[l4][0m scout-64-grpc-dpumesh-refine4-v2 offered=29707 host_busy=1.836340 dpu=1.732190 clean=0 reason=achieved
[0;34m[l4][0m recovery PASS: grpc-dpumesh/64 at 5000 rps
[0;34m[l4][0m point-64-grpc-dpumesh-r29707 decision=0 votes=0-2
[0;34m[l4][0m knee grpc-dpumesh/64 clean=29155 first_bad=29707 bracket=1.019x
[0;34m[l4][0m scout-64-grpc-envoy-permissive-pilot1-v1 offered=5000 host_busy=0.659605 dpu=NA clean=1 reason=clean
[0;34m[l4][0m scout-64-grpc-envoy-permissive-pilot2-v1 offered=6750 host_busy=0.868046 dpu=NA clean=1 reason=clean
[0;34m[l4][0m scout-64-grpc-envoy-permissive-pilot3-v1 offered=9113 host_busy=1.203335 dpu=NA clean=1 reason=clean
[0;34m[l4][0m scout-64-grpc-envoy-permissive-pilot4-v1 offered=12303 host_busy=1.532965 dpu=NA clean=1 reason=clean
[0;34m[l4][0m scout-64-grpc-envoy-permissive-pilot5-v1 offered=16609 host_busy=1.909973 dpu=NA clean=1 reason=clean
[0;34m[l4][0m scout-64-grpc-envoy-permissive-pilot6-v1 offered=22422 host_busy=1.921638 dpu=NA clean=1 reason=clean
[0;34m[l4][0m scout-64-grpc-envoy-permissive-pilot7-v1 offered=30270 host_busy=1.903708 dpu=NA clean=1 reason=clean
[0;34m[l4][0m scout-64-grpc-envoy-permissive-pilot8-v1 offered=40865 host_busy=1.912142 dpu=NA clean=1 reason=clean
[0;34m[l4][0m scout-64-grpc-envoy-permissive-pilot9-v1 offered=55168 host_busy=1.939863 dpu=NA clean=0 reason=achieved+scheduler
[0;34m[l4][0m recovery PASS: grpc-envoy-permissive/64 at 5000 rps
[0;34m[l4][0m scout-64-grpc-envoy-permissive-validate9-v1 offered=55168 host_busy=1.938231 dpu=NA clean=0 reason=overflow+achieved+scheduler
[0;34m[l4][0m recovery PASS: grpc-envoy-permissive/64 at 5000 rps
[0;34m[l4][0m scout-64-grpc-envoy-permissive-validate9-v2 offered=55168 host_busy=1.938010 dpu=NA clean=0 reason=overflow+achieved+scheduler
[0;34m[l4][0m recovery PASS: grpc-envoy-permissive/64 at 5000 rps
[0;34m[l4][0m point-64-grpc-envoy-permissive-r55168 decision=0 votes=0-2
[0;34m[l4][0m scout-64-grpc-envoy-permissive-backtrack8-v1 offered=40865 host_busy=1.895633 dpu=NA clean=1 reason=clean
[0;34m[l4][0m scout-64-grpc-envoy-permissive-backtrack8-v2 offered=40865 host_busy=1.888692 dpu=NA clean=1 reason=clean
[0;34m[l4][0m point-64-grpc-envoy-permissive-r40865 decision=1 votes=2-0
[0;34m[l4][0m scout-64-grpc-envoy-permissive-refine1-v1 offered=47481 host_busy=1.905049 dpu=NA clean=1 reason=clean
[0;34m[l4][0m scout-64-grpc-envoy-permissive-refine1-v2 offered=47481 host_busy=1.904841 dpu=NA clean=1 reason=clean
[0;34m[l4][0m point-64-grpc-envoy-permissive-r47481 decision=1 votes=2-0
[0;34m[l4][0m scout-64-grpc-envoy-permissive-refine2-v1 offered=51180 host_busy=1.940796 dpu=NA clean=1 reason=clean
[0;34m[l4][0m scout-64-grpc-envoy-permissive-refine2-v2 offered=51180 host_busy=1.944925 dpu=NA clean=1 reason=clean
[0;34m[l4][0m point-64-grpc-envoy-permissive-r51180 decision=1 votes=2-0
[0;34m[l4][0m scout-64-grpc-envoy-permissive-refine3-v1 offered=53137 host_busy=1.940292 dpu=NA clean=0 reason=achieved+scheduler
[0;34m[l4][0m recovery PASS: grpc-envoy-permissive/64 at 5000 rps
[0;34m[l4][0m scout-64-grpc-envoy-permissive-refine3-v2 offered=53137 host_busy=1.939259 dpu=NA clean=0 reason=achieved+scheduler
[0;34m[l4][0m recovery PASS: grpc-envoy-permissive/64 at 5000 rps
[0;34m[l4][0m point-64-grpc-envoy-permissive-r53137 decision=0 votes=0-2
[0;34m[l4][0m scout-64-grpc-envoy-permissive-refine4-v1 offered=52149 host_busy=1.946873 dpu=NA clean=0 reason=achieved
[0;34m[l4][0m recovery PASS: grpc-envoy-permissive/64 at 5000 rps
[0;34m[l4][0m scout-64-grpc-envoy-permissive-refine4-v2 offered=52149 host_busy=1.956907 dpu=NA clean=1 reason=clean
[0;34m[l4][0m scout-64-grpc-envoy-permissive-refine4-v3 offered=52149 host_busy=1.953359 dpu=NA clean=1 reason=clean
[0;34m[l4][0m point-64-grpc-envoy-permissive-r52149 decision=1 votes=2-1
[0;34m[l4][0m knee grpc-envoy-permissive/64 clean=52149 first_bad=53137 bracket=1.019x
[0;34m[l4][0m scout-64-grpc-envoy-strict-pilot1-v1 offered=5000 host_busy=0.864092 dpu=NA clean=1 reason=clean
[0;34m[l4][0m scout-64-grpc-envoy-strict-pilot2-v1 offered=6750 host_busy=0.900164 dpu=NA clean=1 reason=clean
[0;34m[l4][0m scout-64-grpc-envoy-strict-pilot3-v1 offered=9113 host_busy=1.264088 dpu=NA clean=1 reason=clean
[0;34m[l4][0m scout-64-grpc-envoy-strict-pilot4-v1 offered=12303 host_busy=1.628562 dpu=NA clean=1 reason=clean
[0;34m[l4][0m scout-64-grpc-envoy-strict-pilot5-v1 offered=16609 host_busy=1.901711 dpu=NA clean=1 reason=clean
[0;34m[l4][0m scout-64-grpc-envoy-strict-pilot6-v1 offered=22422 host_busy=1.905203 dpu=NA clean=1 reason=clean
[0;34m[l4][0m scout-64-grpc-envoy-strict-pilot7-v1 offered=30270 host_busy=1.893731 dpu=NA clean=1 reason=clean
[0;34m[l4][0m scout-64-grpc-envoy-strict-pilot8-v1 offered=40865 host_busy=1.912534 dpu=NA clean=1 reason=clean
[0;34m[l4][0m scout-64-grpc-envoy-strict-pilot9-v1 offered=55168 host_busy=1.950557 dpu=NA clean=0 reason=achieved+scheduler
[0;34m[l4][0m recovery PASS: grpc-envoy-strict/64 at 5000 rps
[0;34m[l4][0m scout-64-grpc-envoy-strict-validate9-v1 offered=55168 host_busy=1.938484 dpu=NA clean=0 reason=overflow+achieved+scheduler
[0;34m[l4][0m recovery PASS: grpc-envoy-strict/64 at 5000 rps
[0;34m[l4][0m scout-64-grpc-envoy-strict-validate9-v2 offered=55168 host_busy=1.931947 dpu=NA clean=0 reason=overflow+achieved+scheduler
[0;34m[l4][0m recovery PASS: grpc-envoy-strict/64 at 5000 rps
[0;34m[l4][0m point-64-grpc-envoy-strict-r55168 decision=0 votes=0-2
[0;34m[l4][0m scout-64-grpc-envoy-strict-backtrack8-v1 offered=40865 host_busy=1.894929 dpu=NA clean=1 reason=clean
[0;34m[l4][0m scout-64-grpc-envoy-strict-backtrack8-v2 offered=40865 host_busy=1.894481 dpu=NA clean=1 reason=clean
[0;34m[l4][0m point-64-grpc-envoy-strict-r40865 decision=1 votes=2-0
[0;34m[l4][0m scout-64-grpc-envoy-strict-refine1-v1 offered=47481 host_busy=1.909447 dpu=NA clean=1 reason=clean
[0;34m[l4][0m scout-64-grpc-envoy-strict-refine1-v2 offered=47481 host_busy=1.909651 dpu=NA clean=1 reason=clean
[0;34m[l4][0m point-64-grpc-envoy-strict-r47481 decision=1 votes=2-0
[0;34m[l4][0m scout-64-grpc-envoy-strict-refine2-v1 offered=51180 host_busy=1.945793 dpu=NA clean=1 reason=clean
[0;34m[l4][0m scout-64-grpc-envoy-strict-refine2-v2 offered=51180 host_busy=1.944419 dpu=NA clean=1 reason=clean
[0;34m[l4][0m point-64-grpc-envoy-strict-r51180 decision=1 votes=2-0
[0;34m[l4][0m scout-64-grpc-envoy-strict-refine3-v1 offered=53137 host_busy=1.934973 dpu=NA clean=0 reason=achieved+scheduler
[0;34m[l4][0m recovery PASS: grpc-envoy-strict/64 at 5000 rps
[0;34m[l4][0m scout-64-grpc-envoy-strict-refine3-v2 offered=53137 host_busy=1.937274 dpu=NA clean=0 reason=achieved+scheduler
[0;34m[l4][0m recovery PASS: grpc-envoy-strict/64 at 5000 rps
[0;34m[l4][0m point-64-grpc-envoy-strict-r53137 decision=0 votes=0-2
[0;34m[l4][0m scout-64-grpc-envoy-strict-refine4-v1 offered=52149 host_busy=1.933474 dpu=NA clean=0 reason=achieved+scheduler
[0;34m[l4][0m recovery PASS: grpc-envoy-strict/64 at 5000 rps
[0;34m[l4][0m scout-64-grpc-envoy-strict-refine4-v2 offered=52149 host_busy=1.933375 dpu=NA clean=0 reason=achieved+scheduler
[0;34m[l4][0m recovery PASS: grpc-envoy-strict/64 at 5000 rps
[0;34m[l4][0m point-64-grpc-envoy-strict-r52149 decision=0 votes=0-2
[0;34m[l4][0m knee grpc-envoy-strict/64 clean=51180 first_bad=52149 bracket=1.019x
[0;34m[l4][0m scout-64-grpc-linkerd-pilot1-v1 offered=5000 host_busy=1.361851 dpu=NA clean=1 reason=clean
[0;34m[l4][0m scout-64-grpc-linkerd-pilot2-v1 offered=6750 host_busy=1.748666 dpu=NA clean=1 reason=clean
[0;34m[l4][0m scout-64-grpc-linkerd-pilot3-v1 offered=9113 host_busy=1.685798 dpu=NA clean=1 reason=clean
[0;34m[l4][0m scout-64-grpc-linkerd-pilot4-v1 offered=12303 host_busy=1.736100 dpu=NA clean=1 reason=clean
[0;34m[l4][0m scout-64-grpc-linkerd-pilot5-v1 offered=16609 host_busy=1.718709 dpu=NA clean=0 reason=achieved
[0;34m[l4][0m recovery PASS: grpc-linkerd/64 at 5000 rps
[0;34m[l4][0m scout-64-grpc-linkerd-validate5-v1 offered=16609 host_busy=1.480847 dpu=NA clean=0 reason=fail+overflow+achieved
[0;34m[l4][0m recovery PASS: grpc-linkerd/64 at 5000 rps
[0;34m[l4][0m scout-64-grpc-linkerd-validate5-v2 offered=16609 host_busy=1.492855 dpu=NA clean=0 reason=fail+overflow+achieved
[0;34m[l4][0m recovery PASS: grpc-linkerd/64 at 5000 rps
[0;34m[l4][0m point-64-grpc-linkerd-r16609 decision=0 votes=0-2
[0;34m[l4][0m scout-64-grpc-linkerd-backtrack4-v1 offered=12303 host_busy=1.763150 dpu=NA clean=1 reason=clean
[0;34m[l4][0m scout-64-grpc-linkerd-backtrack4-v2 offered=12303 host_busy=1.767911 dpu=NA clean=1 reason=clean
[0;34m[l4][0m point-64-grpc-linkerd-r12303 decision=1 votes=2-0
[0;34m[l4][0m scout-64-grpc-linkerd-refine1-v1 offered=14295 host_busy=1.822570 dpu=NA clean=1 reason=clean
[0;34m[l4][0m scout-64-grpc-linkerd-refine1-v2 offered=14295 host_busy=1.821646 dpu=NA clean=1 reason=clean
[0;34m[l4][0m point-64-grpc-linkerd-r14295 decision=1 votes=2-0
[0;34m[l4][0m scout-64-grpc-linkerd-refine2-v1 offered=15409 host_busy=1.846776 dpu=NA clean=1 reason=clean
[0;34m[l4][0m scout-64-grpc-linkerd-refine2-v2 offered=15409 host_busy=1.849063 dpu=NA clean=1 reason=clean
[0;34m[l4][0m point-64-grpc-linkerd-r15409 decision=1 votes=2-0
[0;34m[l4][0m scout-64-grpc-linkerd-refine3-v1 offered=15998 host_busy=1.611442 dpu=NA clean=0 reason=fail+overflow+achieved
[0;34m[l4][0m recovery PASS: grpc-linkerd/64 at 5000 rps
[0;34m[l4][0m scout-64-grpc-linkerd-refine3-v2 offered=15998 host_busy=1.634346 dpu=NA clean=0 reason=fail+overflow+achieved
[0;34m[l4][0m recovery PASS: grpc-linkerd/64 at 5000 rps
[0;34m[l4][0m point-64-grpc-linkerd-r15998 decision=0 votes=0-2
[0;34m[l4][0m scout-64-grpc-linkerd-refine4-v1 offered=15701 host_busy=1.863204 dpu=NA clean=1 reason=clean
[0;34m[l4][0m scout-64-grpc-linkerd-refine4-v2 offered=15701 host_busy=1.863892 dpu=NA clean=1 reason=clean
[0;34m[l4][0m point-64-grpc-linkerd-r15701 decision=1 votes=2-0
[0;34m[l4][0m knee grpc-linkerd/64 clean=15701 first_bad=15998 bracket=1.019x
[0;34m[l4][0m scout-64-grpc-linkerd-opaque-pilot1-v1 offered=5000 host_busy=0.598627 dpu=NA clean=1 reason=clean
[0;34m[l4][0m scout-64-grpc-linkerd-opaque-pilot2-v1 offered=6750 host_busy=0.826804 dpu=NA clean=1 reason=clean
[0;34m[l4][0m scout-64-grpc-linkerd-opaque-pilot3-v1 offered=9113 host_busy=1.135771 dpu=NA clean=1 reason=clean
[0;34m[l4][0m scout-64-grpc-linkerd-opaque-pilot4-v1 offered=12303 host_busy=1.462890 dpu=NA clean=1 reason=clean
[0;34m[l4][0m scout-64-grpc-linkerd-opaque-pilot5-v1 offered=16609 host_busy=1.851085 dpu=NA clean=1 reason=clean
[0;34m[l4][0m scout-64-grpc-linkerd-opaque-pilot6-v1 offered=22422 host_busy=1.880153 dpu=NA clean=1 reason=clean
[0;34m[l4][0m scout-64-grpc-linkerd-opaque-pilot7-v1 offered=30270 host_busy=1.859969 dpu=NA clean=1 reason=clean
[0;34m[l4][0m scout-64-grpc-linkerd-opaque-pilot8-v1 offered=40865 host_busy=1.813594 dpu=NA clean=1 reason=clean
[0;34m[l4][0m scout-64-grpc-linkerd-opaque-pilot9-v1 offered=55168 host_busy=1.936429 dpu=NA clean=0 reason=achieved+scheduler
[0;34m[l4][0m recovery PASS: grpc-linkerd-opaque/64 at 5000 rps
[0;34m[l4][0m scout-64-grpc-linkerd-opaque-validate9-v1 offered=55168 host_busy=1.930481 dpu=NA clean=0 reason=overflow+achieved+scheduler
[0;34m[l4][0m recovery PASS: grpc-linkerd-opaque/64 at 5000 rps
[0;34m[l4][0m scout-64-grpc-linkerd-opaque-validate9-v2 offered=55168 host_busy=1.920270 dpu=NA clean=0 reason=overflow+achieved+scheduler
[0;34m[l4][0m recovery PASS: grpc-linkerd-opaque/64 at 5000 rps
[0;34m[l4][0m point-64-grpc-linkerd-opaque-r55168 decision=0 votes=0-2
[0;34m[l4][0m scout-64-grpc-linkerd-opaque-backtrack8-v1 offered=40865 host_busy=1.876166 dpu=NA clean=1 reason=clean
[0;34m[l4][0m scout-64-grpc-linkerd-opaque-backtrack8-v2 offered=40865 host_busy=1.872873 dpu=NA clean=1 reason=clean
[0;34m[l4][0m point-64-grpc-linkerd-opaque-r40865 decision=1 votes=2-0
[0;34m[l4][0m scout-64-grpc-linkerd-opaque-refine1-v1 offered=47481 host_busy=1.903297 dpu=NA clean=1 reason=clean
[0;34m[l4][0m scout-64-grpc-linkerd-opaque-refine1-v2 offered=47481 host_busy=1.901719 dpu=NA clean=1 reason=clean
[0;34m[l4][0m point-64-grpc-linkerd-opaque-r47481 decision=1 votes=2-0
[0;34m[l4][0m scout-64-grpc-linkerd-opaque-refine2-v1 offered=51180 host_busy=1.924617 dpu=NA clean=0 reason=achieved+scheduler
[0;34m[l4][0m recovery PASS: grpc-linkerd-opaque/64 at 5000 rps
[0;34m[l4][0m scout-64-grpc-linkerd-opaque-refine2-v2 offered=51180 host_busy=1.920037 dpu=NA clean=0 reason=achieved
[0;34m[l4][0m recovery PASS: grpc-linkerd-opaque/64 at 5000 rps
[0;34m[l4][0m point-64-grpc-linkerd-opaque-r51180 decision=0 votes=0-2
[0;34m[l4][0m scout-64-grpc-linkerd-opaque-refine3-v1 offered=49296 host_busy=1.923582 dpu=NA clean=1 reason=clean
[0;34m[l4][0m scout-64-grpc-linkerd-opaque-refine3-v2 offered=49296 host_busy=1.923658 dpu=NA clean=1 reason=clean
[0;34m[l4][0m point-64-grpc-linkerd-opaque-r49296 decision=1 votes=2-0
[0;34m[l4][0m scout-64-grpc-linkerd-opaque-refine4-v1 offered=50229 host_busy=1.915746 dpu=NA clean=0 reason=achieved
[0;34m[l4][0m recovery PASS: grpc-linkerd-opaque/64 at 5000 rps
[0;34m[l4][0m scout-64-grpc-linkerd-opaque-refine4-v2 offered=50229 host_busy=1.914062 dpu=NA clean=0 reason=achieved+scheduler
[0;34m[l4][0m recovery PASS: grpc-linkerd-opaque/64 at 5000 rps
[0;34m[l4][0m point-64-grpc-linkerd-opaque-r50229 decision=0 votes=0-2
[0;34m[l4][0m knee grpc-linkerd-opaque/64 clean=49296 first_bad=50229 bracket=1.019x
[0;34m[l4][0m scout-1024-grpc-tcp-pilot1-v1 offered=5000 host_busy=0.432999 dpu=NA clean=1 reason=clean
[0;34m[l4][0m scout-1024-grpc-tcp-pilot2-v1 offered=6750 host_busy=0.578441 dpu=NA clean=1 reason=clean
[0;34m[l4][0m scout-1024-grpc-tcp-pilot3-v1 offered=9113 host_busy=0.793716 dpu=NA clean=1 reason=clean
[0;34m[l4][0m scout-1024-grpc-tcp-pilot4-v1 offered=12303 host_busy=1.069981 dpu=NA clean=1 reason=clean
[0;34m[l4][0m scout-1024-grpc-tcp-pilot5-v1 offered=16609 host_busy=1.466946 dpu=NA clean=1 reason=clean
[0;34m[l4][0m scout-1024-grpc-tcp-pilot6-v1 offered=22422 host_busy=1.747839 dpu=NA clean=1 reason=clean
[0;34m[l4][0m scout-1024-grpc-tcp-pilot7-v1 offered=30270 host_busy=1.939301 dpu=NA clean=0 reason=achieved
[0;34m[l4][0m recovery PASS: grpc-tcp/1024 at 5000 rps
[0;34m[l4][0m scout-1024-grpc-tcp-validate7-v1 offered=30270 host_busy=1.990070 dpu=NA clean=1 reason=clean
[0;34m[l4][0m scout-1024-grpc-tcp-validate7-v2 offered=30270 host_busy=1.992031 dpu=NA clean=1 reason=clean
[0;34m[l4][0m point-1024-grpc-tcp-r30270 decision=1 votes=2-0
[0;34m[l4][0m scout-1024-grpc-tcp-pilot8-v1 offered=40865 host_busy=1.960366 dpu=NA clean=0 reason=achieved+scheduler
[0;34m[l4][0m recovery PASS: grpc-tcp/1024 at 5000 rps
[0;34m[l4][0m scout-1024-grpc-tcp-validate8-v1 offered=40865 host_busy=1.992625 dpu=NA clean=0 reason=overflow+achieved+scheduler
[0;34m[l4][0m recovery PASS: grpc-tcp/1024 at 5000 rps
[0;34m[l4][0m scout-1024-grpc-tcp-validate8-v2 offered=40865 host_busy=1.972889 dpu=NA clean=0 reason=overflow+achieved+scheduler
[0;34m[l4][0m recovery PASS: grpc-tcp/1024 at 5000 rps
[0;34m[l4][0m point-1024-grpc-tcp-r40865 decision=0 votes=0-2
[0;34m[l4][0m scout-1024-grpc-tcp-refine1-v1 offered=35171 host_busy=1.992914 dpu=NA clean=0 reason=overflow+achieved+scheduler
[0;34m[l4][0m recovery PASS: grpc-tcp/1024 at 5000 rps
[0;34m[l4][0m scout-1024-grpc-tcp-refine1-v2 offered=35171 host_busy=1.992479 dpu=NA clean=0 reason=overflow+achieved+scheduler
[0;34m[l4][0m recovery PASS: grpc-tcp/1024 at 5000 rps
[0;34m[l4][0m point-1024-grpc-tcp-r35171 decision=0 votes=0-2
[0;34m[l4][0m scout-1024-grpc-tcp-refine2-v1 offered=32629 host_busy=1.930848 dpu=NA clean=0 reason=overflow+achieved+scheduler
[0;34m[l4][0m recovery PASS: grpc-tcp/1024 at 5000 rps
[0;34m[l4][0m scout-1024-grpc-tcp-refine2-v2 offered=32629 host_busy=1.992441 dpu=NA clean=0 reason=overflow+achieved
[0;34m[l4][0m recovery PASS: grpc-tcp/1024 at 5000 rps
[0;34m[l4][0m point-1024-grpc-tcp-r32629 decision=0 votes=0-2
[0;34m[l4][0m scout-1024-grpc-tcp-refine3-v1 offered=31427 host_busy=1.992324 dpu=NA clean=0 reason=overflow+achieved
[0;34m[l4][0m recovery PASS: grpc-tcp/1024 at 5000 rps
[0;34m[l4][0m scout-1024-grpc-tcp-refine3-v2 offered=31427 host_busy=1.992738 dpu=NA clean=0 reason=achieved
[0;34m[l4][0m recovery PASS: grpc-tcp/1024 at 5000 rps
[0;34m[l4][0m point-1024-grpc-tcp-r31427 decision=0 votes=0-2
[0;34m[l4][0m scout-1024-grpc-tcp-refine4-v1 offered=30843 host_busy=1.990950 dpu=NA clean=0 reason=achieved
[0;34m[l4][0m recovery PASS: grpc-tcp/1024 at 5000 rps
[0;34m[l4][0m scout-1024-grpc-tcp-refine4-v2 offered=30843 host_busy=1.991132 dpu=NA clean=1 reason=clean
[0;34m[l4][0m scout-1024-grpc-tcp-refine4-v3 offered=30843 host_busy=1.991854 dpu=NA clean=0 reason=achieved
[0;34m[l4][0m recovery PASS: grpc-tcp/1024 at 5000 rps
[0;34m[l4][0m point-1024-grpc-tcp-r30843 decision=0 votes=1-2
[0;34m[l4][0m knee grpc-tcp/1024 clean=30270 first_bad=30843 bracket=1.019x
[0;34m[l4][0m scout-1024-grpc-dpumesh-pilot1-v1 offered=5000 host_busy=0.366085 dpu=NA clean=1 reason=clean
[0;34m[l4][0m scout-1024-grpc-dpumesh-pilot2-v1 offered=6750 host_busy=0.463838 dpu=NA clean=1 reason=clean
[0;34m[l4][0m scout-1024-grpc-dpumesh-pilot3-v1 offered=9113 host_busy=0.578258 dpu=NA clean=1 reason=clean
[0;34m[l4][0m scout-1024-grpc-dpumesh-pilot4-v1 offered=12303 host_busy=0.732479 dpu=NA clean=1 reason=clean
[0;34m[l4][0m scout-1024-grpc-dpumesh-pilot5-v1 offered=16609 host_busy=1.015746 dpu=NA clean=1 reason=clean
[0;34m[l4][0m scout-1024-grpc-dpumesh-pilot6-v1 offered=22422 host_busy=1.316002 dpu=NA clean=1 reason=clean
[0;34m[l4][0m scout-1024-grpc-dpumesh-pilot7-v1 offered=30270 host_busy=1.776140 dpu=NA clean=0 reason=achieved
[0;34m[l4][0m recovery PASS: grpc-dpumesh/1024 at 5000 rps
[0;34m[l4][0m scout-1024-grpc-dpumesh-validate7-v1 offered=30270 host_busy=1.790106 dpu=1.859374 clean=0 reason=achieved
[0;34m[l4][0m recovery PASS: grpc-dpumesh/1024 at 5000 rps
[0;34m[l4][0m scout-1024-grpc-dpumesh-validate7-v2 offered=30270 host_busy=1.985097 dpu=1.341707 clean=0 reason=overflow+achieved
[0;34m[l4][0m recovery PASS: grpc-dpumesh/1024 at 5000 rps
[0;34m[l4][0m point-1024-grpc-dpumesh-r30270 decision=0 votes=0-2
[0;34m[l4][0m scout-1024-grpc-dpumesh-backtrack6-v1 offered=22422 host_busy=1.335731 dpu=1.955361 clean=1 reason=clean
[0;34m[l4][0m scout-1024-grpc-dpumesh-backtrack6-v2 offered=22422 host_busy=1.335047 dpu=1.930586 clean=1 reason=clean
[0;34m[l4][0m point-1024-grpc-dpumesh-r22422 decision=1 votes=2-0
[0;34m[l4][0m scout-1024-grpc-dpumesh-refine1-v1 offered=26052 host_busy=1.623790 dpu=2.166944 clean=1 reason=clean
[0;34m[l4][0m scout-1024-grpc-dpumesh-refine1-v2 offered=26052 host_busy=1.660189 dpu=2.153752 clean=1 reason=clean
[0;34m[l4][0m point-1024-grpc-dpumesh-r26052 decision=1 votes=2-0
[0;34m[l4][0m scout-1024-grpc-dpumesh-refine2-v1 offered=28082 host_busy=1.813119 dpu=1.850561 clean=0 reason=achieved
[0;34m[l4][0m recovery PASS: grpc-dpumesh/1024 at 5000 rps
[0;34m[l4][0m scout-1024-grpc-dpumesh-refine2-v2 offered=28082 host_busy=1.764959 dpu=2.172087 clean=1 reason=clean
[0;34m[l4][0m scout-1024-grpc-dpumesh-refine2-v3 offered=28082 host_busy=1.707962 dpu=2.143944 clean=1 reason=clean
[0;34m[l4][0m point-1024-grpc-dpumesh-r28082 decision=1 votes=2-1
[0;34m[l4][0m scout-1024-grpc-dpumesh-refine3-v1 offered=29155 host_busy=1.874378 dpu=1.728802 clean=0 reason=overflow+achieved
[0;34m[l4][0m recovery PASS: grpc-dpumesh/1024 at 5000 rps
[0;34m[l4][0m scout-1024-grpc-dpumesh-refine3-v2 offered=29155 host_busy=1.869281 dpu=1.619625 clean=0 reason=achieved
[0;34m[l4][0m recovery PASS: grpc-dpumesh/1024 at 5000 rps
[0;34m[l4][0m point-1024-grpc-dpumesh-r29155 decision=0 votes=0-2
[0;34m[l4][0m scout-1024-grpc-dpumesh-refine4-v1 offered=28613 host_busy=1.742980 dpu=2.254865 clean=1 reason=clean
[0;34m[l4][0m scout-1024-grpc-dpumesh-refine4-v2 offered=28613 host_busy=1.747076 dpu=2.355500 clean=1 reason=clean
[0;34m[l4][0m point-1024-grpc-dpumesh-r28613 decision=1 votes=2-0
[0;34m[l4][0m knee grpc-dpumesh/1024 clean=28613 first_bad=29155 bracket=1.019x
[0;34m[l4][0m scout-1024-grpc-envoy-permissive-pilot1-v1 offered=5000 host_busy=0.745975 dpu=NA clean=1 reason=clean
[0;34m[l4][0m scout-1024-grpc-envoy-permissive-pilot2-v1 offered=6750 host_busy=0.948576 dpu=NA clean=1 reason=clean
[0;34m[l4][0m scout-1024-grpc-envoy-permissive-pilot3-v1 offered=9113 host_busy=1.193080 dpu=NA clean=1 reason=clean
[0;34m[l4][0m scout-1024-grpc-envoy-permissive-pilot4-v1 offered=12303 host_busy=1.584005 dpu=NA clean=1 reason=clean
[0;34m[l4][0m scout-1024-grpc-envoy-permissive-pilot5-v1 offered=16609 host_busy=1.900696 dpu=NA clean=1 reason=clean
[0;34m[l4][0m scout-1024-grpc-envoy-permissive-pilot6-v1 offered=22422 host_busy=1.923836 dpu=NA clean=1 reason=clean
[0;34m[l4][0m scout-1024-grpc-envoy-permissive-pilot7-v1 offered=30270 host_busy=1.921834 dpu=NA clean=1 reason=clean
[0;34m[l4][0m scout-1024-grpc-envoy-permissive-pilot8-v1 offered=40865 host_busy=1.886898 dpu=NA clean=1 reason=clean
[0;34m[l4][0m scout-1024-grpc-envoy-permissive-pilot9-v1 offered=55168 host_busy=1.870590 dpu=NA clean=0 reason=achieved+scheduler
[0;34m[l4][0m recovery PASS: grpc-envoy-permissive/1024 at 5000 rps
[0;34m[l4][0m scout-1024-grpc-envoy-permissive-validate9-v1 offered=55168 host_busy=1.887948 dpu=NA clean=0 reason=overflow+achieved+scheduler
[0;34m[l4][0m recovery PASS: grpc-envoy-permissive/1024 at 5000 rps
[0;34m[l4][0m scout-1024-grpc-envoy-permissive-validate9-v2 offered=55168 host_busy=1.887477 dpu=NA clean=0 reason=overflow+achieved+scheduler
[0;34m[l4][0m recovery PASS: grpc-envoy-permissive/1024 at 5000 rps
[0;34m[l4][0m point-1024-grpc-envoy-permissive-r55168 decision=0 votes=0-2
[0;34m[l4][0m scout-1024-grpc-envoy-permissive-backtrack8-v1 offered=40865 host_busy=1.912713 dpu=NA clean=1 reason=clean
[0;34m[l4][0m scout-1024-grpc-envoy-permissive-backtrack8-v2 offered=40865 host_busy=1.917110 dpu=NA clean=1 reason=clean
[0;34m[l4][0m point-1024-grpc-envoy-permissive-r40865 decision=1 votes=2-0
[0;34m[l4][0m scout-1024-grpc-envoy-permissive-refine1-v1 offered=47481 host_busy=1.931024 dpu=NA clean=1 reason=clean
[0;34m[l4][0m scout-1024-grpc-envoy-permissive-refine1-v2 offered=47481 host_busy=1.932528 dpu=NA clean=1 reason=clean
[0;34m[l4][0m point-1024-grpc-envoy-permissive-r47481 decision=1 votes=2-0
[0;34m[l4][0m scout-1024-grpc-envoy-permissive-refine2-v1 offered=51180 host_busy=1.888325 dpu=NA clean=0 reason=overflow+achieved+scheduler
[0;34m[l4][0m recovery PASS: grpc-envoy-permissive/1024 at 5000 rps
[0;34m[l4][0m scout-1024-grpc-envoy-permissive-refine2-v2 offered=51180 host_busy=1.894960 dpu=NA clean=0 reason=overflow+achieved+scheduler
[0;34m[l4][0m recovery PASS: grpc-envoy-permissive/1024 at 5000 rps
[0;34m[l4][0m point-1024-grpc-envoy-permissive-r51180 decision=0 votes=0-2
[0;34m[l4][0m scout-1024-grpc-envoy-permissive-refine3-v1 offered=49296 host_busy=1.889645 dpu=NA clean=0 reason=achieved+scheduler
[0;34m[l4][0m recovery PASS: grpc-envoy-permissive/1024 at 5000 rps
[0;34m[l4][0m scout-1024-grpc-envoy-permissive-refine3-v2 offered=49296 host_busy=1.894399 dpu=NA clean=0 reason=achieved+scheduler
[0;34m[l4][0m recovery PASS: grpc-envoy-permissive/1024 at 5000 rps
[0;34m[l4][0m point-1024-grpc-envoy-permissive-r49296 decision=0 votes=0-2
[0;34m[l4][0m scout-1024-grpc-envoy-permissive-refine4-v1 offered=48380 host_busy=1.939994 dpu=NA clean=1 reason=clean
[0;34m[l4][0m scout-1024-grpc-envoy-permissive-refine4-v2 offered=48380 host_busy=1.942484 dpu=NA clean=1 reason=clean
[0;34m[l4][0m point-1024-grpc-envoy-permissive-r48380 decision=1 votes=2-0
[0;34m[l4][0m knee grpc-envoy-permissive/1024 clean=48380 first_bad=49296 bracket=1.019x
[0;34m[l4][0m scout-1024-grpc-envoy-strict-pilot1-v1 offered=5000 host_busy=0.696742 dpu=NA clean=1 reason=clean
[0;34m[l4][0m scout-1024-grpc-envoy-strict-pilot2-v1 offered=6750 host_busy=0.933101 dpu=NA clean=1 reason=clean
[0;34m[l4][0m scout-1024-grpc-envoy-strict-pilot3-v1 offered=9113 host_busy=1.260293 dpu=NA clean=1 reason=clean
[0;34m[l4][0m scout-1024-grpc-envoy-strict-pilot4-v1 offered=12303 host_busy=1.657390 dpu=NA clean=1 reason=clean
[0;34m[l4][0m scout-1024-grpc-envoy-strict-pilot5-v1 offered=16609 host_busy=1.907388 dpu=NA clean=1 reason=clean
[0;34m[l4][0m scout-1024-grpc-envoy-strict-pilot6-v1 offered=22422 host_busy=1.938333 dpu=NA clean=1 reason=clean
[0;34m[l4][0m scout-1024-grpc-envoy-strict-pilot7-v1 offered=30270 host_busy=1.900745 dpu=NA clean=1 reason=clean
[0;34m[l4][0m scout-1024-grpc-envoy-strict-pilot8-v1 offered=40865 host_busy=1.890866 dpu=NA clean=1 reason=clean
[0;34m[l4][0m scout-1024-grpc-envoy-strict-pilot9-v1 offered=55168 host_busy=1.855249 dpu=NA clean=0 reason=achieved+scheduler
[0;34m[l4][0m recovery PASS: grpc-envoy-strict/1024 at 5000 rps
[0;34m[l4][0m scout-1024-grpc-envoy-strict-validate9-v1 offered=55168 host_busy=1.889527 dpu=NA clean=0 reason=overflow+achieved+scheduler
[0;34m[l4][0m recovery PASS: grpc-envoy-strict/1024 at 5000 rps
[0;34m[l4][0m scout-1024-grpc-envoy-strict-validate9-v2 offered=55168 host_busy=1.891058 dpu=NA clean=0 reason=overflow+achieved+scheduler
[0;34m[l4][0m recovery PASS: grpc-envoy-strict/1024 at 5000 rps
[0;34m[l4][0m point-1024-grpc-envoy-strict-r55168 decision=0 votes=0-2
[0;34m[l4][0m scout-1024-grpc-envoy-strict-backtrack8-v1 offered=40865 host_busy=1.926857 dpu=NA clean=1 reason=clean
[0;34m[l4][0m scout-1024-grpc-envoy-strict-backtrack8-v2 offered=40865 host_busy=1.926280 dpu=NA clean=1 reason=clean
[0;34m[l4][0m point-1024-grpc-envoy-strict-r40865 decision=1 votes=2-0
[0;34m[l4][0m scout-1024-grpc-envoy-strict-refine1-v1 offered=47481 host_busy=1.896026 dpu=NA clean=0 reason=achieved+scheduler
[0;34m[l4][0m recovery PASS: grpc-envoy-strict/1024 at 5000 rps
[0;34m[l4][0m scout-1024-grpc-envoy-strict-refine1-v2 offered=47481 host_busy=1.890112 dpu=NA clean=0 reason=overflow+achieved+scheduler
[0;34m[l4][0m recovery PASS: grpc-envoy-strict/1024 at 5000 rps
[0;34m[l4][0m point-1024-grpc-envoy-strict-r47481 decision=0 votes=0-2
[0;34m[l4][0m scout-1024-grpc-envoy-strict-refine2-v1 offered=44049 host_busy=1.918684 dpu=NA clean=1 reason=clean
[0;34m[l4][0m scout-1024-grpc-envoy-strict-refine2-v2 offered=44049 host_busy=1.919485 dpu=NA clean=1 reason=clean
[0;34m[l4][0m point-1024-grpc-envoy-strict-r44049 decision=1 votes=2-0
[0;34m[l4][0m scout-1024-grpc-envoy-strict-refine3-v1 offered=45733 host_busy=1.940643 dpu=NA clean=1 reason=clean
[0;34m[l4][0m scout-1024-grpc-envoy-strict-refine3-v2 offered=45733 host_busy=1.940798 dpu=NA clean=1 reason=clean
[0;34m[l4][0m point-1024-grpc-envoy-strict-r45733 decision=1 votes=2-0
[0;34m[l4][0m scout-1024-grpc-envoy-strict-refine4-v1 offered=46599 host_busy=1.949134 dpu=NA clean=1 reason=clean
[0;34m[l4][0m scout-1024-grpc-envoy-strict-refine4-v2 offered=46599 host_busy=1.947711 dpu=NA clean=1 reason=clean
[0;34m[l4][0m point-1024-grpc-envoy-strict-r46599 decision=1 votes=2-0
[0;34m[l4][0m knee grpc-envoy-strict/1024 clean=46599 first_bad=47481 bracket=1.019x
[0;34m[l4][0m scout-1024-grpc-linkerd-pilot1-v1 offered=5000 host_busy=1.505842 dpu=NA clean=1 reason=clean
[0;34m[l4][0m scout-1024-grpc-linkerd-pilot2-v1 offered=6750 host_busy=1.725534 dpu=NA clean=1 reason=clean
[0;34m[l4][0m scout-1024-grpc-linkerd-pilot3-v1 offered=9113 host_busy=1.719469 dpu=NA clean=1 reason=clean
[0;34m[l4][0m scout-1024-grpc-linkerd-pilot4-v1 offered=12303 host_busy=1.803653 dpu=NA clean=1 reason=clean
[0;34m[l4][0m scout-1024-grpc-linkerd-pilot5-v1 offered=16609 host_busy=1.633557 dpu=NA clean=0 reason=fail+overflow+achieved
[0;34m[l4][0m recovery PASS: grpc-linkerd/1024 at 5000 rps
[0;34m[l4][0m scout-1024-grpc-linkerd-validate5-v1 offered=16609 host_busy=1.401461 dpu=NA clean=0 reason=fail+overflow+achieved
[0;34m[l4][0m recovery PASS: grpc-linkerd/1024 at 5000 rps
[0;34m[l4][0m scout-1024-grpc-linkerd-validate5-v2 offered=16609 host_busy=1.406196 dpu=NA clean=0 reason=fail+overflow+achieved
[0;34m[l4][0m recovery PASS: grpc-linkerd/1024 at 5000 rps
[0;34m[l4][0m point-1024-grpc-linkerd-r16609 decision=0 votes=0-2
[0;34m[l4][0m scout-1024-grpc-linkerd-backtrack4-v1 offered=12303 host_busy=1.832881 dpu=NA clean=1 reason=clean
[0;34m[l4][0m scout-1024-grpc-linkerd-backtrack4-v2 offered=12303 host_busy=1.834941 dpu=NA clean=1 reason=clean
[0;34m[l4][0m point-1024-grpc-linkerd-r12303 decision=1 votes=2-0
[0;34m[l4][0m scout-1024-grpc-linkerd-refine1-v1 offered=14295 host_busy=1.613504 dpu=NA clean=0 reason=fail+overflow+achieved
[0;34m[l4][0m recovery PASS: grpc-linkerd/1024 at 5000 rps
[0;34m[l4][0m scout-1024-grpc-linkerd-refine1-v2 offered=14295 host_busy=1.616228 dpu=NA clean=0 reason=fail+overflow+achieved
[0;34m[l4][0m recovery PASS: grpc-linkerd/1024 at 5000 rps
[0;34m[l4][0m point-1024-grpc-linkerd-r14295 decision=0 votes=0-2
[0;34m[l4][0m scout-1024-grpc-linkerd-refine2-v1 offered=13262 host_busy=1.855305 dpu=NA clean=1 reason=clean
[0;34m[l4][0m scout-1024-grpc-linkerd-refine2-v2 offered=13262 host_busy=1.857993 dpu=NA clean=1 reason=clean
[0;34m[l4][0m point-1024-grpc-linkerd-r13262 decision=1 votes=2-0
[0;34m[l4][0m scout-1024-grpc-linkerd-refine3-v1 offered=13769 host_busy=1.676324 dpu=NA clean=0 reason=fail+overflow+achieved
[0;34m[l4][0m recovery PASS: grpc-linkerd/1024 at 5000 rps
[0;34m[l4][0m scout-1024-grpc-linkerd-refine3-v2 offered=13769 host_busy=1.677326 dpu=NA clean=0 reason=fail+overflow+achieved
[0;34m[l4][0m recovery PASS: grpc-linkerd/1024 at 5000 rps
[0;34m[l4][0m point-1024-grpc-linkerd-r13769 decision=0 votes=0-2
[0;34m[l4][0m scout-1024-grpc-linkerd-refine4-v1 offered=13513 host_busy=1.714249 dpu=NA clean=0 reason=fail+overflow+achieved
[0;34m[l4][0m recovery PASS: grpc-linkerd/1024 at 5000 rps
[0;34m[l4][0m scout-1024-grpc-linkerd-refine4-v2 offered=13513 host_busy=1.716335 dpu=NA clean=0 reason=fail+overflow+achieved
[0;34m[l4][0m recovery PASS: grpc-linkerd/1024 at 5000 rps
[0;34m[l4][0m point-1024-grpc-linkerd-r13513 decision=0 votes=0-2
[0;34m[l4][0m knee grpc-linkerd/1024 clean=13262 first_bad=13513 bracket=1.019x
[0;34m[l4][0m scout-1024-grpc-linkerd-opaque-pilot1-v1 offered=5000 host_busy=0.772933 dpu=NA clean=1 reason=clean
[0;34m[l4][0m scout-1024-grpc-linkerd-opaque-pilot2-v1 offered=6750 host_busy=0.864045 dpu=NA clean=1 reason=clean
[0;34m[l4][0m scout-1024-grpc-linkerd-opaque-pilot3-v1 offered=9113 host_busy=1.165744 dpu=NA clean=1 reason=clean
[0;34m[l4][0m scout-1024-grpc-linkerd-opaque-pilot4-v1 offered=12303 host_busy=1.513112 dpu=NA clean=1 reason=clean
[0;34m[l4][0m scout-1024-grpc-linkerd-opaque-pilot5-v1 offered=16609 host_busy=1.892084 dpu=NA clean=1 reason=clean
[0;34m[l4][0m scout-1024-grpc-linkerd-opaque-pilot6-v1 offered=22422 host_busy=1.876429 dpu=NA clean=1 reason=clean
[0;34m[l4][0m scout-1024-grpc-linkerd-opaque-pilot7-v1 offered=30270 host_busy=1.898225 dpu=NA clean=1 reason=clean
[0;34m[l4][0m scout-1024-grpc-linkerd-opaque-pilot8-v1 offered=40865 host_busy=1.802883 dpu=NA clean=1 reason=clean
[0;34m[l4][0m scout-1024-grpc-linkerd-opaque-pilot9-v1 offered=55168 host_busy=1.852052 dpu=NA clean=0 reason=achieved+scheduler
[0;34m[l4][0m recovery PASS: grpc-linkerd-opaque/1024 at 5000 rps
[0;34m[l4][0m scout-1024-grpc-linkerd-opaque-validate9-v1 offered=55168 host_busy=1.881951 dpu=NA clean=0 reason=overflow+achieved+scheduler
[0;34m[l4][0m recovery PASS: grpc-linkerd-opaque/1024 at 5000 rps
[0;34m[l4][0m scout-1024-grpc-linkerd-opaque-validate9-v2 offered=55168 host_busy=1.882585 dpu=NA clean=0 reason=overflow+achieved+scheduler
[0;34m[l4][0m recovery PASS: grpc-linkerd-opaque/1024 at 5000 rps
[0;34m[l4][0m point-1024-grpc-linkerd-opaque-r55168 decision=0 votes=0-2
[0;34m[l4][0m scout-1024-grpc-linkerd-opaque-backtrack8-v1 offered=40865 host_busy=1.885818 dpu=NA clean=1 reason=clean
[0;34m[l4][0m scout-1024-grpc-linkerd-opaque-backtrack8-v2 offered=40865 host_busy=1.886219 dpu=NA clean=1 reason=clean
[0;34m[l4][0m point-1024-grpc-linkerd-opaque-r40865 decision=1 votes=2-0
[0;34m[l4][0m scout-1024-grpc-linkerd-opaque-refine1-v1 offered=47481 host_busy=1.881547 dpu=NA clean=0 reason=overflow+achieved+scheduler
[0;34m[l4][0m recovery PASS: grpc-linkerd-opaque/1024 at 5000 rps
[0;34m[l4][0m scout-1024-grpc-linkerd-opaque-refine1-v2 offered=47481 host_busy=1.879182 dpu=NA clean=0 reason=overflow+achieved+scheduler
[0;34m[l4][0m recovery PASS: grpc-linkerd-opaque/1024 at 5000 rps
[0;34m[l4][0m point-1024-grpc-linkerd-opaque-r47481 decision=0 votes=0-2
[0;34m[l4][0m scout-1024-grpc-linkerd-opaque-refine2-v1 offered=44049 host_busy=1.924873 dpu=NA clean=1 reason=clean
[0;34m[l4][0m scout-1024-grpc-linkerd-opaque-refine2-v2 offered=44049 host_busy=1.923432 dpu=NA clean=1 reason=clean
[0;34m[l4][0m point-1024-grpc-linkerd-opaque-r44049 decision=1 votes=2-0
[0;34m[l4][0m scout-1024-grpc-linkerd-opaque-refine3-v1 offered=45733 host_busy=1.882840 dpu=NA clean=0 reason=overflow+achieved+scheduler
[0;34m[l4][0m recovery PASS: grpc-linkerd-opaque/1024 at 5000 rps
[0;34m[l4][0m scout-1024-grpc-linkerd-opaque-refine3-v2 offered=45733 host_busy=1.877873 dpu=NA clean=0 reason=overflow+achieved+scheduler
[0;34m[l4][0m recovery PASS: grpc-linkerd-opaque/1024 at 5000 rps
[0;34m[l4][0m point-1024-grpc-linkerd-opaque-r45733 decision=0 votes=0-2
[0;34m[l4][0m scout-1024-grpc-linkerd-opaque-refine4-v1 offered=44883 host_busy=1.880190 dpu=NA clean=0 reason=achieved+scheduler
[0;34m[l4][0m recovery PASS: grpc-linkerd-opaque/1024 at 5000 rps
[0;34m[l4][0m scout-1024-grpc-linkerd-opaque-refine4-v2 offered=44883 host_busy=1.879601 dpu=NA clean=0 reason=achieved+scheduler
[0;34m[l4][0m recovery PASS: grpc-linkerd-opaque/1024 at 5000 rps
[0;34m[l4][0m point-1024-grpc-linkerd-opaque-r44883 decision=0 votes=0-2
[0;34m[l4][0m knee grpc-linkerd-opaque/1024 clean=44049 first_bad=44883 bracket=1.019x
[0;34m[l4][0m scout-8192-grpc-linkerd-pilot1-v1 offered=5000 host_busy=1.671146 dpu=NA clean=1 reason=clean
[0;34m[l4][0m scout-8192-grpc-linkerd-pilot2-v1 offered=6750 host_busy=1.700240 dpu=NA clean=1 reason=clean
[0;34m[l4][0m scout-8192-grpc-linkerd-pilot3-v1 offered=9113 host_busy=1.748153 dpu=NA clean=1 reason=clean
[0;34m[l4][0m scout-8192-grpc-linkerd-pilot4-v1 offered=12303 host_busy=1.722080 dpu=NA clean=0 reason=overflow+achieved
[0;34m[l4][0m recovery PASS: grpc-linkerd/8192 at 5000 rps
[0;34m[l4][0m scout-8192-grpc-linkerd-validate4-v1 offered=12303 host_busy=1.700432 dpu=NA clean=0 reason=overflow+achieved
[0;34m[l4][0m recovery PASS: grpc-linkerd/8192 at 5000 rps
[0;34m[l4][0m scout-8192-grpc-linkerd-validate4-v2 offered=12303 host_busy=1.557993 dpu=NA clean=0 reason=fail+overflow+achieved
[0;34m[l4][0m recovery PASS: grpc-linkerd/8192 at 5000 rps
[0;34m[l4][0m point-8192-grpc-linkerd-r12303 decision=0 votes=0-2
[0;34m[l4][0m scout-8192-grpc-linkerd-backtrack3-v1 offered=9113 host_busy=1.963053 dpu=NA clean=0 reason=overflow+achieved
[1;33m[l4][0m recovery failed for grpc-linkerd/8192; forcing a canonical full redeploy
[0;34m[l4][0m deploying canonical L4 stack: N/K/A=32/8/8, local NUMA, L7 disabled
[0;32m[INFO][0m Host NUMA: PCI 94:00.0 -> node 1, benchmark cores 18-35
secret/envoy-mtls configured
[0;32m[INFO][0m Envoy benchmark mTLS Secret ready
[0;34m[STEP][0m === Applying K8s manifest (replicas=0) ===
deployment.apps/bench-dpumesh unchanged
service/bench-dpumesh unchanged
deployment.apps/bench-dpumesh-2 unchanged
deployment.apps/bench-dpumesh-3 unchanged
deployment.apps/echo-dpumesh unchanged
deployment.apps/echo-dpumesh-13 unchanged
deployment.apps/echo-dpumesh-14 unchanged
deployment.apps/loopback-dpumesh unchanged
service/loopback-dpumesh unchanged
deployment.apps/verbs-dpumesh unchanged
service/verbs-dpumesh unchanged
deployment.apps/stream-dpumesh unchanged
service/stream-dpumesh unchanged
deployment.apps/preload-dpumesh unchanged
service/preload-dpumesh unchanged
deployment.apps/preload-echo unchanged
deployment.apps/preload-bench unchanged
service/preload-bench unchanged
service/preload-sock unchanged
deployment.apps/bench-tcp unchanged
service/bench-tcp unchanged
deployment.apps/echo-tcp unchanged
service/echo-tcp unchanged
deployment.apps/bench-tcp-strict unchanged
service/bench-tcp-strict unchanged
deployment.apps/echo-tcp-strict unchanged
service/echo-tcp-strict unchanged
configmap/sidecar1-config unchanged
configmap/sidecar2-config unchanged
configmap/strict-client-config unchanged
configmap/strict-server-config unchanged
deployment.apps/bench-grpc-dpumesh configured
service/bench-grpc-dpumesh unchanged
deployment.apps/echo-grpc-dpumesh configured
service/echo-grpc-dpumesh unchanged
deployment.apps/bench-grpc-envoy configured
service/bench-grpc-envoy unchanged
deployment.apps/echo-grpc-envoy configured
service/echo-grpc-envoy unchanged
deployment.apps/bench-grpc-tcp configured
service/bench-grpc-tcp unchanged
deployment.apps/echo-grpc-tcp configured
service/echo-grpc-tcp unchanged
configmap/grpc-sidecar1-config unchanged
deployment.apps/bench-grpc-envoy-strict configured
service/bench-grpc-envoy-strict unchanged
deployment.apps/echo-grpc-envoy-strict configured
service/echo-grpc-envoy-strict unchanged
configmap/grpc-strict-client-config unchanged
