[0;34m[l4][0m output=/home/jukebox/DPUmesh/bench/report/data/l4-20260728-021656
[0;34m[l4][0m planned: load=324 idle=12 calibration=12 perf_replays=12 timed_windows~58.0min
[sudo] password for jukebox: [0;34m[l4][0m using existing deployment (--no-deploy)
[0;32m[INFO][0m Host NUMA: PCI 94:00.0 -> node 1, benchmark cores 18-35
[0;34m[STEP][0m === Pinning pods to dedicated cores (taskset, profile=l4) ===
[0;32m[INFO][0m CPU governor=performance, fixed 2.5 GHz on cores 18-35
[0;32m[INFO][0m bench-dpumesh → core(s) 26 (pod=3e0d64342364b139037e5969d7e68442b1e404031d525fe0cf8add40ed559496)
[0;32m[INFO][0m   bench-dpumesh (PID 1964054) → 26
[0;32m[INFO][0m bench-dpumesh-2 → core(s) 28 (pod=c588bb7943e3866ea57a8aa55e8b450d4147c3ad5d3c9ddfdcfa5853a858cdb2)
[0;32m[INFO][0m   bench-dpumesh-2 (PID 1964304) → 28
[0;32m[INFO][0m bench-dpumesh-3 → core(s) 29 (pod=7e389148b25321890cdd83545f450fd0bc8df80d884c09e68acf5a38ea4a34dc)
[0;32m[INFO][0m   bench-dpumesh-3 (PID 1964519) → 29
[0;32m[INFO][0m echo-dpumesh → core(s) 27 (pod=4755a70626534b1486bb9086a0631b0c5ea0c03ed7e0958f0ec431c1d970efe0)
[0;32m[INFO][0m   echo-dpumesh (PID 1963252) → 27
[0;32m[INFO][0m echo-dpumesh-13 → core(s) 30 (pod=c404336510899b1889e44b5ca7e79b8bb1e832cb20bdd545e8e003b59e661031)
[0;32m[INFO][0m   echo-dpumesh-13 (PID 1963653) → 30
[0;32m[INFO][0m echo-dpumesh-14 → core(s) 31 (pod=0c18451ea04861a5b9ddad756a599b360be6b2eb5e6c0ef1781f2c26aaf6eb4c)
[0;32m[INFO][0m   echo-dpumesh-14 (PID 1963851) → 31
[0;32m[INFO][0m loopback-dpumesh → core(s) 32 (pod=3b5c9b798c7b99464ce323c129455c3bd564d36abbe79aab24c39a0127344cde)
[0;32m[INFO][0m   loopback-dpumesh (PID 1964730) → 32
[0;32m[INFO][0m stream-dpumesh → core(s) 33 (pod=db7cd6a757eaeb1571873485efbc99eb0cf791b5d2640c62fb7e5e7316998cbd)
[0;32m[INFO][0m   stream-dpumesh (PID 1965825) → 33
[0;32m[INFO][0m verbs-dpumesh → core(s) 34 (pod=be0d1dfcd1e26758ad443639bee436c073fa8bfe195d7b86d1d15b64a1e78b31)
[0;32m[INFO][0m   verbs-dpumesh (PID 1965614) → 34
[0;32m[INFO][0m preload-dpumesh → core(s) 35 (pod=2396b689830bdd2232d02c4fea80f312c118ef6af1fcd66b36610a90250230f1)
[0;32m[INFO][0m   preload-dpumesh (PID 1964972) → 35
[0;32m[INFO][0m preload-echo → core(s) 19 (pod=856567f755a7b33a28c844a4cd5ffa7af7749f3aa90180b8a7aa254965cffd42)
[0;32m[INFO][0m   preload-echo (PID 1965182) → 19
[0;32m[INFO][0m preload-bench → core(s) 18 (pod=155aece260fadebd10e9f5b219f12c594a16c436ebdbb42cdf47bee1d99a9bae)
[0;32m[INFO][0m   preload-bench (PID 1965407) → 18
[0;32m[INFO][0m bench-tcp → core(s) 22 (pod=11b1ebcb29bb3d609224a633bd2c4759139c3e51691f7c83494066f8a500e16d)
[0;32m[INFO][0m   sidecar1 (PID 1967748) → 22
[0;32m[INFO][0m   bench-tcp (PID 1967723) → 22
[0;32m[INFO][0m echo-tcp → core(s) 23 (pod=c54c7fdf264f60992411ee5a8df2542a930fbba8e2f2db00ed0cb3a4d101c808)
[0;32m[INFO][0m   sidecar2 (PID 1967449) → 23
[0;32m[INFO][0m   echo-tcp (PID 1967427) → 23
[0;32m[INFO][0m bench-tcp-strict → core(s) 24 (pod=32043378ca040a7326cc8526279f6381513718daad59f4116174656aef2bddc0)
[0;32m[INFO][0m   sidecar1 (PID 1967095) → 24
[0;32m[INFO][0m   bench-tcp-strict (PID 1967072) → 24
[0;32m[INFO][0m echo-tcp-strict → core(s) 25 (pod=1c683c7b43581719588d7566dfe95b4d0be61c108bc023aebe3626c930318b62)
[0;32m[INFO][0m   sidecar2 (PID 1966798) → 25
[0;32m[INFO][0m   echo-tcp-strict (PID 1966776) → 25
[0;32m[INFO][0m bench-direct → core(s) 20 (pod=d9a48423dba53b13a85ddc5dcc64f17c89b96169a8cf8319243ef8ac64ed58a6)
[0;32m[INFO][0m   bench-direct (PID 1968018) → 20
[0;32m[INFO][0m echo-plain → core(s) 21 (pod=7dd798f145ac78cd3f3c01e81b9a1b77b2952ced87b13fa0a35cba479e86827a)
[0;32m[INFO][0m   echo-plain (PID 1966569) → 21
[0;32m[INFO][0m Pinning done
[0;34m[l4][0m binary equivalence PASS (bench_sock and echo_sock hashes match)
[0;34m[l4][0m smoke plain: OK mrps=0.356580 gbps=0.1826 p50=43.00 p95=54.00 p99=58.00 p999=68.00 p9999=80.00 avg=43.51 min=18.77 max=3414.39 rcnt=711604 scheduled=711700 pending=16 fail=0 conc=4 threads=4 reqsz=64 repsz=8 durs=2.000 offered_mrps=0.356580 drops=0 overflow=0 reorder=0 mode=closed arr=const
[0;34m[l4][0m smoke envoy-permissive: OK mrps=0.145738 gbps=0.0746 p50=106.00 p95=135.00 p99=166.00 p999=225.00 p9999=457.00 avg=108.73 min=54.03 max=525.81 rcnt=291340 scheduled=291436 pending=16 fail=0 conc=4 threads=4 reqsz=64 repsz=8 durs=2.000 offered_mrps=0.145738 drops=0 overflow=0 reorder=0 mode=closed arr=const
[0;34m[l4][0m smoke envoy-strict: OK mrps=0.126479 gbps=0.0648 p50=124.00 p95=151.00 p99=169.00 p999=255.00 p9999=366.00 avg=125.40 min=65.51 max=514.75 rcnt=252836 scheduled=252932 pending=16 fail=0 conc=4 threads=4 reqsz=64 repsz=8 durs=2.000 offered_mrps=0.126479 drops=0 overflow=0 reorder=0 mode=closed arr=const
[0;34m[l4][0m smoke dpumesh-preload: OK mrps=0.104935 gbps=0.0537 p50=144.00 p95=164.00 p99=294.00 p999=526.00 p9999=900.00 avg=148.79 min=65.92 max=1068.88 rcnt=209688 scheduled=209784 pending=16 fail=0 conc=4 threads=4 reqsz=64 repsz=8 durs=2.000 offered_mrps=0.104935 drops=0 overflow=0 reorder=0 mode=closed arr=const
[0;34m[l4][0m cal-64-plain peak=0.369416 Mrps
[0;34m[l4][0m cal-64-envoy-permissive peak=0.136540 Mrps
[0;34m[l4][0m cal-64-envoy-strict peak=0.127115 Mrps
[0;34m[l4][0m cal-64-dpumesh-preload peak=0.109224 Mrps
[0;34m[l4][0m payload=64 common rate range 10922..424828 rps
[0;34m[l4][0m cal-1024-plain peak=0.266076 Mrps
[0;34m[l4][0m cal-1024-envoy-permissive peak=0.118935 Mrps
[0;34m[l4][0m cal-1024-envoy-strict peak=0.114736 Mrps
[0;34m[l4][0m cal-1024-dpumesh-preload peak=0.099006 Mrps
[0;34m[l4][0m payload=1024 common rate range 9901..305987 rps
[0;34m[l4][0m cal-8192-plain peak=0.240720 Mrps
[0;34m[l4][0m cal-8192-envoy-permissive peak=0.108019 Mrps
[0;34m[l4][0m cal-8192-envoy-strict peak=0.069661 Mrps
[0;34m[l4][0m cal-8192-dpumesh-preload peak=0.056024 Mrps
[0;34m[l4][0m payload=8192 common rate range 5602..276828 rps
[0;34m[l4][0m collecting idle baselines
[0;34m[l4][0m idle-0-q0-envoy-permissive-r1 offered=0 achieved=0.000 p99=0 host_cgroup=0.006466 host_busy=0.023989 dpu=NA status=ok
[0;34m[l4][0m idle-0-q0-envoy-strict-r1 offered=0 achieved=0.000 p99=0 host_cgroup=0.005776 host_busy=0.023988 dpu=NA status=ok
[0;34m[l4][0m idle-0-q0-dpumesh-preload-r1 offered=0 achieved=0.000 p99=0 host_cgroup=0.000158 host_busy=0.015993 dpu=0.142857 status=ok
[0;34m[l4][0m idle-0-q0-plain-r1 offered=0 achieved=0.000 p99=0 host_cgroup=0.000000 host_busy=0.021989 dpu=NA status=ok
[0;34m[l4][0m idle-0-q0-envoy-strict-r2 offered=0 achieved=0.000 p99=0 host_cgroup=0.005758 host_busy=0.031986 dpu=NA status=ok
[0;34m[l4][0m idle-0-q0-dpumesh-preload-r2 offered=0 achieved=0.000 p99=0 host_cgroup=0.000157 host_busy=0.013993 dpu=0.144444 status=ok
[0;34m[l4][0m idle-0-q0-plain-r2 offered=0 achieved=0.000 p99=0 host_cgroup=0.000000 host_busy=0.025987 dpu=NA status=ok
[0;34m[l4][0m idle-0-q0-envoy-permissive-r2 offered=0 achieved=0.000 p99=0 host_cgroup=0.006414 host_busy=0.011994 dpu=NA status=ok
[0;34m[l4][0m idle-0-q0-dpumesh-preload-r3 offered=0 achieved=0.000 p99=0 host_cgroup=0.000136 host_busy=0.037983 dpu=0.146296 status=ok
[0;34m[l4][0m idle-0-q0-plain-r3 offered=0 achieved=0.000 p99=0 host_cgroup=0.000000 host_busy=0.027987 dpu=NA status=ok
[0;34m[l4][0m idle-0-q0-envoy-permissive-r3 offered=0 achieved=0.000 p99=0 host_cgroup=0.006439 host_busy=0.019990 dpu=NA status=ok
[0;34m[l4][0m idle-0-q0-envoy-strict-r3 offered=0 achieved=0.000 p99=0 host_cgroup=0.005810 host_busy=0.017991 dpu=NA status=ok
[0;34m[l4][0m collecting open-loop load sweep
[0;34m[l4][0m load-64-q1-envoy-strict-r1 offered=10922 achieved=10922.000 p99=561.00 host_cgroup=0.767906 host_busy=0.721003 dpu=NA status=ok
[0;34m[l4][0m load-64-q1-dpumesh-preload-r1 offered=10922 achieved=10922.000 p99=427.00 host_cgroup=0.327764 host_busy=0.239986 dpu=0.868121 status=ok
[0;34m[l4][0m load-64-q1-plain-r1 offered=10922 achieved=10922.000 p99=280.00 host_cgroup=0.334079 host_busy=0.175104 dpu=NA status=ok
[0;34m[l4][0m load-64-q1-envoy-permissive-r1 offered=10922 achieved=10922.000 p99=504.00 host_cgroup=0.703082 host_busy=0.610812 dpu=NA status=ok
[0;34m[l4][0m load-64-q2-dpumesh-preload-r1 offered=17261 achieved=17261.000 p99=445.00 host_cgroup=0.520470 host_busy=0.416087 dpu=1.308349 status=ok
[0;34m[l4][0m load-64-q2-plain-r1 offered=17261 achieved=17260.000 p99=321.00 host_cgroup=0.487148 host_busy=0.291191 dpu=NA status=ok
[0;34m[l4][0m load-64-q2-envoy-permissive-r1 offered=17261 achieved=17260.000 p99=452.00 host_cgroup=1.026414 host_busy=1.048862 dpu=NA status=ok
[0;34m[l4][0m load-64-q2-envoy-strict-r1 offered=17261 achieved=17260.000 p99=516.00 host_cgroup=1.105478 host_busy=1.092962 dpu=NA status=ok
[0;34m[l4][0m load-64-q3-plain-r1 offered=27277 achieved=27276.000 p99=293.00 host_cgroup=0.697509 host_busy=0.449810 dpu=NA status=ok
[0;34m[l4][0m load-64-q3-envoy-permissive-r1 offered=27277 achieved=27277.000 p99=275.00 host_cgroup=1.494898 host_busy=1.475348 dpu=NA status=ok
[0;34m[l4][0m load-64-q3-envoy-strict-r1 offered=27277 achieved=27276.000 p99=317.00 host_cgroup=1.683100 host_busy=1.664391 dpu=NA status=ok
[0;34m[l4][0m load-64-q3-dpumesh-preload-r1 offered=27277 achieved=27277.000 p99=368.00 host_cgroup=0.679966 host_busy=0.684683 dpu=2.076777 status=ok
[0;34m[l4][0m load-64-q4-envoy-permissive-r1 offered=43105 achieved=43104.000 p99=374.00 host_cgroup=1.950978 host_busy=1.949565 dpu=NA status=ok
[0;34m[l4][0m load-64-q4-envoy-strict-r1 offered=43105 achieved=43105.000 p99=355.00 host_cgroup=1.943472 host_busy=1.948832 dpu=NA status=ok
[0;34m[l4][0m load-64-q4-dpumesh-preload-r1 offered=43105 achieved=43104.000 p99=270.00 host_cgroup=1.124307 host_busy=1.065379 dpu=2.828273 status=ok
[0;34m[l4][0m load-64-q4-plain-r1 offered=43105 achieved=43105.000 p99=142.00 host_cgroup=1.077136 host_busy=0.744863 dpu=NA status=ok
[0;34m[l4][0m load-64-q5-envoy-strict-r1 offered=68119 achieved=68119.000 p99=394.00 host_cgroup=1.828574 host_busy=1.822150 dpu=NA status=ok
[0;34m[l4][0m load-64-q5-dpumesh-preload-r1 offered=68119 achieved=68119.000 p99=242.00 host_cgroup=1.567390 host_busy=1.535088 dpu=3.197917 status=ok
[0;34m[l4][0m load-64-q5-plain-r1 offered=68119 achieved=68119.000 p99=114.00 host_cgroup=1.320419 host_busy=1.422762 dpu=NA status=ok
[0;34m[l4][0m load-64-q5-envoy-permissive-r1 offered=68119 achieved=68118.000 p99=367.00 host_cgroup=1.903314 host_busy=1.900806 dpu=NA status=ok
[0;34m[l4][0m load-64-q6-dpumesh-preload-r1 offered=107647 achieved=107646.000 p99=429.00 host_cgroup=1.777243 host_busy=1.761760 dpu=3.608159 status=ok
[0;34m[l4][0m load-64-q6-plain-r1 offered=107647 achieved=107646.000 p99=124.00 host_cgroup=1.879585 host_busy=1.865493 dpu=NA status=ok
[0;34m[l4][0m load-64-q6-envoy-permissive-r1 offered=107647 achieved=107646.000 p99=328.00 host_cgroup=1.930326 host_busy=1.933318 dpu=NA status=ok
[0;34m[l4][0m load-64-q6-envoy-strict-r1 offered=107647 achieved=107649.000 p99=394.00 host_cgroup=1.906568 host_busy=1.907758 dpu=NA status=ok
[0;34m[l4][0m load-64-q7-plain-r1 offered=170114 achieved=170119.000 p99=143.00 host_cgroup=1.850245 host_busy=1.831836 dpu=NA status=ok
[0;34m[l4][0m load-64-q7-envoy-permissive-r1 offered=170114 achieved=170114.000 p99=382.00 host_cgroup=1.808193 host_busy=1.811608 dpu=NA status=ok
[0;34m[l4][0m load-64-q7-envoy-strict-r1 offered=170114 achieved=170114.000 p99=351.00 host_cgroup=1.932186 host_busy=1.938531 dpu=NA status=ok
[0;34m[l4][0m load-64-q7-dpumesh-preload-r1 offered=170114 achieved=168855.000 p99=143177.00 host_cgroup=1.842934 host_busy=1.808139 dpu=3.724432 status=ok
[0;34m[l4][0m load-64-q8-envoy-permissive-r1 offered=268829 achieved=268827.000 p99=334.00 host_cgroup=1.933649 host_busy=1.936224 dpu=NA status=ok
[0;34m[l4][0m load-64-q8-envoy-strict-r1 offered=268829 achieved=268828.000 p99=412.00 host_cgroup=1.868538 host_busy=1.886101 dpu=NA status=ok
[0;34m[l4][0m load-64-q8-dpumesh-preload-r1 offered=268829 achieved=266038.000 p99=201693.00 host_cgroup=1.916176 host_busy=1.910236 dpu=3.863378 status=ok
[0;34m[l4][0m load-64-q8-plain-r1 offered=268829 achieved=268827.000 p99=161.00 host_cgroup=1.770352 host_busy=1.726774 dpu=NA status=ok
[0;34m[l4][0m load-64-q9-envoy-strict-r1 offered=424828 achieved=424825.000 p99=431.00 host_cgroup=1.862643 host_busy=1.875363 dpu=NA status=ok
[0;34m[l4][0m load-64-q9-dpumesh-preload-r1 offered=424828 achieved=420076.000 p99=279526.00 host_cgroup=1.955565 host_busy=1.956034 dpu=3.960190 status=ok
[0;34m[l4][0m load-64-q9-plain-r1 offered=424828 achieved=424772.000 p99=384.00 host_cgroup=1.803515 host_busy=1.801342 dpu=NA status=ok
[0;34m[l4][0m load-64-q9-envoy-permissive-r1 offered=424828 achieved=424825.000 p99=349.00 host_cgroup=1.892774 host_busy=1.887496 dpu=NA status=ok
[0;34m[l4][0m load-64-q9-dpumesh-preload-r2 offered=424828 achieved=410130.000 p99=355647.00 host_cgroup=1.960424 host_busy=1.961426 dpu=4.109108 status=ok
[0;34m[l4][0m load-64-q9-plain-r2 offered=424828 achieved=424827.000 p99=237.00 host_cgroup=1.821226 host_busy=1.806170 dpu=NA status=ok
