[09:17:32:213761][3881031488][DOCA][WRN][dmesh_core.c:2655][dpumesh_init] DPUmesh DOCA initialized: broker-attached worker=svc:(client) pod_id=0 inbox_ring=1024 K=8 L=8
[bench] ready: pod_id=0 dst_services=echo-dpumesh-native slot=8192
[bench] control LISTEN on :9092
[bench] RUN req=64 reply=8 conc=1 dur=5.0s warmup=1000 threads=1 reconn=0 batch=auto dst_svc=echo-dpumesh-native
[bench] DONE OK mrps=0.006518 gbps=0.0054 req_gbps=0.0042 resp_gbps=0.0013 p50=132.00 p95=301.00 p99=409.00 p999=623.00 p9999=1987.00 avg=153.08 min=65.63 max=3901.00 rcnt=31649 scheduled=32650 pending=1 fail=0 conc=1 threads=1 reqsz=64 repsz=8 reqframe=80 respframe=24 durs=5.000 offered_mrps=0.006518 drops=0 overflow=0 worker_fail=0 mode=closed arr=const reconns=0 reconn_us=0.00 grabs=1 rets=1 recyc=7 waits=0 pads=0 reorder=0 dist=1:32649
[bench] RUN req=8192 reply=8 conc=32 dur=5.0s warmup=1000 threads=1 reconn=0 batch=auto dst_svc=echo-dpumesh-native
[bench] DONE OK mrps=0.101603 gbps=6.6912 req_gbps=6.6716 resp_gbps=0.0195 p50=273.00 p95=536.00 p99=693.00 p999=967.00 p9999=1734.00 avg=306.72 min=68.42 max=2697.28 rcnt=506655 scheduled=507687 pending=32 fail=0 conc=32 threads=1 reqsz=8192 repsz=8 reqframe=8208 respframe=24 durs=5.000 offered_mrps=0.101603 drops=0 overflow=0 worker_fail=0 mode=closed arr=const reconns=0 reconn_us=0.00 grabs=31 rets=31 recyc=8028 waits=0 pads=8029 reorder=0 dist=1:507655
[bench] RUN req=32 reply=8 conc=32 dur=5.0s warmup=1000 threads=8 reconn=0 batch=auto dst_svc=echo-dpumesh-native
[bench] DONE OK mrps=0.619575 gbps=0.3569 req_gbps=0.2379 resp_gbps=0.1190 p50=405.00 p95=652.00 p99=856.00 p999=1226.00 p9999=2941.00 avg=410.03 min=59.09 max=6843.91 rcnt=3087725 scheduled=3095981 pending=256 fail=0 conc=32 threads=8 reqsz=32 repsz=8 reqframe=48 respframe=24 durs=5.000 offered_mrps=0.619575 drops=0 overflow=0 worker_fail=0 mode=closed arr=const reconns=0 reconn_us=0.00 grabs=24 rets=24 recyc=288 waits=0 pads=221 reorder=0 dist=1:3095725
[bench] RUN req=64 reply=8 conc=1 dur=5.0s warmup=1000 threads=1 reconn=0 batch=auto dst_svc=echo-dpumesh-native
[bench] DONE OK mrps=0.006677 gbps=0.0056 req_gbps=0.0043 resp_gbps=0.0013 p50=132.00 p95=275.00 p99=360.00 p999=512.00 p9999=1980.00 avg=149.38 min=63.95 max=3587.12 rcnt=32243 scheduled=33244 pending=1 fail=0 conc=1 threads=1 reqsz=64 repsz=8 reqframe=80 respframe=24 durs=5.000 offered_mrps=0.006677 drops=0 overflow=0 worker_fail=0 mode=closed arr=const reconns=0 reconn_us=0.00 grabs=1 rets=1 recyc=8 waits=0 pads=0 reorder=0 dist=1:33243
[bench] RUN req=8192 reply=8 conc=32 dur=5.0s warmup=1000 threads=1 reconn=0 batch=auto dst_svc=echo-dpumesh-native
[bench] DONE OK mrps=0.102235 gbps=6.7328 req_gbps=6.7132 resp_gbps=0.0196 p50=272.00 p95=546.00 p99=683.00 p999=909.00 p9999=2189.00 avg=305.97 min=51.35 max=4238.09 rcnt=509692 scheduled=510724 pending=32 fail=0 conc=32 threads=1 reqsz=8192 repsz=8 reqframe=8208 respframe=24 durs=5.000 offered_mrps=0.102235 drops=0 overflow=0 worker_fail=0 mode=closed arr=const reconns=0 reconn_us=0.00 grabs=21 rets=21 recyc=8086 waits=0 pads=8086 reorder=0 dist=1:510692
[bench] RUN req=32 reply=8 conc=32 dur=5.0s warmup=1000 threads=8 reconn=0 batch=auto dst_svc=echo-dpumesh-native
[bench] DONE OK mrps=0.616645 gbps=0.3552 req_gbps=0.2368 resp_gbps=0.1184 p50=405.00 p95=670.00 p99=873.00 p999=1270.00 p9999=3046.00 avg=411.82 min=62.67 max=5149.26 rcnt=3074430 scheduled=3082665 pending=235 fail=0 conc=32 threads=8 reqsz=32 repsz=8 reqframe=48 respframe=24 durs=5.000 offered_mrps=0.616645 drops=0 overflow=0 worker_fail=0 mode=closed arr=const reconns=0 reconn_us=0.00 grabs=19 rets=19 recyc=291 waits=0 pads=223 reorder=0 dist=1:3082430
[bench] RUN req=64 reply=8 conc=1 dur=5.0s warmup=1000 threads=1 reconn=0 batch=auto dst_svc=echo-dpumesh-native
[bench] DONE OK mrps=0.005875 gbps=0.0049 req_gbps=0.0038 resp_gbps=0.0011 p50=141.00 p95=318.00 p99=419.00 p999=592.00 p9999=2292.00 avg=169.73 min=68.68 max=3523.42 rcnt=28301 scheduled=29302 pending=1 fail=0 conc=1 threads=1 reqsz=64 repsz=8 reqframe=80 respframe=24 durs=5.000 offered_mrps=0.005875 drops=0 overflow=0 worker_fail=0 mode=closed arr=const reconns=0 reconn_us=0.00 grabs=1 rets=1 recyc=7 waits=0 pads=0 reorder=0 dist=1:29301
[bench] RUN req=8192 reply=8 conc=32 dur=5.0s warmup=1000 threads=1 reconn=0 batch=auto dst_svc=echo-dpumesh-native
[bench] DONE OK mrps=0.096552 gbps=6.3585 req_gbps=6.3400 resp_gbps=0.0185 p50=282.00 p95=580.00 p99=720.00 p999=958.00 p9999=1894.00 avg=317.18 min=74.50 max=3706.52 rcnt=481426 scheduled=482458 pending=32 fail=0 conc=32 threads=1 reqsz=8192 repsz=8 reqframe=8208 respframe=24 durs=5.000 offered_mrps=0.096552 drops=0 overflow=0 worker_fail=0 mode=closed arr=const reconns=0 reconn_us=0.00 grabs=18 rets=18 recyc=7641 waits=0 pads=7642 reorder=0 dist=1:482426
[bench] RUN req=32 reply=8 conc=32 dur=5.0s warmup=1000 threads=8 reconn=0 batch=auto dst_svc=echo-dpumesh-native
[bench] DONE OK mrps=0.619114 gbps=0.3566 req_gbps=0.2377 resp_gbps=0.1189 p50=405.00 p95=657.00 p99=859.00 p999=1388.00 p9999=4207.00 avg=410.51 min=62.95 max=13524.78 rcnt=3087262 scheduled=3095518 pending=256 fail=0 conc=32 threads=8 reqsz=32 repsz=8 reqframe=48 respframe=24 durs=5.000 offered_mrps=0.619114 drops=0 overflow=0 worker_fail=0 mode=closed arr=const reconns=0 reconn_us=0.00 grabs=28 rets=28 recyc=286 waits=0 pads=228 reorder=0 dist=1:3095262
