
=== DPU admin endpoints: 4191 4192 4193 4194 4195 4196 4197 4198

=== output: /home/jukebox/DPUmesh/bench/report/data/f5-surfaces-20260822-004722

=== surfaces — Linkerd features running in a proxy nobody has aimed at them
S0 | OK mrps=0.000558 gbps=0.0047 req_gbps=0.0046 resp_gbps=0.0001 p50=1803.00 p95=1994.00 p99=2088.00 p999=2306.00 p9999=10714.00 avg=1792.72 min=993.65 max=13207.48 rcnt=5648 scheduled=5749 pending=0 fail=0 conc=1 threads=1 channels=1 reqsz=1024 repsz=8 reqframe=1040 respframe=24 durs=10.000 offered_mrps=0.000558 drops=0 overflow=0 worker_fail=0 reorder=0 mode=closed arr=const batch=0 reconns=0 reconn_us=0.00 grabs=0 rets=0 recyc=12 waits=0 pads=0 credit_hold_dropped=0 eq_budget_exhausted=0 dist=NA
    S0 [PASS] no route: expected=serve observed=serve rcnt=5648 fail=0 admitted+=1 denied+=0 route_hits+=0 mismatch+=0

=== S1/S2 — HTTPRoute request timeouts
httproute.gateway.networking.k8s.io/bench-grpc-route created
S1 | OK mrps=0.000555 gbps=0.0047 req_gbps=0.0046 resp_gbps=0.0001 p50=1813.00 p95=1996.00 p99=2087.00 p999=2610.00 p9999=8273.00 avg=1802.64 min=1027.29 max=11204.91 rcnt=5602 scheduled=5703 pending=0 fail=0 conc=1 threads=1 channels=1 reqsz=1024 repsz=8 reqframe=1040 respframe=24 durs=10.000 offered_mrps=0.000555 drops=0 overflow=0 worker_fail=0 reorder=0 mode=closed arr=const batch=0 reconns=0 reconn_us=0.00 grabs=0 rets=0 recyc=12 waits=0 pads=0 credit_hold_dropped=0 eq_budget_exhausted=0 dist=NA
    S1 [PASS] timeout 10s: expected=serve observed=serve rcnt=5602 fail=0 admitted+=1 denied+=0 route_hits+=5702 mismatch+=0
httproute.gateway.networking.k8s.io/bench-grpc-route configured
S2 | OK mrps=0.000558 gbps=0.0048 req_gbps=0.0046 resp_gbps=0.0001 p50=1796.00 p95=1993.00 p99=2076.00 p999=2347.00 p9999=3553.00 avg=1785.16 min=1139.93 max=10937.56 rcnt=5646 scheduled=5757 pending=0 fail=10 conc=1 threads=1 channels=1 reqsz=1024 repsz=8 reqframe=1040 respframe=24 durs=10.000 offered_mrps=0.000558 drops=0 overflow=0 worker_fail=0 reorder=0 mode=closed arr=const batch=0 reconns=0 reconn_us=0.00 grabs=0 rets=0 recyc=12 waits=0 pads=0 credit_hold_dropped=0 eq_budget_exhausted=0 dist=NA
    S2 [PASS] timeout 1ms: expected=refuse observed=refuse rcnt=5646 fail=10 admitted+=1 denied+=0 route_hits+=5756 mismatch+=0
    S2v [PASS] the route timed requests out: REQUEST_TIMEOUT+=10
httproute.gateway.networking.k8s.io "bench-grpc-route" deleted

=== S3 — retries, against a backend that fails on purpose
deployment.apps/echo-grpc-dpumesh env updated
Waiting for deployment "echo-grpc-dpumesh" rollout to finish: 0 out of 1 new replicas have been updated...
Waiting for deployment "echo-grpc-dpumesh" rollout to finish: 1 old replicas are pending termination...
Waiting for deployment "echo-grpc-dpumesh" rollout to finish: 1 old replicas are pending termination...
deployment "echo-grpc-dpumesh" successfully rolled out
httproute.gateway.networking.k8s.io/bench-grpc-route created
S3a | OK mrps=0.000531 gbps=0.0045 req_gbps=0.0044 resp_gbps=0.0001 p50=1781.00 p95=1965.00 p99=2057.00 p999=2631.00 p9999=17816.00 avg=1847.24 min=1054.25 max=397988.55 rcnt=5370 scheduled=5582 pending=0 fail=111 conc=1 threads=1 channels=1 reqsz=1024 repsz=8 reqframe=1040 respframe=24 durs=10.000 offered_mrps=0.000531 drops=0 overflow=0 worker_fail=0 reorder=0 mode=closed arr=const batch=0 reconns=0 reconn_us=0.00 grabs=0 rets=0 recyc=12 waits=0 pads=0 credit_hold_dropped=0 eq_budget_exhausted=0 dist=NA
    S3a [PASS] 1-in-50 failures, no retry policy: expected=refuse observed=refuse rcnt=5370 fail=111 admitted+=1 denied+=0 route_hits+=5581 mismatch+=0
httproute.gateway.networking.k8s.io/bench-grpc-route configured
S3b | OK mrps=0.000544 gbps=0.0046 req_gbps=0.0045 resp_gbps=0.0001 p50=1812.00 p95=1995.00 p99=2087.00 p999=2826.00 p9999=19373.00 avg=1801.88 min=1094.71 max=26787.83 rcnt=5494 scheduled=5709 pending=0 fail=114 conc=1 threads=1 channels=1 reqsz=1024 repsz=8 reqframe=1040 respframe=24 durs=10.000 offered_mrps=0.000544 drops=0 overflow=0 worker_fail=0 reorder=0 mode=closed arr=const batch=0 reconns=0 reconn_us=0.00 grabs=0 rets=0 recyc=12 waits=0 pads=0 credit_hold_dropped=0 eq_budget_exhausted=0 dist=NA
    S3b [FAIL] 1-in-50 failures, retry limit 3: expected=serve observed=refuse rcnt=5494 fail=114 admitted+=1 denied+=0 route_hits+=5708 mismatch+=0
httproute.gateway.networking.k8s.io "bench-grpc-route" deleted
deployment.apps/echo-grpc-dpumesh env updated
Waiting for deployment "echo-grpc-dpumesh" rollout to finish: 0 out of 1 new replicas have been updated...
Waiting for deployment "echo-grpc-dpumesh" rollout to finish: 1 old replicas are pending termination...
Waiting for deployment "echo-grpc-dpumesh" rollout to finish: 1 old replicas are pending termination...
deployment "echo-grpc-dpumesh" successfully rolled out

=== S4/S5 — method matching
httproute.gateway.networking.k8s.io/bench-grpc-route created
S4 | OK mrps=0.000547 gbps=0.0047 req_gbps=0.0046 resp_gbps=0.0001 p50=1730.00 p95=1934.00 p99=2025.00 p999=2458.00 p9999=201054.00 avg=1826.91 min=972.92 max=354179.29 rcnt=5527 scheduled=5628 pending=0 fail=0 conc=1 threads=1 channels=1 reqsz=1024 repsz=8 reqframe=1040 respframe=24 durs=10.000 offered_mrps=0.000547 drops=0 overflow=0 worker_fail=0 reorder=0 mode=closed arr=const batch=0 reconns=0 reconn_us=0.00 grabs=0 rets=0 recyc=12 waits=0 pads=0 credit_hold_dropped=0 eq_budget_exhausted=0 dist=NA
    S4 [PASS] method POST: expected=serve observed=serve rcnt=5527 fail=0 admitted+=1 denied+=0 route_hits+=5627 mismatch+=0
httproute.gateway.networking.k8s.io/bench-grpc-route configured
S5 | OK mrps=0.000000 gbps=0.0000 req_gbps=0.0000 resp_gbps=0.0000 p50=0.00 p95=0.00 p99=0.00 p999=0.00 p9999=0.00 avg=0.00 min=0.00 max=0.00 rcnt=0 scheduled=15141 pending=0 fail=15140 conc=1 threads=1 channels=1 reqsz=1024 repsz=8 reqframe=1040 respframe=24 durs=10.000 offered_mrps=0.000000 drops=0 overflow=0 worker_fail=0 reorder=0 mode=closed arr=const batch=0 reconns=0 reconn_us=0.00 grabs=0 rets=0 recyc=33 waits=0 pads=0 credit_hold_dropped=0 eq_budget_exhausted=0 dist=NA
    S5 [PASS] method GET: expected=refuse observed=refuse rcnt=0 fail=15140 admitted+=1 denied+=0 route_hits+=0 mismatch+=0
httproute.gateway.networking.k8s.io "bench-grpc-route" deleted

=== S6/S7 — header matching
httproute.gateway.networking.k8s.io/bench-grpc-route created
S6 | OK mrps=0.000565 gbps=0.0048 req_gbps=0.0047 resp_gbps=0.0001 p50=1780.00 p95=1955.00 p99=2028.00 p999=2222.00 p9999=3196.00 avg=1769.50 min=890.66 max=6297.55 rcnt=5716 scheduled=5817 pending=0 fail=0 conc=1 threads=1 channels=1 reqsz=1024 repsz=8 reqframe=1040 respframe=24 durs=10.000 offered_mrps=0.000565 drops=0 overflow=0 worker_fail=0 reorder=0 mode=closed arr=const batch=0 reconns=0 reconn_us=0.00 grabs=0 rets=0 recyc=12 waits=0 pads=0 credit_hold_dropped=0 eq_budget_exhausted=0 dist=NA
    S6 [PASS] header content-type: application/grpc: expected=serve observed=serve rcnt=5716 fail=0 admitted+=1 denied+=0 route_hits+=5816 mismatch+=0
httproute.gateway.networking.k8s.io/bench-grpc-route configured
S7 | OK mrps=0.000000 gbps=0.0000 req_gbps=0.0000 resp_gbps=0.0000 p50=0.00 p95=0.00 p99=0.00 p999=0.00 p9999=0.00 avg=0.00 min=0.00 max=0.00 rcnt=0 scheduled=15659 pending=0 fail=15658 conc=1 threads=1 channels=1 reqsz=1024 repsz=8 reqframe=1040 respframe=24 durs=10.000 offered_mrps=0.000000 drops=0 overflow=0 worker_fail=0 reorder=0 mode=closed arr=const batch=0 reconns=0 reconn_us=0.00 grabs=0 rets=0 recyc=34 waits=0 pads=0 credit_hold_dropped=0 eq_budget_exhausted=0 dist=NA
    S7 [PASS] header content-type: application/json: expected=refuse observed=refuse rcnt=0 fail=15658 admitted+=1 denied+=0 route_hits+=0 mismatch+=0
httproute.gateway.networking.k8s.io "bench-grpc-route" deleted

=== S8/S9 — GRPCRoute
grpcroute.gateway.networking.k8s.io/bench-grpc-grpcroute created
S8 | OK mrps=0.000570 gbps=0.0049 req_gbps=0.0047 resp_gbps=0.0001 p50=1762.00 p95=1945.00 p99=2047.00 p999=2969.00 p9999=14489.00 avg=1754.54 min=1068.27 max=15297.56 rcnt=5750 scheduled=5851 pending=0 fail=0 conc=1 threads=1 channels=1 reqsz=1024 repsz=8 reqframe=1040 respframe=24 durs=10.000 offered_mrps=0.000570 drops=0 overflow=0 worker_fail=0 reorder=0 mode=closed arr=const batch=0 reconns=0 reconn_us=0.00 grabs=0 rets=0 recyc=12 waits=0 pads=0 credit_hold_dropped=0 eq_budget_exhausted=0 dist=NA
    S8 [PASS] GRPCRoute on the called method: expected=serve observed=serve rcnt=5750 fail=0 admitted+=1 denied+=0 route_hits+=0 mismatch+=0
grpcroute.gateway.networking.k8s.io/bench-grpc-grpcroute configured
S9 | OK mrps=0.000000 gbps=0.0000 req_gbps=0.0000 resp_gbps=0.0000 p50=0.00 p95=0.00 p99=0.00 p999=0.00 p9999=0.00 avg=0.00 min=0.00 max=0.00 rcnt=0 scheduled=16147 pending=0 fail=16146 conc=1 threads=1 channels=1 reqsz=1024 repsz=8 reqframe=1040 respframe=24 durs=10.000 offered_mrps=0.000000 drops=0 overflow=0 worker_fail=0 reorder=0 mode=closed arr=const batch=0 reconns=0 reconn_us=0.00 grabs=0 rets=0 recyc=35 waits=0 pads=0 credit_hold_dropped=0 eq_budget_exhausted=0 dist=NA
    S9 [PASS] GRPCRoute on another method: expected=refuse observed=refuse rcnt=0 fail=16146 admitted+=1 denied+=0 route_hits+=0 mismatch+=0
grpcroute.gateway.networking.k8s.io "bench-grpc-grpcroute" deleted
deployment.apps/bench-grpc-dpumesh restarted
Waiting for deployment "bench-grpc-dpumesh" rollout to finish: 0 out of 1 new replicas have been updated...
Waiting for deployment "bench-grpc-dpumesh" rollout to finish: 1 old replicas are pending termination...
Waiting for deployment "bench-grpc-dpumesh" rollout to finish: 1 old replicas are pending termination...
deployment "bench-grpc-dpumesh" successfully rolled out

=== S10-S12 — authorization whose subject is a route
    caller identity: default.test-bench.serviceaccount.identity.linkerd.cluster.local
server.policy.linkerd.io/bench-echo-grpc created
S10 | OK mrps=0.000000 gbps=0.0000 req_gbps=0.0000 resp_gbps=0.0000 p50=0.00 p95=0.00 p99=0.00 p999=0.00 p9999=0.00 avg=0.00 min=0.00 max=0.00 rcnt=0 scheduled=503 pending=0 fail=502 conc=1 threads=1 channels=1 reqsz=1024 repsz=8 reqframe=1040 respframe=24 durs=10.000 offered_mrps=0.000000 drops=0 overflow=0 worker_fail=0 reorder=0 mode=closed arr=const batch=0 reconns=0 reconn_us=0.00 grabs=502 rets=501 recyc=0 waits=0 pads=0 credit_hold_dropped=0 eq_budget_exhausted=0 dist=NA
    S10 [PASS] Server on the protocol-aware Service, no authorization: expected=refuse observed=refuse rcnt=0 fail=502 admitted+=-1078 denied+=-6075 route_hits+=-30345 mismatch+=0
httproute.policy.linkerd.io/bench-grpc-inbound-route created
meshtlsauthentication.policy.linkerd.io/bench-route-caller created
authorizationpolicy.policy.linkerd.io/bench-allow-route created
S11 | OK mrps=0.000000 gbps=0.0000 req_gbps=0.0000 resp_gbps=0.0000 p50=0.00 p95=0.00 p99=0.00 p999=0.00 p9999=0.00 avg=0.00 min=0.00 max=0.00 rcnt=0 scheduled=10 pending=0 fail=9 conc=1 threads=1 channels=1 reqsz=1024 repsz=8 reqframe=1040 respframe=24 durs=10.000 offered_mrps=0.000000 drops=0 overflow=0 worker_fail=0 reorder=0 mode=closed arr=const batch=0 reconns=0 reconn_us=0.00 grabs=9 rets=9 recyc=0 waits=0 pads=0 credit_hold_dropped=0 eq_budget_exhausted=0 dist=NA
    S11 [FAIL] AuthorizationPolicy targeting the HTTPRoute: expected=serve observed=refuse rcnt=0 fail=9 admitted+=0 denied+=0 route_hits+=0 mismatch+=0
httproute.policy.linkerd.io/bench-grpc-inbound-route unchanged
meshtlsauthentication.policy.linkerd.io/bench-route-caller configured
authorizationpolicy.policy.linkerd.io/bench-allow-route unchanged
S12 | ERR connect failed on channel 0
    S12 [FAIL] the same policy naming another identity: the client did not answer — no reading
httproute.policy.linkerd.io "bench-grpc-inbound-route" deleted
meshtlsauthentication.policy.linkerd.io "bench-route-caller" deleted
authorizationpolicy.policy.linkerd.io "bench-allow-route" deleted
server.policy.linkerd.io "bench-echo-grpc" deleted

=== S13/S14 — failure accrual
service/echo-grpc-dpumesh annotated
deployment.apps/echo-grpc-broken created
Waiting for deployment "echo-grpc-broken" rollout to finish: 0 out of 1 new replicas have been updated...
Waiting for deployment "echo-grpc-broken" rollout to finish: 0 of 1 updated replicas are available...
deployment "echo-grpc-broken" successfully rolled out
S13 | OK mrps=0.000574 gbps=0.0049 req_gbps=0.0048 resp_gbps=0.0001 p50=1750.00 p95=1945.00 p99=2025.00 p999=2406.00 p9999=3215.00 avg=1740.86 min=879.34 max=19312.44 rcnt=5805 scheduled=5910 pending=0 fail=4 conc=1 threads=1 channels=1 reqsz=1024 repsz=8 reqframe=1040 respframe=24 durs=10.000 offered_mrps=0.000574 drops=0 overflow=0 worker_fail=0 reorder=0 mode=closed arr=const batch=0 reconns=0 reconn_us=0.00 grabs=0 rets=0 recyc=12 waits=0 pads=0 credit_hold_dropped=0 eq_budget_exhausted=0 dist=NA
    S13 [FAIL] a failing endpoint beside a healthy one: expected=serve observed=refuse rcnt=5805 fail=4 admitted+=0 denied+=0 route_hits+=0 mismatch+=0
    S13v ejected: healthy=5906 broken=4
deployment.apps "echo-grpc-broken" deleted
pod/echo-grpc-broken-565f78bd4-9nv5q condition met
S14 | OK mrps=0.000567 gbps=0.0048 req_gbps=0.0047 resp_gbps=0.0001 p50=1771.00 p95=1974.00 p99=2059.00 p999=2189.00 p9999=2754.00 avg=1764.23 min=1176.11 max=2824.55 rcnt=5735 scheduled=5836 pending=0 fail=0 conc=1 threads=1 channels=1 reqsz=1024 repsz=8 reqframe=1040 respframe=24 durs=10.000 offered_mrps=0.000567 drops=0 overflow=0 worker_fail=0 reorder=0 mode=closed arr=const batch=0 reconns=0 reconn_us=0.00 grabs=0 rets=0 recyc=12 waits=0 pads=0 credit_hold_dropped=0 eq_budget_exhausted=0 dist=NA
    S14 [PASS] the failing endpoint withdrawn: expected=serve observed=serve rcnt=5735 fail=0 admitted+=0 denied+=0 route_hits+=0 mismatch+=0
service/echo-grpc-dpumesh annotated

=== S15 — HTTP/1.1 through the protocol-aware path
S15 | OK mrps=0.000681 gbps=0.0000 req_gbps=0.0000 resp_gbps=0.0000 p50=1453.00 p95=1637.00 p99=1720.00 p999=2007.00 p9999=23409.00 avg=1442.53 min=682.57 max=27115.28 rcnt=6931 scheduled=6931 pending=0 fail=0 conc=1 threads=1 reqsz=1024 repsz=8 durs=10.170 worker_fail=0 mode=closed arr=const proto=http1
    S15 [PASS] HTTP/1.1 request-response: expected=serve observed=serve rcnt=6931 fail=0 admitted+=0 denied+=0 route_hits+=0 mismatch+=0

=== stages: 15 pass, 4 fail

=== csv: /home/jukebox/DPUmesh/bench/report/data/f5-surfaces-20260822-004722/stages.csv

=== cleanup
deployment.apps/echo-dpumesh-14 scaled
deployment.apps/echo-grpc-dpumesh scaled
    fixtures removed; replica counts restored
