
=== DPU admin endpoints: 4191 4192 4193 4194 4195 4196 4197 4198

=== output: /home/jukebox/DPUmesh/bench/suite/../report/data/policy-route-20260822-141233

=== surfaces — Linkerd features running in a proxy nobody has aimed at them
S0 | OK mrps=0.000757 gbps=0.0064 req_gbps=0.0063 resp_gbps=0.0001 p50=1315.00 p95=1555.00 p99=1700.00 p999=2007.00 p9999=2623.00 avg=1320.85 min=813.01 max=7618.47 rcnt=7692 scheduled=7793 pending=0 fail=0 conc=1 threads=1 channels=1 reqsz=1024 repsz=8 reqframe=1040 respframe=24 durs=10.000 offered_mrps=0.000757 drops=0 overflow=0 worker_fail=0 reorder=0 mode=closed arr=const batch=0 reconns=0 reconn_us=0.00 grabs=0 rets=0 recyc=17 waits=0 pads=0 credit_hold_dropped=0 eq_budget_exhausted=0 dist=NA
    S0 [PASS] no route: expected=serve observed=serve rcnt=7692 fail=0 admitted+=1 denied+=0 route_hits+=0 mismatch+=0

=== S1/S2 — HTTPRoute request timeouts
httproute.gateway.networking.k8s.io/bench-grpc-route created
S1 | OK mrps=0.000775 gbps=0.0066 req_gbps=0.0064 resp_gbps=0.0001 p50=1283.00 p95=1474.00 p99=1545.00 p999=1689.00 p9999=16989.00 avg=1290.49 min=802.35 max=17214.61 rcnt=7876 scheduled=7977 pending=0 fail=0 conc=1 threads=1 channels=1 reqsz=1024 repsz=8 reqframe=1040 respframe=24 durs=10.000 offered_mrps=0.000775 drops=0 overflow=0 worker_fail=0 reorder=0 mode=closed arr=const batch=0 reconns=0 reconn_us=0.00 grabs=0 rets=0 recyc=17 waits=0 pads=0 credit_hold_dropped=0 eq_budget_exhausted=0 dist=NA
    S1 [PASS] timeout 10s: expected=serve observed=serve rcnt=7876 fail=0 admitted+=1 denied+=0 route_hits+=7977 mismatch+=0
httproute.gateway.networking.k8s.io/bench-grpc-route configured
S2 | OK mrps=0.000773 gbps=0.0066 req_gbps=0.0064 resp_gbps=0.0001 p50=1284.00 p95=1484.00 p99=1546.00 p999=1707.00 p9999=2418.00 avg=1291.88 min=807.20 max=2995.77 rcnt=7859 scheduled=7964 pending=0 fail=4 conc=1 threads=1 channels=1 reqsz=1024 repsz=8 reqframe=1040 respframe=24 durs=10.000 offered_mrps=0.000773 drops=0 overflow=0 worker_fail=0 reorder=0 mode=closed arr=const batch=0 reconns=0 reconn_us=0.00 grabs=0 rets=0 recyc=17 waits=0 pads=0 credit_hold_dropped=0 eq_budget_exhausted=0 dist=NA
    S2 [PASS] timeout 1ms: expected=refuse observed=refuse rcnt=7859 fail=4 admitted+=1 denied+=0 route_hits+=7963 mismatch+=0
    S2v [PASS] the route timed requests out: REQUEST_TIMEOUT+=4
httproute.gateway.networking.k8s.io "bench-grpc-route" deleted

=== S3 — retries, against a backend that fails on purpose
deployment.apps/echo-grpc-dpumesh env updated
Waiting for deployment "echo-grpc-dpumesh" rollout to finish: 0 out of 1 new replicas have been updated...
Waiting for deployment "echo-grpc-dpumesh" rollout to finish: 1 old replicas are pending termination...
Waiting for deployment "echo-grpc-dpumesh" rollout to finish: 1 old replicas are pending termination...
deployment "echo-grpc-dpumesh" successfully rolled out
grpcroute.gateway.networking.k8s.io/bench-grpc-grpcroute created
S3a | OK mrps=0.000631 gbps=0.0054 req_gbps=0.0053 resp_gbps=0.0001 p50=1526.00 p95=1709.00 p99=1780.00 p999=2076.00 p9999=13032.00 avg=1551.24 min=813.80 max=257563.49 rcnt=6401 scheduled=6634 pending=0 fail=132 conc=1 threads=1 channels=1 reqsz=1024 repsz=8 reqframe=1040 respframe=24 durs=10.000 offered_mrps=0.000631 drops=0 overflow=0 worker_fail=0 reorder=0 mode=closed arr=const batch=0 reconns=0 reconn_us=0.00 grabs=0 rets=0 recyc=14 waits=0 pads=0 credit_hold_dropped=0 eq_budget_exhausted=0 dist=NA
    S3a [PASS] 1-in-50 failures; no retry policy: expected=refuse observed=refuse rcnt=6401 fail=132 admitted+=1 denied+=0 route_hits+=0 mismatch+=0
grpcroute.gateway.networking.k8s.io/bench-grpc-grpcroute configured
S3b | OK mrps=0.000423 gbps=0.0036 req_gbps=0.0035 resp_gbps=0.0001 p50=1569.00 p95=1768.00 p99=40979.00 p999=51909.00 p9999=53209.00 avg=2364.05 min=944.68 max=53318.06 rcnt=4244 scheduled=4345 pending=0 fail=0 conc=1 threads=1 channels=1 reqsz=1024 repsz=8 reqframe=1040 respframe=24 durs=10.000 offered_mrps=0.000423 drops=0 overflow=0 worker_fail=0 reorder=0 mode=closed arr=const batch=0 reconns=0 reconn_us=0.00 grabs=0 rets=0 recyc=9 waits=0 pads=0 credit_hold_dropped=0 eq_budget_exhausted=0 dist=NA
    S3b [PASS] 1-in-50 failures; retry limit 3: expected=serve observed=serve rcnt=4244 fail=0 admitted+=1 denied+=0 route_hits+=0 mismatch+=0
    S3v [PASS] the route retried the failures: retry_requests+=89
grpcroute.gateway.networking.k8s.io "bench-grpc-grpcroute" deleted
deployment.apps/echo-grpc-dpumesh env updated
Waiting for deployment "echo-grpc-dpumesh" rollout to finish: 0 out of 1 new replicas have been updated...
Waiting for deployment "echo-grpc-dpumesh" rollout to finish: 1 old replicas are pending termination...
Waiting for deployment "echo-grpc-dpumesh" rollout to finish: 1 old replicas are pending termination...
deployment "echo-grpc-dpumesh" successfully rolled out

=== S4/S5 — method matching
httproute.gateway.networking.k8s.io/bench-grpc-route created
S4 | OK mrps=0.000638 gbps=0.0054 req_gbps=0.0053 resp_gbps=0.0001 p50=1545.00 p95=1705.00 p99=1781.00 p999=2568.00 p9999=59742.00 avg=1566.18 min=812.99 max=200907.41 rcnt=6475 scheduled=6576 pending=0 fail=0 conc=1 threads=1 channels=1 reqsz=1024 repsz=8 reqframe=1040 respframe=24 durs=10.000 offered_mrps=0.000638 drops=0 overflow=0 worker_fail=0 reorder=0 mode=closed arr=const batch=0 reconns=0 reconn_us=0.00 grabs=0 rets=0 recyc=14 waits=0 pads=0 credit_hold_dropped=0 eq_budget_exhausted=0 dist=NA
    S4 [PASS] method POST: expected=serve observed=serve rcnt=6475 fail=0 admitted+=1 denied+=0 route_hits+=6575 mismatch+=0
httproute.gateway.networking.k8s.io/bench-grpc-route configured
S5 | OK mrps=0.000000 gbps=0.0000 req_gbps=0.0000 resp_gbps=0.0000 p50=0.00 p95=0.00 p99=0.00 p999=0.00 p9999=0.00 avg=0.00 min=0.00 max=0.00 rcnt=0 scheduled=24352 pending=0 fail=24351 conc=1 threads=1 channels=1 reqsz=1024 repsz=8 reqframe=1040 respframe=24 durs=10.000 offered_mrps=0.000000 drops=0 overflow=0 worker_fail=0 reorder=0 mode=closed arr=const batch=0 reconns=0 reconn_us=0.00 grabs=0 rets=0 recyc=53 waits=0 pads=0 credit_hold_dropped=0 eq_budget_exhausted=0 dist=NA
    S5 [PASS] method GET: expected=refuse observed=refuse rcnt=0 fail=24351 admitted+=1 denied+=0 route_hits+=0 mismatch+=0
httproute.gateway.networking.k8s.io "bench-grpc-route" deleted

=== S6/S7 — header matching
httproute.gateway.networking.k8s.io/bench-grpc-route created
S6 | OK mrps=0.000654 gbps=0.0056 req_gbps=0.0054 resp_gbps=0.0001 p50=1553.00 p95=1699.00 p99=1765.00 p999=1971.00 p9999=2386.00 avg=1529.91 min=909.04 max=2912.95 rcnt=6626 scheduled=6727 pending=0 fail=0 conc=1 threads=1 channels=1 reqsz=1024 repsz=8 reqframe=1040 respframe=24 durs=10.000 offered_mrps=0.000654 drops=0 overflow=0 worker_fail=0 reorder=0 mode=closed arr=const batch=0 reconns=0 reconn_us=0.00 grabs=0 rets=0 recyc=14 waits=0 pads=0 credit_hold_dropped=0 eq_budget_exhausted=0 dist=NA
    S6 [PASS] header content-type: application/grpc: expected=serve observed=serve rcnt=6626 fail=0 admitted+=1 denied+=0 route_hits+=6726 mismatch+=0
httproute.gateway.networking.k8s.io/bench-grpc-route configured
S7 | OK mrps=0.000000 gbps=0.0000 req_gbps=0.0000 resp_gbps=0.0000 p50=0.00 p95=0.00 p99=0.00 p999=0.00 p9999=0.00 avg=0.00 min=0.00 max=0.00 rcnt=0 scheduled=22795 pending=0 fail=22794 conc=1 threads=1 channels=1 reqsz=1024 repsz=8 reqframe=1040 respframe=24 durs=10.000 offered_mrps=0.000000 drops=0 overflow=0 worker_fail=0 reorder=0 mode=closed arr=const batch=0 reconns=0 reconn_us=0.00 grabs=0 rets=0 recyc=50 waits=0 pads=0 credit_hold_dropped=0 eq_budget_exhausted=0 dist=NA
    S7 [PASS] header content-type: application/json: expected=refuse observed=refuse rcnt=0 fail=22794 admitted+=1 denied+=0 route_hits+=0 mismatch+=0
httproute.gateway.networking.k8s.io "bench-grpc-route" deleted

=== S8/S9 — GRPCRoute
grpcroute.gateway.networking.k8s.io/bench-grpc-grpcroute created
S8 | OK mrps=0.000656 gbps=0.0056 req_gbps=0.0055 resp_gbps=0.0001 p50=1536.00 p95=1710.00 p99=1781.00 p999=1873.00 p9999=14471.00 avg=1523.17 min=836.35 max=17396.43 rcnt=6657 scheduled=6758 pending=0 fail=0 conc=1 threads=1 channels=1 reqsz=1024 repsz=8 reqframe=1040 respframe=24 durs=10.000 offered_mrps=0.000656 drops=0 overflow=0 worker_fail=0 reorder=0 mode=closed arr=const batch=0 reconns=0 reconn_us=0.00 grabs=0 rets=0 recyc=14 waits=0 pads=0 credit_hold_dropped=0 eq_budget_exhausted=0 dist=NA
    S8 [PASS] GRPCRoute on the called method: expected=serve observed=serve rcnt=6657 fail=0 admitted+=1 denied+=0 route_hits+=0 mismatch+=0
grpcroute.gateway.networking.k8s.io/bench-grpc-grpcroute configured
S9 | OK mrps=0.000000 gbps=0.0000 req_gbps=0.0000 resp_gbps=0.0000 p50=0.00 p95=0.00 p99=0.00 p999=0.00 p9999=0.00 avg=0.00 min=0.00 max=0.00 rcnt=0 scheduled=24164 pending=0 fail=24163 conc=1 threads=1 channels=1 reqsz=1024 repsz=8 reqframe=1040 respframe=24 durs=10.000 offered_mrps=0.000000 drops=0 overflow=0 worker_fail=0 reorder=0 mode=closed arr=const batch=0 reconns=0 reconn_us=0.00 grabs=0 rets=0 recyc=53 waits=0 pads=0 credit_hold_dropped=0 eq_budget_exhausted=0 dist=NA
    S9 [PASS] GRPCRoute on another method: expected=refuse observed=refuse rcnt=0 fail=24163 admitted+=1 denied+=0 route_hits+=0 mismatch+=0
grpcroute.gateway.networking.k8s.io "bench-grpc-grpcroute" deleted

=== S10-S12 — authorization whose subject is a route
    caller identity: default.test-bench.serviceaccount.identity.linkerd.cluster.local
server.policy.linkerd.io/bench-echo-grpc created
S10 | OK mrps=0.000000 gbps=0.0000 req_gbps=0.0000 resp_gbps=0.0000 p50=0.00 p95=0.00 p99=0.00 p999=0.00 p9999=0.00 avg=0.00 min=0.00 max=0.00 rcnt=0 scheduled=599 pending=0 fail=598 conc=1 threads=1 channels=1 reqsz=1024 repsz=8 reqframe=1040 respframe=24 durs=10.000 offered_mrps=0.000000 drops=0 overflow=0 worker_fail=0 reorder=0 mode=closed arr=const batch=0 reconns=0 reconn_us=0.00 grabs=513 rets=513 recyc=0 waits=0 pads=0 credit_hold_dropped=0 eq_budget_exhausted=0 dist=NA
    S10 [PASS] Server on the protocol-aware Service; no authorization: expected=refuse observed=refuse rcnt=0 fail=598 admitted+=0 denied+=513 route_hits+=0 mismatch+=0
grpcroute.gateway.networking.k8s.io/bench-grpc-inbound-route created
meshtlsauthentication.policy.linkerd.io/bench-route-caller created
authorizationpolicy.policy.linkerd.io/bench-allow-route created
S11 | OK mrps=0.000649 gbps=0.0055 req_gbps=0.0054 resp_gbps=0.0001 p50=1554.00 p95=1709.00 p99=1782.00 p999=3019.00 p9999=14144.00 avg=1540.20 min=917.08 max=17295.25 rcnt=6587 scheduled=6688 pending=0 fail=0 conc=1 threads=1 channels=1 reqsz=1024 repsz=8 reqframe=1040 respframe=24 durs=10.000 offered_mrps=0.000649 drops=0 overflow=0 worker_fail=0 reorder=0 mode=closed arr=const batch=0 reconns=0 reconn_us=0.00 grabs=0 rets=0 recyc=14 waits=0 pads=0 credit_hold_dropped=0 eq_budget_exhausted=0 dist=NA
    S11 [PASS] AuthorizationPolicy targeting the GRPCRoute: expected=serve observed=serve rcnt=6587 fail=0 admitted+=1 denied+=0 route_hits+=0 mismatch+=0
grpcroute.gateway.networking.k8s.io/bench-grpc-inbound-route unchanged
meshtlsauthentication.policy.linkerd.io/bench-route-caller configured
authorizationpolicy.policy.linkerd.io/bench-allow-route unchanged
S12 | OK mrps=0.000000 gbps=0.0000 req_gbps=0.0000 resp_gbps=0.0000 p50=0.00 p95=0.00 p99=0.00 p999=0.00 p9999=0.00 avg=0.00 min=0.00 max=0.00 rcnt=0 scheduled=602 pending=0 fail=601 conc=1 threads=1 channels=1 reqsz=1024 repsz=8 reqframe=1040 respframe=24 durs=10.000 offered_mrps=0.000000 drops=0 overflow=0 worker_fail=0 reorder=0 mode=closed arr=const batch=0 reconns=0 reconn_us=0.00 grabs=514 rets=514 recyc=0 waits=0 pads=0 credit_hold_dropped=0 eq_budget_exhausted=0 dist=NA
    S12 [PASS] the same policy naming another identity: expected=refuse observed=refuse rcnt=0 fail=601 admitted+=0 denied+=514 route_hits+=0 mismatch+=0
grpcroute.gateway.networking.k8s.io "bench-grpc-inbound-route" deleted
meshtlsauthentication.policy.linkerd.io "bench-route-caller" deleted
authorizationpolicy.policy.linkerd.io "bench-allow-route" deleted
server.policy.linkerd.io "bench-echo-grpc" deleted

=== S13/S14 — failure accrual
service/echo-grpc-dpumesh annotated
deployment.apps/echo-grpc-broken created
Waiting for deployment "echo-grpc-broken" rollout to finish: 0 out of 1 new replicas have been updated...
Waiting for deployment "echo-grpc-broken" rollout to finish: 0 of 1 updated replicas are available...
deployment "echo-grpc-broken" successfully rolled out
S13 | OK mrps=0.000657 gbps=0.0056 req_gbps=0.0055 resp_gbps=0.0001 p50=1536.00 p95=1709.00 p99=1781.00 p999=1896.00 p9999=2636.00 avg=1521.96 min=869.19 max=2805.51 rcnt=6659 scheduled=6763 pending=0 fail=3 conc=1 threads=1 channels=1 reqsz=1024 repsz=8 reqframe=1040 respframe=24 durs=10.000 offered_mrps=0.000657 drops=0 overflow=0 worker_fail=0 reorder=0 mode=closed arr=const batch=0 reconns=0 reconn_us=0.00 grabs=0 rets=0 recyc=14 waits=0 pads=0 credit_hold_dropped=0 eq_budget_exhausted=0 dist=NA
    S13 [PASS] a failing endpoint beside a healthy one: expected=serve observed=serve rcnt=6659 fail=3 admitted+=2 denied+=0 route_hits+=0 mismatch+=0
    S13v ejected: healthy=6760 broken=3
deployment.apps "echo-grpc-broken" deleted
pod/echo-grpc-broken-858b5b4ccc-2zggc condition met
S14 | OK mrps=0.000651 gbps=0.0055 req_gbps=0.0054 resp_gbps=0.0001 p50=1555.00 p95=1719.00 p99=1791.00 p999=2017.00 p9999=2525.00 avg=1534.92 min=809.40 max=6082.31 rcnt=6608 scheduled=6709 pending=0 fail=0 conc=1 threads=1 channels=1 reqsz=1024 repsz=8 reqframe=1040 respframe=24 durs=10.000 offered_mrps=0.000651 drops=0 overflow=0 worker_fail=0 reorder=0 mode=closed arr=const batch=0 reconns=0 reconn_us=0.00 grabs=0 rets=0 recyc=14 waits=0 pads=0 credit_hold_dropped=0 eq_budget_exhausted=0 dist=NA
    S14 [PASS] the failing endpoint withdrawn: expected=serve observed=serve rcnt=6608 fail=0 admitted+=1 denied+=0 route_hits+=0 mismatch+=0
service/echo-grpc-dpumesh annotated

=== S15 — HTTP/1.1 through the protocol-aware path
S15 | OK mrps=0.000660 gbps=0.0000 req_gbps=0.0000 resp_gbps=0.0000 p50=1470.00 p95=1639.00 p99=1730.00 p999=1931.00 p9999=5385.00 avg=1460.61 min=740.54 max=7866.45 rcnt=6845 scheduled=6845 pending=0 fail=0 conc=1 threads=1 reqsz=1024 repsz=8 durs=10.372 worker_fail=0 mode=closed arr=const proto=http1
    S15 [PASS] HTTP/1.1 request-response: expected=serve observed=serve rcnt=6845 fail=0 admitted+=1 denied+=0 route_hits+=0 mismatch+=0

=== stages: 20 pass, 0 fail

=== csv: /home/jukebox/DPUmesh/bench/suite/../report/data/policy-route-20260822-141233/stages.csv

=== cleanup
deployment.apps/echo-dpumesh-14 scaled
deployment.apps/echo-grpc-dpumesh scaled
    fixtures removed; replica counts restored
