
=== DPU admin endpoints: 4191 4192 4193 4194 4195 4196 4197 4198

=== output: /home/jukebox/DPUmesh/bench/report/data/f-surfaces-final-20260822-002530

=== surfaces — Linkerd features running in a proxy nobody has aimed at them
S0 | OK mrps=0.000578 gbps=0.0049 req_gbps=0.0048 resp_gbps=0.0001 p50=1749.00 p95=1946.00 p99=2026.00 p999=2366.00 p9999=2764.00 avg=1731.31 min=909.42 max=3991.88 rcnt=5836 scheduled=5937 pending=0 fail=0 conc=1 threads=1 channels=1 reqsz=1024 repsz=8 reqframe=1040 respframe=24 durs=10.000 offered_mrps=0.000578 drops=0 overflow=0 worker_fail=0 reorder=0 mode=closed arr=const batch=0 reconns=0 reconn_us=0.00 grabs=0 rets=0 recyc=13 waits=0 pads=0 credit_hold_dropped=0 eq_budget_exhausted=0 dist=NA
    S0 [PASS] no route: expected=serve observed=serve rcnt=5836 fail=0 admitted+=1 denied+=0 route_hits+=0 mismatch+=0

=== S1/S2 — HTTPRoute request timeouts
httproute.gateway.networking.k8s.io/bench-grpc-route created
S1 | OK mrps=0.000559 gbps=0.0048 req_gbps=0.0047 resp_gbps=0.0001 p50=1783.00 p95=1974.00 p99=2077.00 p999=3128.00 p9999=13568.00 avg=1788.10 min=1187.38 max=16078.18 rcnt=5639 scheduled=5740 pending=0 fail=0 conc=1 threads=1 channels=1 reqsz=1024 repsz=8 reqframe=1040 respframe=24 durs=10.000 offered_mrps=0.000559 drops=0 overflow=0 worker_fail=0 reorder=0 mode=closed arr=const batch=0 reconns=0 reconn_us=0.00 grabs=0 rets=0 recyc=12 waits=0 pads=0 credit_hold_dropped=0 eq_budget_exhausted=0 dist=NA
    S1 [PASS] timeout 10s: expected=serve observed=serve rcnt=5639 fail=0 admitted+=1 denied+=0 route_hits+=5740 mismatch+=0
httproute.gateway.networking.k8s.io/bench-grpc-route configured
S2 | OK mrps=0.000557 gbps=0.0047 req_gbps=0.0046 resp_gbps=0.0001 p50=1802.00 p95=1986.00 p99=2066.00 p999=2600.00 p9999=3205.00 avg=1791.46 min=1129.23 max=3358.28 rcnt=5631 scheduled=5739 pending=0 fail=7 conc=1 threads=1 channels=1 reqsz=1024 repsz=8 reqframe=1040 respframe=24 durs=10.000 offered_mrps=0.000557 drops=0 overflow=0 worker_fail=0 reorder=0 mode=closed arr=const batch=0 reconns=0 reconn_us=0.00 grabs=0 rets=0 recyc=12 waits=0 pads=0 credit_hold_dropped=0 eq_budget_exhausted=0 dist=NA
    S2 [PASS] timeout 1ms: expected=refuse observed=refuse rcnt=5631 fail=7 admitted+=1 denied+=0 route_hits+=5738 mismatch+=0
    S2v [PASS] the route timed requests out: REQUEST_TIMEOUT+=7
httproute.gateway.networking.k8s.io "bench-grpc-route" deleted

=== S3 — retries, against a backend that fails on purpose
deployment.apps/echo-grpc-dpumesh env updated
Waiting for deployment "echo-grpc-dpumesh" rollout to finish: 0 out of 1 new replicas have been updated...
Waiting for deployment "echo-grpc-dpumesh" rollout to finish: 1 old replicas are pending termination...
Waiting for deployment "echo-grpc-dpumesh" rollout to finish: 1 old replicas are pending termination...
deployment "echo-grpc-dpumesh" successfully rolled out
httproute.gateway.networking.k8s.io/bench-grpc-route created
S3a | OK mrps=0.000540 gbps=0.0046 req_gbps=0.0045 resp_gbps=0.0001 p50=1761.00 p95=1945.00 p99=2056.00 p999=2868.00 p9999=26091.00 avg=1814.60 min=1022.08 max=334424.11 rcnt=5445 scheduled=5659 pending=0 fail=113 conc=1 threads=1 channels=1 reqsz=1024 repsz=8 reqframe=1040 respframe=24 durs=10.000 offered_mrps=0.000540 drops=0 overflow=0 worker_fail=0 reorder=0 mode=closed arr=const batch=0 reconns=0 reconn_us=0.00 grabs=0 rets=0 recyc=12 waits=0 pads=0 credit_hold_dropped=0 eq_budget_exhausted=0 dist=NA
    S3a [PASS] 1-in-50 failures, no retry policy: expected=refuse observed=refuse rcnt=5445 fail=113 admitted+=1 denied+=0 route_hits+=5658 mismatch+=0
httproute.gateway.networking.k8s.io/bench-grpc-route configured
S3b | OK mrps=0.000551 gbps=0.0047 req_gbps=0.0046 resp_gbps=0.0001 p50=1793.00 p95=1978.00 p99=2060.00 p999=2232.00 p9999=3080.00 avg=1778.70 min=1010.62 max=6163.98 rcnt=5562 scheduled=5778 pending=0 fail=115 conc=1 threads=1 channels=1 reqsz=1024 repsz=8 reqframe=1040 respframe=24 durs=10.000 offered_mrps=0.000551 drops=0 overflow=0 worker_fail=0 reorder=0 mode=closed arr=const batch=0 reconns=0 reconn_us=0.00 grabs=0 rets=0 recyc=12 waits=0 pads=0 credit_hold_dropped=0 eq_budget_exhausted=0 dist=NA
    S3b [FAIL] 1-in-50 failures, retry limit 3: expected=serve observed=refuse rcnt=5562 fail=115 admitted+=1 denied+=0 route_hits+=5778 mismatch+=0
httproute.gateway.networking.k8s.io "bench-grpc-route" deleted
deployment.apps/echo-grpc-dpumesh env updated
Waiting for deployment "echo-grpc-dpumesh" rollout to finish: 1 old replicas are pending termination...
Waiting for deployment "echo-grpc-dpumesh" rollout to finish: 1 old replicas are pending termination...
deployment "echo-grpc-dpumesh" successfully rolled out

=== S4/S5 — method matching
httproute.gateway.networking.k8s.io/bench-grpc-route created
S4 | OK mrps=0.000537 gbps=0.0046 req_gbps=0.0045 resp_gbps=0.0001 p50=1793.00 p95=1968.00 p99=2057.00 p999=3122.00 p9999=201244.00 avg=1862.95 min=1177.24 max=204449.03 rcnt=5424 scheduled=5525 pending=0 fail=0 conc=1 threads=1 channels=1 reqsz=1024 repsz=8 reqframe=1040 respframe=24 durs=10.000 offered_mrps=0.000537 drops=0 overflow=0 worker_fail=0 reorder=0 mode=closed arr=const batch=0 reconns=0 reconn_us=0.00 grabs=0 rets=0 recyc=12 waits=0 pads=0 credit_hold_dropped=0 eq_budget_exhausted=0 dist=NA
    S4 [PASS] method POST: expected=serve observed=serve rcnt=5424 fail=0 admitted+=1 denied+=0 route_hits+=5525 mismatch+=0
httproute.gateway.networking.k8s.io/bench-grpc-route configured
S5 | OK mrps=0.000000 gbps=0.0000 req_gbps=0.0000 resp_gbps=0.0000 p50=0.00 p95=0.00 p99=0.00 p999=0.00 p9999=0.00 avg=0.00 min=0.00 max=0.00 rcnt=0 scheduled=15707 pending=0 fail=15706 conc=1 threads=1 channels=1 reqsz=1024 repsz=8 reqframe=1040 respframe=24 durs=10.000 offered_mrps=0.000000 drops=0 overflow=0 worker_fail=0 reorder=0 mode=closed arr=const batch=0 reconns=0 reconn_us=0.00 grabs=0 rets=0 recyc=34 waits=0 pads=0 credit_hold_dropped=0 eq_budget_exhausted=0 dist=NA
    S5 [PASS] method GET: expected=refuse observed=refuse rcnt=0 fail=15706 admitted+=1 denied+=0 route_hits+=0 mismatch+=0
httproute.gateway.networking.k8s.io "bench-grpc-route" deleted

=== S6/S7 — header matching
httproute.gateway.networking.k8s.io/bench-grpc-route created
S6 | OK mrps=0.000568 gbps=0.0048 req_gbps=0.0047 resp_gbps=0.0001 p50=1769.00 p95=1947.00 p99=2038.00 p999=2907.00 p9999=4639.00 avg=1758.65 min=1004.63 max=6102.68 rcnt=5750 scheduled=5851 pending=0 fail=0 conc=1 threads=1 channels=1 reqsz=1024 repsz=8 reqframe=1040 respframe=24 durs=10.000 offered_mrps=0.000568 drops=0 overflow=0 worker_fail=0 reorder=0 mode=closed arr=const batch=0 reconns=0 reconn_us=0.00 grabs=0 rets=0 recyc=12 waits=0 pads=0 credit_hold_dropped=0 eq_budget_exhausted=0 dist=NA
    S6 [PASS] header content-type: application/grpc: expected=serve observed=serve rcnt=5750 fail=0 admitted+=1 denied+=0 route_hits+=5851 mismatch+=0
httproute.gateway.networking.k8s.io/bench-grpc-route configured
S7 | OK mrps=0.000000 gbps=0.0000 req_gbps=0.0000 resp_gbps=0.0000 p50=0.00 p95=0.00 p99=0.00 p999=0.00 p9999=0.00 avg=0.00 min=0.00 max=0.00 rcnt=0 scheduled=14923 pending=0 fail=14922 conc=1 threads=1 channels=1 reqsz=1024 repsz=8 reqframe=1040 respframe=24 durs=10.000 offered_mrps=0.000000 drops=0 overflow=0 worker_fail=0 reorder=0 mode=closed arr=const batch=0 reconns=0 reconn_us=0.00 grabs=0 rets=0 recyc=32 waits=0 pads=0 credit_hold_dropped=0 eq_budget_exhausted=0 dist=NA
    S7 [PASS] header content-type: application/json: expected=refuse observed=refuse rcnt=0 fail=14922 admitted+=1 denied+=0 route_hits+=0 mismatch+=0
httproute.gateway.networking.k8s.io "bench-grpc-route" deleted

=== S8/S9 — GRPCRoute
grpcroute.gateway.networking.k8s.io/bench-grpc-grpcroute created
S8 | OK mrps=0.000564 gbps=0.0048 req_gbps=0.0047 resp_gbps=0.0001 p50=1781.00 p95=1974.00 p99=2057.00 p999=2252.00 p9999=4567.00 avg=1773.24 min=882.78 max=5285.09 rcnt=5688 scheduled=5789 pending=0 fail=0 conc=1 threads=1 channels=1 reqsz=1024 repsz=8 reqframe=1040 respframe=24 durs=10.000 offered_mrps=0.000564 drops=0 overflow=0 worker_fail=0 reorder=0 mode=closed arr=const batch=0 reconns=0 reconn_us=0.00 grabs=0 rets=0 recyc=12 waits=0 pads=0 credit_hold_dropped=0 eq_budget_exhausted=0 dist=NA
    S8 [PASS] GRPCRoute on the called method: expected=serve observed=serve rcnt=5688 fail=0 admitted+=1 denied+=0 route_hits+=0 mismatch+=0
grpcroute.gateway.networking.k8s.io/bench-grpc-grpcroute configured
S9 | OK mrps=0.000000 gbps=0.0000 req_gbps=0.0000 resp_gbps=0.0000 p50=0.00 p95=0.00 p99=0.00 p999=0.00 p9999=0.00 avg=0.00 min=0.00 max=0.00 rcnt=0 scheduled=17436 pending=0 fail=17435 conc=1 threads=1 channels=1 reqsz=1024 repsz=8 reqframe=1040 respframe=24 durs=10.000 offered_mrps=0.000000 drops=0 overflow=0 worker_fail=0 reorder=0 mode=closed arr=const batch=0 reconns=0 reconn_us=0.00 grabs=0 rets=0 recyc=38 waits=0 pads=0 credit_hold_dropped=0 eq_budget_exhausted=0 dist=NA
    S9 [PASS] GRPCRoute on another method: expected=refuse observed=refuse rcnt=0 fail=17435 admitted+=1 denied+=0 route_hits+=0 mismatch+=0
grpcroute.gateway.networking.k8s.io "bench-grpc-grpcroute" deleted
deployment.apps/bench-grpc-dpumesh restarted
Waiting for deployment "bench-grpc-dpumesh" rollout to finish: 0 out of 1 new replicas have been updated...
Waiting for deployment "bench-grpc-dpumesh" rollout to finish: 1 old replicas are pending termination...
Waiting for deployment "bench-grpc-dpumesh" rollout to finish: 1 old replicas are pending termination...
deployment "bench-grpc-dpumesh" successfully rolled out

=== S10-S12 — authorization whose subject is a route
    caller identity: default.test-bench.serviceaccount.identity.linkerd.cluster.local
server.policy.linkerd.io/bench-echo-grpc created
S10 | OK mrps=0.000000 gbps=0.0000 req_gbps=0.0000 resp_gbps=0.0000 p50=0.00 p95=0.00 p99=0.00 p999=0.00 p9999=0.00 avg=0.00 min=0.00 max=0.00 rcnt=0 scheduled=512 pending=0 fail=511 conc=1 threads=1 channels=1 reqsz=1024 repsz=8 reqframe=1040 respframe=24 durs=10.000 offered_mrps=0.000000 drops=0 overflow=0 worker_fail=0 reorder=0 mode=closed arr=const batch=0 reconns=0 reconn_us=0.00 grabs=511 rets=510 recyc=0 waits=0 pads=0 credit_hold_dropped=0 eq_budget_exhausted=0 dist=NA
    S10 [PASS] Server on the protocol-aware Service, no authorization: expected=refuse observed=refuse rcnt=0 fail=511 admitted+=0 denied+=1022 route_hits+=-23334 mismatch+=0
httproute.policy.linkerd.io/bench-grpc-inbound-route created
meshtlsauthentication.policy.linkerd.io/bench-route-caller created
authorizationpolicy.policy.linkerd.io/bench-allow-route created
S11 | OK mrps=0.000000 gbps=0.0000 req_gbps=0.0000 resp_gbps=0.0000 p50=0.00 p95=0.00 p99=0.00 p999=0.00 p9999=0.00 avg=0.00 min=0.00 max=0.00 rcnt=0 scheduled=8 pending=0 fail=7 conc=1 threads=1 channels=1 reqsz=1024 repsz=8 reqframe=1040 respframe=24 durs=10.000 offered_mrps=0.000000 drops=0 overflow=0 worker_fail=0 reorder=0 mode=closed arr=const batch=0 reconns=0 reconn_us=0.00 grabs=7 rets=7 recyc=0 waits=0 pads=0 credit_hold_dropped=0 eq_budget_exhausted=0 dist=NA
    S11 [FAIL] AuthorizationPolicy targeting the HTTPRoute: expected=serve observed=refuse rcnt=0 fail=7 admitted+=0 denied+=14 route_hits+=0 mismatch+=0
httproute.policy.linkerd.io/bench-grpc-inbound-route unchanged
meshtlsauthentication.policy.linkerd.io/bench-route-caller configured
authorizationpolicy.policy.linkerd.io/bench-allow-route unchanged
S12 | OK mrps=0.000000 gbps=0.0000 req_gbps=0.0000 resp_gbps=0.0000 p50=0.00 p95=0.00 p99=0.00 p999=0.00 p9999=0.00 avg=0.00 min=0.00 max=0.00 rcnt=0 scheduled=8 pending=0 fail=7 conc=1 threads=1 channels=1 reqsz=1024 repsz=8 reqframe=1040 respframe=24 durs=10.000 offered_mrps=0.000000 drops=0 overflow=0 worker_fail=0 reorder=0 mode=closed arr=const batch=0 reconns=0 reconn_us=0.00 grabs=7 rets=7 recyc=0 waits=0 pads=0 credit_hold_dropped=0 eq_budget_exhausted=0 dist=NA
    S12 [PASS] the same policy naming another identity: expected=refuse observed=refuse rcnt=0 fail=7 admitted+=0 denied+=14 route_hits+=0 mismatch+=0
httproute.policy.linkerd.io "bench-grpc-inbound-route" deleted
meshtlsauthentication.policy.linkerd.io "bench-route-caller" deleted
authorizationpolicy.policy.linkerd.io "bench-allow-route" deleted
server.policy.linkerd.io "bench-echo-grpc" deleted

=== S13/S14 — failure accrual
service/echo-grpc-dpumesh annotated
The Deployment "echo-grpc-broken" is invalid: 
* spec.template.spec.volumes[1].hostPath.path: Required value
* spec.template.spec.containers[0].volumeMounts[1].name: Not found: "libdpumesh-so"

=== cleanup
deployment.apps/echo-dpumesh-14 scaled
deployment.apps/echo-grpc-dpumesh scaled
    fixtures removed; replica counts restored

=== DPU admin endpoints: 4191 4192 4193 4194 4195 4196 4197 4198

=== output: /home/jukebox/DPUmesh/bench/report/data/f-surfaces-final-20260822-002530

=== surfaces — Linkerd features running in a proxy nobody has aimed at them
S0 | OK mrps=0.000551 gbps=0.0047 req_gbps=0.0046 resp_gbps=0.0001 p50=1812.00 p95=1997.00 p99=2078.00 p999=3462.00 p9999=15451.00 avg=1813.77 min=896.95 max=16949.74 rcnt=5572 scheduled=5673 pending=0 fail=0 conc=1 threads=1 channels=1 reqsz=1024 repsz=8 reqframe=1040 respframe=24 durs=10.000 offered_mrps=0.000551 drops=0 overflow=0 worker_fail=0 reorder=0 mode=closed arr=const batch=0 reconns=0 reconn_us=0.00 grabs=0 rets=0 recyc=12 waits=0 pads=0 credit_hold_dropped=0 eq_budget_exhausted=0 dist=NA
    S0 [PASS] no route: expected=serve observed=serve rcnt=5572 fail=0 admitted+=1 denied+=0 route_hits+=0 mismatch+=0

=== S1/S2 — HTTPRoute request timeouts
httproute.gateway.networking.k8s.io/bench-grpc-route created
S1 | OK mrps=0.000565 gbps=0.0048 req_gbps=0.0047 resp_gbps=0.0001 p50=1782.00 p95=1977.00 p99=2066.00 p999=2254.00 p9999=3685.00 avg=1770.15 min=999.17 max=4198.00 rcnt=5715 scheduled=5816 pending=0 fail=0 conc=1 threads=1 channels=1 reqsz=1024 repsz=8 reqframe=1040 respframe=24 durs=10.000 offered_mrps=0.000565 drops=0 overflow=0 worker_fail=0 reorder=0 mode=closed arr=const batch=0 reconns=0 reconn_us=0.00 grabs=0 rets=0 recyc=12 waits=0 pads=0 credit_hold_dropped=0 eq_budget_exhausted=0 dist=NA
    S1 [PASS] timeout 10s: expected=serve observed=serve rcnt=5715 fail=0 admitted+=1 denied+=0 route_hits+=5815 mismatch+=0
httproute.gateway.networking.k8s.io/bench-grpc-route configured
S2 | OK mrps=0.000561 gbps=0.0048 req_gbps=0.0047 resp_gbps=0.0001 p50=1791.00 p95=1986.00 p99=2069.00 p999=2159.00 p9999=5238.00 avg=1779.29 min=1026.69 max=15689.15 rcnt=5662 scheduled=5767 pending=0 fail=4 conc=1 threads=1 channels=1 reqsz=1024 repsz=8 reqframe=1040 respframe=24 durs=10.000 offered_mrps=0.000561 drops=0 overflow=0 worker_fail=0 reorder=0 mode=closed arr=const batch=0 reconns=0 reconn_us=0.00 grabs=0 rets=0 recyc=12 waits=0 pads=0 credit_hold_dropped=0 eq_budget_exhausted=0 dist=NA
    S2 [PASS] timeout 1ms: expected=refuse observed=refuse rcnt=5662 fail=4 admitted+=1 denied+=0 route_hits+=5767 mismatch+=0
    S2v [PASS] the route timed requests out: REQUEST_TIMEOUT+=4
httproute.gateway.networking.k8s.io "bench-grpc-route" deleted

=== S3 — retries, against a backend that fails on purpose
deployment.apps/echo-grpc-dpumesh env updated
Waiting for deployment "echo-grpc-dpumesh" rollout to finish: 0 out of 1 new replicas have been updated...
Waiting for deployment "echo-grpc-dpumesh" rollout to finish: 1 old replicas are pending termination...
Waiting for deployment "echo-grpc-dpumesh" rollout to finish: 1 old replicas are pending termination...
deployment "echo-grpc-dpumesh" successfully rolled out
httproute.gateway.networking.k8s.io/bench-grpc-route created
S3a | OK mrps=0.000506 gbps=0.0043 req_gbps=0.0042 resp_gbps=0.0001 p50=1833.00 p95=2017.00 p99=2107.00 p999=2562.00 p9999=201213.00 avg=1938.47 min=1003.14 max=374603.39 rcnt=5112 scheduled=5319 pending=0 fail=106 conc=1 threads=1 channels=1 reqsz=1024 repsz=8 reqframe=1040 respframe=24 durs=10.000 offered_mrps=0.000506 drops=0 overflow=0 worker_fail=0 reorder=0 mode=closed arr=const batch=0 reconns=0 reconn_us=0.00 grabs=0 rets=0 recyc=11 waits=0 pads=0 credit_hold_dropped=0 eq_budget_exhausted=0 dist=NA
    S3a [PASS] 1-in-50 failures, no retry policy: expected=refuse observed=refuse rcnt=5112 fail=106 admitted+=1 denied+=0 route_hits+=5318 mismatch+=0
httproute.gateway.networking.k8s.io/bench-grpc-route configured
S3b | OK mrps=0.000533 gbps=0.0045 req_gbps=0.0044 resp_gbps=0.0001 p50=1853.00 p95=2047.00 p99=2129.00 p999=2569.00 p9999=3339.00 avg=1839.27 min=902.49 max=3399.39 rcnt=5385 scheduled=5598 pending=0 fail=112 conc=1 threads=1 channels=1 reqsz=1024 repsz=8 reqframe=1040 respframe=24 durs=10.000 offered_mrps=0.000533 drops=0 overflow=0 worker_fail=0 reorder=0 mode=closed arr=const batch=0 reconns=0 reconn_us=0.00 grabs=0 rets=0 recyc=12 waits=0 pads=0 credit_hold_dropped=0 eq_budget_exhausted=0 dist=NA
    S3b [FAIL] 1-in-50 failures, retry limit 3: expected=serve observed=refuse rcnt=5385 fail=112 admitted+=1 denied+=0 route_hits+=5598 mismatch+=0
httproute.gateway.networking.k8s.io "bench-grpc-route" deleted
deployment.apps/echo-grpc-dpumesh env updated
Waiting for deployment "echo-grpc-dpumesh" rollout to finish: 0 out of 1 new replicas have been updated...
Waiting for deployment "echo-grpc-dpumesh" rollout to finish: 1 old replicas are pending termination...
Waiting for deployment "echo-grpc-dpumesh" rollout to finish: 1 old replicas are pending termination...
deployment "echo-grpc-dpumesh" successfully rolled out

=== S4/S5 — method matching
httproute.gateway.networking.k8s.io/bench-grpc-route created
S4 | OK mrps=0.000556 gbps=0.0047 req_gbps=0.0046 resp_gbps=0.0001 p50=1740.00 p95=1924.00 p99=2016.00 p999=6432.00 p9999=175825.00 avg=1799.64 min=841.98 max=201163.33 rcnt=5621 scheduled=5722 pending=0 fail=0 conc=1 threads=1 channels=1 reqsz=1024 repsz=8 reqframe=1040 respframe=24 durs=10.000 offered_mrps=0.000556 drops=0 overflow=0 worker_fail=0 reorder=0 mode=closed arr=const batch=0 reconns=0 reconn_us=0.00 grabs=0 rets=0 recyc=12 waits=0 pads=0 credit_hold_dropped=0 eq_budget_exhausted=0 dist=NA
    S4 [PASS] method POST: expected=serve observed=serve rcnt=5621 fail=0 admitted+=1 denied+=0 route_hits+=5721 mismatch+=0
httproute.gateway.networking.k8s.io/bench-grpc-route configured
S5 | OK mrps=0.000000 gbps=0.0000 req_gbps=0.0000 resp_gbps=0.0000 p50=0.00 p95=0.00 p99=0.00 p999=0.00 p9999=0.00 avg=0.00 min=0.00 max=0.00 rcnt=0 scheduled=15357 pending=0 fail=15356 conc=1 threads=1 channels=1 reqsz=1024 repsz=8 reqframe=1040 respframe=24 durs=10.000 offered_mrps=0.000000 drops=0 overflow=0 worker_fail=0 reorder=0 mode=closed arr=const batch=0 reconns=0 reconn_us=0.00 grabs=0 rets=0 recyc=33 waits=0 pads=0 credit_hold_dropped=0 eq_budget_exhausted=0 dist=NA
    S5 [PASS] method GET: expected=refuse observed=refuse rcnt=0 fail=15356 admitted+=1 denied+=0 route_hits+=0 mismatch+=0
httproute.gateway.networking.k8s.io "bench-grpc-route" deleted

=== S6/S7 — header matching
httproute.gateway.networking.k8s.io/bench-grpc-route created
S6 | OK mrps=0.000570 gbps=0.0049 req_gbps=0.0047 resp_gbps=0.0001 p50=1770.00 p95=1947.00 p99=2030.00 p999=2387.00 p9999=2815.00 avg=1753.28 min=950.79 max=5148.72 rcnt=5768 scheduled=5869 pending=0 fail=0 conc=1 threads=1 channels=1 reqsz=1024 repsz=8 reqframe=1040 respframe=24 durs=10.000 offered_mrps=0.000570 drops=0 overflow=0 worker_fail=0 reorder=0 mode=closed arr=const batch=0 reconns=0 reconn_us=0.00 grabs=0 rets=0 recyc=12 waits=0 pads=0 credit_hold_dropped=0 eq_budget_exhausted=0 dist=NA
    S6 [PASS] header content-type: application/grpc: expected=serve observed=serve rcnt=5768 fail=0 admitted+=1 denied+=0 route_hits+=5868 mismatch+=0
httproute.gateway.networking.k8s.io/bench-grpc-route configured
S7 | OK mrps=0.000000 gbps=0.0000 req_gbps=0.0000 resp_gbps=0.0000 p50=0.00 p95=0.00 p99=0.00 p999=0.00 p9999=0.00 avg=0.00 min=0.00 max=0.00 rcnt=0 scheduled=16529 pending=0 fail=16528 conc=1 threads=1 channels=1 reqsz=1024 repsz=8 reqframe=1040 respframe=24 durs=10.000 offered_mrps=0.000000 drops=0 overflow=0 worker_fail=0 reorder=0 mode=closed arr=const batch=0 reconns=0 reconn_us=0.00 grabs=0 rets=0 recyc=36 waits=0 pads=0 credit_hold_dropped=0 eq_budget_exhausted=0 dist=NA
    S7 [PASS] header content-type: application/json: expected=refuse observed=refuse rcnt=0 fail=16528 admitted+=1 denied+=0 route_hits+=0 mismatch+=0
httproute.gateway.networking.k8s.io "bench-grpc-route" deleted

=== S8/S9 — GRPCRoute
grpcroute.gateway.networking.k8s.io/bench-grpc-grpcroute created
S8 | OK mrps=0.000563 gbps=0.0048 req_gbps=0.0047 resp_gbps=0.0001 p50=1781.00 p95=1976.00 p99=2068.00 p999=2714.00 p9999=2999.00 avg=1774.63 min=1189.23 max=3020.68 rcnt=5695 scheduled=5796 pending=0 fail=0 conc=1 threads=1 channels=1 reqsz=1024 repsz=8 reqframe=1040 respframe=24 durs=10.000 offered_mrps=0.000563 drops=0 overflow=0 worker_fail=0 reorder=0 mode=closed arr=const batch=0 reconns=0 reconn_us=0.00 grabs=0 rets=0 recyc=12 waits=0 pads=0 credit_hold_dropped=0 eq_budget_exhausted=0 dist=NA
    S8 [PASS] GRPCRoute on the called method: expected=serve observed=serve rcnt=5695 fail=0 admitted+=1 denied+=0 route_hits+=0 mismatch+=0
grpcroute.gateway.networking.k8s.io/bench-grpc-grpcroute configured
S9 | OK mrps=0.000000 gbps=0.0000 req_gbps=0.0000 resp_gbps=0.0000 p50=0.00 p95=0.00 p99=0.00 p999=0.00 p9999=0.00 avg=0.00 min=0.00 max=0.00 rcnt=0 scheduled=15541 pending=0 fail=15540 conc=1 threads=1 channels=1 reqsz=1024 repsz=8 reqframe=1040 respframe=24 durs=10.000 offered_mrps=0.000000 drops=0 overflow=0 worker_fail=0 reorder=0 mode=closed arr=const batch=0 reconns=0 reconn_us=0.00 grabs=0 rets=0 recyc=34 waits=0 pads=0 credit_hold_dropped=0 eq_budget_exhausted=0 dist=NA
    S9 [PASS] GRPCRoute on another method: expected=refuse observed=refuse rcnt=0 fail=15540 admitted+=1 denied+=0 route_hits+=0 mismatch+=0
grpcroute.gateway.networking.k8s.io "bench-grpc-grpcroute" deleted
deployment.apps/bench-grpc-dpumesh restarted
Waiting for deployment "bench-grpc-dpumesh" rollout to finish: 0 out of 1 new replicas have been updated...
Waiting for deployment "bench-grpc-dpumesh" rollout to finish: 1 old replicas are pending termination...
Waiting for deployment "bench-grpc-dpumesh" rollout to finish: 1 old replicas are pending termination...
deployment "bench-grpc-dpumesh" successfully rolled out

=== S10-S12 — authorization whose subject is a route
    caller identity: default.test-bench.serviceaccount.identity.linkerd.cluster.local
server.policy.linkerd.io/bench-echo-grpc created
S10 | OK mrps=0.000000 gbps=0.0000 req_gbps=0.0000 resp_gbps=0.0000 p50=0.00 p95=0.00 p99=0.00 p999=0.00 p9999=0.00 avg=0.00 min=0.00 max=0.00 rcnt=0 scheduled=507 pending=0 fail=506 conc=1 threads=1 channels=1 reqsz=1024 repsz=8 reqframe=1040 respframe=24 durs=10.000 offered_mrps=0.000000 drops=0 overflow=0 worker_fail=0 reorder=0 mode=closed arr=const batch=0 reconns=0 reconn_us=0.00 grabs=506 rets=506 recyc=0 waits=0 pads=0 credit_hold_dropped=0 eq_budget_exhausted=0 dist=NA
    S10 [PASS] Server on the protocol-aware Service, no authorization: expected=refuse observed=refuse rcnt=0 fail=506 admitted+=0 denied+=1012 route_hits+=-30513 mismatch+=0
httproute.policy.linkerd.io/bench-grpc-inbound-route created
meshtlsauthentication.policy.linkerd.io/bench-route-caller created
authorizationpolicy.policy.linkerd.io/bench-allow-route created
S11 | OK mrps=0.000000 gbps=0.0000 req_gbps=0.0000 resp_gbps=0.0000 p50=0.00 p95=0.00 p99=0.00 p999=0.00 p9999=0.00 avg=0.00 min=0.00 max=0.00 rcnt=0 scheduled=7 pending=0 fail=6 conc=1 threads=1 channels=1 reqsz=1024 repsz=8 reqframe=1040 respframe=24 durs=10.000 offered_mrps=0.000000 drops=0 overflow=0 worker_fail=0 reorder=0 mode=closed arr=const batch=0 reconns=0 reconn_us=0.00 grabs=6 rets=6 recyc=0 waits=0 pads=0 credit_hold_dropped=0 eq_budget_exhausted=0 dist=NA
    S11 [FAIL] AuthorizationPolicy targeting the HTTPRoute: expected=serve observed=refuse rcnt=0 fail=6 admitted+=0 denied+=12 route_hits+=0 mismatch+=0
httproute.policy.linkerd.io/bench-grpc-inbound-route unchanged
meshtlsauthentication.policy.linkerd.io/bench-route-caller configured
authorizationpolicy.policy.linkerd.io/bench-allow-route unchanged
S12 | OK mrps=0.000000 gbps=0.0000 req_gbps=0.0000 resp_gbps=0.0000 p50=0.00 p95=0.00 p99=0.00 p999=0.00 p9999=0.00 avg=0.00 min=0.00 max=0.00 rcnt=0 scheduled=8 pending=0 fail=7 conc=1 threads=1 channels=1 reqsz=1024 repsz=8 reqframe=1040 respframe=24 durs=10.000 offered_mrps=0.000000 drops=0 overflow=0 worker_fail=0 reorder=0 mode=closed arr=const batch=0 reconns=0 reconn_us=0.00 grabs=7 rets=7 recyc=0 waits=0 pads=0 credit_hold_dropped=0 eq_budget_exhausted=0 dist=NA
    S12 [PASS] the same policy naming another identity: expected=refuse observed=refuse rcnt=0 fail=7 admitted+=0 denied+=14 route_hits+=0 mismatch+=0
httproute.policy.linkerd.io "bench-grpc-inbound-route" deleted
meshtlsauthentication.policy.linkerd.io "bench-route-caller" deleted
authorizationpolicy.policy.linkerd.io "bench-allow-route" deleted
server.policy.linkerd.io "bench-echo-grpc" deleted

=== S13/S14 — failure accrual
service/echo-grpc-dpumesh annotated
deployment.apps/echo-grpc-broken created
Waiting for deployment "echo-grpc-broken" rollout to finish: 0 out of 1 new replicas have been updated...
Waiting for deployment "echo-grpc-broken" rollout to finish: 0 of 1 updated replicas are available...
deployment "echo-grpc-broken" successfully rolled out
S13 | OK mrps=0.000578 gbps=0.0049 req_gbps=0.0048 resp_gbps=0.0001 p50=1750.00 p95=1965.00 p99=2047.00 p999=2673.00 p9999=3655.00 avg=1728.58 min=845.70 max=3939.68 rcnt=5849 scheduled=5953 pending=0 fail=3 conc=1 threads=1 channels=1 reqsz=1024 repsz=8 reqframe=1040 respframe=24 durs=10.000 offered_mrps=0.000578 drops=0 overflow=0 worker_fail=0 reorder=0 mode=closed arr=const batch=0 reconns=0 reconn_us=0.00 grabs=0 rets=0 recyc=13 waits=0 pads=0 credit_hold_dropped=0 eq_budget_exhausted=0 dist=NA
    S13 [FAIL] a failing endpoint beside a healthy one: expected=serve observed=refuse rcnt=5849 fail=3 admitted+=2 denied+=0 route_hits+=0 mismatch+=0
    S13v ejected: healthy=5950 broken=3
deployment.apps "echo-grpc-broken" deleted
pod/echo-grpc-broken-565f78bd4-s689x condition met
S14 | OK mrps=0.000572 gbps=0.0049 req_gbps=0.0048 resp_gbps=0.0001 p50=1761.00 p95=1955.00 p99=2046.00 p999=2631.00 p9999=3338.00 avg=1748.28 min=1145.11 max=4106.07 rcnt=5786 scheduled=5887 pending=0 fail=0 conc=1 threads=1 channels=1 reqsz=1024 repsz=8 reqframe=1040 respframe=24 durs=10.000 offered_mrps=0.000572 drops=0 overflow=0 worker_fail=0 reorder=0 mode=closed arr=const batch=0 reconns=0 reconn_us=0.00 grabs=0 rets=0 recyc=12 waits=0 pads=0 credit_hold_dropped=0 eq_budget_exhausted=0 dist=NA
    S14 [PASS] the failing endpoint withdrawn: expected=serve observed=serve rcnt=5786 fail=0 admitted+=1 denied+=0 route_hits+=0 mismatch+=0
service/echo-grpc-dpumesh annotated

=== S15 — HTTP/1.1 through the protocol-aware path
S15 | OK mrps=0.000679 gbps=0.0000 req_gbps=0.0000 resp_gbps=0.0000 p50=1453.00 p95=1638.00 p99=1720.00 p999=2049.00 p9999=2600.00 avg=1447.27 min=798.89 max=2956.09 rcnt=6909 scheduled=6909 pending=0 fail=0 conc=1 threads=1 reqsz=1024 repsz=8 durs=10.177 worker_fail=0 mode=closed arr=const proto=http1
    S15 [PASS] HTTP/1.1 request-response: expected=serve observed=serve rcnt=6909 fail=0 admitted+=1 denied+=0 route_hits+=0 mismatch+=0

=== stages: 16 pass, 3 fail

=== csv: /home/jukebox/DPUmesh/bench/report/data/f-surfaces-final-20260822-002530/stages.csv

=== cleanup
deployment.apps/echo-dpumesh-14 scaled
deployment.apps/echo-grpc-dpumesh scaled
    fixtures removed; replica counts restored
