[bench] drain timeout: 1 requests still outstanding
[bench] drain timeout: 1 requests still outstanding
[bench] DONE ERR mrps=0.250861 gbps=32.9451 req_gbps=16.4725 resp_gbps=16.4725 p50=223.00 p95=437.00 p99=618.00 p999=833.00 p9999=1229.00 avg=251.18 min=96.13 max=2437.90 rcnt=1249726 scheduled=1251386 pending=60 fail=2 conc=8 threads=8 reqsz=8192 repsz=8192 reqframe=8208 respframe=8208 durs=5.000 offered_mrps=0.250861 drops=0 overflow=0 worker_fail=2 mode=closed arr=const reconns=0 reconn_us=0.00 grabs=157 rets=157 recyc=19711 waits=0 pads=19718 reorder=0 dist=0:1251326
[bench] RUN req=8192 reply=8192 conc=8 dur=5.0s warmup=200 threads=8 reconn=0 batch=auto dst_svc=echo-dpumesh-native
[bench] drain timeout: 1 requests still outstanding
[bench] drain timeout: 1 requests still outstanding
[bench] drain timeout: 1 requests still outstanding
[bench] DONE ERR mrps=0.252391 gbps=33.1460 req_gbps=16.5730 resp_gbps=16.5730 p50=221.00 p95=429.00 p99=625.00 p999=814.00 p9999=1331.00 avg=248.52 min=98.38 max=2079.79 rcnt=1243960 scheduled=1245624 pending=64 fail=3 conc=8 threads=8 reqsz=8192 repsz=8192 reqframe=8208 respframe=8208 durs=5.000 offered_mrps=0.252391 drops=0 overflow=0 worker_fail=3 mode=closed arr=const reconns=0 reconn_us=0.00 grabs=164 rets=164 recyc=19610 waits=0 pads=19617 reorder=0 dist=0:1245560
[bench] RUN req=8192 reply=8192 conc=8 dur=5.0s warmup=200 threads=8 reconn=0 batch=auto dst_svc=echo-dpumesh-native
[bench] drain timeout: 1 requests still outstanding
[bench] drain timeout: 1 requests still outstanding
[bench] drain timeout: 1 requests still outstanding
[bench] DONE ERR mrps=0.248783 gbps=32.6722 req_gbps=16.3361 resp_gbps=16.3361 p50=223.00 p95=444.00 p99=635.00 p999=831.00 p9999=1087.00 avg=252.16 min=96.60 max=3962.08 rcnt=1239225 scheduled=1240889 pending=64 fail=3 conc=8 threads=8 reqsz=8192 repsz=8192 reqframe=8208 respframe=8208 durs=5.000 offered_mrps=0.248783 drops=0 overflow=0 worker_fail=3 mode=closed arr=const reconns=0 reconn_us=0.00 grabs=157 rets=157 recyc=19544 waits=0 pads=19551 reorder=0 dist=0:1240825
[bench] OPEN req=65536 reply=65536 rate=2000 dur=5.0s warmup=200 threads=8 reconn=0 batch=auto dst_svc=echo-dpumesh-native
[bench] DONE OK mrps=0.001999 gbps=2.0964 req_gbps=1.0482 resp_gbps=1.0482 p50=1625.00 p95=1932.00 p99=2192.00 p999=3663.00 p9999=4246.00 avg=1648.26 min=1249.57 max=5666.95 rcnt=8400 scheduled=10000 pending=0 fail=0 conc=0 threads=8 reqsz=65536 repsz=65536 reqframe=65552 respframe=65552 durs=5.000 offered_mrps=0.002000 drops=0 overflow=0 worker_fail=0 mode=open arr=const reconns=0 reconn_us=0.00 grabs=8 rets=8 recyc=1424 waits=0 pads=0 reorder=0 dist=0:10000
[bench] OPEN req=65536 reply=65536 rate=2000 dur=5.0s warmup=200 threads=8 reconn=0 batch=auto dst_svc=echo-dpumesh-native
[bench] DONE OK mrps=0.001999 gbps=2.0964 req_gbps=1.0482 resp_gbps=1.0482 p50=1710.00 p95=2062.00 p99=2239.00 p999=3719.00 p9999=3885.00 avg=1725.70 min=1249.00 max=3978.26 rcnt=8400 scheduled=10000 pending=0 fail=0 conc=0 threads=8 reqsz=65536 repsz=65536 reqframe=65552 respframe=65552 durs=5.000 offered_mrps=0.002000 drops=0 overflow=0 worker_fail=0 mode=open arr=const reconns=0 reconn_us=0.00 grabs=8 rets=8 recyc=1424 waits=0 pads=0 reorder=0 dist=0:10000
[bench] OPEN req=65536 reply=65536 rate=2000 dur=5.0s warmup=200 threads=8 reconn=0 batch=auto dst_svc=echo-dpumesh-native
[bench] DONE OK mrps=0.001999 gbps=2.0964 req_gbps=1.0482 resp_gbps=1.0482 p50=1530.00 p95=1791.00 p99=2102.00 p999=4793.00 p9999=5226.00 avg=1561.42 min=1235.29 max=7651.20 rcnt=8400 scheduled=10000 pending=0 fail=0 conc=0 threads=8 reqsz=65536 repsz=65536 reqframe=65552 respframe=65552 durs=5.000 offered_mrps=0.002000 drops=0 overflow=0 worker_fail=0 mode=open arr=const reconns=0 reconn_us=0.00 grabs=8 rets=8 recyc=1424 waits=0 pads=0 reorder=0 dist=0:10000
[bench] RUN req=65536 reply=65536 conc=8 dur=5.0s warmup=200 threads=8 reconn=0 batch=auto dst_svc=echo-dpumesh-native
[bench] DONE OK mrps=0.069123 gbps=72.4984 req_gbps=36.2492 resp_gbps=36.2492 p50=899.00 p95=1204.00 p99=1362.00 p999=1568.00 p9999=1886.00 avg=917.49 min=276.06 max=6118.60 rcnt=343192 scheduled=344853 pending=61 fail=0 conc=8 threads=8 reqsz=65536 repsz=65536 reqframe=65552 respframe=65552 durs=5.000 offered_mrps=0.069123 drops=0 overflow=0 worker_fail=0 mode=closed arr=const reconns=0 reconn_us=0.00 grabs=1372 rets=1372 recyc=47895 waits=0 pads=47715 reorder=0 dist=0:344792
[bench] RUN req=65536 reply=65536 conc=8 dur=5.0s warmup=200 threads=8 reconn=0 batch=auto dst_svc=echo-dpumesh-native
[bench] drain timeout: 1 requests still outstanding
[bench] drain timeout: 1 requests still outstanding
[bench] drain timeout: 1 requests still outstanding
[bench] DONE ERR mrps=0.069014 gbps=72.3838 req_gbps=36.1919 resp_gbps=36.1919 p50=899.00 p95=1215.00 p99=1374.00 p999=1594.00 p9999=2595.00 avg=919.41 min=303.71 max=5334.18 rcnt=342677 scheduled=344341 pending=64 fail=3 conc=8 threads=8 reqsz=65536 repsz=65536 reqframe=65552 respframe=65552 durs=5.000 offered_mrps=0.069014 drops=0 overflow=0 worker_fail=3 mode=closed arr=const reconns=0 reconn_us=0.00 grabs=937 rets=937 recyc=48259 waits=0 pads=48139 reorder=0 dist=0:344277
[bench] RUN req=65536 reply=65536 conc=8 dur=5.0s warmup=200 threads=8 reconn=0 batch=auto dst_svc=echo-dpumesh-native
[bench] drain timeout: 1 requests still outstanding
[bench] drain timeout: 1 requests still outstanding
[bench] DONE ERR mrps=0.068277 gbps=71.6115 req_gbps=35.8058 resp_gbps=35.8058 p50=909.00 p95=1221.00 p99=1390.00 p999=2007.00 p9999=4908.00 avg=929.77 min=347.36 max=7103.75 rcnt=339046 scheduled=340710 pending=64 fail=2 conc=8 threads=8 reqsz=65536 repsz=65536 reqframe=65552 respframe=65552 durs=5.000 offered_mrps=0.068277 drops=0 overflow=0 worker_fail=2 mode=closed arr=const reconns=0 reconn_us=0.00 grabs=1072 rets=1072 recyc=47605 waits=0 pads=47487 reorder=0 dist=0:340646
