->rgb(213,39,9)
BIO_clear_retry_flags->rgb(232,123,164)
BIO_get_data->rgb(232,123,164)
BIO_read->rgb(232,123,164)
BIO_set_retry_read->rgb(232,123,164)
BIO_should_read->rgb(232,123,164)
BIO_write->rgb(232,123,164)
CBS_data->rgb(232,123,164)
CBS_get_bytes->rgb(232,123,164)
CBS_get_u16->rgb(232,123,164)
CBS_get_u8->rgb(232,123,164)
CBS_len->rgb(232,123,164)
CRYPTO_gcm128_decrypt_ctr32->rgb(232,123,164)
CRYPTO_gcm128_encrypt_ctr32->rgb(232,123,164)
CRYPTO_gcm128_finish->rgb(232,123,164)
CRYPTO_gcm128_setiv->rgb(232,123,164)
CRYPTO_get_thread_local->rgb(232,123,164)
CRYPTO_memcmp->rgb(232,123,164)
ERR_clear_error->rgb(232,123,164)
ERR_clear_system_error->rgb(232,123,164)
ERR_peek_error->rgb(232,123,164)
EVP_AEAD_CTX_aead->rgb(232,123,164)
EVP_AEAD_CTX_open->rgb(232,123,164)
EVP_AEAD_CTX_seal_scatter->rgb(232,123,164)
EVP_AEAD_CTX_tag_len->rgb(232,123,164)
EVP_AEAD_max_overhead->rgb(232,123,164)
Envoy::Api::IoError::reusedStatic(Envoy::Api::IoError*)::{lambda(Envoy::Api::IoError*)#1}::__invoke->rgb(232,123,164)
Envoy::Api::OsSysCallsImpl::getifaddrs->rgb(232,123,164)
Envoy::Api::OsSysCallsImpl::readv->rgb(232,123,164)
Envoy::Api::OsSysCallsImpl::recv->rgb(232,123,164)
Envoy::Api::OsSysCallsImpl::send->rgb(232,123,164)
Envoy::Api::OsSysCallsImpl::writev->rgb(232,123,164)
Envoy::Buffer::OverflowDetectingUInt64::operator+=->rgb(232,123,164)
Envoy::Buffer::OverflowDetectingUInt64::operator-=->rgb(232,123,164)
Envoy::Buffer::OwnedImpl::OwnedImplReservationSlicesOwnerMultiple::ownedStorages->rgb(232,123,164)
Envoy::Buffer::OwnedImpl::OwnedImplReservationSlicesOwnerMultiple::~OwnedImplReservationSlicesOwnerMultiple->rgb(232,123,164)
Envoy::Buffer::OwnedImpl::coalesceOrAddSlice->rgb(232,123,164)
Envoy::Buffer::OwnedImpl::commit->rgb(232,123,164)
Envoy::Buffer::OwnedImpl::drain->rgb(232,123,164)
Envoy::Buffer::OwnedImpl::drainImpl->rgb(232,123,164)
Envoy::Buffer::OwnedImpl::getRawSlices->rgb(232,123,164)
Envoy::Buffer::OwnedImpl::length->rgb(232,123,164)
Envoy::Buffer::OwnedImpl::linearize->rgb(232,123,164)
Envoy::Buffer::OwnedImpl::move->rgb(232,123,164)
Envoy::Buffer::OwnedImpl::reserveWithMaxLength->rgb(232,123,164)
Envoy::Buffer::Reservation::commit->rgb(232,123,164)
Envoy::Buffer::Slice::Slice->rgb(232,123,164)
Envoy::Buffer::Slice::callAndClearDrainTrackersAndCharges->rgb(232,123,164)
Envoy::Buffer::Slice::operator=->rgb(232,123,164)
Envoy::Buffer::Slice::~Slice->rgb(232,123,164)
Envoy::Buffer::SliceDeque::growRing->rgb(232,123,164)
Envoy::Buffer::WatermarkBuffer::checkHighAndOverflowWatermarks->rgb(232,123,164)
Envoy::Buffer::WatermarkBuffer::checkLowWatermark->rgb(232,123,164)
Envoy::Buffer::WatermarkBuffer::commit->rgb(232,123,164)
Envoy::Buffer::WatermarkBuffer::drain->rgb(232,123,164)
Envoy::Buffer::WatermarkBuffer::move->rgb(232,123,164)
Envoy::Buffer::WatermarkBuffer::postProcess->rgb(232,123,164)
Envoy::Buffer::WatermarkBuffer::reserveForRead->rgb(232,123,164)
Envoy::Event::DispatcherImpl::popTrackedObject->rgb(232,123,164)
Envoy::Event::DispatcherImpl::post->rgb(232,123,164)
Envoy::Event::DispatcherImpl::runPostCallbacks->rgb(232,123,164)
Envoy::Event::DispatcherImpl::updateApproximateMonotonicTime->rgb(232,123,164)
Envoy::Event::FileEventImpl::activate->rgb(232,123,164)
Envoy::Event::FileEventImpl::assignEvents(unsigned int, event_base*)::$_1::__invoke->rgb(232,123,164)
Envoy::Event::FileEventImpl::setEnabled->rgb(232,123,164)
Envoy::Event::LibeventScheduler::onPrepareForCallback->rgb(232,123,164)
Envoy::Event::RealTimeSystem::monotonicTime->rgb(232,123,164)
Envoy::Event::SchedulableCallbackImpl::SchedulableCallbackImpl(Envoy::CSmartPtr<event_base, &event_base_free>&, std::__1::function<void->rgb(232,123,164)
Envoy::Event::SchedulableCallbackImpl::cancel->rgb(232,123,164)
Envoy::Event::SchedulableCallbackImpl::enabled->rgb(232,123,164)
Envoy::Event::SchedulableCallbackImpl::scheduleCallbackNextIteration->rgb(232,123,164)
Envoy::Event::TimerImpl::TimerImpl(Envoy::CSmartPtr<event_base, &event_base_free>&, std::__1::function<void->rgb(232,123,164)
Envoy::Event::TimerImpl::enableTimer->rgb(232,123,164)
Envoy::Event::TimerUtils::durationToTimeval<std::__1::chrono::duration<long long, std::__1::ratio<1l, 1000l> > >->rgb(232,123,164)
Envoy::Extensions::TransportSockets::Tls::(anonymous namespace)::io_handle_read->rgb(232,123,164)
Envoy::Extensions::TransportSockets::Tls::(anonymous namespace)::io_handle_write->rgb(232,123,164)
Envoy::Extensions::TransportSockets::Tls::ContextManagerImpl::daysUntilFirstCertExpires->rgb(232,123,164)
Envoy::Extensions::TransportSockets::Tls::SslHandshakerImpl::ssl->rgb(232,123,164)
Envoy::Extensions::TransportSockets::Tls::SslSocket::doRead->rgb(232,123,164)
Envoy::Extensions::TransportSockets::Tls::SslSocket::doWrite->rgb(232,123,164)
Envoy::Extensions::TransportSockets::Tls::SslSocket::sslReadIntoSlice->rgb(232,123,164)
Envoy::Network::ConnectionImpl::getReadBuffer->rgb(232,123,164)
Envoy::Network::ConnectionImpl::onFileEvent->rgb(232,123,164)
Envoy::Network::ConnectionImpl::onReadReady->rgb(232,123,164)
Envoy::Network::ConnectionImpl::onWriteReady->rgb(232,123,164)
Envoy::Network::ConnectionImpl::write->rgb(232,123,164)
Envoy::Network::FilterManagerImpl::ActiveReadFilter::connection->rgb(232,123,164)
Envoy::Network::FilterManagerImpl::onContinueReading->rgb(232,123,164)
Envoy::Network::FilterManagerImpl::onRead->rgb(232,123,164)
Envoy::Network::FilterManagerImpl::onWrite->rgb(232,123,164)
Envoy::Network::IoSocketError::getErrorCode->rgb(232,123,164)
Envoy::Network::IoSocketError::getIoSocketEagainError->rgb(232,123,164)
Envoy::Network::IoSocketHandleBaseImpl::isOpen->rgb(232,123,164)
Envoy::Network::IoSocketHandleImpl::activateFileEvents->rgb(232,123,164)
Envoy::Network::IoSocketHandleImpl::read->rgb(232,123,164)
Envoy::Network::IoSocketHandleImpl::readv->rgb(232,123,164)
Envoy::Network::IoSocketHandleImpl::sysCallResultToIoCallResult<long>->rgb(232,123,164)
Envoy::Network::IoSocketHandleImpl::write->rgb(232,123,164)
Envoy::Network::IoSocketHandleImpl::writev->rgb(232,123,164)
Envoy::Network::RawBufferSocket::doRead->rgb(232,123,164)
Envoy::Network::RawBufferSocket::doWrite->rgb(232,123,164)
Envoy::Network::SocketImpl::ioHandle->rgb(232,123,164)
Envoy::Network::SocketImpl::isOpen->rgb(232,123,164)
Envoy::ScopeTrackerScopeState::ScopeTrackerScopeState->rgb(232,123,164)
Envoy::Server::GuardDogImpl::step->rgb(232,123,164)
Envoy::Server::InstanceBase::run->rgb(232,123,164)
Envoy::Server::WatchDogImpl::touch->rgb(232,123,164)
Envoy::Server::WorkerImpl::threadRoutine->rgb(232,123,164)
Envoy::Stats::AllocatorImpl::forEachCounter->rgb(232,123,164)
Envoy::Stats::CounterImpl::add->rgb(232,123,164)
Envoy::Stats::GaugeImpl::add->rgb(232,123,164)
Envoy::Stats::GaugeImpl::sub->rgb(232,123,164)
Envoy::Stats::ParentHistogramImpl::merge->rgb(232,123,164)
Envoy::Stats::StatsSharedImpl<Envoy::Stats::Counter>::incRefCount->rgb(232,123,164)
Envoy::StreamInfo::StreamInfoImpl::addBytesReceived->rgb(232,123,164)
Envoy::StreamInfo::StreamInfoImpl::addBytesSent->rgb(232,123,164)
Envoy::StreamInfo::StreamInfoImpl::getDownstreamBytesMeter->rgb(232,123,164)
Envoy::StreamInfo::StreamInfoImpl::getUpstreamBytesMeter->rgb(232,123,164)
Envoy::Tcp::ActiveTcpClient::ConnReadFilter::onData->rgb(232,123,164)
Envoy::Tcp::ActiveTcpClient::TcpConnectionData::connection->rgb(232,123,164)
Envoy::TcpProxy::Filter::UpstreamCallbacks::onUpstreamData->rgb(232,123,164)
Envoy::TcpProxy::Filter::onData->rgb(232,123,164)
Envoy::TcpProxy::Filter::onUpstreamData->rgb(232,123,164)
Envoy::TcpProxy::TcpUpstream::encodeData->rgb(232,123,164)
Envoy::Thread::MutexBasicLockable::lock->rgb(232,123,164)
Envoy::Thread::PosixThreadFactoryImpl::createThread(std::__1::function<void->rgb(232,123,164)
Envoy::ThreadLocal::InstanceImpl::runOnAllThreads(std::__1::function<void->rgb(232,123,164)
Envoy::Upstream::HostDescriptionImpl::HostDescriptionImpl->rgb(232,123,164)
Envoy::Upstream::HostDescriptionImplBase::HostDescriptionImplBase->rgb(232,123,164)
Envoy::Upstream::HostImpl::HostImpl->rgb(232,123,164)
PageHuge_[k]->rgb(154,151,141)
SSL_get_error->rgb(232,123,164)
SSL_in_early_data->rgb(232,123,164)
SSL_in_init->rgb(232,123,164)
SSL_is_dtls->rgb(232,123,164)
SSL_max_seal_overhead->rgb(232,123,164)
SSL_read->rgb(232,123,164)
SSL_write->rgb(232,123,164)
TCMallocInternalDeleteArrayAlignedNothrow->rgb(232,123,164)
TCMallocInternalDeleteArraySized->rgb(232,123,164)
TCMallocInternalMalloc->rgb(232,123,164)
TCMallocInternalNewArray->rgb(232,123,164)
TLS init function for Envoy::Buffer::OwnedImpl::OwnedImplReservationSlicesOwnerMultiple::free_list_->rgb(232,123,164)
UnwindImpl<false, false>->rgb(232,123,164)
[[vdso]]->rgb(74,58,167)
[bench_dpumesh]->rgb(42,120,214)
[bench_sock]->rgb(42,120,214)
[echo_dpumesh]->rgb(42,120,214)
[echo_sock]->rgb(42,120,214)
[envoy]->rgb(232,123,164)
[libc.so.6]->rgb(74,58,167)
[libdmesh_preload.so]->rgb(27,175,122)
[libdoca_comch.so.3.1.0105]->rgb(0,131,0)
[libdoca_common.so.3.1.0105]->rgb(0,131,0)
[libdpumesh.so.4]->rgb(27,175,122)
[libmlx5.so.1.25.58.0]->rgb(0,131,0)
[unknown]->rgb(201,198,189)
[unknown]_[k]->rgb(154,151,141)
_IO_file_close_it->rgb(74,58,167)
_IO_file_fopen@@GLIBC_2.2.5->rgb(74,58,167)
_IO_file_open->rgb(74,58,167)
_IO_file_write@@GLIBC_2.2.5->rgb(74,58,167)
_IO_file_xsputn@@GLIBC_2.2.5->rgb(74,58,167)
__GI___futex_abstimed_wait_cancelable64->rgb(74,58,167)
__GI___libc_open->rgb(74,58,167)
__GI___libc_write->rgb(74,58,167)
__GI___lll_lock_wait->rgb(74,58,167)
__GI___lll_lock_wake->rgb(74,58,167)
__GI___pthread_disable_asynccancel->rgb(74,58,167)
__GI___pthread_enable_asynccancel->rgb(74,58,167)
__GI___pthread_mutex_unlock_usercnt->rgb(74,58,167)
____fput_[k]->rgb(154,151,141)
___slab_alloc_[k]->rgb(154,151,141)
__alloc_file_[k]->rgb(154,151,141)
__alloc_pages_[k]->rgb(154,151,141)
__alloc_skb_[k]->rgb(154,151,141)
__br_forward_[k]->rgb(154,151,141)
__build_skb_around_[k]->rgb(154,151,141)
__calc_delta_[k]->rgb(154,151,141)
__cgroup_account_cputime_[k]->rgb(154,151,141)
__cgroup_account_cputime_field_[k]->rgb(154,151,141)
__cgroup_bpf_run_filter_skb_[k]->rgb(154,151,141)
__cgroup_throttle_swaprate_[k]->rgb(154,151,141)
__check_heap_object_[k]->rgb(154,151,141)
__check_object_size.part.0_[k]->rgb(154,151,141)
__check_object_size_[k]->rgb(154,151,141)
__close->rgb(74,58,167)
__close_nocancel->rgb(74,58,167)
__common_interrupt_[k]->rgb(154,151,141)
__cond_resched_[k]->rgb(154,151,141)
__condvar_cancel_waiting->rgb(74,58,167)
__copy_skb_header_[k]->rgb(154,151,141)
__ctype_tolower_loc->rgb(74,58,167)
__d_lookup_rcu_[k]->rgb(154,151,141)
__dentry_kill_[k]->rgb(154,151,141)
__dev_forward_skb2_[k]->rgb(154,151,141)
__dev_forward_skb_[k]->rgb(154,151,141)
__dev_queue_xmit_[k]->rgb(154,151,141)
__ep_eventpoll_poll.isra.0_[k]->rgb(154,151,141)
__errno_location->rgb(74,58,167)
__fdget_[k]->rgb(154,151,141)
__fdget_pos_[k]->rgb(154,151,141)
__fget_files_[k]->rgb(154,151,141)
__fget_light_[k]->rgb(154,151,141)
__fib_validate_source_[k]->rgb(154,151,141)
__fput_[k]->rgb(154,151,141)
__free_one_page_[k]->rgb(154,151,141)
__get_user_8_[k]->rgb(154,151,141)
__get_user_nocheck_4_[k]->rgb(154,151,141)
__getpagesize->rgb(74,58,167)
__handle_irq_event_percpu_[k]->rgb(154,151,141)
__handle_mm_fault_[k]->rgb(154,151,141)
__hrtimer_init_[k]->rgb(154,151,141)
__hrtimer_next_event_base_[k]->rgb(154,151,141)
__hrtimer_run_queues_[k]->rgb(154,151,141)
__hrtimer_start_range_ns_[k]->rgb(154,151,141)
__import_iovec_[k]->rgb(154,151,141)
__inet_lookup_established_[k]->rgb(154,151,141)
__ip_finish_output_[k]->rgb(154,151,141)
__ip_local_out_[k]->rgb(154,151,141)
__ip_queue_xmit_[k]->rgb(154,151,141)
__irqentry_text_end_[k]->rgb(154,151,141)
__irqentry_text_start_[k]->rgb(154,151,141)
__kfree_skb_[k]->rgb(154,151,141)
__kmalloc_node_track_caller_[k]->rgb(154,151,141)
__ksize_[k]->rgb(154,151,141)
__kthread_should_park_[k]->rgb(154,151,141)
__libc_calloc->rgb(74,58,167)
__libc_start_call_main->rgb(74,58,167)
__libc_start_main@@GLIBC_2.34->rgb(74,58,167)
__local_bh_enable_ip_[k]->rgb(154,151,141)
__lock_text_start_[k]->rgb(154,151,141)
__mem_cgroup_flush_stats_[k]->rgb(154,151,141)
__memmove_avx512_unaligned_erms->rgb(74,58,167)
__memset_avx512_unaligned_erms->rgb(74,58,167)
__mkroute_input_[k]->rgb(154,151,141)
__mod_memcg_lruvec_state_[k]->rgb(154,151,141)
__mod_timer_[k]->rgb(154,151,141)
__mod_zone_page_state_[k]->rgb(154,151,141)
__msecs_to_jiffies_[k]->rgb(154,151,141)
__nanosleep->rgb(74,58,167)
__napi_poll_[k]->rgb(154,151,141)
__netif_receive_skb_[k]->rgb(154,151,141)
__netif_receive_skb_core.constprop.0_[k]->rgb(154,151,141)
__netif_receive_skb_one_core_[k]->rgb(154,151,141)
__netlink_dump_start_[k]->rgb(154,151,141)
__next_timer_interrupt_[k]->rgb(154,151,141)
__next_zones_zonelist_[k]->rgb(154,151,141)
__nf_conntrack_eventmask_report_[k]->rgb(154,151,141)
__nf_conntrack_find_get_[k]->rgb(154,151,141)
__nf_ct_refresh_acct_[k]->rgb(154,151,141)
__pagevec_lru_add_[k]->rgb(154,151,141)
__perf_event_task_sched_in_[k]->rgb(154,151,141)
__perf_event_task_sched_out_[k]->rgb(154,151,141)
__pm_relax_[k]->rgb(154,151,141)
__poll->rgb(74,58,167)
__pollwait_[k]->rgb(154,151,141)
__pthread_mutex_cond_lock->rgb(74,58,167)
__put_page_[k]->rgb(154,151,141)
__put_user_8_[k]->rgb(154,151,141)
__put_user_nocheck_4_[k]->rgb(154,151,141)
__put_user_nocheck_8_[k]->rgb(154,151,141)
__queue_work_[k]->rgb(154,151,141)
__radix_tree_lookup_[k]->rgb(154,151,141)
__raise_softirq_irqoff_[k]->rgb(154,151,141)
__rdgsbase_inactive_[k]->rgb(154,151,141)
__release_sock_[k]->rgb(154,151,141)
__remove_hrtimer_[k]->rgb(154,151,141)
__rseq_handle_notify_resume_[k]->rgb(154,151,141)
__run_timers.part.0_[k]->rgb(154,151,141)
__sched_yield->rgb(74,58,167)
__schedule_[k]->rgb(154,151,141)
__send->rgb(74,58,167)
__siphash_unaligned_[k]->rgb(154,151,141)
__sk_dst_check_[k]->rgb(154,151,141)
__skb_clone_[k]->rgb(154,151,141)
__skb_datagram_iter_[k]->rgb(154,151,141)
__skb_ext_alloc_[k]->rgb(154,151,141)
__skb_ext_del_[k]->rgb(154,151,141)
__skb_ext_put_[k]->rgb(154,151,141)
__slab_free_[k]->rgb(154,151,141)
__smp_call_single_queue_[k]->rgb(154,151,141)
__sock_sendmsg_[k]->rgb(154,151,141)
__sock_wfree_[k]->rgb(154,151,141)
__softirqentry_text_start_[k]->rgb(154,151,141)
__strchrnul_evex->rgb(74,58,167)
__strlen_evex->rgb(74,58,167)
__switch_to_[k]->rgb(154,151,141)
__switch_to_asm_[k]->rgb(154,151,141)
__sys_recvfrom_[k]->rgb(154,151,141)
__sys_sendto_[k]->rgb(154,151,141)
__sysvec_apic_timer_interrupt_[k]->rgb(154,151,141)
__sysvec_call_function_[k]->rgb(154,151,141)
__sysvec_call_function_single_[k]->rgb(154,151,141)
__task_rq_lock_[k]->rgb(154,151,141)
__tcp_ack_snd_check_[k]->rgb(154,151,141)
__tcp_push_pending_frames_[k]->rgb(154,151,141)
__tcp_select_window_[k]->rgb(154,151,141)
__tcp_send_ack.part.0_[k]->rgb(154,151,141)
__tcp_transmit_skb_[k]->rgb(154,151,141)
__unqueue_futex_[k]->rgb(154,151,141)
__update_blocked_fair_[k]->rgb(154,151,141)
__update_load_avg_cfs_rq_[k]->rgb(154,151,141)
__update_load_avg_se_[k]->rgb(154,151,141)
__usecs_to_jiffies_[k]->rgb(154,151,141)
__vdso_clock_gettime->rgb(74,58,167)
__vfprintf_internal->rgb(74,58,167)
__virt_addr_valid_[k]->rgb(154,151,141)
__wake_up_[k]->rgb(154,151,141)
__wake_up_common_[k]->rgb(154,151,141)
__wake_up_common_lock_[k]->rgb(154,151,141)
__wake_up_locked_key_[k]->rgb(154,151,141)
__wake_up_sync_[k]->rgb(154,151,141)
__wake_up_sync_key_[k]->rgb(154,151,141)
__wrgsbase_inactive_[k]->rgb(154,151,141)
__x2apic_send_IPI_dest_[k]->rgb(154,151,141)
__x64_sys_clock_nanosleep_[k]->rgb(154,151,141)
__x64_sys_epoll_pwait2_[k]->rgb(154,151,141)
__x64_sys_epoll_wait_[k]->rgb(154,151,141)
__x64_sys_futex_[k]->rgb(154,151,141)
__x64_sys_openat_[k]->rgb(154,151,141)
__x64_sys_poll_[k]->rgb(154,151,141)
__x64_sys_read_[k]->rgb(154,151,141)
__x64_sys_readv_[k]->rgb(154,151,141)
__x64_sys_recvfrom_[k]->rgb(154,151,141)
__x64_sys_sched_yield_[k]->rgb(154,151,141)
__x64_sys_sendto_[k]->rgb(154,151,141)
__x64_sys_write_[k]->rgb(154,151,141)
__x64_sys_writev_[k]->rgb(154,151,141)
__xfrm_decode_session_[k]->rgb(154,151,141)
__xfrm_policy_check2.constprop.0_[k]->rgb(154,151,141)
__zone_watermark_ok_[k]->rgb(154,151,141)
_aesni_ctr32_6x->rgb(232,123,164)
_aesni_ctr32_ghash_6x->rgb(232,123,164)
_copy_from_iter_[k]->rgb(154,151,141)
_copy_from_user_[k]->rgb(154,151,141)
_copy_to_iter_[k]->rgb(154,151,141)
_copy_to_user_[k]->rgb(154,151,141)
_find_first_bit_[k]->rgb(154,151,141)
_find_next_bit_[k]->rgb(154,151,141)
_int_free->rgb(74,58,167)
_int_malloc->rgb(74,58,167)
_pthread_cleanup_pop@GLIBC_2.2.5->rgb(74,58,167)
_pthread_cleanup_push@@GLIBC_2.34->rgb(74,58,167)
_raw_spin_lock_[k]->rgb(154,151,141)
_raw_spin_lock_bh_[k]->rgb(154,151,141)
_raw_spin_lock_irq_[k]->rgb(154,151,141)
_raw_spin_lock_irqsave_[k]->rgb(154,151,141)
_raw_spin_trylock_[k]->rgb(154,151,141)
_raw_spin_unlock_bh_[k]->rgb(154,151,141)
_start->rgb(42,120,214)
aa_apply_modes_to_perms_[k]->rgb(154,151,141)
aa_check_perms_[k]->rgb(154,151,141)
aa_compute_perms_[k]->rgb(154,151,141)
aa_dfa_match_len_[k]->rgb(154,151,141)
aa_file_perm_[k]->rgb(154,151,141)
aa_label_is_subset_[k]->rgb(154,151,141)
aa_label_next_confined_[k]->rgb(154,151,141)
aa_label_sk_perm.part.0_[k]->rgb(154,151,141)
aa_profile_af_perm_[k]->rgb(154,151,141)
aa_sk_perm_[k]->rgb(154,151,141)
aa_unix_msg_perm_[k]->rgb(154,151,141)
absl::lts_20230802::Mutex::Unlock->rgb(232,123,164)
absl::lts_20230802::Mutex::UnlockSlow->rgb(232,123,164)
absl::lts_20230802::Now->rgb(232,123,164)
absl::lts_20230802::ToTimespec->rgb(232,123,164)
absl::lts_20230802::base_internal::CycleClock::Now->rgb(232,123,164)
absl::lts_20230802::inlined_vector_internal::Storage<Envoy::Buffer::Slice::SizedStorage, 8ul, std::__1::allocator<Envoy::Buffer::Slice::SizedStorage> >::DestroyContents->rgb(232,123,164)
absl::lts_20230802::synchronization_internal::FutexWaiter::WaitUntil->rgb(232,123,164)
account_process_tick_[k]->rgb(154,151,141)
account_user_time_[k]->rgb(154,151,141)
acct_account_cputime_[k]->rgb(154,151,141)
add_interrupt_randomness_[k]->rgb(154,151,141)
add_wait_queue_[k]->rgb(154,151,141)
aead_aes_gcm_open_gather->rgb(232,123,164)
aead_aes_gcm_open_gather_impl->rgb(232,123,164)
aead_aes_gcm_seal_scatter_impl->rgb(232,123,164)
aead_aes_gcm_tls12_seal_scatter->rgb(232,123,164)
aes_hw_ctr32_encrypt_blocks->rgb(232,123,164)
aes_hw_encrypt->rgb(232,123,164)
aesni_gcm_decrypt->rgb(232,123,164)
aesni_gcm_encrypt->rgb(232,123,164)
alloc_empty_file_[k]->rgb(154,151,141)
alloc_pages_[k]->rgb(154,151,141)
alloc_pages_vma_[k]->rgb(154,151,141)
alloc_skb_with_frags_[k]->rgb(154,151,141)
amd_clear_divider_[k]->rgb(154,151,141)
apic_ack_irq_[k]->rgb(154,151,141)
apparmor_file_permission_[k]->rgb(154,151,141)
apparmor_ipv4_postroute_[k]->rgb(154,151,141)
apparmor_socket_recvmsg_[k]->rgb(154,151,141)
apparmor_socket_sendmsg_[k]->rgb(154,151,141)
apparmor_socket_sock_rcv_skb_[k]->rgb(154,151,141)
arch_exit_to_user_mode_prepare.constprop.0_[k]->rgb(154,151,141)
arch_local_irq_disable_[k]->rgb(154,151,141)
arch_local_irq_enable_[k]->rgb(154,151,141)
arch_scale_freq_tick_[k]->rgb(154,151,141)
ares__close_sockets->rgb(232,123,164)
ares__is_onion_domain->rgb(232,123,164)
ares__send_query->rgb(232,123,164)
asm_common_interrupt_[k]->rgb(154,151,141)
asm_exc_page_fault_[k]->rgb(154,151,141)
asm_sysvec_apic_timer_interrupt_[k]->rgb(154,151,141)
asm_sysvec_call_function_[k]->rgb(154,151,141)
asm_sysvec_call_function_single_[k]->rgb(154,151,141)
asm_sysvec_reschedule_ipi_[k]->rgb(154,151,141)
atomic_notifier_call_chain_[k]->rgb(154,151,141)
available_idle_cpu_[k]->rgb(154,151,141)
bench-dpumesh->rgb(218,63,15)
bench-tcp->rgb(253,220,52)
bench-tcp-strict->rgb(216,52,12)
bench_epoll_wait_until->rgb(42,120,214)
blkcg_maybe_throttle_current_[k]->rgb(154,151,141)
blkcg_rstat_flush_[k]->rgb(154,151,141)
block_pool_return.part.0->rgb(27,175,122)
bpf_skops_write_hdr_opt.isra.0_[k]->rgb(154,151,141)
br_allowed_egress_[k]->rgb(154,151,141)
br_allowed_ingress_[k]->rgb(154,151,141)
br_dev_queue_push_xmit_[k]->rgb(154,151,141)
br_dev_xmit_[k]->rgb(154,151,141)
br_fdb_find_rcu_[k]->rgb(154,151,141)
br_fdb_update_[k]->rgb(154,151,141)
br_forward_[k]->rgb(154,151,141)
br_forward_finish_[k]->rgb(154,151,141)
br_handle_frame_[k]->rgb(154,151,141)
br_handle_frame_finish_[k]->rgb(154,151,141)
br_handle_vlan_[k]->rgb(154,151,141)
br_nf_dev_queue_xmit_[k]->rgb(154,151,141)
br_nf_dev_xmit_[k]->rgb(154,151,141)
br_nf_forward_finish_[k]->rgb(154,151,141)
br_nf_forward_ip.part.0_[k]->rgb(154,151,141)
br_nf_forward_ip_[k]->rgb(154,151,141)
br_nf_hook_thresh_[k]->rgb(154,151,141)
br_nf_post_routing_[k]->rgb(154,151,141)
br_nf_pre_routing_[k]->rgb(154,151,141)
br_nf_pre_routing_finish_[k]->rgb(154,151,141)
br_nf_pre_routing_finish_bridge_[k]->rgb(154,151,141)
br_switchdev_frame_set_offload_fwd_mark_[k]->rgb(154,151,141)
br_validate_ipv4_[k]->rgb(154,151,141)
brnf_get_logical_dev_[k]->rgb(154,151,141)
bssl::SSLAEADContext::CiphertextLen->rgb(232,123,164)
bssl::SSLAEADContext::ExplicitNonceLen->rgb(232,123,164)
bssl::SSLAEADContext::MaxOverhead->rgb(232,123,164)
bssl::SSLAEADContext::Open->rgb(232,123,164)
bssl::SSLAEADContext::ProtocolVersion->rgb(232,123,164)
bssl::SSLAEADContext::RecordVersion->rgb(232,123,164)
bssl::SSLAEADContext::SealScatter->rgb(232,123,164)
bssl::SSLAEADContext::SuffixLen->rgb(232,123,164)
bssl::SSLBuffer::DidWrite->rgb(232,123,164)
bssl::SSLBuffer::DiscardConsumed->rgb(232,123,164)
bssl::SSLBuffer::EnsureCap->rgb(232,123,164)
bssl::do_seal_record->rgb(232,123,164)
bssl::do_tls_write->rgb(232,123,164)
bssl::parse_message->rgb(232,123,164)
bssl::ssl_do_msg_callback->rgb(232,123,164)
bssl::ssl_handle_open_record->rgb(232,123,164)
bssl::ssl_max_handshake_message_len->rgb(232,123,164)
bssl::ssl_protocol_version->rgb(232,123,164)
bssl::ssl_protocol_version_from_wire->rgb(232,123,164)
bssl::ssl_read_buffer_extend_to->rgb(232,123,164)
bssl::ssl_record_prefix_len->rgb(232,123,164)
bssl::ssl_seal_align_prefix_len->rgb(232,123,164)
bssl::ssl_write_buffer_flush->rgb(232,123,164)
bssl::tls_can_accept_handshake_data->rgb(232,123,164)
bssl::tls_flush_pending_hs_data->rgb(232,123,164)
bssl::tls_get_message->rgb(232,123,164)
bssl::tls_has_unprocessed_handshake_data->rgb(232,123,164)
bssl::tls_open_app_data->rgb(232,123,164)
bssl::tls_open_record->rgb(232,123,164)
bssl::tls_seal_record->rgb(232,123,164)
bssl::tls_write_app_data->rgb(232,123,164)
buffered_vfprintf->rgb(74,58,167)
calc_global_load_tick_[k]->rgb(154,151,141)
calc_wheel_index_[k]->rgb(154,151,141)
call_timer_fn_[k]->rgb(154,151,141)
cfree@GLIBC_2.2.5->rgb(74,58,167)
cgroup_rstat_flush_irqsafe_[k]->rgb(154,151,141)
cgroup_rstat_flush_locked_[k]->rgb(154,151,141)
cgroup_rstat_updated_[k]->rgb(154,151,141)
check_cpu_stall_[k]->rgb(154,151,141)
check_preempt_curr_[k]->rgb(154,151,141)
check_preempt_wakeup_[k]->rgb(154,151,141)
check_stack_object_[k]->rgb(154,151,141)
check_update_overutilized_status_[k]->rgb(154,151,141)
clear_buddies_[k]->rgb(154,151,141)
clear_page_erms_[k]->rgb(154,151,141)
client_message_recv_callback->rgb(27,175,122)
clock_gettime->rgb(74,58,167)
clock_gettime@@GLIBC_2.17->rgb(74,58,167)
clock_nanosleep@GLIBC_2.2.5->rgb(74,58,167)
clockevents_program_event_[k]->rgb(154,151,141)
clone3->rgb(74,58,167)
collect_percpu_times_[k]->rgb(154,151,141)
comment_mt_[k]->rgb(154,151,141)
common_interrupt_[k]->rgb(154,151,141)
common_nsleep_[k]->rgb(154,151,141)
conn_fn->rgb(42,120,214)
conntrack_mt.isra.0_[k]->rgb(154,151,141)
conntrack_mt_v3_[k]->rgb(154,151,141)
consume_skb_[k]->rgb(154,151,141)
copy_user_enhanced_fast_string_[k]->rgb(154,151,141)
copy_user_generic_unrolled_[k]->rgb(154,151,141)
cpuacct_charge_[k]->rgb(154,151,141)
cpuset_nodemask_valid_mems_allowed_[k]->rgb(154,151,141)
cr4_update_irqsoff_[k]->rgb(154,151,141)
cubictcp_acked_[k]->rgb(154,151,141)
cubictcp_cong_avoid_[k]->rgb(154,151,141)
cubictcp_cwnd_event_[k]->rgb(154,151,141)
decode_session4_[k]->rgb(154,151,141)
default_wake_function_[k]->rgb(154,151,141)
delayed_work_timer_fn_[k]->rgb(154,151,141)
deliver_event.isra.0_[k]->rgb(154,151,141)
dentry_kill_[k]->rgb(154,151,141)
dentry_unlink_inode_[k]->rgb(154,151,141)
dequeue_entity_[k]->rgb(154,151,141)
dequeue_task_[k]->rgb(154,151,141)
dequeue_task_fair_[k]->rgb(154,151,141)
detach_if_pending_[k]->rgb(154,151,141)
dev_get_stats_[k]->rgb(154,151,141)
dev_hard_start_xmit_[k]->rgb(154,151,141)
dev_lstats_read_[k]->rgb(154,151,141)
dev_queue_xmit_[k]->rgb(154,151,141)
devx_async_event_poll_[k]->rgb(154,151,141)
devx_async_event_read_[k]->rgb(154,151,141)
devx_cq_comp_[k]->rgb(154,151,141)
dispatcher_drain_eq->rgb(27,175,122)
dispatcher_main->rgb(27,175,122)
dmesh_accept->rgb(27,175,122)
dmesh_alloc->rgb(27,175,122)
dmesh_drain_tx_upto_locked.constprop.0->rgb(27,175,122)
dmesh_eq_suppress_notify->rgb(27,175,122)
dmesh_next_ready->rgb(27,175,122)
dmesh_poll_eq->rgb(27,175,122)
dmesh_post_send->rgb(27,175,122)
dmesh_release_rx_buffer->rgb(27,175,122)
dmesh_tx_after_commit->rgb(27,175,122)
dmesh_tx_call_done->rgb(27,175,122)
dmesh_tx_qp_valid->rgb(27,175,122)
do_anonymous_page_[k]->rgb(154,151,141)
do_epoll_pwait.part.0_[k]->rgb(154,151,141)
do_epoll_wait_[k]->rgb(154,151,141)
do_filp_open_[k]->rgb(154,151,141)
do_flush_tlb_all_[k]->rgb(154,151,141)
do_futex_[k]->rgb(154,151,141)
do_iter_read_[k]->rgb(154,151,141)
do_iter_readv_writev_[k]->rgb(154,151,141)
do_iter_write_[k]->rgb(154,151,141)
do_nanosleep_[k]->rgb(154,151,141)
do_poll.constprop.0_[k]->rgb(154,151,141)
do_readv_[k]->rgb(154,151,141)
do_sched_yield_[k]->rgb(154,151,141)
do_softirq_[k]->rgb(154,151,141)
do_sys_openat2_[k]->rgb(154,151,141)
do_sys_poll_[k]->rgb(154,151,141)
do_syscall_64_[k]->rgb(154,151,141)
do_user_addr_fault_[k]->rgb(154,151,141)
do_writev_[k]->rgb(154,151,141)
doca_comch_client_as_ctx->rgb(0,131,0)
doca_comch_client_get_client_ctx->rgb(0,131,0)
doca_ctx_get_user_data->rgb(0,131,0)
doca_log->rgb(0,131,0)
doca_pe_clear_notification->rgb(0,131,0)
doca_pe_progress->rgb(0,131,0)
doca_pe_request_notification->rgb(0,131,0)
dpumesh_conn_recv->rgb(27,175,122)
dpumesh_dequeue->rgb(27,175,122)
dpumesh_enqueue->rgb(27,175,122)
dpumesh_next_ready->rgb(27,175,122)
dpumesh_next_tx_error->rgb(27,175,122)
dpumesh_next_tx_ready->rgb(27,175,122)
dpumesh_publish_due_tails->rgb(27,175,122)
dpumesh_rx_buf->rgb(27,175,122)
dpumesh_rx_free->rgb(27,175,122)
dpumesh_tx_commit->rgb(27,175,122)
dpumesh_tx_next_send_upto.constprop.0->rgb(27,175,122)
dpumesh_tx_reserve->rgb(27,175,122)
dpumesh_tx_track->rgb(27,175,122)
dput_[k]->rgb(154,151,141)
drain_rev_rings.part.0.constprop.0->rgb(27,175,122)
drain_zone_pages_[k]->rgb(154,151,141)
dst_release_[k]->rgb(154,151,141)
echo-dpumesh->rgb(245,185,44)
echo-tcp->rgb(229,113,27)
echo-tcp-strict->rgb(243,175,41)
enqueue_entity_[k]->rgb(154,151,141)
enqueue_hrtimer_[k]->rgb(154,151,141)
enqueue_request->rgb(42,120,214)
enqueue_task_[k]->rgb(154,151,141)
enqueue_task_fair_[k]->rgb(154,151,141)
enqueue_timer_[k]->rgb(154,151,141)
enqueue_to_backlog_[k]->rgb(154,151,141)
enter_lazy_tlb_[k]->rgb(154,151,141)
entry_SYSCALL_64_[k]->rgb(154,151,141)
entry_SYSCALL_64_after_hwframe_[k]->rgb(154,151,141)
entry_SYSCALL_64_safe_stack_[k]->rgb(154,151,141)
ep_autoremove_wake_function_[k]->rgb(154,151,141)
ep_done_scan_[k]->rgb(154,151,141)
ep_item_poll.isra.0_[k]->rgb(154,151,141)
ep_poll_[k]->rgb(154,151,141)
ep_poll_callback_[k]->rgb(154,151,141)
ep_send_events_[k]->rgb(154,151,141)
epoll_dispatch->rgb(232,123,164)
epoll_pwait2->rgb(74,58,167)
epoll_wait->rgb(74,58,167)
eq_drain_conn->rgb(27,175,122)
eq_pump->rgb(42,120,214)
eq_wait->rgb(42,120,214)
error_entry_[k]->rgb(154,151,141)
error_return_[k]->rgb(154,151,141)
eth_type_trans_[k]->rgb(154,151,141)
event_active_nolock_->rgb(232,123,164)
event_add->rgb(232,123,164)
event_add_nolock_->rgb(232,123,164)
event_base_loop->rgb(232,123,164)
event_callback_activate_nolock_->rgb(232,123,164)
event_changelist_remove_all_->rgb(232,123,164)
event_del->rgb(232,123,164)
event_del_nolock_->rgb(232,123,164)
event_pending->rgb(232,123,164)
event_process_active_single_queue->rgb(232,123,164)
event_queue_remove_timeout->rgb(232,123,164)
eventfd_poll_[k]->rgb(154,151,141)
eventfd_read_[k]->rgb(154,151,141)
eventfd_write->rgb(74,58,167)
eventfd_write_[k]->rgb(154,151,141)
evict_[k]->rgb(154,151,141)
evmap_io_active_->rgb(232,123,164)
evthread_notify_base_eventfd->rgb(232,123,164)
evthread_notify_drain_eventfd->rgb(232,123,164)
evthread_posix_get_id->rgb(232,123,164)
evthread_posix_lock->rgb(232,123,164)
evthread_posix_unlock->rgb(232,123,164)
evutil_gettime_monotonic_->rgb(232,123,164)
evutil_tv_to_msec_->rgb(232,123,164)
exc_page_fault_[k]->rgb(154,151,141)
exit_to_user_mode_loop_[k]->rgb(154,151,141)
ext4_release_file_[k]->rgb(154,151,141)
fast_mix_[k]->rgb(154,151,141)
fclose->rgb(74,58,167)
fdb_find_rcu_[k]->rgb(154,151,141)
fib_info_nh_uses_dev_[k]->rgb(154,151,141)
fib_lookup_good_nhc_[k]->rgb(154,151,141)
fib_table_lookup_[k]->rgb(154,151,141)
fib_validate_source_[k]->rgb(154,151,141)
find_exception_[k]->rgb(154,151,141)
finish_task_switch.isra.0_[k]->rgb(154,151,141)
flush_smp_call_function_queue_[k]->rgb(154,151,141)
fopen@@GLIBC_2.2.5->rgb(74,58,167)
fpregs_assert_state_consistent_[k]->rgb(154,151,141)
fput_[k]->rgb(154,151,141)
fput_many_[k]->rgb(154,151,141)
free_compound_page_[k]->rgb(154,151,141)
free_pcp_prepare_[k]->rgb(154,151,141)
free_pcppages_bulk_[k]->rgb(154,151,141)
free_unref_page_[k]->rgb(154,151,141)
free_unref_page_commit.constprop.0_[k]->rgb(154,151,141)
fsnotify_perm.part.0_[k]->rgb(154,151,141)
futex_wait_[k]->rgb(154,151,141)
futex_wait_queue_me_[k]->rgb(154,151,141)
futex_wait_setup_[k]->rgb(154,151,141)
futex_wake_[k]->rgb(154,151,141)
gcm_ghash_avx->rgb(232,123,164)
gcm_gmult_avx->rgb(232,123,164)
gcm_gmult_clmul->rgb(232,123,164)
generic_exec_single_[k]->rgb(154,151,141)
generic_smp_call_function_single_interrupt_[k]->rgb(154,151,141)
get_futex_key_[k]->rgb(154,151,141)
get_l4proto_[k]->rgb(154,151,141)
get_nohz_timer_target_[k]->rgb(154,151,141)
get_obj_cgroup_from_current_[k]->rgb(154,151,141)
get_page_from_freelist_[k]->rgb(154,151,141)
get_timespec64_[k]->rgb(154,151,141)
getenv->rgb(74,58,167)
getifaddrs->rgb(74,58,167)
grpc_core::Timestamp::Source::InvalidateCache->rgb(232,123,164)
handle_edge_irq_[k]->rgb(154,151,141)
handle_irq_event_[k]->rgb(154,151,141)
handle_mm_fault_[k]->rgb(154,151,141)
handle_pte_fault_[k]->rgb(154,151,141)
handle_softirqs_[k]->rgb(154,151,141)
hash_conntrack_raw_[k]->rgb(154,151,141)
hash_futex_[k]->rgb(154,151,141)
hist_approx_count_below->rgb(232,123,164)
hist_needed_merge_size_fc->rgb(232,123,164)
hrtick_update_[k]->rgb(154,151,141)
hrtimer_active_[k]->rgb(154,151,141)
hrtimer_cancel_[k]->rgb(154,151,141)
hrtimer_init_sleeper_[k]->rgb(154,151,141)
hrtimer_interrupt_[k]->rgb(154,151,141)
hrtimer_nanosleep_[k]->rgb(154,151,141)
hrtimer_reprogram_[k]->rgb(154,151,141)
hrtimer_sleeper_start_expires_[k]->rgb(154,151,141)
hrtimer_start_range_ns_[k]->rgb(154,151,141)
hrtimer_try_to_cancel.part.0_[k]->rgb(154,151,141)
hrtimer_update_next_event_[k]->rgb(154,151,141)
hrtimer_wakeup_[k]->rgb(154,151,141)
hystart_update_[k]->rgb(154,151,141)
idle_cpu_[k]->rgb(154,151,141)
import_iovec_[k]->rgb(154,151,141)
import_single_range_[k]->rgb(154,151,141)
inet_ehashfn_[k]->rgb(154,151,141)
inet_proto_csum_replace4_[k]->rgb(154,151,141)
inet_recvmsg_[k]->rgb(154,151,141)
inet_send_prepare_[k]->rgb(154,151,141)
inet_sendmsg_[k]->rgb(154,151,141)
inode_permission_[k]->rgb(154,151,141)
insert_work_[k]->rgb(154,151,141)
invoke_rcu_core_[k]->rgb(154,151,141)
iov_iter_init_[k]->rgb(154,151,141)
iovec_from_user.part.0_[k]->rgb(154,151,141)
ip_finish_output2_[k]->rgb(154,151,141)
ip_finish_output_[k]->rgb(154,151,141)
ip_local_deliver_[k]->rgb(154,151,141)
ip_local_deliver_finish_[k]->rgb(154,151,141)
ip_local_out_[k]->rgb(154,151,141)
ip_output_[k]->rgb(154,151,141)
ip_protocol_deliver_rcu_[k]->rgb(154,151,141)
ip_queue_xmit_[k]->rgb(154,151,141)
ip_rcv_[k]->rgb(154,151,141)
ip_rcv_core_[k]->rgb(154,151,141)
ip_rcv_finish_core.constprop.0_[k]->rgb(154,151,141)
ip_route_input_noref_[k]->rgb(154,151,141)
ip_route_input_rcu_[k]->rgb(154,151,141)
ip_route_input_slow_[k]->rgb(154,151,141)
ip_sabotage_in_[k]->rgb(154,151,141)
ip_send_check_[k]->rgb(154,151,141)
ip_send_skb_[k]->rgb(154,151,141)
ip_skb_dst_mtu_[k]->rgb(154,151,141)
ipv4_confirm_[k]->rgb(154,151,141)
ipv4_conntrack_defrag_[k]->rgb(154,151,141)
ipv4_conntrack_in_[k]->rgb(154,151,141)
ipv4_conntrack_local_[k]->rgb(154,151,141)
ipv4_dst_check_[k]->rgb(154,151,141)
ipv4_mtu_[k]->rgb(154,151,141)
ipv4_neigh_lookup_[k]->rgb(154,151,141)
ipv6_mod_enabled_[k]->rgb(154,151,141)
irq_chip_ack_parent_[k]->rgb(154,151,141)
irq_enter_rcu_[k]->rgb(154,151,141)
irq_exit_rcu_[k]->rgb(154,151,141)
irq_int_handler_[k]->rgb(154,151,141)
irqentry_enter_[k]->rgb(154,151,141)
irqentry_enter_from_user_mode_[k]->rgb(154,151,141)
irqentry_exit_[k]->rgb(154,151,141)
irqentry_exit_to_user_mode_[k]->rgb(154,151,141)
is_cpu_allowed_[k]->rgb(154,151,141)
is_skb_forwardable_[k]->rgb(154,151,141)
issue->rgb(42,120,214)
iterate_groups_[k]->rgb(154,151,141)
jiffies_to_usecs_[k]->rgb(154,151,141)
kernel_init_free_pages.part.0_[k]->rgb(154,151,141)
kfence_ksize_[k]->rgb(154,151,141)
kfree_[k]->rgb(154,151,141)
kfree_skb_partial_[k]->rgb(154,151,141)
kfree_skbmem_[k]->rgb(154,151,141)
kmalloc_reserve_[k]->rgb(154,151,141)
kmalloc_slab_[k]->rgb(154,151,141)
kmem_cache_alloc_[k]->rgb(154,151,141)
kmem_cache_alloc_node_[k]->rgb(154,151,141)
kmem_cache_free_[k]->rgb(154,151,141)
ksize_[k]->rgb(154,151,141)
ksoftirqd/20->rgb(226,100,23)
ksoftirqd/21->rgb(220,70,16)
ksoftirqd/23->rgb(207,11,2)
ksys_read_[k]->rgb(154,151,141)
ksys_write_[k]->rgb(154,151,141)
kthread_[k]->rgb(154,151,141)
kthread_should_stop_[k]->rgb(154,151,141)
ktime_add_safe_[k]->rgb(154,151,141)
ktime_get_[k]->rgb(154,151,141)
ktime_get_seconds_[k]->rgb(154,151,141)
ktime_get_ts64_[k]->rgb(154,151,141)
ktime_get_update_offsets_now_[k]->rgb(154,151,141)
ktime_get_with_offset_[k]->rgb(154,151,141)
kworker/24:2-ev->rgb(254,227,54)
kworker/25:1-ev->rgb(254,227,54)
l3mdev_master_ifindex_rcu_[k]->rgb(154,151,141)
l4proto_manip_pkt_[k]->rgb(154,151,141)
lapic_next_deadline_[k]->rgb(154,151,141)
link_path_walk.part.0.constprop.0_[k]->rgb(154,151,141)
llist_add_batch_[k]->rgb(154,151,141)
llist_reverse_order_[k]->rgb(154,151,141)
load_new_mm_cr3_[k]->rgb(154,151,141)
load_work->rgb(42,120,214)
lock_sock_nested_[k]->rgb(154,151,141)
lock_timer_base_[k]->rgb(154,151,141)
log2->rgb(74,58,167)
lookup_fast_[k]->rgb(154,151,141)
loopback_get_stats64_[k]->rgb(154,151,141)
loopback_xmit_[k]->rgb(154,151,141)
lru_cache_add_[k]->rgb(154,151,141)
lru_cache_add_inactive_or_unevictable_[k]->rgb(154,151,141)
main->rgb(42,120,214)
make_kuid_[k]->rgb(154,151,141)
map_id_range_down_[k]->rgb(154,151,141)
mark_wake_futex_[k]->rgb(154,151,141)
maybe_add_creds_[k]->rgb(154,151,141)
mem_cgroup_handle_over_high_[k]->rgb(154,151,141)
mem_cgroup_wb_stats_[k]->rgb(154,151,141)
memcg_slab_free_hook_[k]->rgb(154,151,141)
memcg_slab_post_alloc_hook_[k]->rgb(154,151,141)
memcmp_[k]->rgb(154,151,141)
memcpy_erms_[k]->rgb(154,151,141)
memset_[k]->rgb(154,151,141)
memset_erms_[k]->rgb(154,151,141)
migrate_disable_[k]->rgb(154,151,141)
migrate_enable_[k]->rgb(154,151,141)
minmax_running_min_[k]->rgb(154,151,141)
mlx5_eq_comp_int_[k]->rgb(154,151,141)
mlx5_eq_cq_get_[k]->rgb(154,151,141)
mlx5dv_devx_get_event->rgb(0,131,0)
mod_objcg_state_[k]->rgb(154,151,141)
mod_timer_[k]->rgb(154,151,141)
mutex_lock_[k]->rgb(154,151,141)
mutex_unlock_[k]->rgb(154,151,141)
native_apic_msr_eoi_write_[k]->rgb(154,151,141)
native_flush_tlb_global_[k]->rgb(154,151,141)
native_iret_[k]->rgb(154,151,141)
native_irq_return_iret_[k]->rgb(154,151,141)
native_load_tls_[k]->rgb(154,151,141)
native_queued_spin_lock_slowpath.part.0_[k]->rgb(154,151,141)
native_queued_spin_lock_slowpath_[k]->rgb(154,151,141)
native_read_msr_[k]->rgb(154,151,141)
native_sched_clock_[k]->rgb(154,151,141)
native_send_call_func_single_ipi_[k]->rgb(154,151,141)
native_smp_send_reschedule_[k]->rgb(154,151,141)
native_write_msr_[k]->rgb(154,151,141)
nbp_switchdev_allowed_egress_[k]->rgb(154,151,141)
nbp_switchdev_frame_mark_[k]->rgb(154,151,141)
nbp_switchdev_frame_mark_tx_fwd_offload_[k]->rgb(154,151,141)
neigh_hh_output_[k]->rgb(154,151,141)
neigh_resolve_output_[k]->rgb(154,151,141)
net_rx_action_[k]->rgb(154,151,141)
netdev_core_pick_tx_[k]->rgb(154,151,141)
netif_rx_[k]->rgb(154,151,141)
netif_rx_internal_[k]->rgb(154,151,141)
netif_skb_features_[k]->rgb(154,151,141)
netlink_dump_[k]->rgb(154,151,141)
netlink_rcv_skb_[k]->rgb(154,151,141)
netlink_sendmsg_[k]->rgb(154,151,141)
netlink_unicast_[k]->rgb(154,151,141)
new_sync_read_[k]->rgb(154,151,141)
new_sync_write_[k]->rgb(154,151,141)
next_lookup->rgb(232,123,164)
nf_checksum_[k]->rgb(154,151,141)
nf_confirm_[k]->rgb(154,151,141)
nf_conntrack_handle_packet_[k]->rgb(154,151,141)
nf_conntrack_in_[k]->rgb(154,151,141)
nf_conntrack_put_[k]->rgb(154,151,141)
nf_conntrack_tcp_packet_[k]->rgb(154,151,141)
nf_csum_update_[k]->rgb(154,151,141)
nf_ct_acct_add_[k]->rgb(154,151,141)
nf_ct_deliver_cached_events_[k]->rgb(154,151,141)
nf_ct_get_tuple_[k]->rgb(154,151,141)
nf_ct_get_tuple_ports.constprop.0_[k]->rgb(154,151,141)
nf_ct_invert_tuple_[k]->rgb(154,151,141)
nf_ct_seq_offset_[k]->rgb(154,151,141)
nf_hook_slow_[k]->rgb(154,151,141)
nf_ip_checksum_[k]->rgb(154,151,141)
nf_nat_inet_fn_[k]->rgb(154,151,141)
nf_nat_ipv4_manip_pkt_[k]->rgb(154,151,141)
nf_nat_ipv4_out_[k]->rgb(154,151,141)
nf_nat_ipv4_pre_routing_[k]->rgb(154,151,141)
nf_nat_manip_pkt_[k]->rgb(154,151,141)
nf_xfrm_me_harder_[k]->rgb(154,151,141)
nft_counter_eval_[k]->rgb(154,151,141)
nft_do_chain_[k]->rgb(154,151,141)
nft_do_chain_ipv4_[k]->rgb(154,151,141)
nft_immediate_eval_[k]->rgb(154,151,141)
nft_match_eval_[k]->rgb(154,151,141)
nft_match_large_eval_[k]->rgb(154,151,141)
nft_meta_get_eval_[k]->rgb(154,151,141)
nft_update_chain_stats_[k]->rgb(154,151,141)
nla_put_[k]->rgb(154,151,141)
nohz_balance_exit_idle_[k]->rgb(154,151,141)
nohz_balancer_kick_[k]->rgb(154,151,141)
non-virtual thunk to Envoy::Event::DispatcherImpl::popTrackedObject(Envoy::ScopeTrackedObject const*)->rgb(232,123,164)
non-virtual thunk to Envoy::Event::DispatcherImpl::pushTrackedObject(Envoy::ScopeTrackedObject const*)->rgb(232,123,164)
non-virtual thunk to Envoy::Network::ConnectionImpl::getWriteBuffer()->rgb(232,123,164)
non-virtual thunk to Envoy::Network::ConnectionImpl::ioHandle()->rgb(232,123,164)
non-virtual thunk to Envoy::Network::ConnectionImpl::shouldDrainReadBuffer()->rgb(232,123,164)
note_gp_changes_[k]->rgb(154,151,141)
note_interrupt_[k]->rgb(154,151,141)
ns_to_timespec64_[k]->rgb(154,151,141)
ntp_tick_length_[k]->rgb(154,151,141)
obj_cgroup_charge_[k]->rgb(154,151,141)
obj_cgroup_charge_pages_[k]->rgb(154,151,141)
obj_cgroup_uncharge_[k]->rgb(154,151,141)
obj_cgroup_uncharge_pages_[k]->rgb(154,151,141)
on_reply->rgb(42,120,214)
on_request->rgb(42,120,214)
open_last_lookups_[k]->rgb(154,151,141)
out_flush->rgb(42,120,214)
override_creds_[k]->rgb(154,151,141)
ovl_inode_upper_[k]->rgb(154,151,141)
ovl_override_creds_[k]->rgb(154,151,141)
ovl_permission_[k]->rgb(154,151,141)
passthru_features_check_[k]->rgb(154,151,141)
path_openat_[k]->rgb(154,151,141)
pe_progress_fn->rgb(27,175,122)
perf_adjust_freq_unthr_context_[k]->rgb(154,151,141)
perf_event_context_sched_out_[k]->rgb(154,151,141)
perf_event_task_tick_[k]->rgb(154,151,141)
pfd_put.part.0->rgb(27,175,122)
pick_next_entity_[k]->rgb(154,151,141)
pick_next_task_[k]->rgb(154,151,141)
pick_next_task_fair_[k]->rgb(154,151,141)
pick_next_task_idle_[k]->rgb(154,151,141)
pipe_write_[k]->rgb(154,151,141)
place_entity_[k]->rgb(154,151,141)
plist_add_[k]->rgb(154,151,141)
plist_del_[k]->rgb(154,151,141)
policy_nodemask_[k]->rgb(154,151,141)
poll_freewait_[k]->rgb(154,151,141)
poll_select_set_timeout_[k]->rgb(154,151,141)
pollwake_[k]->rgb(154,151,141)
preload-bench->rgb(215,49,11)
preload-echo->rgb(242,171,41)
prep_compound_page_[k]->rgb(154,151,141)
prepare_task_switch_[k]->rgb(154,151,141)
priv_doca_cq_empty->rgb(0,131,0)
priv_doca_cq_poll_one->rgb(0,131,0)
priv_doca_ctx_on_arm->rgb(0,131,0)
priv_doca_pe_resume_ctx->rgb(0,131,0)
probe_sched_switch_[k]->rgb(154,151,141)
probe_sched_wakeup_[k]->rgb(154,151,141)
process_backlog_[k]->rgb(154,151,141)
process_one_work_[k]->rgb(154,151,141)
processfds->rgb(232,123,164)
profile_tick_[k]->rgb(154,151,141)
psi_avgs_work_[k]->rgb(154,151,141)
psi_flags_change_[k]->rgb(154,151,141)
psi_group_change_[k]->rgb(154,151,141)
psi_task_change_[k]->rgb(154,151,141)
psi_task_switch_[k]->rgb(154,151,141)
pthread_cond_signal@@GLIBC_2.3.2->rgb(74,58,167)
pthread_cond_timedwait@@GLIBC_2.3.2->rgb(74,58,167)
pthread_cond_wait@@GLIBC_2.3.2->rgb(74,58,167)
pthread_getspecific->rgb(74,58,167)
pthread_mutex_lock->rgb(74,58,167)
pthread_mutex_lock@@GLIBC_2.2.5->rgb(74,58,167)
pthread_mutex_trylock@@GLIBC_2.34->rgb(74,58,167)
pthread_mutex_unlock->rgb(74,58,167)
pthread_mutex_unlock@@GLIBC_2.2.5->rgb(74,58,167)
pthread_once->rgb(74,58,167)
pthread_once@GLIBC_2.2.5->rgb(74,58,167)
pthread_self->rgb(74,58,167)
put_pid_[k]->rgb(154,151,141)
put_prev_entity_[k]->rgb(154,151,141)
put_prev_task_fair_[k]->rgb(154,151,141)
pvclock_gtod_notify_[k]->rgb(154,151,141)
qdisc_pkt_len_init_[k]->rgb(154,151,141)
queue_core_balance_[k]->rgb(154,151,141)
queued_spin_unlock_[k]->rgb(154,151,141)
radix_tree_lookup_[k]->rgb(154,151,141)
raise_softirq_[k]->rgb(154,151,141)
raise_softirq_irqoff_[k]->rgb(154,151,141)
raw_local_deliver_[k]->rgb(154,151,141)
raw_spin_rq_lock_nested_[k]->rgb(154,151,141)
raw_spin_rq_unlock_[k]->rgb(154,151,141)
rb_erase_[k]->rgb(154,151,141)
rb_first_[k]->rgb(154,151,141)
rb_insert_color_[k]->rgb(154,151,141)
rb_next_[k]->rgb(154,151,141)
rcu_accelerate_cbs_[k]->rgb(154,151,141)
rcu_all_qs_[k]->rgb(154,151,141)
rcu_core_[k]->rgb(154,151,141)
rcu_core_si_[k]->rgb(154,151,141)
rcu_do_batch_[k]->rgb(154,151,141)
rcu_exp_handler_[k]->rgb(154,151,141)
rcu_gp_cleanup_[k]->rgb(154,151,141)
rcu_gp_kthread_[k]->rgb(154,151,141)
rcu_note_context_switch_[k]->rgb(154,151,141)
rcu_qs_[k]->rgb(154,151,141)
rcu_read_unlock_strict_[k]->rgb(154,151,141)
rcu_report_exp_cpu_mult_[k]->rgb(154,151,141)
rcu_sched_clock_irq_[k]->rgb(154,151,141)
rcu_start_this_gp_[k]->rgb(154,151,141)
read->rgb(74,58,167)
read_tsc_[k]->rgb(154,151,141)
readv->rgb(74,58,167)
reap->rgb(42,120,214)
rebalance_domains_[k]->rgb(154,151,141)
recv->rgb(74,58,167)
recvfrom->rgb(74,58,167)
refill_obj_stock_[k]->rgb(154,151,141)
refill_stock_[k]->rgb(154,151,141)
refresh_cpu_vm_stats_[k]->rgb(154,151,141)
release_sock_[k]->rgb(154,151,141)
remove_wait_queue_[k]->rgb(154,151,141)
reply_pump->rgb(42,120,214)
resched_curr_[k]->rgb(154,151,141)
resolve_normal_ct_[k]->rgb(154,151,141)
restore_fpregs_from_fpstate_[k]->rgb(154,151,141)
restore_regs_and_return_to_kernel_[k]->rgb(154,151,141)
ret_from_fork_[k]->rgb(154,151,141)
reweight_entity_[k]->rgb(154,151,141)
rhashtable_jhash2_[k]->rgb(154,151,141)
rht_key_get_hash.isra.0_[k]->rgb(154,151,141)
rmqueue_[k]->rgb(154,151,141)
rmqueue_bulk_[k]->rgb(154,151,141)
rseq_get_rseq_cs.isra.0_[k]->rgb(154,151,141)
rseq_ip_fixup_[k]->rgb(154,151,141)
rtnetlink_rcv_[k]->rgb(154,151,141)
rtnetlink_rcv_msg_[k]->rgb(154,151,141)
rtnl_dump_ifinfo_[k]->rgb(154,151,141)
rtnl_fill_ifinfo_[k]->rgb(154,151,141)
rtnl_fill_stats_[k]->rgb(154,151,141)
run_ksoftirqd_[k]->rgb(154,151,141)
run_rebalance_domains_[k]->rgb(154,151,141)
run_some_expired_timers->rgb(232,123,164)
run_timer_softirq_[k]->rgb(154,151,141)
rw_verify_area_[k]->rgb(154,151,141)
save_fpregs_to_fpstate_[k]->rgb(154,151,141)
sched_balance_newidle_[k]->rgb(154,151,141)
sched_clock_[k]->rgb(154,151,141)
sched_clock_cpu_[k]->rgb(154,151,141)
sched_slice_[k]->rgb(154,151,141)
schedule_[k]->rgb(154,151,141)
schedule_hrtimeout_range_[k]->rgb(154,151,141)
schedule_hrtimeout_range_clock_[k]->rgb(154,151,141)
schedule_timeout_[k]->rgb(154,151,141)
scheduler_tick_[k]->rgb(154,151,141)
scm_recv.constprop.0_[k]->rgb(154,151,141)
security_file_permission_[k]->rgb(154,151,141)
security_sock_rcv_skb_[k]->rgb(154,151,141)
security_socket_getpeersec_dgram_[k]->rgb(154,151,141)
security_socket_recvmsg_[k]->rgb(154,151,141)
security_socket_sendmsg_[k]->rgb(154,151,141)
security_xfrm_decode_session_[k]->rgb(154,151,141)
select_estimate_accuracy_[k]->rgb(154,151,141)
select_task_rq_fair_[k]->rgb(154,151,141)
send_call_function_single_ipi_[k]->rgb(154,151,141)
sendto->rgb(74,58,167)
set_next_buddy_[k]->rgb(154,151,141)
set_next_entity_[k]->rgb(154,151,141)
set_next_task_idle_[k]->rgb(154,151,141)
set_normalized_timespec64_[k]->rgb(154,151,141)
set_user_sigmask_[k]->rgb(154,151,141)
setup_pre_routing_[k]->rgb(154,151,141)
shim_recv.part.0->rgb(27,175,122)
shim_send_iov.part.0->rgb(27,175,122)
shim_try_drain->rgb(27,175,122)
should_failslab_[k]->rgb(154,151,141)
sidecar1->rgb(224,91,21)
sidecar2->rgb(218,61,14)
simple_copy_to_iter_[k]->rgb(154,151,141)
sk_filter_trim_cap_[k]->rgb(154,151,141)
sk_forced_mem_schedule_[k]->rgb(154,151,141)
sk_free_[k]->rgb(154,151,141)
sk_page_frag_refill_[k]->rgb(154,151,141)
sk_reset_timer_[k]->rgb(154,151,141)
sk_stream_alloc_skb_[k]->rgb(154,151,141)
sk_wait_data_[k]->rgb(154,151,141)
skb_clone_[k]->rgb(154,151,141)
skb_clone_tx_timestamp_[k]->rgb(154,151,141)
skb_condense_[k]->rgb(154,151,141)
skb_copy_datagram_from_iter_[k]->rgb(154,151,141)
skb_copy_datagram_iter_[k]->rgb(154,151,141)
skb_csum_hwoffload_help_[k]->rgb(154,151,141)
skb_do_copy_data_nocache_[k]->rgb(154,151,141)
skb_ensure_writable_[k]->rgb(154,151,141)
skb_ext_add_[k]->rgb(154,151,141)
skb_free_head_[k]->rgb(154,151,141)
skb_gso_transport_seglen_[k]->rgb(154,151,141)
skb_gso_validate_network_len_[k]->rgb(154,151,141)
skb_network_protocol_[k]->rgb(154,151,141)
skb_page_frag_refill_[k]->rgb(154,151,141)
skb_pull_[k]->rgb(154,151,141)
skb_pull_rcsum_[k]->rgb(154,151,141)
skb_push_[k]->rgb(154,151,141)
skb_put_[k]->rgb(154,151,141)
skb_queue_tail_[k]->rgb(154,151,141)
skb_release_data_[k]->rgb(154,151,141)
skb_release_head_state_[k]->rgb(154,151,141)
skb_scrub_packet_[k]->rgb(154,151,141)
skb_set_owner_w_[k]->rgb(154,151,141)
skb_try_coalesce_[k]->rgb(154,151,141)
skb_unlink_[k]->rgb(154,151,141)
slab_free_freelist_hook.constprop.0_[k]->rgb(154,151,141)
slow_alloc<tcmalloc::tcmalloc_internal::TCMallocPolicy<tcmalloc::tcmalloc_internal::CppOomPolicy, tcmalloc::tcmalloc_internal::DefaultAlignPolicy, tcmalloc::tcmalloc_internal::AllocationAccessHotPolicy, tcmalloc::tcmalloc_internal::InvokeHooksPolicy, tcmalloc::tcmalloc_internal::LocalNumaPartitionPolicy>, decltype(nullptr)>->rgb(232,123,164)
slow_alloc<tcmalloc::tcmalloc_internal::TCMallocPolicy<tcmalloc::tcmalloc_internal::MallocOomPolicy, tcmalloc::tcmalloc_internal::MallocAlignPolicy, tcmalloc::tcmalloc_internal::AllocationAccessHotPolicy, tcmalloc::tcmalloc_internal::InvokeHooksPolicy, tcmalloc::tcmalloc_internal::LocalNumaPartitionPolicy>, decltype(nullptr)>->rgb(232,123,164)
smp_call_function_single_async_[k]->rgb(154,151,141)
smpboot_thread_fn_[k]->rgb(154,151,141)
sock_alloc_send_pskb_[k]->rgb(154,151,141)
sock_def_readable_[k]->rgb(154,151,141)
sock_poll_[k]->rgb(154,151,141)
sock_put_[k]->rgb(154,151,141)
sock_read_iter_[k]->rgb(154,151,141)
sock_recvmsg_[k]->rgb(154,151,141)
sock_rfree_[k]->rgb(154,151,141)
sock_wfree_[k]->rgb(154,151,141)
sock_write_iter_[k]->rgb(154,151,141)
sockfd_lookup_light_[k]->rgb(154,151,141)
ssl_read_impl->rgb(232,123,164)
start_thread->rgb(74,58,167)
std::__1::__function::__func<Envoy::Event::DispatcherImpl::WatchdogRegistration::WatchdogRegistration(std::__1::shared_ptr<Envoy::Server::WatchDog> const&, Envoy::Event::Scheduler&, std::__1::chrono::duration<long long, std::__1::ratio<1l, 1000l> >, Envoy::Event::Dispatcher&)::{lambda()#1}, std::__1::allocator<Envoy::Event::DispatcherImpl::WatchdogRegistration::WatchdogRegistration(std::__1::shared_ptr<Envoy::Server::WatchDog> const&, Envoy::Event::Scheduler&, std::__1::chrono::duration<long long, std::__1::ratio<1l, 1000l> >, Envoy::Event::Dispatcher&)::{lambda()#1}>, void->rgb(232,123,164)
std::__1::__function::__func<Envoy::Event::DispatcherImpl::createFileEvent(int, std::__1::function<void->rgb(232,123,164)
std::__1::__function::__func<Envoy::Event::DispatcherImpl::createSchedulableCallback(std::__1::function<void->rgb(232,123,164)
std::__1::__function::__func<Envoy::Event::FileEventImpl::FileEventImpl(Envoy::Event::DispatcherImpl&, int, std::__1::function<void->rgb(232,123,164)
std::__1::__function::__func<Envoy::Network::ConnectionImpl::ConnectionImpl(Envoy::Event::Dispatcher&, std::__1::unique_ptr<Envoy::Network::ConnectionSocket, std::__1::default_delete<Envoy::Network::ConnectionSocket> >&&, std::__1::unique_ptr<Envoy::Network::TransportSocket, std::__1::default_delete<Envoy::Network::TransportSocket> >&&, Envoy::StreamInfo::StreamInfo&, bool)::$_6, std::__1::allocator<Envoy::Network::ConnectionImpl::ConnectionImpl(Envoy::Event::Dispatcher&, std::__1::unique_ptr<Envoy::Network::ConnectionSocket, std::__1::default_delete<Envoy::Network::ConnectionSocket> >&&, std::__1::unique_ptr<Envoy::Network::TransportSocket, std::__1::default_delete<Envoy::Network::TransportSocket> >&&, Envoy::StreamInfo::StreamInfo&, bool)::$_6>, void->rgb(232,123,164)
std::__1::__function::__func<Envoy::Server::GuardDogImpl::start(Envoy::Api::Api&)::$_4, std::__1::allocator<Envoy::Server::GuardDogImpl::start(Envoy::Api::Api&)::$_4>, void->rgb(232,123,164)
std::__1::__function::__func<Envoy::Server::MetricSnapshotImpl::MetricSnapshotImpl(Envoy::Stats::Store&, Envoy::Upstream::ClusterManager&, Envoy::TimeSource&)::$_3, std::__1::allocator<Envoy::Server::MetricSnapshotImpl::MetricSnapshotImpl(Envoy::Stats::Store&, Envoy::Upstream::ClusterManager&, Envoy::TimeSource&)::$_3>, void->rgb(232,123,164)
std::__1::__function::__func<Envoy::Stats::ThreadLocalStoreImpl::mergeHistograms(std::__1::function<void->rgb(232,123,164)
std::__1::__function::__func<Envoy::TcpProxy::Filter::onUpstreamConnection()::$_6, std::__1::allocator<Envoy::TcpProxy::Filter::onUpstreamConnection()::$_6>, bool->rgb(232,123,164)
std::__1::__function::__func<Envoy::TcpProxy::Filter::onUpstreamConnection()::$_7, std::__1::allocator<Envoy::TcpProxy::Filter::onUpstreamConnection()::$_7>, bool->rgb(232,123,164)
std::__1::__function::__func<std::__1::__bind<void->rgb(232,123,164)
std::__1::__function::__value_func<void->rgb(232,123,164)
std::__1::__shared_ptr_emplace<Envoy::Network::Address::Ipv4Instance, std::__1::allocator<Envoy::Network::Address::Ipv4Instance> >::__on_zero_shared_weak->rgb(232,123,164)
std::__1::chrono::steady_clock::now->rgb(232,123,164)
strncpy_[k]->rgb(154,151,141)
swake_up_one_[k]->rgb(154,151,141)
swapper->rgb(239,158,37)
switch_fpu_return_[k]->rgb(154,151,141)
switch_ldt_[k]->rgb(154,151,141)
switch_mm_irqs_off_[k]->rgb(154,151,141)
sync_regs_[k]->rgb(154,151,141)
syscall->rgb(74,58,167)
syscall_enter_from_user_mode_[k]->rgb(154,151,141)
syscall_exit_to_user_mode_[k]->rgb(154,151,141)
syscall_return_via_sysret_[k]->rgb(154,151,141)
sysvec_apic_timer_interrupt_[k]->rgb(154,151,141)
sysvec_call_function_[k]->rgb(154,151,141)
sysvec_call_function_single_[k]->rgb(154,151,141)
sysvec_reschedule_ipi_[k]->rgb(154,151,141)
task_numa_work_[k]->rgb(154,151,141)
task_tick_fair_[k]->rgb(154,151,141)
task_work_run_[k]->rgb(154,151,141)
tcmalloc::deallocationz::DeallocationProfilerList::ReportFree->rgb(232,123,164)
tcmalloc::deallocationz::DeallocationProfilerList::ReportMalloc->rgb(232,123,164)
tcmalloc::tcmalloc_internal::(anonymous namespace)::do_free_pages->rgb(232,123,164)
tcmalloc::tcmalloc_internal::AllocatedBytes->rgb(232,123,164)
tcmalloc::tcmalloc_internal::AllocationSampleList::ReportMalloc->rgb(232,123,164)
tcmalloc::tcmalloc_internal::ExtractStats->rgb(232,123,164)
tcmalloc::tcmalloc_internal::FreeSmallSlow->rgb(232,123,164)
tcmalloc::tcmalloc_internal::GetPageSize->rgb(232,123,164)
tcmalloc::tcmalloc_internal::HugePageAwareAllocator::AllocSmall->rgb(232,123,164)
tcmalloc::tcmalloc_internal::HugePageAwareAllocator::Delete->rgb(232,123,164)
tcmalloc::tcmalloc_internal::HugePageAwareAllocator::LockAndAlloc->rgb(232,123,164)
tcmalloc::tcmalloc_internal::HugePageAwareAllocator::New->rgb(232,123,164)
tcmalloc::tcmalloc_internal::HugePageAwareAllocator::stats->rgb(232,123,164)
tcmalloc::tcmalloc_internal::HugePageFiller<tcmalloc::tcmalloc_internal::PageTracker>::AddToFillerList->rgb(232,123,164)
tcmalloc::tcmalloc_internal::HugePageFiller<tcmalloc::tcmalloc_internal::PageTracker>::Put->rgb(232,123,164)
tcmalloc::tcmalloc_internal::HugePageFiller<tcmalloc::tcmalloc_internal::PageTracker>::RemoveFromFillerList->rgb(232,123,164)
tcmalloc::tcmalloc_internal::HugePageFiller<tcmalloc::tcmalloc_internal::PageTracker>::TryGet->rgb(232,123,164)
tcmalloc::tcmalloc_internal::PageAllocInfo::RecordFree->rgb(232,123,164)
tcmalloc::tcmalloc_internal::PageAllocator::ShrinkToUsageLimit->rgb(232,123,164)
tcmalloc::tcmalloc_internal::PageTracker::Put->rgb(232,123,164)
tcmalloc::tcmalloc_internal::PeakHeapTracker::MaybeSaveSample->rgb(232,123,164)
tcmalloc::tcmalloc_internal::RangeTracker<256ul>::FindAndMark->rgb(232,123,164)
tcmalloc::tcmalloc_internal::SampleRecorder<tcmalloc::tcmalloc_internal::SampledAllocation, tcmalloc::tcmalloc_internal::SampledAllocationAllocator>::PopDead<tcmalloc::tcmalloc_internal::StackTrace>->rgb(232,123,164)
tcmalloc::tcmalloc_internal::SampleRecorder<tcmalloc::tcmalloc_internal::SampledAllocation, tcmalloc::tcmalloc_internal::SampledAllocationAllocator>::PushDead->rgb(232,123,164)
tcmalloc::tcmalloc_internal::SampledAllocation::PrepareForSampling->rgb(232,123,164)
tcmalloc::tcmalloc_internal::SampleifyAllocation<tcmalloc::tcmalloc_internal::Static, tcmalloc::tcmalloc_internal::TCMallocPolicy<tcmalloc::tcmalloc_internal::CppOomPolicy, tcmalloc::tcmalloc_internal::DefaultAlignPolicy, tcmalloc::tcmalloc_internal::AllocationAccessHotPolicy, tcmalloc::tcmalloc_internal::InvokeHooksPolicy, tcmalloc::tcmalloc_internal::LocalNumaPartitionPolicy> >->rgb(232,123,164)
tcmalloc::tcmalloc_internal::Sampler::RecordAllocationSlow->rgb(232,123,164)
tcmalloc::tcmalloc_internal::Span::Unsample->rgb(232,123,164)
tcmalloc::tcmalloc_internal::ThreadCache::GetThreadStats->rgb(232,123,164)
tcmalloc::tcmalloc_internal::TimeSeriesTracker<tcmalloc::tcmalloc_internal::FillerStatsTracker<600ul>::FillerStatsEntry, tcmalloc::tcmalloc_internal::FillerStatsTracker<600ul>::FillerStats, 600ul>::Report->rgb(232,123,164)
tcmalloc::tcmalloc_internal::invoke_delete_hooks_and_free<&tcmalloc::tcmalloc_internal::(anonymous namespace)::do_free_pages,->rgb(232,123,164)
tcmalloc::tcmalloc_internal::invoke_delete_hooks_and_free<&tcmalloc::tcmalloc_internal::FreeSmallSlow,->rgb(232,123,164)
tcp_ack_[k]->rgb(154,151,141)
tcp_ack_tstamp_[k]->rgb(154,151,141)
tcp_ack_update_rtt_[k]->rgb(154,151,141)
tcp_add_backlog_[k]->rgb(154,151,141)
tcp_check_space_[k]->rgb(154,151,141)
tcp_chrono_start_[k]->rgb(154,151,141)
tcp_chrono_stop_[k]->rgb(154,151,141)
tcp_clean_rtx_queue.constprop.0_[k]->rgb(154,151,141)
tcp_cleanup_rbuf_[k]->rgb(154,151,141)
tcp_current_mss_[k]->rgb(154,151,141)
tcp_data_queue_[k]->rgb(154,151,141)
tcp_data_ready_[k]->rgb(154,151,141)
tcp_established_options_[k]->rgb(154,151,141)
tcp_event_data_recv_[k]->rgb(154,151,141)
tcp_event_new_data_sent_[k]->rgb(154,151,141)
tcp_filter_[k]->rgb(154,151,141)
tcp_grow_window_[k]->rgb(154,151,141)
tcp_in_ack_event_[k]->rgb(154,151,141)
tcp_in_window_[k]->rgb(154,151,141)
tcp_mstamp_refresh_[k]->rgb(154,151,141)
tcp_mtu_probe_[k]->rgb(154,151,141)
tcp_newly_delivered_[k]->rgb(154,151,141)
tcp_options_write_[k]->rgb(154,151,141)
tcp_parse_md5sig_option_[k]->rgb(154,151,141)
tcp_poll_[k]->rgb(154,151,141)
tcp_push_[k]->rgb(154,151,141)
tcp_queue_rcv_[k]->rgb(154,151,141)
tcp_rack_advance_[k]->rgb(154,151,141)
tcp_rack_update_reo_wnd_[k]->rgb(154,151,141)
tcp_rate_check_app_limited_[k]->rgb(154,151,141)
tcp_rate_gen_[k]->rgb(154,151,141)
tcp_rate_skb_delivered_[k]->rgb(154,151,141)
tcp_rate_skb_sent_[k]->rgb(154,151,141)
tcp_rbtree_insert_[k]->rgb(154,151,141)
tcp_rcv_established_[k]->rgb(154,151,141)
tcp_rcv_space_adjust_[k]->rgb(154,151,141)
tcp_rearm_rto.part.0_[k]->rgb(154,151,141)
tcp_rearm_rto_[k]->rgb(154,151,141)
tcp_recv_timestamp_[k]->rgb(154,151,141)
tcp_recvmsg_[k]->rgb(154,151,141)
tcp_recvmsg_locked_[k]->rgb(154,151,141)
tcp_release_cb_[k]->rgb(154,151,141)
tcp_rtt_estimator_[k]->rgb(154,151,141)
tcp_schedule_loss_probe.part.0_[k]->rgb(154,151,141)
tcp_schedule_loss_probe_[k]->rgb(154,151,141)
tcp_send_ack_[k]->rgb(154,151,141)
tcp_send_delayed_ack_[k]->rgb(154,151,141)
tcp_send_mss_[k]->rgb(154,151,141)
tcp_sendmsg_[k]->rgb(154,151,141)
tcp_sendmsg_locked_[k]->rgb(154,151,141)
tcp_skb_entail_[k]->rgb(154,151,141)
tcp_small_queue_check.isra.0_[k]->rgb(154,151,141)
tcp_stream_memory_free_[k]->rgb(154,151,141)
tcp_try_coalesce_[k]->rgb(154,151,141)
tcp_try_rmem_schedule_[k]->rgb(154,151,141)
tcp_tso_segs_[k]->rgb(154,151,141)
tcp_tso_should_defer_[k]->rgb(154,151,141)
tcp_tx_timestamp_[k]->rgb(154,151,141)
tcp_update_pacing_rate_[k]->rgb(154,151,141)
tcp_update_recv_tstamps_[k]->rgb(154,151,141)
tcp_update_skb_after_send_[k]->rgb(154,151,141)
tcp_urg_[k]->rgb(154,151,141)
tcp_v4_do_rcv_[k]->rgb(154,151,141)
tcp_v4_early_demux_[k]->rgb(154,151,141)
tcp_v4_fill_cb_[k]->rgb(154,151,141)
tcp_v4_inbound_md5_hash_[k]->rgb(154,151,141)
tcp_v4_rcv_[k]->rgb(154,151,141)
tcp_v4_send_check_[k]->rgb(154,151,141)
tcp_validate_incoming_[k]->rgb(154,151,141)
tcp_wfree_[k]->rgb(154,151,141)
tcp_write_xmit_[k]->rgb(154,151,141)
tcp_xmit_recovery_[k]->rgb(154,151,141)
tick_do_update_jiffies64_[k]->rgb(154,151,141)
tick_program_event_[k]->rgb(154,151,141)
tick_sched_do_timer_[k]->rgb(154,151,141)
tick_sched_handle_[k]->rgb(154,151,141)
tick_sched_timer_[k]->rgb(154,151,141)
timekeeping_adjust.constprop.0_[k]->rgb(154,151,141)
timekeeping_advance_[k]->rgb(154,151,141)
timekeeping_update_[k]->rgb(154,151,141)
timerqueue_add_[k]->rgb(154,151,141)
timerqueue_del_[k]->rgb(154,151,141)
timespec64_add_safe_[k]->rgb(154,151,141)
tracing_record_taskinfo_[k]->rgb(154,151,141)
tracing_record_taskinfo_sched_switch_[k]->rgb(154,151,141)
trigger_load_balance_[k]->rgb(154,151,141)
try_charge_memcg_[k]->rgb(154,151,141)
try_return_blocks->rgb(27,175,122)
try_to_wake_up_[k]->rgb(154,151,141)
ttwu_do_activate_[k]->rgb(154,151,141)
ttwu_do_wakeup_[k]->rgb(154,151,141)
ttwu_queue_wakelist_[k]->rgb(154,151,141)
tx_disarm_tail->rgb(27,175,122)
tx_timer_fn->rgb(27,175,122)
tx_wait_cancel->rgb(27,175,122)
txq_flush->rgb(42,120,214)
udp_recvmsg_[k]->rgb(154,151,141)
udp_send_skb_[k]->rgb(154,151,141)
udp_sendmsg_[k]->rgb(154,151,141)
unix_destruct_scm_[k]->rgb(154,151,141)
unix_poll_[k]->rgb(154,151,141)
unix_scm_to_skb_[k]->rgb(154,151,141)
unix_stream_read_actor_[k]->rgb(154,151,141)
unix_stream_read_generic_[k]->rgb(154,151,141)
unix_stream_recvmsg_[k]->rgb(154,151,141)
unix_stream_sendmsg_[k]->rgb(154,151,141)
unix_write_space_[k]->rgb(154,151,141)
update_blocked_averages_[k]->rgb(154,151,141)
update_cfs_group_[k]->rgb(154,151,141)
update_curr_[k]->rgb(154,151,141)
update_fast_timekeeper_[k]->rgb(154,151,141)
update_load_avg_[k]->rgb(154,151,141)
update_min_vruntime_[k]->rgb(154,151,141)
update_process_times_[k]->rgb(154,151,141)
update_rq_clock_[k]->rgb(154,151,141)
update_vsyscall_[k]->rgb(154,151,141)
update_wall_time_[k]->rgb(154,151,141)
validate_xmit_skb_[k]->rgb(154,151,141)
validate_xmit_vlan_[k]->rgb(154,151,141)
validate_xmit_xfrm_[k]->rgb(154,151,141)
veth_xmit_[k]->rgb(154,151,141)
vfs_read_[k]->rgb(154,151,141)
vfs_readv_[k]->rgb(154,151,141)
vfs_write_[k]->rgb(154,151,141)
vfs_writev_[k]->rgb(154,151,141)
virtual thunk to Envoy::Network::ConnectionImpl::state() const->rgb(232,123,164)
virtual thunk to Envoy::Network::ConnectionImpl::streamInfo()->rgb(232,123,164)
virtual thunk to Envoy::Network::ConnectionImpl::write(Envoy::Buffer::Instance&, bool)->rgb(232,123,164)
vma_migratable_[k]->rgb(154,151,141)
vmstat_update_[k]->rgb(154,151,141)
vtable for Envoy::Network::IoSocketHandleImpl->rgb(232,123,164)
wait_for_unix_gc_[k]->rgb(154,151,141)
wait_ready.isra.0->rgb(27,175,122)
wait_woken_[k]->rgb(154,151,141)
wake_q_add_safe_[k]->rgb(154,151,141)
wake_up_process_[k]->rgb(154,151,141)
wake_up_q_[k]->rgb(154,151,141)
watchdog_fn->rgb(42,120,214)
wb_do_writeback_[k]->rgb(154,151,141)
wb_over_bg_thresh_[k]->rgb(154,151,141)
wb_workfn_[k]->rgb(154,151,141)
woken_wake_function_[k]->rgb(154,151,141)
worker_fn->rgb(42,120,214)
worker_thread_[k]->rgb(154,151,141)
write->rgb(27,175,122)
writev->rgb(74,58,167)
x2apic_send_IPI_[k]->rgb(154,151,141)
x64_sys_call_[k]->rgb(154,151,141)
xa_load_[k]->rgb(154,151,141)
xas_load_[k]->rgb(154,151,141)
xas_start_[k]->rgb(154,151,141)
xfd_validate_state_[k]->rgb(154,151,141)
xfrm_lookup_[k]->rgb(154,151,141)
xfrm_lookup_with_ifid_[k]->rgb(154,151,141)
xmit_one.constprop.0_[k]->rgb(154,151,141)
yield_task_fair_[k]->rgb(154,151,141)
