[l7_linkerd] worker 4: Service linkerd/linkerd-dst now resolves in the held topology
[l7_linkerd] worker 4: Service test-bench/echo-grpc-alt now resolves in the held topology
[l7_linkerd] worker 4: Service istio-system/istiod now resolves in the held topology
[l7_linkerd] worker 4: Service linkerd/linkerd-sp-validator now resolves in the held topology
[l7_linkerd] worker 4: Service test-bench/plain-bench now resolves in the held topology
[l7_linkerd] worker 4: Service test-bench/echo-dpumesh now resolves in the held topology
[l7_linkerd] worker 4: Service linkerd/linkerd-policy-validator now resolves in the held topology
[l7_linkerd] worker 4: Service linkerd/linkerd-identity now resolves in the held topology
[l7_linkerd] worker 5: Service istio-system/istiod now resolves in the held topology
[l7_linkerd] worker 5: Service test-bench/bench-grpc-dpumesh now resolves in the held topology
[l7_linkerd] worker 5: Service test-bench/plain-sock now resolves in the held topology
[l7_linkerd] worker 5: Service test-bench/echo-grpc-dpumesh now resolves in the held topology
[l7_linkerd] worker 5: Service linkerd/linkerd-policy-validator now resolves in the held topology
[l7_linkerd] worker 5: Service test-bench/inject-sock now resolves in the held topology
[l7_linkerd] worker 5: Service test-bench/http1-bench now resolves in the held topology
[l7_linkerd] worker 5: Service test-bench/inject-bench now resolves in the held topology
[l7_linkerd] worker 5: Service kube-system/metrics-server now resolves in the held topology
[l7_linkerd] worker 5: Service test-bench/http1-dpumesh now resolves in the held topology
[l7_linkerd] worker 5: Service test-bench/preload-bench now resolves in the held topology
[l7_linkerd] worker 5: Service test-bench/bench-dpumesh now resolves in the held topology
[l7_linkerd] worker 5: Service test-bench/loopback-dpumesh now resolves in the held topology
[l7_linkerd] worker 5: Service kube-system/kube-dns now resolves in the held topology
[l7_linkerd] worker 5: Service test-bench/echo-dpumesh now resolves in the held topology
[l7_linkerd] worker 5: Service linkerd/linkerd-identity now resolves in the held topology
[l7_linkerd] worker 5: Service test-bench/preload-dpumesh now resolves in the held topology
[l7_linkerd] worker 5: Service test-bench/plain-bench now resolves in the held topology
[l7_linkerd] worker 5: Service linkerd/linkerd-proxy-injector now resolves in the held topology
[l7_linkerd] worker 5: Service linkerd/linkerd-sp-validator now resolves in the held topology
[l7_linkerd] worker 5: Service istio-system/istiod-revision-tag-default now resolves in the held topology
[l7_linkerd] worker 5: Service default/kubernetes now resolves in the held topology
[l7_linkerd] worker 5: Service test-bench/echo-dpumesh-native now resolves in the held topology
[l7_linkerd] worker 5: Service test-bench/preload-sock now resolves in the held topology
[l7_linkerd] worker 5: Service test-bench/verbs-dpumesh now resolves in the held topology
[l7_linkerd] worker 5: Service linkerd/linkerd-dst now resolves in the held topology
[l7_linkerd] worker 5: Service test-bench/echo-grpc-alt now resolves in the held topology
[l7_linkerd] worker 5: Service test-bench/dpumesh-controller now resolves in the held topology
[l7_linkerd] worker 6: Service test-bench/inject-bench now resolves in the held topology
[l7_linkerd] worker 6: Service test-bench/inject-sock now resolves in the held topology
[l7_linkerd] worker 6: Service linkerd/linkerd-proxy-injector now resolves in the held topology
[l7_linkerd] worker 6: Service test-bench/preload-dpumesh now resolves in the held topology
[l7_linkerd] worker 6: Service test-bench/echo-grpc-dpumesh now resolves in the held topology
[l7_linkerd] worker 6: Service test-bench/plain-sock now resolves in the held topology
[l7_linkerd] worker 6: Service test-bench/preload-bench now resolves in the held topology
[l7_linkerd] worker 6: Service test-bench/loopback-dpumesh now resolves in the held topology
[l7_linkerd] worker 6: Service kube-system/kube-dns now resolves in the held topology
[l7_linkerd] worker 6: Service test-bench/echo-dpumesh-native now resolves in the held topology
[l7_linkerd] worker 6: Service test-bench/bench-dpumesh now resolves in the held topology
[l7_linkerd] worker 6: Service test-bench/http1-bench now resolves in the held topology
[l7_linkerd] worker 6: Service test-bench/echo-dpumesh now resolves in the held topology
[l7_linkerd] worker 6: Service kube-system/metrics-server now resolves in the held topology
[l7_linkerd] worker 6: Service linkerd/linkerd-policy-validator now resolves in the held topology
[l7_linkerd] worker 6: Service istio-system/istiod now resolves in the held topology
[l7_linkerd] worker 6: Service test-bench/dpumesh-controller now resolves in the held topology
[l7_linkerd] worker 6: Service linkerd/linkerd-sp-validator now resolves in the held topology
[l7_linkerd] worker 6: Service test-bench/echo-grpc-alt now resolves in the held topology
[l7_linkerd] worker 6: Service test-bench/preload-sock now resolves in the held topology
[l7_linkerd] worker 6: Service test-bench/plain-bench now resolves in the held topology
[l7_linkerd] worker 6: Service default/kubernetes now resolves in the held topology
[l7_linkerd] worker 6: Service test-bench/bench-grpc-dpumesh now resolves in the held topology
[l7_linkerd] worker 6: Service test-bench/verbs-dpumesh now resolves in the held topology
[l7_linkerd] worker 6: Service linkerd/linkerd-dst now resolves in the held topology
[l7_linkerd] worker 6: Service linkerd/linkerd-identity now resolves in the held topology
[l7_linkerd] worker 6: Service istio-system/istiod-revision-tag-default now resolves in the held topology
[l7_linkerd] worker 6: Service test-bench/http1-dpumesh now resolves in the held topology
[l7_linkerd] worker 7: Service linkerd/linkerd-dst now resolves in the held topology
[l7_linkerd] worker 7: Service test-bench/dpumesh-controller now resolves in the held topology
[l7_linkerd] worker 7: Service test-bench/inject-sock now resolves in the held topology
[l7_linkerd] worker 7: Service test-bench/preload-sock now resolves in the held topology
[l7_linkerd] worker 7: Service test-bench/echo-dpumesh-native now resolves in the held topology
[l7_linkerd] worker 7: Service test-bench/loopback-dpumesh now resolves in the held topology
[l7_linkerd] worker 7: Service linkerd/linkerd-proxy-injector now resolves in the held topology
[l7_linkerd] worker 7: Service test-bench/verbs-dpumesh now resolves in the held topology
[l7_linkerd] worker 7: Service test-bench/echo-grpc-alt now resolves in the held topology
[l7_linkerd] worker 7: Service istio-system/istiod-revision-tag-default now resolves in the held topology
[l7_linkerd] worker 7: Service kube-system/metrics-server now resolves in the held topology
[l7_linkerd] worker 7: Service test-bench/bench-grpc-dpumesh now resolves in the held topology
[l7_linkerd] worker 7: Service test-bench/http1-dpumesh now resolves in the held topology
[l7_linkerd] worker 7: Service test-bench/preload-dpumesh now resolves in the held topology
[l7_linkerd] worker 7: Service default/kubernetes now resolves in the held topology
[l7_linkerd] worker 7: Service test-bench/http1-bench now resolves in the held topology
[l7_linkerd] worker 7: Service test-bench/echo-grpc-dpumesh now resolves in the held topology
[l7_linkerd] worker 7: Service linkerd/linkerd-sp-validator now resolves in the held topology
[l7_linkerd] worker 7: Service linkerd/linkerd-identity now resolves in the held topology
[l7_linkerd] worker 7: Service kube-system/kube-dns now resolves in the held topology
[l7_linkerd] worker 7: Service test-bench/bench-dpumesh now resolves in the held topology
[l7_linkerd] worker 7: Service test-bench/inject-bench now resolves in the held topology
[l7_linkerd] worker 7: Service istio-system/istiod now resolves in the held topology
[l7_linkerd] worker 7: Service test-bench/echo-dpumesh now resolves in the held topology
[l7_linkerd] worker 7: Service test-bench/plain-bench now resolves in the held topology
[l7_linkerd] worker 7: Service test-bench/preload-bench now resolves in the held topology
[l7_linkerd] worker 7: Service test-bench/plain-sock now resolves in the held topology
[l7_linkerd] worker 7: Service linkerd/linkerd-policy-validator now resolves in the held topology
[l7_linkerd] worker 0: Service test-bench/http1-bench now resolves in the held topology
[l7_linkerd] worker 0: Service linkerd/linkerd-dst now resolves in the held topology
[l7_linkerd] worker 0: Service kube-system/metrics-server now resolves in the held topology
[l7_linkerd] worker 0: Service test-bench/plain-bench now resolves in the held topology
[l7_linkerd] worker 0: Service istio-system/istiod now resolves in the held topology
[l7_linkerd] worker 0: Service linkerd/linkerd-policy-validator now resolves in the held topology
[l7_linkerd] worker 0: Service test-bench/loopback-dpumesh now resolves in the held topology
[l7_linkerd] worker 0: Service test-bench/preload-sock now resolves in the held topology
[l7_linkerd] worker 0: Service istio-system/istiod-revision-tag-default now resolves in the held topology
[l7_linkerd] worker 0: Service test-bench/bench-dpumesh now resolves in the held topology
[l7_linkerd] worker 0: Service test-bench/echo-grpc-dpumesh now resolves in the held topology
[l7_linkerd] worker 0: Service test-bench/bench-grpc-dpumesh now resolves in the held topology
[l7_linkerd] worker 0: Service test-bench/preload-dpumesh now resolves in the held topology
[l7_linkerd] worker 0: Service test-bench/echo-dpumesh-native now resolves in the held topology
[l7_linkerd] worker 0: Service test-bench/dpumesh-controller now resolves in the held topology
[l7_linkerd] worker 0: Service default/kubernetes now resolves in the held topology
[l7_linkerd] worker 0: Service linkerd/linkerd-proxy-injector now resolves in the held topology
[l7_linkerd] worker 0: Service linkerd/linkerd-identity now resolves in the held topology
[l7_linkerd] worker 0: Service test-bench/http1-dpumesh now resolves in the held topology
[l7_linkerd] worker 0: Service test-bench/inject-bench now resolves in the held topology
[l7_linkerd] worker 0: Service linkerd/linkerd-sp-validator now resolves in the held topology
[l7_linkerd] worker 0: Service test-bench/plain-sock now resolves in the held topology
[l7_linkerd] worker 0: Service test-bench/verbs-dpumesh now resolves in the held topology
[l7_linkerd] worker 0: Service test-bench/inject-sock now resolves in the held topology
[l7_linkerd] worker 0: Service test-bench/echo-grpc-alt now resolves in the held topology
[l7_linkerd] worker 0: Service test-bench/preload-bench now resolves in the held topology
[l7_linkerd] worker 0: Service kube-system/kube-dns now resolves in the held topology
[l7_linkerd] worker 0: Service test-bench/echo-dpumesh now resolves in the held topology
