[0;32m[INFO][0m Host NUMA: PCI 94:00.0 -> node 1, benchmark cores 18-35
secret/envoy-mtls configured
[0;32m[INFO][0m Envoy benchmark mTLS Secret ready
[sudo] password for jukebox: [sudo] password for jukebox: trusted registration keyring ready: host=/etc/dpumesh/registration.keys dpu=/etc/dpumesh/registration.keys
[0;34m[STEP][0m === Applying K8s manifest (replicas=0) ===
deployment.apps/bench-dpumesh configured
service/bench-dpumesh unchanged
deployment.apps/echo-dpumesh configured
deployment.apps/echo-dpumesh-13 configured
deployment.apps/echo-dpumesh-14 configured
service/echo-dpumesh unchanged
deployment.apps/loopback-dpumesh unchanged
service/loopback-dpumesh unchanged
deployment.apps/verbs-dpumesh unchanged
service/verbs-dpumesh unchanged
deployment.apps/preload-dpumesh unchanged
service/preload-dpumesh unchanged
deployment.apps/preload-echo unchanged
deployment.apps/preload-bench unchanged
service/preload-bench unchanged
service/preload-sock unchanged
deployment.apps/bench-tcp unchanged
service/bench-tcp unchanged
deployment.apps/echo-tcp unchanged
service/echo-tcp unchanged
deployment.apps/bench-tcp-strict unchanged
service/bench-tcp-strict unchanged
deployment.apps/echo-tcp-strict unchanged
service/echo-tcp-strict unchanged
configmap/sidecar1-config unchanged
configmap/sidecar2-config unchanged
configmap/strict-client-config unchanged
configmap/strict-server-config unchanged
deployment.apps/bench-grpc-dpumesh unchanged
service/bench-grpc-dpumesh unchanged
deployment.apps/echo-grpc-dpumesh unchanged
service/echo-grpc-dpumesh unchanged
deployment.apps/bench-grpc-envoy unchanged
service/bench-grpc-envoy unchanged
deployment.apps/echo-grpc-envoy unchanged
service/echo-grpc-envoy unchanged
deployment.apps/bench-grpc-tcp unchanged
service/bench-grpc-tcp unchanged
deployment.apps/echo-grpc-tcp unchanged
service/echo-grpc-tcp unchanged
configmap/grpc-sidecar1-config unchanged
deployment.apps/bench-grpc-envoy-strict unchanged
service/bench-grpc-envoy-strict unchanged
deployment.apps/echo-grpc-envoy-strict unchanged
service/echo-grpc-envoy-strict unchanged
configmap/grpc-strict-client-config unchanged
[0;32m[INFO][0m K8s resources applied (linkerd=0)
[1;33m[WARN][0m L7 Service id 13 (echo-dpumesh-13) has no Service in test-bench; not published
[1;33m[WARN][0m L7 Service id 14 (echo-dpumesh-14) has no Service in test-bench; not published
[0;32m[INFO][0m L7 Service target feed carries service id(s): 11
published Service target generation 1787112529244273119 to jukebox@192.168.100.2:/home/jukebox/l7build/service-targets.v1
Running as unit: dpumesh-linkerd-service-registry.service
[0;34m[STEP][0m === Syncing sources to DPU (jukebox@192.168.100.2:~/DPUmesh) ===
sending incremental file list
buffer.c
buffer.h
build_dpacc.sh
comch_client.c
comch_client.h
comch_common.c
comch_common.h
comch_msgq.c
comch_msgq.h
comch_server.c
comch_server.h
common.c
common.h
config.c
config.h
dpa.c
dpa.h
dpa_common.h
dpa_resource_config.yaml
dpu_main.c
dpu_proxy.c
dpu_proxy.h
dpu_worker.c
dpu_worker.h
meson.build
meson_options.txt
object.c
object.h
pod_membership.c
pod_membership.h
ring.c
ring.h
workload_grant.c
workload_grant.h
device/dpa_kernel.c

sent 2,429 bytes  received 4,872 bytes  4,867.33 bytes/sec
total size is 474,945  speedup is 65.05
sending incremental file list
dpumesh/dmesh.h
dpumesh/dmesh_common.h
dpumesh/dmesh_topology.h

sent 297 bytes  received 186 bytes  966.00 bytes/sec
total size is 11,793  speedup is 24.42
sending incremental file list
dmesh_l7.h

sent 133 bytes  received 75 bytes  416.00 bytes/sec
total size is 3,902  speedup is 18.76
sending incremental file list
l7_null.c

sent 134 bytes  received 195 bytes  219.33 bytes/sec
total size is 17,639  speedup is 53.61
[0;32m[INFO][0m Source sync complete
[0;34m[STEP][0m === Syncing linkerd sources to DPU (jukebox@192.168.100.2:/home/jukebox/l7build) ===
[0;32m[INFO][0m linkerd source sync complete
[0;34m[STEP][0m === Building Linkerd adapter on DPU (libdmesh_l7.a) ===
[0;32m[INFO][0m libdmesh_l7.a built (/home/jukebox/l7build/rust/target/release/libdmesh_l7.a)
[0;34m[STEP][0m === Building on DPU (ninja) ===
[0;32m[INFO][0m control plane: deployed (dst=192.168.100.1:28086 policy=192.168.100.1:28087 identity=192.168.100.1:28088)
[0;32m[INFO][0m linkerd preflight OK (staticlib exports the contract and needs no port datapath, identity material readable, deployed control plane required)
[0;32m[INFO][0m DPU build OK (buildtype=debugoptimized, recompiled 15 C objects)
[0;34m[STEP][0m === Building host libdpumesh.so (make lib) ===
make: Entering directory '/home/jukebox/DPUmesh'
make: Leaving directory '/home/jukebox/DPUmesh'
[0;32m[INFO][0m Host build OK (/home/jukebox/DPUmesh/build/lib/libdpumesh.so)
[0;34m[STEP][0m === Building bench/validator binaries (make bench) ===
make: Entering directory '/home/jukebox/DPUmesh'
make: Leaving directory '/home/jukebox/DPUmesh'
[0;32m[INFO][0m Bench binaries built (/home/jukebox/DPUmesh/build/bin + /home/jukebox/DPUmesh/build/lib/libdmesh_preload.so)
[0;34m[STEP][0m === Building Docker images (scope=core) ===
#0 building with "default" instance using docker driver

#1 [internal] load build definition from workload_attest.Dockerfile
#1 transferring dockerfile: 279B done
#1 DONE 0.0s

#2 [internal] load metadata for docker.io/library/python:3.12.5-slim-bookworm
#2 DONE 1.2s

#3 [internal] load .dockerignore
#3 transferring context: 2B done
#3 DONE 0.0s

#4 [1/3] FROM docker.io/library/python:3.12.5-slim-bookworm@sha256:c24c34b502635f1f7c4e99dc09a2cbd85d480b7dcfd077198c6b5af138906390
#4 resolve docker.io/library/python:3.12.5-slim-bookworm@sha256:c24c34b502635f1f7c4e99dc09a2cbd85d480b7dcfd077198c6b5af138906390 0.0s done
#4 DONE 0.0s

#5 [internal] load build context
#5 transferring context: 22.20kB done
#5 DONE 0.0s

#6 [2/3] COPY bench/workload_attest_agent.py /usr/local/bin/dpumesh-workload-agent
#6 CACHED

#7 [3/3] RUN chmod 0555 /usr/local/bin/dpumesh-workload-agent
#7 CACHED

#8 exporting to image
#8 exporting layers done
#8 exporting manifest sha256:30ee5189a6c23515beb5dcf925c69547dfe23260c3eb7cc2bb6870f2524a9af4 done
#8 exporting config sha256:2df6b45b7f894a3111d85beda24f91458f6bde5b268f31803acc31a105b6406e done
#8 exporting attestation manifest sha256:b168287626452ee19695388adf8873ece29697b9306a2881b61325af3f50e282 0.0s done
#8 exporting manifest list sha256:d7daa197c06672f7e66cd6d28e57f7ad4c4c2165502c338c3fa3ac532199abee done
#8 naming to docker.io/bench/dpumesh-workload-agent:latest done
#8 unpacking to docker.io/bench/dpumesh-workload-agent:latest done
#8 DONE 0.0s
docker.io/bench/dpumesh-workload-agent:latest
docker.io/bench/dpumesh workload agent:l	saved	
application/vnd.oci.image.index.v1+json sha256:d7daa197c06672f7e66cd6d28e57f7ad4c4c2165502c338c3fa3ac532199abee
Importing	elapsed: 0.7 s	total:   0.0 B	(0.0 B/s)	
#0 building with "default" instance using docker driver

#1 [internal] load build definition from linkerd_cp_gateway.Dockerfile
#1 transferring dockerfile: 289B done
#1 DONE 0.0s

#2 [internal] load metadata for docker.io/library/python:3.12.5-slim-bookworm
#2 DONE 0.3s

#3 [internal] load .dockerignore
#3 transferring context: 2B done
#3 DONE 0.0s

#4 [1/3] FROM docker.io/library/python:3.12.5-slim-bookworm@sha256:c24c34b502635f1f7c4e99dc09a2cbd85d480b7dcfd077198c6b5af138906390
#4 resolve docker.io/library/python:3.12.5-slim-bookworm@sha256:c24c34b502635f1f7c4e99dc09a2cbd85d480b7dcfd077198c6b5af138906390 done
#4 DONE 0.0s

#5 [internal] load build context
#5 transferring context: 7.73kB done
#5 DONE 0.0s

#6 [2/3] COPY bench/linkerd_cp_relay.py /usr/local/bin/dpumesh-linkerd-cp-gateway
#6 CACHED

#7 [3/3] RUN chmod 0555 /usr/local/bin/dpumesh-linkerd-cp-gateway
#7 CACHED

#8 exporting to image
#8 exporting layers done
#8 exporting manifest sha256:165f906ea7c10d6a8f357108390fc726529d78e557ffe846d5c2d15a9dc80fec done
#8 exporting config sha256:8c2e27f8f58620bd8247475927d1feac3049af3675767ae0b6fe5bc19ea4fb28 done
#8 exporting attestation manifest sha256:f3770da3ad392dcea1e317746b5bf3b4f475f4452f04e1b5e1f837a4cc927d25 0.0s done
#8 exporting manifest list sha256:8672061094dd74423394f06fce1b30944b0cb52f54ff6126e49792392bdee3c9 done
#8 naming to docker.io/bench/dpumesh-linkerd-cp-gateway:latest done
#8 unpacking to docker.io/bench/dpumesh-linkerd-cp-gateway:latest done
#8 DONE 0.0s
docker.io/bench/dpumesh-linkerd-cp-gateway:latest
docker.io/bench/dpumesh linkerd cp gatew	saved	
application/vnd.oci.image.index.v1+json sha256:8672061094dd74423394f06fce1b30944b0cb52f54ff6126e49792392bdee3c9
Importing	elapsed: 0.7 s	total:   0.0 B	(0.0 B/s)	
#0 building with "default" instance using docker driver

#1 [internal] load build definition from bench_dpumesh.Dockerfile
#1 transferring dockerfile: 747B done
#1 DONE 0.0s

#2 [internal] load metadata for docker.io/library/ubuntu:22.04
#2 DONE 0.0s

#3 [internal] load .dockerignore
#3 transferring context: 2B done
#3 DONE 0.0s

#4 [1/8] FROM docker.io/library/ubuntu:22.04@sha256:3b06811b2afd352be909dd088a004166d665dc76d38b13eada33522a9d915c6f
#4 resolve docker.io/library/ubuntu:22.04@sha256:3b06811b2afd352be909dd088a004166d665dc76d38b13eada33522a9d915c6f done
#4 DONE 0.0s

#5 [internal] load build context
#5 transferring context: 3.87MB 0.0s done
#5 DONE 0.0s

#6 [6/8] COPY bench/k8s/registry /etc/dpumesh/registry
#6 CACHED

#7 [7/8] COPY bench/docker/numa-entrypoint.sh /usr/local/bin/numa-entrypoint.sh
#7 CACHED

#8 [4/8] COPY doca-libs/ /usr/local/lib/
#8 CACHED

#9 [2/8] RUN apt-get update &&     DEBIAN_FRONTEND=noninteractive apt-get install -y       ca-certificates       libibverbs1       libnl-3-200       libnl-route-3-200       libyaml-0-2       libsasl2-2       numactl       openssl &&     rm -rf /var/lib/apt/lists/*
#9 CACHED

#10 [3/8] COPY build/bin/bench_dpumesh /usr/local/bin/bench_dpumesh
#10 CACHED

#11 [5/8] COPY build/lib/libdpumesh.so.4 /usr/local/lib/
#11 CACHED

#12 [8/8] RUN ldconfig
#12 CACHED

#13 exporting to image
#13 exporting layers done
#13 exporting manifest sha256:4f44b1c355e0cc0c923d9c557e419cb9ba3d3dd327191a4b35fdc24f714fe309 done
#13 exporting config sha256:5b5790ee6eda1440da45e00b508d02d2b7b34ae949aefe3be680906f69c65775 done
#13 exporting attestation manifest sha256:665e61d3c497718b1e0afc2bd103d3cb5e042e88beda62ad0051e4ecf6ea28c9 0.0s done
#13 exporting manifest list sha256:6b8aa4b5451a002dffd4904b92f680fbea19178c145467cea5349fc14e817f84 done
#13 naming to docker.io/bench/bench-dpumesh:latest done
#13 unpacking to docker.io/bench/bench-dpumesh:latest done
#13 DONE 0.0s
docker.io/bench/bench-dpumesh:latest
docker.io/bench/bench dpumesh:latest    	saved	
application/vnd.oci.image.index.v1+json sha256:6b8aa4b5451a002dffd4904b92f680fbea19178c145467cea5349fc14e817f84
Importing	elapsed: 0.6 s	total:   0.0 B	(0.0 B/s)	
#0 building with "default" instance using docker driver

#1 [internal] load build definition from echo_dpumesh.Dockerfile
#1 transferring dockerfile: 731B done
#1 DONE 0.0s

#2 [internal] load metadata for docker.io/library/ubuntu:22.04
#2 DONE 0.0s

#3 [internal] load .dockerignore
#3 transferring context: 2B done
#3 DONE 0.0s

#4 [1/8] FROM docker.io/library/ubuntu:22.04@sha256:3b06811b2afd352be909dd088a004166d665dc76d38b13eada33522a9d915c6f
#4 resolve docker.io/library/ubuntu:22.04@sha256:3b06811b2afd352be909dd088a004166d665dc76d38b13eada33522a9d915c6f done
#4 DONE 0.0s

#5 [internal] load build context
#5 transferring context: 42.28kB done
#5 DONE 0.0s

#6 [2/8] RUN apt-get update &&     DEBIAN_FRONTEND=noninteractive apt-get install -y       ca-certificates       libibverbs1       libnl-3-200       libnl-route-3-200       libyaml-0-2       libsasl2-2       numactl       openssl &&     rm -rf /var/lib/apt/lists/*
#6 CACHED

#7 [4/8] COPY doca-libs/ /usr/local/lib/
#7 CACHED

#8 [5/8] COPY build/lib/libdpumesh.so.4 /usr/local/lib/
#8 CACHED

#9 [7/8] COPY bench/docker/numa-entrypoint.sh /usr/local/bin/numa-entrypoint.sh
#9 CACHED

#10 [6/8] COPY bench/k8s/registry /etc/dpumesh/registry
#10 CACHED

#11 [3/8] COPY build/bin/echo_dpumesh /usr/local/bin/echo_dpumesh
#11 CACHED

#12 [8/8] RUN ldconfig
#12 CACHED

#13 exporting to image
#13 exporting layers done
#13 exporting manifest sha256:4cf7b5d0964db2d4435449b35ae8c7ad1ae67435177be6058618d7adc0cf325c done
#13 exporting config sha256:3e80e04d66081a629a8588f5791077ff8f8a06ecd0ebdb65ad009a1cb708a22e done
#13 exporting attestation manifest sha256:27010a2430cec2375237f64819fc753c4c4304e40c966dce33ade1e551d97863 0.0s done
#13 exporting manifest list sha256:b2f270d5bff11de27b740a0109cccad53bb3652c353fbafe0bf7f85e676abf96 done
#13 naming to docker.io/bench/echo-dpumesh:latest done
#13 unpacking to docker.io/bench/echo-dpumesh:latest done
#13 DONE 0.0s
docker.io/bench/echo-dpumesh:latest
docker.io/bench/echo dpumesh:latest     	saved	
application/vnd.oci.image.index.v1+json sha256:b2f270d5bff11de27b740a0109cccad53bb3652c353fbafe0bf7f85e676abf96
Importing	elapsed: 0.5 s	total:   0.0 B	(0.0 B/s)	
[0;32m[INFO][0m Scope images built and imported to containerd
serviceaccount/dpumesh-node-agent unchanged
role.rbac.authorization.k8s.io/dpumesh-node-agent unchanged
rolebinding.rbac.authorization.k8s.io/dpumesh-node-agent unchanged
configmap/dpumesh-service-registry unchanged
daemonset.apps/dpumesh-node-agent unchanged
daemonset.apps/dpumesh-node-agent restarted
Waiting for daemon set "dpumesh-node-agent" rollout to finish: 0 out of 1 new pods have been updated...
Waiting for daemon set "dpumesh-node-agent" rollout to finish: 0 of 1 updated pods are available...
daemon set "dpumesh-node-agent" successfully rolled out
trusted workload node agent ready in namespace test-bench
Running as unit: dpumesh-membership.service
membership publication running (interval=5s)
serviceaccount/dpumesh-linkerd-cp-gateway unchanged
role.rbac.authorization.k8s.io/dpumesh-linkerd-cp-gateway unchanged
rolebinding.rbac.authorization.k8s.io/dpumesh-linkerd-cp-gateway unchanged
daemonset.apps/dpumesh-linkerd-cp-gateway unchanged
daemonset.apps/dpumesh-linkerd-cp-gateway restarted
Waiting for daemon set "dpumesh-linkerd-cp-gateway" rollout to finish: 0 out of 1 new pods have been updated...
Waiting for daemon set "dpumesh-linkerd-cp-gateway" rollout to finish: 0 out of 1 new pods have been updated...
Waiting for daemon set "dpumesh-linkerd-cp-gateway" rollout to finish: 0 of 1 updated pods are available...
daemon set "dpumesh-linkerd-cp-gateway" successfully rolled out
Linkerd control-plane gateway ready at 192.168.100.1:{28086,28087,28088}
Running as unit: dpumesh-linkerd-identity-agent.service
Linkerd identity renewal agent started (interval=1800s)
[0;34m[STEP][0m === Starting dpumesh_dpu (l7_decision='' l7_opaque='11,13,14' l7_full='' dpa_threads='32' rings_per_pod='8' arm_workers='4') ===
[0;32m[INFO][0m Stopping dpumesh_dpu...
[0;32m[INFO][0m dpumesh_dpu running (PID: 1421244)
[0;34m[STEP][0m === Starting pods (innermost first, scope=core) ===
deployment.apps/echo-dpumesh scaled
deployment.apps/echo-dpumesh scaled
pod/echo-dpumesh-696dd597c8-lptmf condition met
[0;32m[INFO][0m echo-dpumesh pod Ready
[0;32m[INFO][0m Waiting for DPUmesh init: echo-dpumesh (DPUmesh DOCA initialized)
[0;32m[INFO][0m echo-dpumesh DPUmesh data-ready
deployment.apps/echo-dpumesh-13 scaled
deployment.apps/echo-dpumesh-13 scaled
pod/echo-dpumesh-13-867cb879f-ppgn6 condition met
[0;32m[INFO][0m echo-dpumesh-13 pod Ready
[0;32m[INFO][0m Waiting for DPUmesh init: echo-dpumesh-13 (DPUmesh DOCA initialized)
[0;32m[INFO][0m echo-dpumesh-13 DPUmesh data-ready
deployment.apps/echo-dpumesh-14 scaled
deployment.apps/echo-dpumesh-14 scaled
pod/echo-dpumesh-14-5b45fbc56b-k5lfv condition met
[0;32m[INFO][0m echo-dpumesh-14 pod Ready
[0;32m[INFO][0m Waiting for DPUmesh init: echo-dpumesh-14 (DPUmesh DOCA initialized)
[0;32m[INFO][0m echo-dpumesh-14 DPUmesh data-ready
deployment.apps/bench-dpumesh scaled
deployment.apps/bench-dpumesh scaled
pod/bench-dpumesh-5645666674-g5cvh condition met
[0;32m[INFO][0m bench-dpumesh pod Ready
[0;32m[INFO][0m Waiting for DPUmesh init: bench-dpumesh (DPUmesh DOCA initialized)
[0;32m[INFO][0m bench-dpumesh DPUmesh data-ready
published Service target generation 1787112614395341888 to jukebox@192.168.100.2:/home/jukebox/l7build/service-targets.v1
[0;34m[STEP][0m === Waiting for Linkerd identity and control-plane readiness ===
[0;32m[INFO][0m Linkerd ready on admin port(s): 4191 4192 4193 4194
[0;34m[STEP][0m === Pinning pods to dedicated cores (taskset, profile=fair) ===
[0;32m[INFO][0m CPU governor=performance, fixed 2.5 GHz on cores 18-35
[0;32m[INFO][0m bench-dpumesh → core(s) 18 (pod=0d0b0ef1487b7e1352a46ab60e09f6eab1d694972fcae6f1e2090c219dd983aa)
[0;32m[INFO][0m   bench-dpumesh (PID 1486486) → 18
[0;32m[INFO][0m echo-dpumesh → core(s) 19 (pod=19a81c385eea39fbd2a52378c83d91736701b9128de8cfe2a3a83489390c7dbb)
[0;32m[INFO][0m   echo-dpumesh (PID 1485185) → 19
[0;32m[INFO][0m echo-dpumesh-13 → core(s) 24 (pod=38a6ce40d9e2130a8084cb491d57855173f724e852d3b9ff592ede758bd75ba1)
[0;32m[INFO][0m   echo-dpumesh-13 (PID 1485773) → 24
[0;32m[INFO][0m echo-dpumesh-14 → core(s) 25 (pod=b43a553fe32e73ea61968430ef019eafba2897eea7f5ed8e10fac46a1cb1e507)
[0;32m[INFO][0m   echo-dpumesh-14 (PID 1486182) → 25
[0;32m[INFO][0m Pinning done
[0;34m[STEP][0m === Validating one connection through the L7 layer ===
  OK mrps=0.003002 gbps=0.0256 req_gbps=0.0250 resp_gbps=0.0006 p50=327.00 p95=584.00 p99=676.00 p999=788.00 p9999=972.00 avg=332.87 min=112.23 max=4878.70 rcnt=14848 scheduled=14949 pending=1 fail=0 conc=1 threads=1 reqsz=1024 repsz=8 reqframe=1040 respframe=24 durs=5.000 offered_mrps=0.003002 drops=0 overflow=0 worker_fail=0 mode=closed arr=const batch=1 reconns=0 reconn_us=0.00 grabs=1 rets=1 recyc=32 waits=0 pads=0 reorder=0 dist=0:14948
[0;32m[INFO][0m single-connection L7 validation passed
[0;32m[INFO][0m === Deploy complete ===
  Run:  bench/bench.sh latency|bandwidth|rate|all [dpumesh|tcp|both]
        bench/bench.sh loopback|verbs|preload ...   (validators)
  Re-pin:  bench/bench.sh pin [fair|l4|hw|hw3|hw6]
