[0;32m[INFO][0m Host NUMA: PCI 94:00.0 -> node 1, benchmark cores 18-35
secret/envoy-mtls configured
[0;32m[INFO][0m Envoy benchmark mTLS Secret ready
[sudo] password for jukebox: [sudo] password for jukebox: trusted registration keyring ready: host=/etc/dpumesh/registration.keys dpu=/etc/dpumesh/registration.keys
[0;34m[STEP][0m === Applying K8s manifest (replicas=0) ===
deployment.apps/bench-dpumesh configured
service/bench-dpumesh unchanged
deployment.apps/echo-dpumesh configured
deployment.apps/echo-dpumesh-13 unchanged
deployment.apps/echo-dpumesh-14 unchanged
service/echo-dpumesh unchanged
deployment.apps/loopback-dpumesh unchanged
service/loopback-dpumesh unchanged
deployment.apps/verbs-dpumesh unchanged
service/verbs-dpumesh unchanged
deployment.apps/preload-dpumesh unchanged
service/preload-dpumesh unchanged
deployment.apps/preload-echo unchanged
deployment.apps/preload-bench unchanged
service/preload-bench unchanged
service/preload-sock unchanged
deployment.apps/bench-tcp unchanged
service/bench-tcp unchanged
deployment.apps/echo-tcp unchanged
service/echo-tcp unchanged
deployment.apps/bench-tcp-strict unchanged
service/bench-tcp-strict unchanged
deployment.apps/echo-tcp-strict unchanged
service/echo-tcp-strict unchanged
configmap/sidecar1-config unchanged
configmap/sidecar2-config unchanged
configmap/strict-client-config unchanged
configmap/strict-server-config unchanged
deployment.apps/bench-grpc-dpumesh unchanged
service/bench-grpc-dpumesh unchanged
deployment.apps/echo-grpc-dpumesh unchanged
service/echo-grpc-dpumesh unchanged
deployment.apps/bench-grpc-envoy unchanged
service/bench-grpc-envoy unchanged
deployment.apps/echo-grpc-envoy unchanged
service/echo-grpc-envoy unchanged
deployment.apps/bench-grpc-tcp unchanged
service/bench-grpc-tcp unchanged
deployment.apps/echo-grpc-tcp unchanged
service/echo-grpc-tcp unchanged
configmap/grpc-sidecar1-config unchanged
deployment.apps/bench-grpc-envoy-strict unchanged
service/bench-grpc-envoy-strict unchanged
deployment.apps/echo-grpc-envoy-strict unchanged
service/echo-grpc-envoy-strict unchanged
configmap/grpc-strict-client-config unchanged
[0;32m[INFO][0m K8s resources applied (linkerd=0)
[1;33m[WARN][0m L7 Service id 13 (echo-dpumesh-13) has no Service in test-bench; not published
[1;33m[WARN][0m L7 Service id 14 (echo-dpumesh-14) has no Service in test-bench; not published
[0;32m[INFO][0m L7 Service target feed carries service id(s): 11
published Service target generation 1787112892020442405 to jukebox@192.168.100.2:/home/jukebox/l7build/service-targets.v1
Running as unit: dpumesh-linkerd-service-registry.service
[0;34m[STEP][0m === Syncing sources to DPU (jukebox@192.168.100.2:~/DPUmesh) ===
sending incremental file list
buffer.c
buffer.h
build_dpacc.sh
comch_client.c
comch_client.h
comch_common.c
comch_common.h
comch_msgq.c
comch_msgq.h
comch_server.c
comch_server.h
common.c
common.h
config.c
config.h
dpa.c
dpa.h
dpa_common.h
dpa_resource_config.yaml
dpu_main.c
dpu_proxy.c
dpu_proxy.h
dpu_worker.c
dpu_worker.h
meson.build
meson_options.txt
object.c
object.h
pod_membership.c
pod_membership.h
ring.c
ring.h
workload_grant.c
workload_grant.h
device/dpa_kernel.c

sent 2,429 bytes  received 4,872 bytes  14,602.00 bytes/sec
total size is 474,945  speedup is 65.05
sending incremental file list
dpumesh/dmesh.h
dpumesh/dmesh_common.h
dpumesh/dmesh_topology.h

sent 297 bytes  received 186 bytes  322.00 bytes/sec
total size is 11,793  speedup is 24.42
sending incremental file list
dmesh_l7.h

sent 133 bytes  received 75 bytes  416.00 bytes/sec
total size is 3,902  speedup is 18.76
sending incremental file list
l7_null.c

sent 134 bytes  received 195 bytes  658.00 bytes/sec
total size is 17,639  speedup is 53.61
[0;32m[INFO][0m Source sync complete
[0;34m[STEP][0m === Syncing linkerd sources to DPU (jukebox@192.168.100.2:/home/jukebox/l7build) ===
[0;32m[INFO][0m linkerd source sync complete
[0;34m[STEP][0m === Building Linkerd adapter on DPU (libdmesh_l7.a) ===
[0;32m[INFO][0m libdmesh_l7.a built (/home/jukebox/l7build/rust/target/release/libdmesh_l7.a)
[0;34m[STEP][0m === Building on DPU (ninja) ===
[0;32m[INFO][0m control plane: deployed (dst=192.168.100.1:28086 policy=192.168.100.1:28087 identity=192.168.100.1:28088)
[0;32m[INFO][0m linkerd preflight OK (staticlib exports the contract and needs no port datapath, identity material readable, deployed control plane required)
[0;32m[INFO][0m DPU build OK (buildtype=debugoptimized, recompiled 15 C objects)
[0;34m[STEP][0m === Building host libdpumesh.so (make lib) ===
make: Entering directory '/home/jukebox/DPUmesh'
make: Leaving directory '/home/jukebox/DPUmesh'
[0;32m[INFO][0m Host build OK (/home/jukebox/DPUmesh/build/lib/libdpumesh.so)
[0;34m[STEP][0m === Building bench/validator binaries (make bench) ===
make: Entering directory '/home/jukebox/DPUmesh'
make: Leaving directory '/home/jukebox/DPUmesh'
[0;32m[INFO][0m Bench binaries built (/home/jukebox/DPUmesh/build/bin + /home/jukebox/DPUmesh/build/lib/libdmesh_preload.so)
[0;34m[STEP][0m === Building Docker images (scope=core) ===
#0 building with "default" instance using docker driver

#1 [internal] load build definition from workload_attest.Dockerfile
#1 transferring dockerfile: 279B done
#1 DONE 0.0s

#2 [internal] load metadata for docker.io/library/python:3.12.5-slim-bookworm
#2 DONE 1.0s

#3 [internal] load .dockerignore
#3 transferring context: 2B done
#3 DONE 0.0s

#4 [1/3] FROM docker.io/library/python:3.12.5-slim-bookworm@sha256:c24c34b502635f1f7c4e99dc09a2cbd85d480b7dcfd077198c6b5af138906390
#4 resolve docker.io/library/python:3.12.5-slim-bookworm@sha256:c24c34b502635f1f7c4e99dc09a2cbd85d480b7dcfd077198c6b5af138906390 done
#4 DONE 0.0s

#5 [internal] load build context
#5 transferring context: 22.20kB done
#5 DONE 0.0s

#6 [2/3] COPY bench/workload_attest_agent.py /usr/local/bin/dpumesh-workload-agent
#6 CACHED

#7 [3/3] RUN chmod 0555 /usr/local/bin/dpumesh-workload-agent
#7 CACHED

#8 exporting to image
#8 exporting layers done
#8 exporting manifest sha256:30ee5189a6c23515beb5dcf925c69547dfe23260c3eb7cc2bb6870f2524a9af4 done
#8 exporting config sha256:2df6b45b7f894a3111d85beda24f91458f6bde5b268f31803acc31a105b6406e done
#8 exporting attestation manifest sha256:0c6be559912bc0ca988fa3fbfceac7c4e7747a335f6e4257ac5af19eb469d185 0.0s done
#8 exporting manifest list sha256:6b81ed79b7d409d2160c1e4d0f2b496fc8a09d2527451cc9c1ba6fe7d3475c23 0.0s done
#8 naming to docker.io/bench/dpumesh-workload-agent:latest done
#8 unpacking to docker.io/bench/dpumesh-workload-agent:latest done
#8 DONE 0.1s
docker.io/bench/dpumesh-workload-agent:latest
docker.io/bench/dpumesh workload agent:l	saved	
application/vnd.oci.image.index.v1+json sha256:6b81ed79b7d409d2160c1e4d0f2b496fc8a09d2527451cc9c1ba6fe7d3475c23
Importing	elapsed: 0.7 s	total:   0.0 B	(0.0 B/s)	
#0 building with "default" instance using docker driver

#1 [internal] load build definition from linkerd_cp_gateway.Dockerfile
#1 transferring dockerfile: 289B done
#1 DONE 0.0s

#2 [internal] load metadata for docker.io/library/python:3.12.5-slim-bookworm
#2 DONE 0.3s

#3 [internal] load .dockerignore
#3 transferring context: 2B done
#3 DONE 0.0s

#4 [1/3] FROM docker.io/library/python:3.12.5-slim-bookworm@sha256:c24c34b502635f1f7c4e99dc09a2cbd85d480b7dcfd077198c6b5af138906390
#4 resolve docker.io/library/python:3.12.5-slim-bookworm@sha256:c24c34b502635f1f7c4e99dc09a2cbd85d480b7dcfd077198c6b5af138906390 done
#4 DONE 0.0s

#5 [internal] load build context
#5 transferring context: 7.73kB done
#5 DONE 0.0s

#6 [2/3] COPY bench/linkerd_cp_relay.py /usr/local/bin/dpumesh-linkerd-cp-gateway
#6 CACHED

#7 [3/3] RUN chmod 0555 /usr/local/bin/dpumesh-linkerd-cp-gateway
#7 CACHED

#8 exporting to image
#8 exporting layers done
#8 exporting manifest sha256:165f906ea7c10d6a8f357108390fc726529d78e557ffe846d5c2d15a9dc80fec done
#8 exporting config sha256:8c2e27f8f58620bd8247475927d1feac3049af3675767ae0b6fe5bc19ea4fb28 done
#8 exporting attestation manifest sha256:3cb14631b1f19f176e4c6eadda6364a6d64a7c8f8d61eec1a97cc76f3c14562d 0.0s done
#8 exporting manifest list sha256:20d621b451f253c4bfb8f169fb9c87f38732ca1045bf117f5abdf7a554f21bdf done
#8 naming to docker.io/bench/dpumesh-linkerd-cp-gateway:latest done
#8 unpacking to docker.io/bench/dpumesh-linkerd-cp-gateway:latest done
#8 DONE 0.0s
docker.io/bench/dpumesh-linkerd-cp-gateway:latest
docker.io/bench/dpumesh linkerd cp gatew	saved	
application/vnd.oci.image.index.v1+json sha256:20d621b451f253c4bfb8f169fb9c87f38732ca1045bf117f5abdf7a554f21bdf
Importing	elapsed: 0.7 s	total:   0.0 B	(0.0 B/s)	
#0 building with "default" instance using docker driver

#1 [internal] load build definition from bench_dpumesh.Dockerfile
#1 transferring dockerfile: 747B done
#1 DONE 0.0s

#2 [internal] load metadata for docker.io/library/ubuntu:22.04
#2 DONE 0.0s

#3 [internal] load .dockerignore
#3 transferring context: 2B done
#3 DONE 0.0s

#4 [1/8] FROM docker.io/library/ubuntu:22.04@sha256:3b06811b2afd352be909dd088a004166d665dc76d38b13eada33522a9d915c6f
#4 resolve docker.io/library/ubuntu:22.04@sha256:3b06811b2afd352be909dd088a004166d665dc76d38b13eada33522a9d915c6f done
#4 DONE 0.0s

#5 [internal] load build context
#5 transferring context: 3.87MB 0.0s done
#5 DONE 0.0s

#6 [3/8] COPY build/bin/bench_dpumesh /usr/local/bin/bench_dpumesh
#6 CACHED

#7 [4/8] COPY doca-libs/ /usr/local/lib/
#7 CACHED

#8 [6/8] COPY bench/k8s/registry /etc/dpumesh/registry
#8 CACHED

#9 [2/8] RUN apt-get update &&     DEBIAN_FRONTEND=noninteractive apt-get install -y       ca-certificates       libibverbs1       libnl-3-200       libnl-route-3-200       libyaml-0-2       libsasl2-2       numactl       openssl &&     rm -rf /var/lib/apt/lists/*
#9 CACHED

#10 [5/8] COPY build/lib/libdpumesh.so.4 /usr/local/lib/
#10 CACHED

#11 [7/8] COPY bench/docker/numa-entrypoint.sh /usr/local/bin/numa-entrypoint.sh
#11 CACHED

#12 [8/8] RUN ldconfig
#12 CACHED

#13 exporting to image
#13 exporting layers done
#13 exporting manifest sha256:4f44b1c355e0cc0c923d9c557e419cb9ba3d3dd327191a4b35fdc24f714fe309 done
#13 exporting config sha256:5b5790ee6eda1440da45e00b508d02d2b7b34ae949aefe3be680906f69c65775 done
#13 exporting attestation manifest sha256:2fa89ba1dfcbd1e37bae8ac6fbd3c9ce04e497ad96a83c4094120c3dc49eef81 0.0s done
#13 exporting manifest list sha256:8da30561e022208b2a30cc3bae5df9675d2b0f77060647f3e72dd48a99f448e9 done
#13 naming to docker.io/bench/bench-dpumesh:latest done
#13 unpacking to docker.io/bench/bench-dpumesh:latest done
#13 DONE 0.0s
docker.io/bench/bench-dpumesh:latest
docker.io/bench/bench dpumesh:latest    	saved	
application/vnd.oci.image.index.v1+json sha256:8da30561e022208b2a30cc3bae5df9675d2b0f77060647f3e72dd48a99f448e9
Importing	elapsed: 0.5 s	total:   0.0 B	(0.0 B/s)	
#0 building with "default" instance using docker driver

#1 [internal] load build definition from echo_dpumesh.Dockerfile
#1 transferring dockerfile: 731B done
#1 DONE 0.0s

#2 [internal] load metadata for docker.io/library/ubuntu:22.04
#2 DONE 0.0s

#3 [internal] load .dockerignore
#3 transferring context: 2B done
#3 DONE 0.0s

#4 [1/8] FROM docker.io/library/ubuntu:22.04@sha256:3b06811b2afd352be909dd088a004166d665dc76d38b13eada33522a9d915c6f
#4 resolve docker.io/library/ubuntu:22.04@sha256:3b06811b2afd352be909dd088a004166d665dc76d38b13eada33522a9d915c6f done
#4 DONE 0.0s

#5 [internal] load build context
#5 transferring context: 42.28kB done
#5 DONE 0.0s

#6 [3/8] COPY build/bin/echo_dpumesh /usr/local/bin/echo_dpumesh
#6 CACHED

#7 [4/8] COPY doca-libs/ /usr/local/lib/
#7 CACHED

#8 [5/8] COPY build/lib/libdpumesh.so.4 /usr/local/lib/
#8 CACHED

#9 [6/8] COPY bench/k8s/registry /etc/dpumesh/registry
#9 CACHED

#10 [7/8] COPY bench/docker/numa-entrypoint.sh /usr/local/bin/numa-entrypoint.sh
#10 CACHED

#11 [2/8] RUN apt-get update &&     DEBIAN_FRONTEND=noninteractive apt-get install -y       ca-certificates       libibverbs1       libnl-3-200       libnl-route-3-200       libyaml-0-2       libsasl2-2       numactl       openssl &&     rm -rf /var/lib/apt/lists/*
#11 CACHED

#12 [8/8] RUN ldconfig
#12 CACHED

#13 exporting to image
#13 exporting layers done
#13 exporting manifest sha256:4cf7b5d0964db2d4435449b35ae8c7ad1ae67435177be6058618d7adc0cf325c done
#13 exporting config sha256:3e80e04d66081a629a8588f5791077ff8f8a06ecd0ebdb65ad009a1cb708a22e done
#13 exporting attestation manifest sha256:bc18f498a5fc243dac45b16a3b609a7c3921906ce590004db977476b3841643d 0.0s done
#13 exporting manifest list sha256:36f0245072e37d2bd99f1eb6f75da72a1b9b152f534800805352e23ca9cf4d65 done
#13 naming to docker.io/bench/echo-dpumesh:latest done
#13 unpacking to docker.io/bench/echo-dpumesh:latest done
#13 DONE 0.0s
docker.io/bench/echo-dpumesh:latest
docker.io/bench/echo dpumesh:latest     	saved	
application/vnd.oci.image.index.v1+json sha256:36f0245072e37d2bd99f1eb6f75da72a1b9b152f534800805352e23ca9cf4d65
Importing	elapsed: 0.5 s	total:   0.0 B	(0.0 B/s)	
[0;32m[INFO][0m Scope images built and imported to containerd
serviceaccount/dpumesh-node-agent unchanged
role.rbac.authorization.k8s.io/dpumesh-node-agent unchanged
rolebinding.rbac.authorization.k8s.io/dpumesh-node-agent unchanged
configmap/dpumesh-service-registry unchanged
daemonset.apps/dpumesh-node-agent unchanged
daemonset.apps/dpumesh-node-agent restarted
Waiting for daemon set "dpumesh-node-agent" rollout to finish: 0 out of 1 new pods have been updated...
Waiting for daemon set "dpumesh-node-agent" rollout to finish: 0 of 1 updated pods are available...
daemon set "dpumesh-node-agent" successfully rolled out
trusted workload node agent ready in namespace test-bench
Running as unit: dpumesh-membership.service
membership publication running (interval=5s)
serviceaccount/dpumesh-linkerd-cp-gateway unchanged
role.rbac.authorization.k8s.io/dpumesh-linkerd-cp-gateway unchanged
rolebinding.rbac.authorization.k8s.io/dpumesh-linkerd-cp-gateway unchanged
daemonset.apps/dpumesh-linkerd-cp-gateway unchanged
daemonset.apps/dpumesh-linkerd-cp-gateway restarted
Waiting for daemon set "dpumesh-linkerd-cp-gateway" rollout to finish: 0 out of 1 new pods have been updated...
Waiting for daemon set "dpumesh-linkerd-cp-gateway" rollout to finish: 0 out of 1 new pods have been updated...
Waiting for daemon set "dpumesh-linkerd-cp-gateway" rollout to finish: 0 of 1 updated pods are available...
daemon set "dpumesh-linkerd-cp-gateway" successfully rolled out
Linkerd control-plane gateway ready at 192.168.100.1:{28086,28087,28088}
Running as unit: dpumesh-linkerd-identity-agent.service
Linkerd identity renewal agent started (interval=1800s)
[0;34m[STEP][0m === Starting dpumesh_dpu (l7_decision='' l7_opaque='11,13,14' l7_full='' dpa_threads='32' rings_per_pod='8' arm_workers='4') ===
[0;32m[INFO][0m Stopping dpumesh_dpu...
[0;32m[INFO][0m dpumesh_dpu running (PID: 1443609)
[0;34m[STEP][0m === Starting pods (innermost first, scope=core) ===
deployment.apps/echo-dpumesh scaled
deployment.apps/echo-dpumesh scaled
pod/echo-dpumesh-696dd597c8-dbssq condition met
[0;32m[INFO][0m echo-dpumesh pod Ready
[0;32m[INFO][0m Waiting for DPUmesh init: echo-dpumesh (DPUmesh DOCA initialized)
[0;32m[INFO][0m echo-dpumesh DPUmesh data-ready
deployment.apps/echo-dpumesh-13 scaled
deployment.apps/echo-dpumesh-13 scaled
pod/echo-dpumesh-13-867cb879f-vvjvq condition met
[0;32m[INFO][0m echo-dpumesh-13 pod Ready
[0;32m[INFO][0m Waiting for DPUmesh init: echo-dpumesh-13 (DPUmesh DOCA initialized)
[0;32m[INFO][0m echo-dpumesh-13 DPUmesh data-ready
deployment.apps/echo-dpumesh-14 scaled
deployment.apps/echo-dpumesh-14 scaled
pod/echo-dpumesh-14-5b45fbc56b-4jwzg condition met
[0;32m[INFO][0m echo-dpumesh-14 pod Ready
[0;32m[INFO][0m Waiting for DPUmesh init: echo-dpumesh-14 (DPUmesh DOCA initialized)
[0;32m[INFO][0m echo-dpumesh-14 DPUmesh data-ready
deployment.apps/bench-dpumesh scaled
deployment.apps/bench-dpumesh scaled
pod/bench-dpumesh-5645666674-l5phk condition met
[0;32m[INFO][0m bench-dpumesh pod Ready
[0;32m[INFO][0m Waiting for DPUmesh init: bench-dpumesh (DPUmesh DOCA initialized)
[0;32m[INFO][0m bench-dpumesh DPUmesh data-ready
published Service target generation 1787112977077991968 to jukebox@192.168.100.2:/home/jukebox/l7build/service-targets.v1
[0;34m[STEP][0m === Waiting for Linkerd identity and control-plane readiness ===
[0;32m[INFO][0m Linkerd ready on admin port(s): 4191 4192 4193 4194
[0;34m[STEP][0m === Pinning pods to dedicated cores (taskset, profile=fair) ===
[0;32m[INFO][0m CPU governor=performance, fixed 2.5 GHz on cores 18-35
[0;32m[INFO][0m bench-dpumesh → core(s) 18 (pod=0f35e6db80c3a8cbcf2bd9b9045fdaa2b846a32c06867c14f8a4a03686e3fbda)
[0;32m[INFO][0m   bench-dpumesh (PID 1508729) → 18
[0;32m[INFO][0m echo-dpumesh → core(s) 19 (pod=13c60fefd48a9923d0772d259d90a76ffb734048a8e9325697ac8ecf8d3c1a01)
[0;32m[INFO][0m   echo-dpumesh (PID 1507337) → 19
[0;32m[INFO][0m echo-dpumesh-13 → core(s) 24 (pod=5a5b182cd836c770c27a9378f22af7dcd9f531890c691c440bb8219538b1dd8a)
[0;32m[INFO][0m   echo-dpumesh-13 (PID 1507968) → 24
[0;32m[INFO][0m echo-dpumesh-14 → core(s) 25 (pod=54bc822d436015dd11c2e8fbd85f46bb6bc5c0a00d0f17c7d7e3976ed605059e)
[0;32m[INFO][0m   echo-dpumesh-14 (PID 1508493) → 25
[0;32m[INFO][0m Pinning done
[0;34m[STEP][0m === Validating one connection through the L7 layer ===
  OK mrps=0.002861 gbps=0.0244 req_gbps=0.0238 resp_gbps=0.0005 p50=339.00 p95=595.00 p99=695.00 p999=790.00 p9999=1044.00 avg=349.26 min=121.70 max=1853.41 rcnt=14146 scheduled=14247 pending=1 fail=0 conc=1 threads=1 reqsz=1024 repsz=8 reqframe=1040 respframe=24 durs=5.000 offered_mrps=0.002861 drops=0 overflow=0 worker_fail=0 mode=closed arr=const batch=1 reconns=0 reconn_us=0.00 grabs=1 rets=1 recyc=31 waits=0 pads=0 reorder=0 dist=0:14246
[0;32m[INFO][0m single-connection L7 validation passed
[0;32m[INFO][0m === Deploy complete ===
  Run:  bench/bench.sh latency|bandwidth|rate|all [dpumesh|tcp|both]
        bench/bench.sh loopback|verbs|preload ...   (validators)
  Re-pin:  bench/bench.sh pin [fair|l4|hw|hw3|hw6]
