[0;32m[ab][0m -> bench/report/data/l7-tx-ab-single-20260819/arm0/provenance-reserve0.txt
[0;34m[ab][0m arm=0 conc=1 rep=1
[0;32m[ab][0m   mrps=0.004225 p99=646.00us dpu=58.9% us/req=140.616
[0;34m[ab][0m arm=0 conc=1 rep=2
[0;32m[ab][0m   mrps=0.002814 p99=696.00us dpu=40.0% us/req=143.415
[0;34m[ab][0m arm=0 conc=1 rep=3
[0;32m[ab][0m   mrps=0.002773 p99=718.00us dpu=39.5% us/req=143.778
[0;34m[ab][0m arm=0 conc=1 rep=4
[0;32m[ab][0m   mrps=0.002828 p99=686.00us dpu=39.5% us/req=141.016
[0;34m[ab][0m arm=0 conc=1 rep=5
[0;32m[ab][0m   mrps=0.002846 p99=685.00us dpu=39.5% us/req=140.091
[0;34m[ab][0m arm=0 conc=1 rep=6
[0;32m[ab][0m   mrps=0.002814 p99=688.00us dpu=40.5% us/req=145.193
[0;34m[ab][0m arm=0 conc=32 rep=1
[0;32m[ab][0m   mrps=0.036737 p99=1616.00us dpu=33.9% us/req=9.250
[0;34m[ab][0m arm=0 conc=32 rep=2
[0;32m[ab][0m   mrps=0.036876 p99=1599.00us dpu=34.2% us/req=9.296
[0;34m[ab][0m arm=0 conc=32 rep=3
[0;32m[ab][0m   mrps=0.037041 p99=1577.00us dpu=34.3% us/req=9.283
[0;34m[ab][0m arm=0 conc=32 rep=4
[0;32m[ab][0m   mrps=0.036938 p99=1597.00us dpu=35.3% us/req=9.577
[0;34m[ab][0m arm=0 conc=32 rep=5
[0;32m[ab][0m   mrps=0.036649 p99=1627.00us dpu=34.7% us/req=9.492
[0;34m[ab][0m arm=0 conc=32 rep=6
[0;32m[ab][0m   mrps=0.036938 p99=1591.00us dpu=34.4% us/req=9.335
[0;34m[ab][0m arm=0 conc=128 rep=1
[0;32m[ab][0m   mrps=0.154568 p99=1467.00us dpu=45.0% us/req=2.917
[0;34m[ab][0m arm=0 conc=128 rep=2
[0;32m[ab][0m   mrps=0.153734 p99=1467.00us dpu=46.2% us/req=3.011
[0;34m[ab][0m arm=0 conc=128 rep=3
[0;32m[ab][0m   mrps=0.153485 p99=1477.00us dpu=46.4% us/req=3.029
[0;34m[ab][0m arm=0 conc=128 rep=4
[0;32m[ab][0m   mrps=0.155822 p99=1472.00us dpu=46.9% us/req=3.016
[0;34m[ab][0m arm=0 conc=128 rep=5
[0;32m[ab][0m   mrps=0.154176 p99=1465.00us dpu=46.0% us/req=2.990
[0;34m[ab][0m arm=0 conc=128 rep=6
[0;32m[ab][0m   mrps=0.152444 p99=1477.00us dpu=45.6% us/req=2.997
[0;32m[ab][0m -> bench/report/data/l7-tx-ab-single-20260819/arm0/quiescence-reserve0.txt
[0;32m[ab][0m -> bench/report/data/l7-tx-ab-single-20260819/arm0/summary.txt
Linkerd output path A/B (arm 1 = reserve into the egress arena, 0 = copy then send)

## Mrps
| conc | arm 0 (median of n) |
|---|---|
| 1 | 0.002821 (n=6, spread 51.5%) |
| 32 | 0.036907 (n=6, spread 1.1%) |
| 128 | 0.153955 (n=6, spread 2.2%) |

## p50 us
| conc | arm 0 (median of n) |
|---|---|
| 1 | 346.5 (n=6, spread 59.7%) |
| 32 | 834.0 (n=6, spread 7.7%) |
| 128 | 762.0 (n=6, spread 3.4%) |

## p99 us
| conc | arm 0 (median of n) |
|---|---|
| 1 | 687.0 (n=6, spread 10.5%) |
| 32 | 1598.0 (n=6, spread 3.1%) |
| 128 | 1469.5 (n=6, spread 0.8%) |

## DPU %
| conc | arm 0 (median of n) |
|---|---|
| 1 | 39.8 (n=6, spread 48.8%) |
| 32 | 34.3 (n=6, spread 4.1%) |
| 128 | 46.1 (n=6, spread 4.1%) |

## ARM us/req
| conc | arm 0 (median of n) |
|---|---|
| 1 | 142.215 (n=6, spread 3.6%) |
| 32 | 9.316 (n=6, spread 3.5%) |
| 128 | 3.004 (n=6, spread 3.7%) |

Delta is arm 1 relative to arm 0. A negative ARM us/req or DPU % means the
reservation path costs less. Spread is the range across repetitions as a
share of the median: a delta smaller than the spread is not a result.
