
=== DPU admin endpoints: 4191 4192 4193 4194 4195 4196 4197 4198

=== output: /home/jukebox/DPUmesh/bench/report/data/f-spin-20260822

=== fan-out — one client channel across two backends of one Service
deployment.apps/echo-grpc-dpumesh scaled
pod/echo-grpc-dpumesh-84546996c7-m9fq6 condition met
pod/echo-grpc-dpumesh-84546996c7-tc5n8 condition met

=== cleanup
deployment.apps/echo-dpumesh-14 scaled
deployment.apps/echo-grpc-dpumesh scaled
    fixtures removed; replica counts restored

=== DPU admin endpoints: 4191 4192 4193 4194 4195 4196 4197 4198

=== output: /home/jukebox/DPUmesh/bench/report/data/f-spin-20260822

=== fan-out — one client channel across two backends of one Service
deployment.apps/echo-grpc-dpumesh scaled
pod/echo-grpc-dpumesh-84546996c7-tc5n8 condition met
    F1 1 channel(s): backends=2 fail=0 take_errors+=0 served: echo-grpc-dpumesh-84546996c7-tc5n8=8664 echo-grpc-dpumesh-84546996c7-v26cv=8664 
    F1 4 channel(s): backends=2 fail=0 take_errors+=0 served: echo-grpc-dpumesh-84546996c7-tc5n8=40603 echo-grpc-dpumesh-84546996c7-v26cv=40493 

=== F1 — back to one backend
deployment.apps/echo-grpc-dpumesh scaled
timed out waiting for the condition on pods/echo-grpc-dpumesh-84546996c7-tc5n8
client rate limiter Wait returned an error: context deadline exceeded
F1r | OK mrps=0.000790 gbps=0.0067 req_gbps=0.0066 resp_gbps=0.0002 p50=1254.00 p95=1458.00 p99=1525.00 p999=1663.00 p9999=12686.00 avg=1266.31 min=788.77 max=15308.76 rcnt=8028 scheduled=8129 pending=0 fail=0 conc=1 threads=1 channels=1 reqsz=1024 repsz=8 reqframe=1040 respframe=24 durs=10.000 offered_mrps=0.000790 drops=0 overflow=0 worker_fail=0 reorder=0 mode=closed arr=const batch=0 reconns=0 reconn_us=0.00 grabs=0 rets=0 recyc=17 waits=0 pads=0 credit_hold_dropped=0 eq_budget_exhausted=0 dist=NA

=== cleanup
deployment.apps/echo-dpumesh-14 scaled
deployment.apps/echo-grpc-dpumesh scaled
    fixtures removed; replica counts restored

=== DPU admin endpoints: 4191 4192 4193 4194 4195 4196 4197 4198

=== output: /home/jukebox/DPUmesh/bench/report/data/f-spin-20260822

=== fan-out — one client channel across two backends of one Service
deployment.apps/echo-grpc-dpumesh scaled
pod/echo-grpc-dpumesh-84546996c7-tc5n8 condition met
    F1 1 channel(s): backends=2 fail=0 take_errors+=0 served: echo-grpc-dpumesh-84546996c7-5g47k=8542 echo-grpc-dpumesh-84546996c7-tc5n8=8544 
    F1 4 channel(s): backends=2 fail=0 take_errors+=0 served: echo-grpc-dpumesh-84546996c7-5g47k=36991 echo-grpc-dpumesh-84546996c7-tc5n8=37047 

=== F1 — back to one backend
deployment.apps/echo-grpc-dpumesh scaled
pod/echo-grpc-dpumesh-84546996c7-5g47k condition met
error: timed out waiting for the condition on pods/echo-grpc-dpumesh-84546996c7-tc5n8
F1r | OK mrps=0.000784 gbps=0.0067 req_gbps=0.0065 resp_gbps=0.0002 p50=1268.00 p95=1465.00 p99=1536.00 p999=1858.00 p9999=2870.00 avg=1275.32 min=799.03 max=8049.22 rcnt=7973 scheduled=8074 pending=0 fail=0 conc=1 threads=1 channels=1 reqsz=1024 repsz=8 reqframe=1040 respframe=24 durs=10.000 offered_mrps=0.000784 drops=0 overflow=0 worker_fail=0 reorder=0 mode=closed arr=const batch=0 reconns=0 reconn_us=0.00 grabs=0 rets=0 recyc=17 waits=0 pads=0 credit_hold_dropped=0 eq_budget_exhausted=0 dist=NA
    F1r [PASS] one backend restored: expected=serve observed=serve rcnt=7973 fail=0 admitted+=1 denied+=0 route_hits+=0 mismatch+=0

=== stages: 3 pass, 0 fail

=== csv: /home/jukebox/DPUmesh/bench/report/data/f-spin-20260822/stages.csv

=== cleanup
deployment.apps/echo-dpumesh-14 scaled
deployment.apps/echo-grpc-dpumesh scaled
    fixtures removed; replica counts restored

=== DPU admin endpoints: 4191 4192 4193 4194 4195 4196 4197 4198

=== output: /home/jukebox/DPUmesh/bench/report/data/f-spin-20260822

=== surfaces — Linkerd features running in a proxy nobody has aimed at them
S0 | OK mrps=0.000791 gbps=0.0067 req_gbps=0.0066 resp_gbps=0.0002 p50=1258.00 p95=1454.00 p99=1515.00 p999=1688.00 p9999=2447.00 avg=1264.05 min=794.87 max=3409.29 rcnt=8045 scheduled=8146 pending=0 fail=0 conc=1 threads=1 channels=1 reqsz=1024 repsz=8 reqframe=1040 respframe=24 durs=10.000 offered_mrps=0.000791 drops=0 overflow=0 worker_fail=0 reorder=0 mode=closed arr=const batch=0 reconns=0 reconn_us=0.00 grabs=0 rets=0 recyc=17 waits=0 pads=0 credit_hold_dropped=0 eq_budget_exhausted=0 dist=NA
    S0 [PASS] no route: expected=serve observed=serve rcnt=8045 fail=0 admitted+=1 denied+=0 route_hits+=0 mismatch+=0

=== S1/S2 — HTTPRoute request timeouts
httproute.gateway.networking.k8s.io/bench-grpc-route created
S1 | OK mrps=0.000787 gbps=0.0067 req_gbps=0.0065 resp_gbps=0.0002 p50=1264.00 p95=1464.00 p99=1536.00 p999=1830.00 p9999=3999.00 avg=1270.40 min=791.45 max=4002.27 rcnt=8004 scheduled=8105 pending=0 fail=0 conc=1 threads=1 channels=1 reqsz=1024 repsz=8 reqframe=1040 respframe=24 durs=10.000 offered_mrps=0.000787 drops=0 overflow=0 worker_fail=0 reorder=0 mode=closed arr=const batch=0 reconns=0 reconn_us=0.00 grabs=0 rets=0 recyc=17 waits=0 pads=0 credit_hold_dropped=0 eq_budget_exhausted=0 dist=NA
    S1 [PASS] timeout 10s: expected=serve observed=serve rcnt=8004 fail=0 admitted+=1 denied+=0 route_hits+=8105 mismatch+=0
httproute.gateway.networking.k8s.io/bench-grpc-route configured
S2 | OK mrps=0.000773 gbps=0.0066 req_gbps=0.0064 resp_gbps=0.0001 p50=1285.00 p95=1527.00 p99=1667.00 p999=1991.00 p9999=3126.00 avg=1291.20 min=787.68 max=6092.57 rcnt=7859 scheduled=7964 pending=0 fail=4 conc=1 threads=1 channels=1 reqsz=1024 repsz=8 reqframe=1040 respframe=24 durs=10.000 offered_mrps=0.000773 drops=0 overflow=0 worker_fail=0 reorder=0 mode=closed arr=const batch=0 reconns=0 reconn_us=0.00 grabs=0 rets=0 recyc=17 waits=0 pads=0 credit_hold_dropped=0 eq_budget_exhausted=0 dist=NA
    S2 [PASS] timeout 1ms: expected=refuse observed=refuse rcnt=7859 fail=4 admitted+=1 denied+=0 route_hits+=7963 mismatch+=0
    S2v [PASS] the route timed requests out: REQUEST_TIMEOUT+=4
httproute.gateway.networking.k8s.io "bench-grpc-route" deleted

=== S3 — retries, against a backend that fails on purpose
deployment.apps/echo-grpc-dpumesh env updated
Waiting for deployment "echo-grpc-dpumesh" rollout to finish: 0 out of 1 new replicas have been updated...
Waiting for deployment "echo-grpc-dpumesh" rollout to finish: 1 old replicas are pending termination...
Waiting for deployment "echo-grpc-dpumesh" rollout to finish: 1 old replicas are pending termination...
deployment "echo-grpc-dpumesh" successfully rolled out
grpcroute.gateway.networking.k8s.io/bench-grpc-grpcroute created
S3a | OK mrps=0.000660 gbps=0.0056 req_gbps=0.0055 resp_gbps=0.0001 p50=1483.00 p95=1678.00 p99=1761.00 p999=3031.00 p9999=14857.00 avg=1456.73 min=799.05 max=58498.49 rcnt=6699 scheduled=6938 pending=0 fail=138 conc=1 threads=1 channels=1 reqsz=1024 repsz=8 reqframe=1040 respframe=24 durs=10.000 offered_mrps=0.000660 drops=0 overflow=0 worker_fail=0 reorder=0 mode=closed arr=const batch=0 reconns=0 reconn_us=0.00 grabs=1 rets=1 recyc=14 waits=0 pads=0 credit_hold_dropped=0 eq_budget_exhausted=0 dist=NA
    S3a [PASS] 1-in-50 failures; no retry policy: expected=refuse observed=refuse rcnt=6699 fail=138 admitted+=1 denied+=0 route_hits+=0 mismatch+=0
grpcroute.gateway.networking.k8s.io/bench-grpc-grpcroute configured
S3b | OK mrps=0.000425 gbps=0.0036 req_gbps=0.0035 resp_gbps=0.0001 p50=1546.00 p95=1738.00 p99=43929.00 p999=52224.00 p9999=53249.00 avg=2353.82 min=891.12 max=53256.67 rcnt=4280 scheduled=4381 pending=0 fail=0 conc=1 threads=1 channels=1 reqsz=1024 repsz=8 reqframe=1040 respframe=24 durs=10.000 offered_mrps=0.000425 drops=0 overflow=0 worker_fail=0 reorder=0 mode=closed arr=const batch=0 reconns=0 reconn_us=0.00 grabs=0 rets=0 recyc=9 waits=0 pads=0 credit_hold_dropped=0 eq_budget_exhausted=0 dist=NA
    S3b [PASS] 1-in-50 failures; retry limit 3: expected=serve observed=serve rcnt=4280 fail=0 admitted+=1 denied+=0 route_hits+=0 mismatch+=0
    S3v [PASS] the route retried the failures: retry_requests+=90
grpcroute.gateway.networking.k8s.io "bench-grpc-grpcroute" deleted
deployment.apps/echo-grpc-dpumesh env updated
Waiting for deployment "echo-grpc-dpumesh" rollout to finish: 1 old replicas are pending termination...
Waiting for deployment "echo-grpc-dpumesh" rollout to finish: 1 old replicas are pending termination...
deployment "echo-grpc-dpumesh" successfully rolled out

=== S4/S5 — method matching
httproute.gateway.networking.k8s.io/bench-grpc-route created
S4 | OK mrps=0.000634 gbps=0.0054 req_gbps=0.0053 resp_gbps=0.0001 p50=1546.00 p95=1720.00 p99=1802.00 p999=4648.00 p9999=59067.00 avg=1575.95 min=814.67 max=201049.50 rcnt=6432 scheduled=6533 pending=0 fail=0 conc=1 threads=1 channels=1 reqsz=1024 repsz=8 reqframe=1040 respframe=24 durs=10.000 offered_mrps=0.000634 drops=0 overflow=0 worker_fail=0 reorder=0 mode=closed arr=const batch=0 reconns=0 reconn_us=0.00 grabs=0 rets=0 recyc=14 waits=0 pads=0 credit_hold_dropped=0 eq_budget_exhausted=0 dist=NA
    S4 [PASS] method POST: expected=serve observed=serve rcnt=6432 fail=0 admitted+=1 denied+=0 route_hits+=6533 mismatch+=0
httproute.gateway.networking.k8s.io/bench-grpc-route configured
S5 | OK mrps=0.000000 gbps=0.0000 req_gbps=0.0000 resp_gbps=0.0000 p50=0.00 p95=0.00 p99=0.00 p999=0.00 p9999=0.00 avg=0.00 min=0.00 max=0.00 rcnt=0 scheduled=26575 pending=0 fail=26574 conc=1 threads=1 channels=1 reqsz=1024 repsz=8 reqframe=1040 respframe=24 durs=10.000 offered_mrps=0.000000 drops=0 overflow=0 worker_fail=0 reorder=0 mode=closed arr=const batch=0 reconns=0 reconn_us=0.00 grabs=0 rets=0 recyc=58 waits=0 pads=0 credit_hold_dropped=0 eq_budget_exhausted=0 dist=NA
    S5 [PASS] method GET: expected=refuse observed=refuse rcnt=0 fail=26574 admitted+=1 denied+=0 route_hits+=0 mismatch+=0
httproute.gateway.networking.k8s.io "bench-grpc-route" deleted

=== S6/S7 — header matching
httproute.gateway.networking.k8s.io/bench-grpc-route created
S6 | OK mrps=0.000679 gbps=0.0058 req_gbps=0.0057 resp_gbps=0.0001 p50=1494.00 p95=1679.00 p99=1757.00 p999=2676.00 p9999=5150.00 avg=1471.78 min=823.87 max=11289.91 rcnt=6895 scheduled=6996 pending=0 fail=0 conc=1 threads=1 channels=1 reqsz=1024 repsz=8 reqframe=1040 respframe=24 durs=10.000 offered_mrps=0.000679 drops=0 overflow=0 worker_fail=0 reorder=0 mode=closed arr=const batch=0 reconns=0 reconn_us=0.00 grabs=0 rets=0 recyc=15 waits=0 pads=0 credit_hold_dropped=0 eq_budget_exhausted=0 dist=NA
    S6 [PASS] header content-type: application/grpc: expected=serve observed=serve rcnt=6895 fail=0 admitted+=1 denied+=0 route_hits+=6996 mismatch+=0
httproute.gateway.networking.k8s.io/bench-grpc-route configured
S7 | OK mrps=0.000000 gbps=0.0000 req_gbps=0.0000 resp_gbps=0.0000 p50=0.00 p95=0.00 p99=0.00 p999=0.00 p9999=0.00 avg=0.00 min=0.00 max=0.00 rcnt=0 scheduled=25295 pending=0 fail=25294 conc=1 threads=1 channels=1 reqsz=1024 repsz=8 reqframe=1040 respframe=24 durs=10.000 offered_mrps=0.000000 drops=0 overflow=0 worker_fail=0 reorder=0 mode=closed arr=const batch=0 reconns=0 reconn_us=0.00 grabs=0 rets=0 recyc=55 waits=0 pads=0 credit_hold_dropped=0 eq_budget_exhausted=0 dist=NA
    S7 [PASS] header content-type: application/json: expected=refuse observed=refuse rcnt=0 fail=25294 admitted+=1 denied+=0 route_hits+=0 mismatch+=0
httproute.gateway.networking.k8s.io "bench-grpc-route" deleted

=== S8/S9 — GRPCRoute
grpcroute.gateway.networking.k8s.io/bench-grpc-grpcroute created
S8 | OK mrps=0.000670 gbps=0.0057 req_gbps=0.0056 resp_gbps=0.0001 p50=1510.00 p95=1689.00 p99=1752.00 p999=3090.00 p9999=4873.00 avg=1492.58 min=796.18 max=6894.35 rcnt=6799 scheduled=6900 pending=0 fail=0 conc=1 threads=1 channels=1 reqsz=1024 repsz=8 reqframe=1040 respframe=24 durs=10.000 offered_mrps=0.000670 drops=0 overflow=0 worker_fail=0 reorder=0 mode=closed arr=const batch=0 reconns=0 reconn_us=0.00 grabs=0 rets=0 recyc=15 waits=0 pads=0 credit_hold_dropped=0 eq_budget_exhausted=0 dist=NA
    S8 [PASS] GRPCRoute on the called method: expected=serve observed=serve rcnt=6799 fail=0 admitted+=1 denied+=0 route_hits+=0 mismatch+=0
grpcroute.gateway.networking.k8s.io/bench-grpc-grpcroute configured
S9 | OK mrps=0.000000 gbps=0.0000 req_gbps=0.0000 resp_gbps=0.0000 p50=0.00 p95=0.00 p99=0.00 p999=0.00 p9999=0.00 avg=0.00 min=0.00 max=0.00 rcnt=0 scheduled=24520 pending=0 fail=24519 conc=1 threads=1 channels=1 reqsz=1024 repsz=8 reqframe=1040 respframe=24 durs=10.000 offered_mrps=0.000000 drops=0 overflow=0 worker_fail=0 reorder=0 mode=closed arr=const batch=0 reconns=0 reconn_us=0.00 grabs=0 rets=0 recyc=53 waits=0 pads=0 credit_hold_dropped=0 eq_budget_exhausted=0 dist=NA
    S9 [PASS] GRPCRoute on another method: expected=refuse observed=refuse rcnt=0 fail=24519 admitted+=1 denied+=0 route_hits+=0 mismatch+=0
grpcroute.gateway.networking.k8s.io "bench-grpc-grpcroute" deleted

=== S10-S12 — authorization whose subject is a route
    caller identity: default.test-bench.serviceaccount.identity.linkerd.cluster.local
server.policy.linkerd.io/bench-echo-grpc created
S10 | OK mrps=0.000000 gbps=0.0000 req_gbps=0.0000 resp_gbps=0.0000 p50=0.00 p95=0.00 p99=0.00 p999=0.00 p9999=0.00 avg=0.00 min=0.00 max=0.00 rcnt=0 scheduled=596 pending=0 fail=595 conc=1 threads=1 channels=1 reqsz=1024 repsz=8 reqframe=1040 respframe=24 durs=10.000 offered_mrps=0.000000 drops=0 overflow=0 worker_fail=0 reorder=0 mode=closed arr=const batch=0 reconns=0 reconn_us=0.00 grabs=514 rets=513 recyc=0 waits=0 pads=0 credit_hold_dropped=0 eq_budget_exhausted=0 dist=NA
    S10 [PASS] Server on the protocol-aware Service; no authorization: expected=refuse observed=refuse rcnt=0 fail=595 admitted+=0 denied+=1029 route_hits+=0 mismatch+=0
grpcroute.gateway.networking.k8s.io/bench-grpc-inbound-route created
meshtlsauthentication.policy.linkerd.io/bench-route-caller created
authorizationpolicy.policy.linkerd.io/bench-allow-route created
S11 | OK mrps=0.000665 gbps=0.0057 req_gbps=0.0055 resp_gbps=0.0001 p50=1524.00 p95=1709.00 p99=1780.00 p999=2272.00 p9999=2662.00 avg=1503.60 min=815.60 max=3044.21 rcnt=6742 scheduled=6843 pending=0 fail=0 conc=1 threads=1 channels=1 reqsz=1024 repsz=8 reqframe=1040 respframe=24 durs=10.000 offered_mrps=0.000665 drops=0 overflow=0 worker_fail=0 reorder=0 mode=closed arr=const batch=0 reconns=0 reconn_us=0.00 grabs=0 rets=0 recyc=15 waits=0 pads=0 credit_hold_dropped=0 eq_budget_exhausted=0 dist=NA
    S11 [PASS] AuthorizationPolicy targeting the GRPCRoute: expected=serve observed=serve rcnt=6742 fail=0 admitted+=1 denied+=0 route_hits+=0 mismatch+=0
grpcroute.gateway.networking.k8s.io/bench-grpc-inbound-route unchanged
meshtlsauthentication.policy.linkerd.io/bench-route-caller configured
authorizationpolicy.policy.linkerd.io/bench-allow-route unchanged
S12 | OK mrps=0.000000 gbps=0.0000 req_gbps=0.0000 resp_gbps=0.0000 p50=0.00 p95=0.00 p99=0.00 p999=0.00 p9999=0.00 avg=0.00 min=0.00 max=0.00 rcnt=0 scheduled=131 pending=0 fail=130 conc=1 threads=1 channels=1 reqsz=1024 repsz=8 reqframe=1040 respframe=24 durs=10.000 offered_mrps=0.000000 drops=0 overflow=0 worker_fail=0 reorder=0 mode=closed arr=const batch=0 reconns=0 reconn_us=0.00 grabs=130 rets=130 recyc=0 waits=0 pads=0 credit_hold_dropped=0 eq_budget_exhausted=0 dist=NA
    S12 [PASS] the same policy naming another identity: expected=refuse observed=refuse rcnt=0 fail=130 admitted+=0 denied+=260 route_hits+=0 mismatch+=0
grpcroute.gateway.networking.k8s.io "bench-grpc-inbound-route" deleted
meshtlsauthentication.policy.linkerd.io "bench-route-caller" deleted
authorizationpolicy.policy.linkerd.io "bench-allow-route" deleted
server.policy.linkerd.io "bench-echo-grpc" deleted

=== S13/S14 — failure accrual
service/echo-grpc-dpumesh annotated
deployment.apps/echo-grpc-broken created
Waiting for deployment "echo-grpc-broken" rollout to finish: 0 out of 1 new replicas have been updated...
Waiting for deployment "echo-grpc-broken" rollout to finish: 0 of 1 updated replicas are available...
deployment "echo-grpc-broken" successfully rolled out
S13 | OK mrps=0.000630 gbps=0.0054 req_gbps=0.0052 resp_gbps=0.0001 p50=1605.00 p95=1775.00 p99=1853.00 p999=2364.00 p9999=2872.00 avg=1587.72 min=875.38 max=3389.20 rcnt=6384 scheduled=6488 pending=0 fail=3 conc=1 threads=1 channels=1 reqsz=1024 repsz=8 reqframe=1040 respframe=24 durs=10.000 offered_mrps=0.000630 drops=0 overflow=0 worker_fail=0 reorder=0 mode=closed arr=const batch=0 reconns=0 reconn_us=0.00 grabs=0 rets=0 recyc=14 waits=0 pads=0 credit_hold_dropped=0 eq_budget_exhausted=0 dist=NA
    S13 [PASS] a failing endpoint beside a healthy one: expected=serve observed=serve rcnt=6384 fail=3 admitted+=2 denied+=0 route_hits+=0 mismatch+=0
    S13v ejected: healthy=6485 broken=3
deployment.apps "echo-grpc-broken" deleted
pod/echo-grpc-broken-858b5b4ccc-cbfjt condition met
S14 | ERR connect failed on channel 0
    S14 [FAIL] the failing endpoint withdrawn: the client did not answer — no reading
service/echo-grpc-dpumesh annotated

=== S15 — HTTP/1.1 through the protocol-aware path
S15 | OK mrps=0.000659 gbps=0.0000 req_gbps=0.0000 resp_gbps=0.0000 p50=1493.00 p95=1677.00 p99=1755.00 p999=2079.00 p9999=3142.00 avg=1463.47 min=675.13 max=4628.17 rcnt=6832 scheduled=6832 pending=0 fail=0 conc=1 threads=1 reqsz=1024 repsz=8 durs=10.362 worker_fail=0 mode=closed arr=const proto=http1
    S15 [PASS] HTTP/1.1 request-response: expected=serve observed=serve rcnt=6832 fail=0 admitted+=1 denied+=0 route_hits+=0 mismatch+=0

=== stages: 19 pass, 1 fail

=== csv: /home/jukebox/DPUmesh/bench/report/data/f-spin-20260822/stages.csv

=== cleanup
deployment.apps/echo-dpumesh-14 scaled
deployment.apps/echo-grpc-dpumesh scaled
    fixtures removed; replica counts restored

=== DPU admin endpoints: 4191 4192 4193 4194 4195 4196 4197 4198

=== output: /home/jukebox/DPUmesh/bench/report/data/f-spin-20260822

=== surfaces — Linkerd features running in a proxy nobody has aimed at them
S0 | ERR connect failed on channel 0
    S0 [FAIL] no route: ERR connect failed on channel 0 — no reading

=== S1/S2 — HTTPRoute request timeouts
httproute.gateway.networking.k8s.io/bench-grpc-route created
S1 | ERR connect failed on channel 0
    S1 [FAIL] timeout 10s: ERR connect failed on channel 0 — no reading
httproute.gateway.networking.k8s.io/bench-grpc-route configured
S2 | ERR connect failed on channel 0
    S2 [FAIL] timeout 1ms: ERR connect failed on channel 0 — no reading
    S2v [FAIL] the route timed requests out: REQUEST_TIMEOUT+=0
httproute.gateway.networking.k8s.io "bench-grpc-route" deleted

=== S3 — retries, against a backend that fails on purpose
deployment.apps/echo-grpc-dpumesh env updated
Waiting for deployment "echo-grpc-dpumesh" rollout to finish: 0 out of 1 new replicas have been updated...
Waiting for deployment "echo-grpc-dpumesh" rollout to finish: 1 old replicas are pending termination...
Waiting for deployment "echo-grpc-dpumesh" rollout to finish: 1 old replicas are pending termination...
deployment "echo-grpc-dpumesh" successfully rolled out
grpcroute.gateway.networking.k8s.io/bench-grpc-grpcroute created
S3a | OK mrps=0.000604 gbps=0.0051 req_gbps=0.0050 resp_gbps=0.0001 p50=1597.00 p95=1753.00 p99=1844.00 p999=3371.00 p9999=4129.00 avg=1622.27 min=944.85 max=278494.15 rcnt=6128 scheduled=6356 pending=0 fail=127 conc=1 threads=1 channels=1 reqsz=1024 repsz=8 reqframe=1040 respframe=24 durs=10.000 offered_mrps=0.000604 drops=0 overflow=0 worker_fail=0 reorder=0 mode=closed arr=const batch=0 reconns=0 reconn_us=0.00 grabs=0 rets=0 recyc=13 waits=0 pads=0 credit_hold_dropped=0 eq_budget_exhausted=0 dist=NA
    S3a [PASS] 1-in-50 failures; no retry policy: expected=refuse observed=refuse rcnt=6128 fail=127 admitted+=1 denied+=0 route_hits+=0 mismatch+=0
grpcroute.gateway.networking.k8s.io/bench-grpc-grpcroute configured
S3b | ERR connect failed on channel 0
    S3b [FAIL] 1-in-50 failures; retry limit 3: ERR connect failed on channel 0 — no reading
    S3v [FAIL] the route retried the failures: retry_requests+=0
grpcroute.gateway.networking.k8s.io "bench-grpc-grpcroute" deleted
deployment.apps/echo-grpc-dpumesh env updated
Waiting for deployment "echo-grpc-dpumesh" rollout to finish: 0 out of 1 new replicas have been updated...
Waiting for deployment "echo-grpc-dpumesh" rollout to finish: 1 old replicas are pending termination...
Waiting for deployment "echo-grpc-dpumesh" rollout to finish: 1 old replicas are pending termination...
deployment "echo-grpc-dpumesh" successfully rolled out

=== S4/S5 — method matching
httproute.gateway.networking.k8s.io/bench-grpc-route created
S4 | ERR connect failed on channel 0
    S4 [FAIL] method POST: ERR connect failed on channel 0 — no reading
httproute.gateway.networking.k8s.io/bench-grpc-route configured
S5 | ERR connect failed on channel 0
    S5 [FAIL] method GET: ERR connect failed on channel 0 — no reading
httproute.gateway.networking.k8s.io "bench-grpc-route" deleted

=== S6/S7 — header matching
httproute.gateway.networking.k8s.io/bench-grpc-route created
S6 | OK mrps=0.000663 gbps=0.0056 req_gbps=0.0055 resp_gbps=0.0001 p50=1524.00 p95=1751.00 p99=1831.00 p999=2517.00 p9999=4085.00 avg=1507.92 min=857.72 max=4136.10 rcnt=6718 scheduled=6819 pending=0 fail=0 conc=1 threads=1 channels=1 reqsz=1024 repsz=8 reqframe=1040 respframe=24 durs=10.000 offered_mrps=0.000663 drops=0 overflow=0 worker_fail=0 reorder=0 mode=closed arr=const batch=0 reconns=0 reconn_us=0.00 grabs=0 rets=0 recyc=14 waits=0 pads=0 credit_hold_dropped=0 eq_budget_exhausted=0 dist=NA
    S6 [PASS] header content-type: application/grpc: expected=serve observed=serve rcnt=6718 fail=0 admitted+=1 denied+=0 route_hits+=6819 mismatch+=0
httproute.gateway.networking.k8s.io/bench-grpc-route configured
S7 | ERR connect failed on channel 0
    S7 [FAIL] header content-type: application/json: ERR connect failed on channel 0 — no reading
httproute.gateway.networking.k8s.io "bench-grpc-route" deleted

=== S8/S9 — GRPCRoute
grpcroute.gateway.networking.k8s.io/bench-grpc-grpcroute created
S8 | ERR connect failed on channel 0
    S8 [FAIL] GRPCRoute on the called method: ERR connect failed on channel 0 — no reading
grpcroute.gateway.networking.k8s.io/bench-grpc-grpcroute configured
S9 | ERR connect failed on channel 0
    S9 [FAIL] GRPCRoute on another method: ERR connect failed on channel 0 — no reading
grpcroute.gateway.networking.k8s.io "bench-grpc-grpcroute" deleted

=== S10-S12 — authorization whose subject is a route
    caller identity: default.test-bench.serviceaccount.identity.linkerd.cluster.local
server.policy.linkerd.io/bench-echo-grpc created
S10 | OK mrps=0.000000 gbps=0.0000 req_gbps=0.0000 resp_gbps=0.0000 p50=0.00 p95=0.00 p99=0.00 p999=0.00 p9999=0.00 avg=0.00 min=0.00 max=0.00 rcnt=0 scheduled=2 pending=0 fail=1 conc=1 threads=1 channels=1 reqsz=1024 repsz=8 reqframe=1040 respframe=24 durs=10.000 offered_mrps=0.000000 drops=0 overflow=0 worker_fail=0 reorder=0 mode=closed arr=const batch=0 reconns=0 reconn_us=0.00 grabs=1 rets=1 recyc=0 waits=0 pads=0 credit_hold_dropped=0 eq_budget_exhausted=0 dist=NA
    S10 [PASS] Server on the protocol-aware Service; no authorization: expected=refuse observed=refuse rcnt=0 fail=1 admitted+=0 denied+=2 route_hits+=0 mismatch+=0
grpcroute.gateway.networking.k8s.io/bench-grpc-inbound-route created
meshtlsauthentication.policy.linkerd.io/bench-route-caller created
authorizationpolicy.policy.linkerd.io/bench-allow-route created
S11 | ERR connect failed on channel 0
    S11 [FAIL] AuthorizationPolicy targeting the GRPCRoute: ERR connect failed on channel 0 — no reading
grpcroute.gateway.networking.k8s.io/bench-grpc-inbound-route unchanged
meshtlsauthentication.policy.linkerd.io/bench-route-caller configured
authorizationpolicy.policy.linkerd.io/bench-allow-route unchanged
S12 | ERR connect failed on channel 0
    S12 [FAIL] the same policy naming another identity: ERR connect failed on channel 0 — no reading
grpcroute.gateway.networking.k8s.io "bench-grpc-inbound-route" deleted
meshtlsauthentication.policy.linkerd.io "bench-route-caller" deleted
authorizationpolicy.policy.linkerd.io "bench-allow-route" deleted
server.policy.linkerd.io "bench-echo-grpc" deleted

=== S13/S14 — failure accrual
service/echo-grpc-dpumesh annotated
deployment.apps/echo-grpc-broken created
Waiting for deployment "echo-grpc-broken" rollout to finish: 0 out of 1 new replicas have been updated...
Waiting for deployment "echo-grpc-broken" rollout to finish: 0 of 1 updated replicas are available...
deployment "echo-grpc-broken" successfully rolled out
S13 | OK mrps=0.000656 gbps=0.0056 req_gbps=0.0055 resp_gbps=0.0001 p50=1545.00 p95=1740.00 p99=1811.00 p999=2743.00 p9999=7335.00 avg=1522.90 min=872.26 max=17086.18 rcnt=6657 scheduled=6761 pending=0 fail=3 conc=1 threads=1 channels=1 reqsz=1024 repsz=8 reqframe=1040 respframe=24 durs=10.000 offered_mrps=0.000656 drops=0 overflow=0 worker_fail=0 reorder=0 mode=closed arr=const batch=0 reconns=0 reconn_us=0.00 grabs=0 rets=0 recyc=14 waits=0 pads=0 credit_hold_dropped=0 eq_budget_exhausted=0 dist=NA
    S13 [PASS] a failing endpoint beside a healthy one: expected=serve observed=serve rcnt=6657 fail=3 admitted+=2 denied+=0 route_hits+=0 mismatch+=0
    S13v ejected: healthy=6758 broken=3
deployment.apps "echo-grpc-broken" deleted
pod/echo-grpc-broken-858b5b4ccc-mgb2g condition met
S14 | ERR connect failed on channel 0
    S14 [FAIL] the failing endpoint withdrawn: ERR connect failed on channel 0 — no reading
service/echo-grpc-dpumesh annotated

=== S15 — HTTP/1.1 through the protocol-aware path
S15 | OK mrps=0.000696 gbps=0.0000 req_gbps=0.0000 resp_gbps=0.0000 p50=1437.00 p95=1669.00 p99=1812.00 p999=2107.00 p9999=15185.00 avg=1413.96 min=669.43 max=25621.80 rcnt=7071 scheduled=7071 pending=0 fail=0 conc=1 threads=1 reqsz=1024 repsz=8 durs=10.156 worker_fail=0 mode=closed arr=const proto=http1
    S15 [PASS] HTTP/1.1 request-response: expected=serve observed=serve rcnt=7071 fail=0 admitted+=1 denied+=0 route_hits+=0 mismatch+=0

=== stages: 6 pass, 14 fail

=== csv: /home/jukebox/DPUmesh/bench/report/data/f-spin-20260822/stages.csv

=== cleanup
deployment.apps/echo-dpumesh-14 scaled
deployment.apps/echo-grpc-dpumesh scaled
    fixtures removed; replica counts restored
