
=== DPU admin endpoints: 4191 4192 4193 4194 4195 4196 4197 4198

=== output: /home/jukebox/DPUmesh/bench/suite/../report/data/policy-route-20260822-142204

=== surfaces — Linkerd features running in a proxy nobody has aimed at them
S0 | OK mrps=0.000673 gbps=0.0057 req_gbps=0.0056 resp_gbps=0.0001 p50=1504.00 p95=1689.00 p99=1758.00 p999=3522.00 p9999=5002.00 avg=1486.66 min=800.90 max=6152.90 rcnt=6821 scheduled=6922 pending=0 fail=0 conc=1 threads=1 channels=1 reqsz=1024 repsz=8 reqframe=1040 respframe=24 durs=10.000 offered_mrps=0.000673 drops=0 overflow=0 worker_fail=0 reorder=0 mode=closed arr=const batch=0 reconns=0 reconn_us=0.00 grabs=0 rets=0 recyc=15 waits=0 pads=0 credit_hold_dropped=0 eq_budget_exhausted=0 dist=NA
    S0 [PASS] no route: expected=serve observed=serve rcnt=6821 fail=0 admitted+=1 denied+=0 route_hits+=0 mismatch+=0

=== S1/S2 — HTTPRoute request timeouts
httproute.gateway.networking.k8s.io/bench-grpc-route created
S1 | OK mrps=0.000637 gbps=0.0054 req_gbps=0.0053 resp_gbps=0.0001 p50=1577.00 p95=1801.00 p99=1944.00 p999=2653.00 p9999=3384.00 avg=1568.84 min=939.13 max=5602.34 rcnt=6456 scheduled=6557 pending=0 fail=0 conc=1 threads=1 channels=1 reqsz=1024 repsz=8 reqframe=1040 respframe=24 durs=10.000 offered_mrps=0.000637 drops=0 overflow=0 worker_fail=0 reorder=0 mode=closed arr=const batch=0 reconns=0 reconn_us=0.00 grabs=0 rets=0 recyc=14 waits=0 pads=0 credit_hold_dropped=0 eq_budget_exhausted=0 dist=NA
    S1 [PASS] timeout 10s: expected=serve observed=serve rcnt=6456 fail=0 admitted+=1 denied+=0 route_hits+=6556 mismatch+=0
httproute.gateway.networking.k8s.io/bench-grpc-route configured
S2 | OK mrps=0.000641 gbps=0.0055 req_gbps=0.0053 resp_gbps=0.0001 p50=1576.00 p95=1730.00 p99=1801.00 p999=1971.00 p9999=3377.00 avg=1556.88 min=943.98 max=10700.29 rcnt=6499 scheduled=6606 pending=0 fail=6 conc=1 threads=1 channels=1 reqsz=1024 repsz=8 reqframe=1040 respframe=24 durs=10.000 offered_mrps=0.000641 drops=0 overflow=0 worker_fail=0 reorder=0 mode=closed arr=const batch=0 reconns=0 reconn_us=0.00 grabs=0 rets=0 recyc=14 waits=0 pads=0 credit_hold_dropped=0 eq_budget_exhausted=0 dist=NA
    S2 [PASS] timeout 1ms: expected=refuse observed=refuse rcnt=6499 fail=6 admitted+=1 denied+=0 route_hits+=6606 mismatch+=0
    S2v [PASS] the route timed requests out: REQUEST_TIMEOUT+=6
httproute.gateway.networking.k8s.io "bench-grpc-route" deleted

=== S3 — retries, against a backend that fails on purpose
deployment.apps/echo-grpc-dpumesh env updated
Waiting for deployment "echo-grpc-dpumesh" rollout to finish: 0 out of 1 new replicas have been updated...
Waiting for deployment "echo-grpc-dpumesh" rollout to finish: 1 old replicas are pending termination...
Waiting for deployment "echo-grpc-dpumesh" rollout to finish: 1 old replicas are pending termination...
deployment "echo-grpc-dpumesh" successfully rolled out
grpcroute.gateway.networking.k8s.io/bench-grpc-grpcroute created
S3a | OK mrps=0.000622 gbps=0.0053 req_gbps=0.0052 resp_gbps=0.0001 p50=1545.00 p95=1720.00 p99=1783.00 p999=1928.00 p9999=3069.00 avg=1576.23 min=954.35 max=284650.43 rcnt=6312 scheduled=6543 pending=0 fail=130 conc=1 threads=1 channels=1 reqsz=1024 repsz=8 reqframe=1040 respframe=24 durs=10.000 offered_mrps=0.000622 drops=0 overflow=0 worker_fail=0 reorder=0 mode=closed arr=const batch=0 reconns=0 reconn_us=0.00 grabs=0 rets=0 recyc=14 waits=0 pads=0 credit_hold_dropped=0 eq_budget_exhausted=0 dist=NA
    S3a [PASS] 1-in-50 failures; no retry policy: expected=refuse observed=refuse rcnt=6312 fail=130 admitted+=1 denied+=0 route_hits+=0 mismatch+=0
grpcroute.gateway.networking.k8s.io/bench-grpc-grpcroute configured
S3b | OK mrps=0.000411 gbps=0.0035 req_gbps=0.0034 resp_gbps=0.0001 p50=1658.00 p95=1812.00 p99=40797.00 p999=51257.00 p9999=53372.00 avg=2429.77 min=897.28 max=54553.43 rcnt=4129 scheduled=4230 pending=0 fail=0 conc=1 threads=1 channels=1 reqsz=1024 repsz=8 reqframe=1040 respframe=24 durs=10.000 offered_mrps=0.000411 drops=0 overflow=0 worker_fail=0 reorder=0 mode=closed arr=const batch=0 reconns=0 reconn_us=0.00 grabs=0 rets=0 recyc=9 waits=0 pads=0 credit_hold_dropped=0 eq_budget_exhausted=0 dist=NA
    S3b [PASS] 1-in-50 failures; retry limit 3: expected=serve observed=serve rcnt=4129 fail=0 admitted+=1 denied+=0 route_hits+=0 mismatch+=0
    S3v [PASS] the route retried the failures: retry_requests+=87
grpcroute.gateway.networking.k8s.io "bench-grpc-grpcroute" deleted
deployment.apps/echo-grpc-dpumesh env updated
Waiting for deployment "echo-grpc-dpumesh" rollout to finish: 1 old replicas are pending termination...
Waiting for deployment "echo-grpc-dpumesh" rollout to finish: 1 old replicas are pending termination...
deployment "echo-grpc-dpumesh" successfully rolled out

=== S4/S5 — method matching
httproute.gateway.networking.k8s.io/bench-grpc-route created
S4 | OK mrps=0.000644 gbps=0.0055 req_gbps=0.0054 resp_gbps=0.0001 p50=1525.00 p95=1699.00 p99=1760.00 p999=2502.00 p9999=6935.00 avg=1552.69 min=838.43 max=283756.73 rcnt=6526 scheduled=6627 pending=0 fail=0 conc=1 threads=1 channels=1 reqsz=1024 repsz=8 reqframe=1040 respframe=24 durs=10.000 offered_mrps=0.000644 drops=0 overflow=0 worker_fail=0 reorder=0 mode=closed arr=const batch=0 reconns=0 reconn_us=0.00 grabs=0 rets=0 recyc=14 waits=0 pads=0 credit_hold_dropped=0 eq_budget_exhausted=0 dist=NA
    S4 [PASS] method POST: expected=serve observed=serve rcnt=6526 fail=0 admitted+=1 denied+=0 route_hits+=6627 mismatch+=0
httproute.gateway.networking.k8s.io/bench-grpc-route configured
S5 | OK mrps=0.000000 gbps=0.0000 req_gbps=0.0000 resp_gbps=0.0000 p50=0.00 p95=0.00 p99=0.00 p999=0.00 p9999=0.00 avg=0.00 min=0.00 max=0.00 rcnt=0 scheduled=24796 pending=0 fail=24795 conc=1 threads=1 channels=1 reqsz=1024 repsz=8 reqframe=1040 respframe=24 durs=10.000 offered_mrps=0.000000 drops=0 overflow=0 worker_fail=0 reorder=0 mode=closed arr=const batch=0 reconns=0 reconn_us=0.00 grabs=0 rets=0 recyc=54 waits=0 pads=0 credit_hold_dropped=0 eq_budget_exhausted=0 dist=NA
    S5 [PASS] method GET: expected=refuse observed=refuse rcnt=0 fail=24795 admitted+=1 denied+=0 route_hits+=0 mismatch+=0
httproute.gateway.networking.k8s.io "bench-grpc-route" deleted

=== S6/S7 — header matching
httproute.gateway.networking.k8s.io/bench-grpc-route created
S6 | OK mrps=0.000657 gbps=0.0056 req_gbps=0.0055 resp_gbps=0.0001 p50=1535.00 p95=1709.00 p99=1788.00 p999=2529.00 p9999=13164.00 avg=1522.37 min=842.87 max=17419.26 rcnt=6659 scheduled=6760 pending=0 fail=0 conc=1 threads=1 channels=1 reqsz=1024 repsz=8 reqframe=1040 respframe=24 durs=10.000 offered_mrps=0.000657 drops=0 overflow=0 worker_fail=0 reorder=0 mode=closed arr=const batch=0 reconns=0 reconn_us=0.00 grabs=0 rets=0 recyc=14 waits=0 pads=0 credit_hold_dropped=0 eq_budget_exhausted=0 dist=NA
    S6 [PASS] header content-type: application/grpc: expected=serve observed=serve rcnt=6659 fail=0 admitted+=1 denied+=0 route_hits+=6759 mismatch+=0
httproute.gateway.networking.k8s.io/bench-grpc-route configured
S7 | OK mrps=0.000000 gbps=0.0000 req_gbps=0.0000 resp_gbps=0.0000 p50=0.00 p95=0.00 p99=0.00 p999=0.00 p9999=0.00 avg=0.00 min=0.00 max=0.00 rcnt=0 scheduled=24152 pending=0 fail=24151 conc=1 threads=1 channels=1 reqsz=1024 repsz=8 reqframe=1040 respframe=24 durs=10.000 offered_mrps=0.000000 drops=0 overflow=0 worker_fail=0 reorder=0 mode=closed arr=const batch=0 reconns=0 reconn_us=0.00 grabs=0 rets=0 recyc=53 waits=0 pads=0 credit_hold_dropped=0 eq_budget_exhausted=0 dist=NA
    S7 [PASS] header content-type: application/json: expected=refuse observed=refuse rcnt=0 fail=24151 admitted+=1 denied+=0 route_hits+=0 mismatch+=0
httproute.gateway.networking.k8s.io "bench-grpc-route" deleted

=== S8/S9 — GRPCRoute
grpcroute.gateway.networking.k8s.io/bench-grpc-grpcroute created
S8 | OK mrps=0.000639 gbps=0.0054 req_gbps=0.0053 resp_gbps=0.0001 p50=1574.00 p95=1792.00 p99=1943.00 p999=2370.00 p9999=6411.00 avg=1564.56 min=865.37 max=16454.21 rcnt=6482 scheduled=6583 pending=0 fail=0 conc=1 threads=1 channels=1 reqsz=1024 repsz=8 reqframe=1040 respframe=24 durs=10.000 offered_mrps=0.000639 drops=0 overflow=0 worker_fail=0 reorder=0 mode=closed arr=const batch=0 reconns=0 reconn_us=0.00 grabs=0 rets=0 recyc=14 waits=0 pads=0 credit_hold_dropped=0 eq_budget_exhausted=0 dist=NA
    S8 [PASS] GRPCRoute on the called method: expected=serve observed=serve rcnt=6482 fail=0 admitted+=1 denied+=0 route_hits+=0 mismatch+=0
grpcroute.gateway.networking.k8s.io/bench-grpc-grpcroute configured
S9 | OK mrps=0.000000 gbps=0.0000 req_gbps=0.0000 resp_gbps=0.0000 p50=0.00 p95=0.00 p99=0.00 p999=0.00 p9999=0.00 avg=0.00 min=0.00 max=0.00 rcnt=0 scheduled=25707 pending=0 fail=25706 conc=1 threads=1 channels=1 reqsz=1024 repsz=8 reqframe=1040 respframe=24 durs=10.000 offered_mrps=0.000000 drops=0 overflow=0 worker_fail=0 reorder=0 mode=closed arr=const batch=0 reconns=0 reconn_us=0.00 grabs=0 rets=0 recyc=56 waits=0 pads=0 credit_hold_dropped=0 eq_budget_exhausted=0 dist=NA
    S9 [PASS] GRPCRoute on another method: expected=refuse observed=refuse rcnt=0 fail=25706 admitted+=1 denied+=0 route_hits+=0 mismatch+=0
grpcroute.gateway.networking.k8s.io "bench-grpc-grpcroute" deleted

=== S10-S12 — authorization whose subject is a route
    caller identity: default.test-bench.serviceaccount.identity.linkerd.cluster.local
server.policy.linkerd.io/bench-echo-grpc created
S10 | OK mrps=0.000000 gbps=0.0000 req_gbps=0.0000 resp_gbps=0.0000 p50=0.00 p95=0.00 p99=0.00 p999=0.00 p9999=0.00 avg=0.00 min=0.00 max=0.00 rcnt=0 scheduled=601 pending=0 fail=600 conc=1 threads=1 channels=1 reqsz=1024 repsz=8 reqframe=1040 respframe=24 durs=10.000 offered_mrps=0.000000 drops=0 overflow=0 worker_fail=0 reorder=0 mode=closed arr=const batch=0 reconns=0 reconn_us=0.00 grabs=515 rets=515 recyc=0 waits=0 pads=0 credit_hold_dropped=0 eq_budget_exhausted=0 dist=NA
    S10 [PASS] Server on the protocol-aware Service; no authorization: expected=refuse observed=refuse rcnt=0 fail=600 admitted+=0 denied+=515 route_hits+=0 mismatch+=0
grpcroute.gateway.networking.k8s.io/bench-grpc-inbound-route created
meshtlsauthentication.policy.linkerd.io/bench-route-caller created
authorizationpolicy.policy.linkerd.io/bench-allow-route created
S11 | OK mrps=0.000636 gbps=0.0054 req_gbps=0.0053 resp_gbps=0.0001 p50=1587.00 p95=1801.00 p99=1951.00 p999=2496.00 p9999=3010.00 avg=1572.70 min=922.84 max=3901.77 rcnt=6441 scheduled=6542 pending=0 fail=0 conc=1 threads=1 channels=1 reqsz=1024 repsz=8 reqframe=1040 respframe=24 durs=10.000 offered_mrps=0.000636 drops=0 overflow=0 worker_fail=0 reorder=0 mode=closed arr=const batch=0 reconns=0 reconn_us=0.00 grabs=0 rets=0 recyc=14 waits=0 pads=0 credit_hold_dropped=0 eq_budget_exhausted=0 dist=NA
    S11 [PASS] AuthorizationPolicy targeting the GRPCRoute: expected=serve observed=serve rcnt=6441 fail=0 admitted+=1 denied+=0 route_hits+=0 mismatch+=0
grpcroute.gateway.networking.k8s.io/bench-grpc-inbound-route unchanged
meshtlsauthentication.policy.linkerd.io/bench-route-caller configured
authorizationpolicy.policy.linkerd.io/bench-allow-route unchanged
S12 | OK mrps=0.000000 gbps=0.0000 req_gbps=0.0000 resp_gbps=0.0000 p50=0.00 p95=0.00 p99=0.00 p999=0.00 p9999=0.00 avg=0.00 min=0.00 max=0.00 rcnt=0 scheduled=602 pending=0 fail=601 conc=1 threads=1 channels=1 reqsz=1024 repsz=8 reqframe=1040 respframe=24 durs=10.000 offered_mrps=0.000000 drops=0 overflow=0 worker_fail=0 reorder=0 mode=closed arr=const batch=0 reconns=0 reconn_us=0.00 grabs=514 rets=514 recyc=0 waits=0 pads=0 credit_hold_dropped=0 eq_budget_exhausted=0 dist=NA
    S12 [PASS] the same policy naming another identity: expected=refuse observed=refuse rcnt=0 fail=601 admitted+=0 denied+=515 route_hits+=0 mismatch+=0
grpcroute.gateway.networking.k8s.io "bench-grpc-inbound-route" deleted
meshtlsauthentication.policy.linkerd.io "bench-route-caller" deleted
authorizationpolicy.policy.linkerd.io "bench-allow-route" deleted
server.policy.linkerd.io "bench-echo-grpc" deleted

=== S13/S14 — failure accrual
service/echo-grpc-dpumesh annotated
deployment.apps/echo-grpc-broken created
Waiting for deployment "echo-grpc-broken" rollout to finish: 0 out of 1 new replicas have been updated...
Waiting for deployment "echo-grpc-broken" rollout to finish: 0 of 1 updated replicas are available...
deployment "echo-grpc-broken" successfully rolled out
S13 | OK mrps=0.000644 gbps=0.0055 req_gbps=0.0054 resp_gbps=0.0001 p50=1567.00 p95=1730.00 p99=1792.00 p999=1976.00 p9999=5314.00 avg=1552.54 min=832.12 max=16428.35 rcnt=6526 scheduled=6630 pending=0 fail=3 conc=1 threads=1 channels=1 reqsz=1024 repsz=8 reqframe=1040 respframe=24 durs=10.000 offered_mrps=0.000644 drops=0 overflow=0 worker_fail=0 reorder=0 mode=closed arr=const batch=0 reconns=0 reconn_us=0.00 grabs=0 rets=0 recyc=14 waits=0 pads=0 credit_hold_dropped=0 eq_budget_exhausted=0 dist=NA
    S13 [PASS] a failing endpoint beside a healthy one: expected=serve observed=serve rcnt=6526 fail=3 admitted+=2 denied+=0 route_hits+=0 mismatch+=0
    S13v ejected: healthy=6627 broken=3
deployment.apps "echo-grpc-broken" deleted
pod/echo-grpc-broken-858b5b4ccc-zfq7g condition met
S14 | OK mrps=0.000650 gbps=0.0055 req_gbps=0.0054 resp_gbps=0.0001 p50=1556.00 p95=1709.00 p99=1771.00 p999=1873.00 p9999=3531.00 avg=1537.18 min=799.64 max=4996.96 rcnt=6594 scheduled=6695 pending=0 fail=0 conc=1 threads=1 channels=1 reqsz=1024 repsz=8 reqframe=1040 respframe=24 durs=10.000 offered_mrps=0.000650 drops=0 overflow=0 worker_fail=0 reorder=0 mode=closed arr=const batch=0 reconns=0 reconn_us=0.00 grabs=0 rets=0 recyc=14 waits=0 pads=0 credit_hold_dropped=0 eq_budget_exhausted=0 dist=NA
    S14 [PASS] the failing endpoint withdrawn: expected=serve observed=serve rcnt=6594 fail=0 admitted+=1 denied+=0 route_hits+=0 mismatch+=0
service/echo-grpc-dpumesh annotated

=== S15 — HTTP/1.1 through the protocol-aware path
S15 | OK mrps=0.000664 gbps=0.0000 req_gbps=0.0000 resp_gbps=0.0000 p50=1495.00 p95=1658.00 p99=1730.00 p999=1812.00 p9999=1914.00 avg=1483.20 min=852.73 max=1954.36 rcnt=6741 scheduled=6741 pending=0 fail=0 conc=1 threads=1 reqsz=1024 repsz=8 durs=10.158 worker_fail=0 mode=closed arr=const proto=http1
    S15 [PASS] HTTP/1.1 request-response: expected=serve observed=serve rcnt=6741 fail=0 admitted+=1 denied+=0 route_hits+=0 mismatch+=0

=== stages: 20 pass, 0 fail

=== csv: /home/jukebox/DPUmesh/bench/suite/../report/data/policy-route-20260822-142204/stages.csv

=== cleanup
deployment.apps/echo-dpumesh-14 scaled
deployment.apps/echo-grpc-dpumesh scaled
    fixtures removed; replica counts restored
