representors=201
contexts_started=25
contexts_started=50
contexts_started=75
contexts_started=100
contexts_started=125
contexts_started=150
contexts_started=175
contexts_started=200
live=0 peak=0 errors=0
live=13 peak=13 errors=0
live=26 peak=26 errors=0
live=39 peak=39 errors=0
live=52 peak=52 errors=0
live=65 peak=65 errors=0
live=78 peak=78 errors=0
live=90 peak=90 errors=0
live=102 peak=102 errors=0
live=115 peak=115 errors=0
live=128 peak=128 errors=0
live=141 peak=141 errors=0
live=154 peak=154 errors=0
live=167 peak=167 errors=0
live=180 peak=180 errors=0
live=193 peak=193 errors=0
ALL_CONNECTED=200
live=200 peak=200 errors=0
live=200 peak=200 errors=0
live=200 peak=200 errors=0
live=200 peak=200 errors=0
live=200 peak=200 errors=0
live=200 peak=200 errors=0
RESULT role=server requested=200 peak=200 min_live_after_all=0 hold_s=31.696 sent=119800 received=119800 min_received_per_sf=599 errors=0
cleanup_idle=200/200
