
=== webhook — deploy the registration and its serving certificate
serviceaccount/dpumesh-webhook unchanged
clusterrole.rbac.authorization.k8s.io/dpumesh-webhook unchanged
clusterrolebinding.rbac.authorization.k8s.io/dpumesh-webhook unchanged
service/dpumesh-webhook unchanged
deployment.apps/dpumesh-webhook unchanged
mutatingwebhookconfiguration.admissionregistration.k8s.io/dpumesh-inject unchanged
deployment "dpumesh-webhook" successfully rolled out
    I0 [PASS] caBundle published: expected=present observed=present 

=== workloads — the same Deployment, with and without the annotation
deployment.apps/inject-echo created
service/inject-sock unchanged
deployment.apps/plain-echo created
service/plain-sock unchanged
deployment.apps/inject-bench created
service/inject-bench unchanged
deployment.apps/plain-bench created
service/plain-bench unchanged
deployment.apps/inject-echo scaled
deployment.apps/plain-echo scaled
deployment.apps/inject-bench scaled
deployment.apps/plain-bench scaled
    DPU admin ports: 4191 4192 4193 4194 4195 4196 4197 4198

=== I1/I2 — what the admitted Pod objects carry
    I1 [PASS] inject-echo: expected=injected observed=injected 
    I2 [PASS] plain-echo: expected=bare observed=bare 

=== I3 — the meshed pair
I3 | OK mrps=0.001488 gbps=0.0127 req_gbps=0.0124 resp_gbps=0.0003 p50=721.00 p95=1107.00 p99=1198.00 p999=1343.00 p9999=2008.00 avg=665.32 min=122.35 max=7603.50 rcnt=14772 scheduled=14873 pending=1 fail=0 conc=1 threads=1 reqsz=1024 repsz=8 reqframe=1040 respframe=24 durs=10.000 offered_mrps=0.001488 drops=0 overflow=0 worker_fail=0 reorder=0 mode=closed arr=const grabs=1 rets=1 recyc=32 waits=0 pads=0 wwin=0 wpool=0
    I3 [PASS] meshed traffic: expected=serve observed=serve rcnt=14772 fail=0 admitted+=1
    I3b [PASS] meshed verdict: expected=yes observed=yes 

=== I4 — the unmeshed control
I4 | OK mrps=0.038995 gbps=0.3319 req_gbps=0.3244 resp_gbps=0.0075 p50=25.00 p95=25.00 p99=30.00 p999=63.00 p9999=316.00 avg=25.24 min=17.51 max=461.50 rcnt=389639 scheduled=389740 pending=1 fail=0 conc=1 threads=1 reqsz=1024 repsz=8 reqframe=1040 respframe=24 durs=10.000 offered_mrps=0.038995 drops=0 overflow=0 worker_fail=0 reorder=0 mode=closed arr=const grabs=NA rets=NA recyc=NA waits=NA pads=NA wwin=NA wpool=NA
    I4 [PASS] unmeshed traffic: expected=serve observed=serve rcnt=389639 fail=0 admitted+=0
    I4b [PASS] unmeshed verdict: expected=no observed=no 

=== summary
    passes=7 failures=0
    -> /home/jukebox/DPUmesh/bench/suite/../report/data/inject-20260821-222323/stages.csv

=== cleanup
deployment.apps/inject-echo scaled
deployment.apps/inject-bench scaled
deployment.apps/plain-echo scaled
deployment.apps/plain-bench scaled
    injected workloads scaled to zero; the webhook registration is left in place
