
=== DPU admin endpoints: 4191 4192 4193 4194 4195 4196 4197 4198

=== output: /home/jukebox/DPUmesh/bench/report/data/policy-route-grpc-20260901-185430

=== surfaces — Linkerd features running in a proxy nobody has aimed at them
S0 | OK mrps=0.000931 gbps=0.0079 req_gbps=0.0077 resp_gbps=0.0002 p50=1024.00 p95=1451.00 p99=1710.00 p999=2383.00 p9999=17435.00 avg=1074.38 min=780.83 max=17650.56 rcnt=9471 scheduled=9572 pending=0 fail=0 conc=1 threads=1 channels=1 reqsz=1024 repsz=8 reqframe=1040 respframe=24 durs=10.000 offered_mrps=0.000931 drops=0 overflow=0 worker_fail=0 reorder=0 mode=closed arr=const batch=0 reconns=0 reconn_us=0.00 grabs=0 rets=0 recyc=21 waits=0 pads=0 credit_hold_dropped=0 eq_budget_exhausted=0 dist=NA
    S0 [PASS] no route: expected=serve observed=serve rcnt=9471 fail=0 admitted+=1 denied+=0 route_hits+=0 mismatch+=0

=== S1/S2 — HTTPRoute request timeouts
httproute.gateway.networking.k8s.io/bench-grpc-route created
S1 | OK mrps=0.000976 gbps=0.0083 req_gbps=0.0081 resp_gbps=0.0002 p50=991.00 p95=1379.00 p99=1588.00 p999=1827.00 p9999=2913.00 avg=1024.94 min=798.41 max=3171.33 rcnt=9941 scheduled=10042 pending=0 fail=0 conc=1 threads=1 channels=1 reqsz=1024 repsz=8 reqframe=1040 respframe=24 durs=10.000 offered_mrps=0.000976 drops=0 overflow=0 worker_fail=0 reorder=0 mode=closed arr=const batch=0 reconns=0 reconn_us=0.00 grabs=0 rets=0 recyc=22 waits=0 pads=0 credit_hold_dropped=0 eq_budget_exhausted=0 dist=NA
    S1 [PASS] timeout 10s: expected=serve observed=serve rcnt=9941 fail=0 admitted+=1 denied+=0 route_hits+=10041 mismatch+=0
httproute.gateway.networking.k8s.io/bench-grpc-route configured
S2 | OK mrps=0.000938 gbps=0.0080 req_gbps=0.0078 resp_gbps=0.0002 p50=1022.00 p95=1446.00 p99=1689.00 p999=1987.00 p9999=2106.00 avg=1064.95 min=814.48 max=2218.19 rcnt=9546 scheduled=9654 pending=0 fail=7 conc=1 threads=1 channels=1 reqsz=1024 repsz=8 reqframe=1040 respframe=24 durs=10.000 offered_mrps=0.000938 drops=0 overflow=0 worker_fail=0 reorder=0 mode=closed arr=const batch=0 reconns=0 reconn_us=0.00 grabs=0 rets=0 recyc=21 waits=0 pads=0 credit_hold_dropped=0 eq_budget_exhausted=0 dist=NA
    S2 [PASS] timeout 1ms: expected=refuse observed=refuse rcnt=9546 fail=7 admitted+=1 denied+=0 route_hits+=9654 mismatch+=0
    S2v [PASS] the route timed requests out: REQUEST_TIMEOUT+=7
httproute.gateway.networking.k8s.io "bench-grpc-route" deleted

=== S3 — retries, against a backend that fails on purpose
deployment.apps/echo-grpc-dpumesh env updated
Waiting for deployment "echo-grpc-dpumesh" rollout to finish: 0 out of 1 new replicas have been updated...
Waiting for deployment "echo-grpc-dpumesh" rollout to finish: 1 old replicas are pending termination...
Waiting for deployment "echo-grpc-dpumesh" rollout to finish: 1 old replicas are pending termination...
deployment "echo-grpc-dpumesh" successfully rolled out
grpcroute.gateway.networking.k8s.io/bench-grpc-grpcroute created
S3a | OK mrps=0.000846 gbps=0.0072 req_gbps=0.0070 resp_gbps=0.0002 p50=1089.00 p95=1598.00 p99=1865.00 p999=2321.00 p9999=17348.00 avg=1159.72 min=809.29 max=122418.95 rcnt=8604 scheduled=8882 pending=0 fail=177 conc=1 threads=1 channels=1 reqsz=1024 repsz=8 reqframe=1040 respframe=24 durs=10.000 offered_mrps=0.000846 drops=0 overflow=0 worker_fail=0 reorder=0 mode=closed arr=const batch=0 reconns=0 reconn_us=0.00 grabs=0 rets=0 recyc=19 waits=0 pads=0 credit_hold_dropped=0 eq_budget_exhausted=0 dist=NA
    S3a [PASS] 1-in-50 failures; no retry policy: expected=refuse observed=refuse rcnt=8604 fail=177 admitted+=1 denied+=0 route_hits+=0 mismatch+=0
grpcroute.gateway.networking.k8s.io/bench-grpc-grpcroute configured
S3b | OK mrps=0.000504 gbps=0.0043 req_gbps=0.0042 resp_gbps=0.0001 p50=1128.00 p95=1705.00 p99=42310.00 p999=51706.00 p9999=53132.00 avg=1983.43 min=841.66 max=54101.69 rcnt=5084 scheduled=5185 pending=0 fail=0 conc=1 threads=1 channels=1 reqsz=1024 repsz=8 reqframe=1040 respframe=24 durs=10.000 offered_mrps=0.000504 drops=0 overflow=0 worker_fail=0 reorder=0 mode=closed arr=const batch=0 reconns=0 reconn_us=0.00 grabs=0 rets=0 recyc=11 waits=0 pads=0 credit_hold_dropped=0 eq_budget_exhausted=0 dist=NA
    S3b [PASS] 1-in-50 failures; retry limit 3: expected=serve observed=serve rcnt=5084 fail=0 admitted+=1 denied+=0 route_hits+=0 mismatch+=0
    S3v [PASS] the route retried the failures: retry_requests+=106
grpcroute.gateway.networking.k8s.io "bench-grpc-grpcroute" deleted
deployment.apps/echo-grpc-dpumesh env updated
Waiting for deployment "echo-grpc-dpumesh" rollout to finish: 0 out of 1 new replicas have been updated...
Waiting for deployment "echo-grpc-dpumesh" rollout to finish: 1 old replicas are pending termination...
Waiting for deployment "echo-grpc-dpumesh" rollout to finish: 1 old replicas are pending termination...
deployment "echo-grpc-dpumesh" successfully rolled out

=== S4/S5 — method matching
httproute.gateway.networking.k8s.io/bench-grpc-route created
S4 | OK mrps=0.000897 gbps=0.0076 req_gbps=0.0075 resp_gbps=0.0002 p50=1049.00 p95=1540.00 p99=1774.00 p999=2216.00 p9999=15810.00 avg=1114.69 min=787.23 max=128655.59 rcnt=9143 scheduled=9244 pending=0 fail=0 conc=1 threads=1 channels=1 reqsz=1024 repsz=8 reqframe=1040 respframe=24 durs=10.000 offered_mrps=0.000897 drops=0 overflow=0 worker_fail=0 reorder=0 mode=closed arr=const batch=0 reconns=0 reconn_us=0.00 grabs=0 rets=0 recyc=20 waits=0 pads=0 credit_hold_dropped=0 eq_budget_exhausted=0 dist=NA
    S4 [PASS] method POST: expected=serve observed=serve rcnt=9143 fail=0 admitted+=1 denied+=0 route_hits+=9244 mismatch+=0
httproute.gateway.networking.k8s.io/bench-grpc-route configured
S5 | OK mrps=0.000000 gbps=0.0000 req_gbps=0.0000 resp_gbps=0.0000 p50=0.00 p95=0.00 p99=0.00 p999=0.00 p9999=0.00 avg=0.00 min=0.00 max=0.00 rcnt=0 scheduled=27128 pending=0 fail=27127 conc=1 threads=1 channels=1 reqsz=1024 repsz=8 reqframe=1040 respframe=24 durs=10.000 offered_mrps=0.000000 drops=0 overflow=0 worker_fail=0 reorder=0 mode=closed arr=const batch=0 reconns=0 reconn_us=0.00 grabs=0 rets=0 recyc=59 waits=0 pads=0 credit_hold_dropped=0 eq_budget_exhausted=0 dist=NA
    S5 [PASS] method GET: expected=refuse observed=refuse rcnt=0 fail=27127 admitted+=1 denied+=0 route_hits+=0 mismatch+=0
httproute.gateway.networking.k8s.io "bench-grpc-route" deleted

=== S6/S7 — header matching
httproute.gateway.networking.k8s.io/bench-grpc-route created
S6 | OK mrps=0.000889 gbps=0.0076 req_gbps=0.0074 resp_gbps=0.0002 p50=1075.00 p95=1572.00 p99=1800.00 p999=2075.00 p9999=3817.00 avg=1124.65 min=794.45 max=9298.28 rcnt=9040 scheduled=9141 pending=0 fail=0 conc=1 threads=1 channels=1 reqsz=1024 repsz=8 reqframe=1040 respframe=24 durs=10.000 offered_mrps=0.000889 drops=0 overflow=0 worker_fail=0 reorder=0 mode=closed arr=const batch=0 reconns=0 reconn_us=0.00 grabs=0 rets=0 recyc=20 waits=0 pads=0 credit_hold_dropped=0 eq_budget_exhausted=0 dist=NA
    S6 [PASS] header content-type: application/grpc: expected=serve observed=serve rcnt=9040 fail=0 admitted+=1 denied+=0 route_hits+=9141 mismatch+=0
httproute.gateway.networking.k8s.io/bench-grpc-route configured
S7 | OK mrps=0.000000 gbps=0.0000 req_gbps=0.0000 resp_gbps=0.0000 p50=0.00 p95=0.00 p99=0.00 p999=0.00 p9999=0.00 avg=0.00 min=0.00 max=0.00 rcnt=0 scheduled=29941 pending=0 fail=29940 conc=1 threads=1 channels=1 reqsz=1024 repsz=8 reqframe=1040 respframe=24 durs=10.000 offered_mrps=0.000000 drops=0 overflow=0 worker_fail=0 reorder=0 mode=closed arr=const batch=0 reconns=0 reconn_us=0.00 grabs=0 rets=0 recyc=65 waits=0 pads=0 credit_hold_dropped=0 eq_budget_exhausted=0 dist=NA
    S7 [PASS] header content-type: application/json: expected=refuse observed=refuse rcnt=0 fail=29940 admitted+=1 denied+=0 route_hits+=0 mismatch+=0
httproute.gateway.networking.k8s.io "bench-grpc-route" deleted

=== S8/S9 — GRPCRoute
grpcroute.gateway.networking.k8s.io/bench-grpc-grpcroute created
S8 | OK mrps=0.000920 gbps=0.0078 req_gbps=0.0077 resp_gbps=0.0002 p50=1037.00 p95=1511.00 p99=1766.00 p999=2061.00 p9999=3808.00 avg=1086.95 min=795.77 max=15605.86 rcnt=9369 scheduled=9470 pending=0 fail=0 conc=1 threads=1 channels=1 reqsz=1024 repsz=8 reqframe=1040 respframe=24 durs=10.000 offered_mrps=0.000920 drops=0 overflow=0 worker_fail=0 reorder=0 mode=closed arr=const batch=0 reconns=0 reconn_us=0.00 grabs=0 rets=0 recyc=20 waits=0 pads=0 credit_hold_dropped=0 eq_budget_exhausted=0 dist=NA
    S8 [PASS] GRPCRoute on the called method: expected=serve observed=serve rcnt=9369 fail=0 admitted+=1 denied+=0 route_hits+=0 mismatch+=0
grpcroute.gateway.networking.k8s.io/bench-grpc-grpcroute configured
S9 | OK mrps=0.000000 gbps=0.0000 req_gbps=0.0000 resp_gbps=0.0000 p50=0.00 p95=0.00 p99=0.00 p999=0.00 p9999=0.00 avg=0.00 min=0.00 max=0.00 rcnt=0 scheduled=27382 pending=0 fail=27381 conc=1 threads=1 channels=1 reqsz=1024 repsz=8 reqframe=1040 respframe=24 durs=10.000 offered_mrps=0.000000 drops=0 overflow=0 worker_fail=0 reorder=0 mode=closed arr=const batch=0 reconns=0 reconn_us=0.00 grabs=0 rets=0 recyc=60 waits=0 pads=0 credit_hold_dropped=0 eq_budget_exhausted=0 dist=NA
    S9 [PASS] GRPCRoute on another method: expected=refuse observed=refuse rcnt=0 fail=27381 admitted+=1 denied+=0 route_hits+=0 mismatch+=0
grpcroute.gateway.networking.k8s.io "bench-grpc-grpcroute" deleted

=== S10-S12 — authorization whose subject is a route
    caller identity: default.test-bench.serviceaccount.identity.linkerd.cluster.local
server.policy.linkerd.io/bench-echo-grpc created
S10 | OK mrps=0.000000 gbps=0.0000 req_gbps=0.0000 resp_gbps=0.0000 p50=0.00 p95=0.00 p99=0.00 p999=0.00 p9999=0.00 avg=0.00 min=0.00 max=0.00 rcnt=0 scheduled=515 pending=0 fail=514 conc=1 threads=1 channels=1 reqsz=1024 repsz=8 reqframe=1040 respframe=24 durs=10.000 offered_mrps=0.000000 drops=0 overflow=0 worker_fail=0 reorder=0 mode=closed arr=const batch=0 reconns=0 reconn_us=0.00 grabs=514 rets=514 recyc=0 waits=0 pads=0 credit_hold_dropped=0 eq_budget_exhausted=0 dist=NA
    S10 [PASS] Server on the protocol-aware Service; no authorization: expected=refuse observed=refuse rcnt=0 fail=514 admitted+=0 denied+=514 route_hits+=0 mismatch+=0
grpcroute.gateway.networking.k8s.io/bench-grpc-inbound-route created
meshtlsauthentication.policy.linkerd.io/bench-route-caller created
authorizationpolicy.policy.linkerd.io/bench-allow-route created
S11 | OK mrps=0.000893 gbps=0.0076 req_gbps=0.0074 resp_gbps=0.0002 p50=1064.00 p95=1537.00 p99=1814.00 p999=3004.00 p9999=16588.00 avg=1120.23 min=806.87 max=18565.11 rcnt=9086 scheduled=9187 pending=0 fail=0 conc=1 threads=1 channels=1 reqsz=1024 repsz=8 reqframe=1040 respframe=24 durs=10.000 offered_mrps=0.000893 drops=0 overflow=0 worker_fail=0 reorder=0 mode=closed arr=const batch=0 reconns=0 reconn_us=0.00 grabs=0 rets=0 recyc=20 waits=0 pads=0 credit_hold_dropped=0 eq_budget_exhausted=0 dist=NA
    S11 [PASS] AuthorizationPolicy targeting the GRPCRoute: expected=serve observed=serve rcnt=9086 fail=0 admitted+=1 denied+=0 route_hits+=0 mismatch+=0
grpcroute.gateway.networking.k8s.io/bench-grpc-inbound-route unchanged
meshtlsauthentication.policy.linkerd.io/bench-route-caller configured
authorizationpolicy.policy.linkerd.io/bench-allow-route unchanged
S12 | OK mrps=0.000000 gbps=0.0000 req_gbps=0.0000 resp_gbps=0.0000 p50=0.00 p95=0.00 p99=0.00 p999=0.00 p9999=0.00 avg=0.00 min=0.00 max=0.00 rcnt=0 scheduled=515 pending=0 fail=514 conc=1 threads=1 channels=1 reqsz=1024 repsz=8 reqframe=1040 respframe=24 durs=10.000 offered_mrps=0.000000 drops=0 overflow=0 worker_fail=0 reorder=0 mode=closed arr=const batch=0 reconns=0 reconn_us=0.00 grabs=514 rets=514 recyc=0 waits=0 pads=0 credit_hold_dropped=0 eq_budget_exhausted=0 dist=NA
    S12 [PASS] the same policy naming another identity: expected=refuse observed=refuse rcnt=0 fail=514 admitted+=0 denied+=514 route_hits+=0 mismatch+=0
grpcroute.gateway.networking.k8s.io "bench-grpc-inbound-route" deleted
meshtlsauthentication.policy.linkerd.io "bench-route-caller" deleted
authorizationpolicy.policy.linkerd.io "bench-allow-route" deleted
server.policy.linkerd.io "bench-echo-grpc" deleted

=== S13/S14 — failure accrual
service/echo-grpc-dpumesh annotated
deployment.apps/echo-grpc-broken created
Waiting for deployment "echo-grpc-broken" rollout to finish: 0 out of 1 new replicas have been updated...
Waiting for deployment "echo-grpc-broken" rollout to finish: 0 of 1 updated replicas are available...
deployment "echo-grpc-broken" successfully rolled out
S13 | OK mrps=0.000868 gbps=0.0074 req_gbps=0.0072 resp_gbps=0.0002 p50=1099.00 p95=1626.00 p99=1893.00 p999=2192.00 p9999=7820.00 avg=1151.85 min=808.54 max=7960.63 rcnt=8833 scheduled=8938 pending=0 fail=4 conc=1 threads=1 channels=1 reqsz=1024 repsz=8 reqframe=1040 respframe=24 durs=10.000 offered_mrps=0.000868 drops=0 overflow=0 worker_fail=0 reorder=0 mode=closed arr=const batch=0 reconns=0 reconn_us=0.00 grabs=0 rets=0 recyc=19 waits=0 pads=0 credit_hold_dropped=0 eq_budget_exhausted=0 dist=NA
    S13 [PASS] a failing endpoint beside a healthy one: expected=serve observed=serve rcnt=8833 fail=4 admitted+=2 denied+=0 route_hits+=0 mismatch+=0
    S13v ejected: healthy=8934 broken=4
deployment.apps "echo-grpc-broken" deleted
pod/echo-grpc-broken-858b5b4ccc-x775z condition met
S14 | OK mrps=0.000895 gbps=0.0076 req_gbps=0.0074 resp_gbps=0.0002 p50=1063.00 p95=1543.00 p99=1802.00 p999=2369.00 p9999=17529.00 avg=1117.03 min=780.84 max=18169.10 rcnt=9122 scheduled=9223 pending=0 fail=0 conc=1 threads=1 channels=1 reqsz=1024 repsz=8 reqframe=1040 respframe=24 durs=10.000 offered_mrps=0.000895 drops=0 overflow=0 worker_fail=0 reorder=0 mode=closed arr=const batch=0 reconns=0 reconn_us=0.00 grabs=0 rets=0 recyc=20 waits=0 pads=0 credit_hold_dropped=0 eq_budget_exhausted=0 dist=NA
    S14 [PASS] the failing endpoint withdrawn: expected=serve observed=serve rcnt=9122 fail=0 admitted+=1 denied+=0 route_hits+=0 mismatch+=0
service/echo-grpc-dpumesh annotated

=== stages: 19 pass, 0 fail

=== csv: /home/jukebox/DPUmesh/bench/report/data/policy-route-grpc-20260901-185430/stages.csv

=== cleanup
deployment.apps/echo-dpumesh-14 scaled
deployment.apps/echo-grpc-dpumesh scaled
    fixtures removed; replica counts restored
