
=== webhook — deploy the registration and its serving certificate
serviceaccount/dpumesh-webhook unchanged
clusterrole.rbac.authorization.k8s.io/dpumesh-webhook unchanged
clusterrolebinding.rbac.authorization.k8s.io/dpumesh-webhook unchanged
service/dpumesh-webhook unchanged
deployment.apps/dpumesh-webhook unchanged
mutatingwebhookconfiguration.admissionregistration.k8s.io/dpumesh-inject unchanged
deployment "dpumesh-webhook" successfully rolled out
    I0 [PASS] caBundle published: expected=present observed=present 

=== workloads — the same Deployment, with and without the annotation
deployment.apps/inject-echo created
service/inject-sock created
deployment.apps/plain-echo created
service/plain-sock created
deployment.apps/inject-bench created
service/inject-bench created
deployment.apps/plain-bench created
service/plain-bench created
deployment.apps/inject-echo scaled
deployment.apps/plain-echo scaled
deployment.apps/inject-bench scaled
deployment.apps/plain-bench scaled
    DPU admin ports: 4191 4192 4193 4194 4195 4196 4197 4198

=== I1/I2 — what the admitted Pod objects carry
    I1 [PASS] inject-echo: expected=injected observed=injected 
    I2 [PASS] plain-echo: expected=bare observed=bare 

=== I3 — the meshed pair
I3 | ERR mrps=0.000000 gbps=0.0000 req_gbps=0.0000 resp_gbps=0.0000 p50=0.00 p95=0.00 p99=0.00 p999=0.00 p9999=0.00 avg=0.00 min=0.00 max=0.00 rcnt=0 scheduled=0 pending=0 fail=1 conc=1 threads=1 reqsz=1024 repsz=8 reqframe=1040 respframe=24 durs=10.000 offered_mrps=0.000000 drops=0 overflow=0 worker_fail=1 reorder=0 mode=closed arr=const grabs=0 rets=0 recyc=0 waits=0 pads=0 wwin=0 wpool=0
    I3 [FAIL] meshed traffic: expected=serve observed=refuse rcnt=0 fail=1 admitted+=0
    I3b [FAIL] meshed verdict: expected=yes observed=no 

=== I4 — the unmeshed control
I4 | ERR mrps=0.000000 gbps=0.0000 req_gbps=0.0000 resp_gbps=0.0000 p50=0.00 p95=0.00 p99=0.00 p999=0.00 p9999=0.00 avg=0.00 min=0.00 max=0.00 rcnt=0 scheduled=0 pending=0 fail=1 conc=1 threads=1 reqsz=1024 repsz=8 reqframe=1040 respframe=24 durs=10.000 offered_mrps=0.000000 drops=0 overflow=0 worker_fail=1 reorder=0 mode=closed arr=const grabs=0 rets=0 recyc=0 waits=0 pads=0 wwin=0 wpool=0
    I4 [FAIL] unmeshed traffic: expected=serve observed=refuse rcnt=0 fail=1 admitted+=0
    I4b [PASS] unmeshed verdict: expected=no observed=no 

=== summary
    passes=4 failures=3
    -> /home/jukebox/DPUmesh/bench/suite/../report/data/inject-20260821-221750/stages.csv

=== cleanup
deployment.apps/inject-echo scaled
deployment.apps/inject-bench scaled
deployment.apps/plain-echo scaled
deployment.apps/plain-bench scaled
    injected workloads scaled to zero; the webhook registration is left in place
