[02:17:43] closed-loop sweep: configs=[grpc-envoy-permissive grpc-envoy-strict grpc-linkerd grpc-linkerd-opaque grpc-tcp grpc-dpumesh] frames=[64 1024 8192] concs=[1 2 4 8 16 32] reps=1 threads=8
[02:17:44] grpc-envoy-permissive: client=bench-grpc-envoy(20187) server=echo-grpc-envoy(19775) restarts=00/00
[02:17:55] [1/108] grpc-envoy-permissive 64B conc=1 -> ach=17742.0 p50=444.00 p99=587.00 cli=0.9970 srv=0.9917 arm=NA
[02:18:08] [2/108] grpc-envoy-permissive 64B conc=2 -> ach=26065.0 p50=605.00 p99=771.00 cli=0.9981 srv=0.9860 arm=NA
[02:18:22] [3/108] grpc-envoy-permissive 64B conc=4 -> ach=34859.0 p50=904.00 p99=1116.00 cli=0.9997 srv=0.9778 arm=NA
[02:18:36] [4/108] grpc-envoy-permissive 64B conc=8 -> ach=41691.0 p50=1512.00 p99=1880.00 cli=0.9996 srv=0.9586 arm=NA
[02:18:49] [5/108] grpc-envoy-permissive 64B conc=16 -> ach=46667.0 p50=2709.00 p99=3400.00 cli=0.9999 srv=0.9409 arm=NA
[02:19:03] [6/108] grpc-envoy-permissive 64B conc=32 -> ach=50202.0 p50=5070.00 p99=6372.00 cli=0.9986 srv=0.9419 arm=NA
[02:19:16] [7/108] grpc-envoy-permissive 1024B conc=1 -> ach=17117.0 p50=462.00 p99=598.00 cli=0.9982 srv=0.9943 arm=NA
[02:19:30] [8/108] grpc-envoy-permissive 1024B conc=2 -> ach=23277.0 p50=679.00 p99=833.00 cli=0.9974 srv=0.9581 arm=NA
[02:19:44] [9/108] grpc-envoy-permissive 1024B conc=4 -> ach=31996.0 p50=985.00 p99=1202.00 cli=0.9994 srv=0.9593 arm=NA
[02:19:57] [10/108] grpc-envoy-permissive 1024B conc=8 -> ach=39861.0 p50=1568.00 p99=1960.00 cli=0.9997 srv=0.9453 arm=NA
[02:20:11] [11/108] grpc-envoy-permissive 1024B conc=16 -> ach=45382.0 p50=2767.00 p99=3497.00 cli=1.0000 srv=0.9540 arm=NA
[02:20:25] [12/108] grpc-envoy-permissive 1024B conc=32 -> ach=48445.0 p50=5238.00 p99=6632.00 cli=0.9998 srv=0.9469 arm=NA
[02:20:38] [13/108] grpc-envoy-permissive 8192B conc=1 -> ach=14626.0 p50=544.00 p99=689.00 cli=0.9994 srv=0.9866 arm=NA
[02:20:52] [14/108] grpc-envoy-permissive 8192B conc=2 -> ach=20517.0 p50=764.00 p99=936.00 cli=0.9996 srv=0.9472 arm=NA
[02:21:06] [15/108] grpc-envoy-permissive 8192B conc=4 -> ach=26832.0 p50=1150.00 p99=1434.00 cli=0.9995 srv=0.9478 arm=NA
[02:21:19] [16/108] grpc-envoy-permissive 8192B conc=8 -> ach=31243.0 p50=2013.00 p99=2458.00 cli=0.9997 srv=0.9416 arm=NA
[02:21:33] [17/108] grpc-envoy-permissive 8192B conc=16 -> ach=35452.0 p50=3577.00 p99=4343.00 cli=0.9991 srv=0.9535 arm=NA
[02:21:46] [18/108] grpc-envoy-permissive 8192B conc=32 -> ach=37380.0 p50=6814.00 p99=8303.00 cli=0.9994 srv=0.9718 arm=NA
[02:21:51] grpc-envoy-strict: client=bench-grpc-envoy-strict(21527) server=echo-grpc-envoy-strict(21144) restarts=00/00
[02:22:01] [19/108] grpc-envoy-strict 64B conc=1 -> ach=16668.0 p50=474.00 p99=609.00 cli=0.9984 srv=0.9838 arm=NA
[02:22:15] [20/108] grpc-envoy-strict 64B conc=2 -> ach=24162.0 p50=652.00 p99=791.00 cli=0.9996 srv=0.9828 arm=NA
[02:22:29] [21/108] grpc-envoy-strict 64B conc=4 -> ach=33460.0 p50=938.00 p99=1160.00 cli=0.9985 srv=0.9809 arm=NA
[02:22:42] [22/108] grpc-envoy-strict 64B conc=8 -> ach=40160.0 p50=1560.00 p99=1958.00 cli=0.9998 srv=0.9539 arm=NA
[02:22:56] [23/108] grpc-envoy-strict 64B conc=16 -> ach=46032.0 p50=2645.00 p99=3460.00 cli=0.9999 srv=0.9584 arm=NA
[02:23:10] [24/108] grpc-envoy-strict 64B conc=32 -> ach=49633.0 p50=5069.00 p99=6484.00 cli=0.9993 srv=0.9584 arm=NA
[02:23:23] [25/108] grpc-envoy-strict 1024B conc=1 -> ach=15490.0 p50=501.00 p99=664.00 cli=0.9961 srv=0.9677 arm=NA
[02:23:37] [26/108] grpc-envoy-strict 1024B conc=2 -> ach=22721.0 p50=697.00 p99=922.00 cli=0.9968 srv=0.9988 arm=NA
[02:23:50] [27/108] grpc-envoy-strict 1024B conc=4 -> ach=30690.0 p50=1020.00 p99=1279.00 cli=0.9992 srv=0.9808 arm=NA
[02:24:04] [28/108] grpc-envoy-strict 1024B conc=8 -> ach=38228.0 p50=1595.00 p99=2060.00 cli=0.9995 srv=0.9637 arm=NA
[02:24:18] [29/108] grpc-envoy-strict 1024B conc=16 -> ach=42600.0 p50=2879.00 p99=3692.00 cli=0.9997 srv=0.9548 arm=NA
[02:24:31] [30/108] grpc-envoy-strict 1024B conc=32 -> ach=45762.0 p50=5519.00 p99=6953.00 cli=0.9997 srv=0.9636 arm=NA
[02:24:45] [31/108] grpc-envoy-strict 8192B conc=1 -> ach=12997.0 p50=607.00 p99=808.00 cli=0.9991 srv=0.9818 arm=NA
[02:24:59] [32/108] grpc-envoy-strict 8192B conc=2 -> ach=16741.0 p50=945.00 p99=1275.00 cli=0.9989 srv=0.9608 arm=NA
[02:25:12] [33/108] grpc-envoy-strict 8192B conc=4 -> ach=21089.0 p50=1499.00 p99=2000.00 cli=0.9988 srv=0.9539 arm=NA
[02:25:26] [34/108] grpc-envoy-strict 8192B conc=8 -> ach=25032.0 p50=2537.00 p99=3244.00 cli=0.9997 srv=0.9670 arm=NA
[02:25:40] [35/108] grpc-envoy-strict 8192B conc=16 -> ach=27859.0 p50=4575.00 p99=5740.00 cli=0.9990 srv=0.9713 arm=NA
[02:25:53] [36/108] grpc-envoy-strict 8192B conc=32 -> ach=29679.0 p50=8568.00 p99=10495.00 cli=0.9992 srv=0.9847 arm=NA
[02:25:58] grpc-linkerd: client=bench-grpc-linkerd(22605) server=echo-grpc-linkerd(22077) restarts=0/0
[02:26:08] [37/108] grpc-linkerd 64B conc=1 -> ach=4477.0 p50=1845.00 p99=2146.00 cli=0.5226 srv=0.4192 arm=NA
[02:26:22] [38/108] grpc-linkerd 64B conc=2 -> ach=5894.0 p50=2754.00 p99=3107.00 cli=0.5393 srv=0.4253 arm=NA
[02:26:36] [39/108] grpc-linkerd 64B conc=4 -> ach=8061.0 p50=4411.00 p99=4954.00 cli=0.6436 srv=0.5380 arm=NA
[02:26:49] [40/108] grpc-linkerd 64B conc=8 -> ach=8121.0 p50=7770.00 p99=8749.00 cli=0.5324 srv=0.4627 arm=NA
[02:27:03] [41/108] grpc-linkerd 64B conc=16 -> ach=8849.0 p50=14487.00 p99=16335.00 cli=0.5368 srv=0.4746 arm=NA
[02:27:17] [42/108] grpc-linkerd 64B conc=32 -> ach=15544.0 p50=15255.00 p99=27873.00 cli=0.9178 srv=0.8243 arm=NA
[02:27:31] [43/108] grpc-linkerd 1024B conc=1 -> ach=4227.0 p50=1928.00 p99=2262.00 cli=0.5660 srv=0.4337 arm=NA
[02:27:44] [44/108] grpc-linkerd 1024B conc=2 -> ach=5832.0 p50=2923.00 p99=3298.00 cli=0.5799 srv=0.4674 arm=NA
[02:27:58] [45/108] grpc-linkerd 1024B conc=4 -> ach=7616.0 p50=4754.00 p99=5347.00 cli=0.6697 srv=0.5682 arm=NA
[02:28:12] [46/108] grpc-linkerd 1024B conc=8 -> ach=8306.0 p50=8457.00 p99=9463.00 cli=0.6731 srv=0.5924 arm=NA
[02:28:25] [47/108] grpc-linkerd 1024B conc=16 -> ach=8102.0 p50=15791.00 p99=17730.00 cli=0.5975 srv=0.5330 arm=NA
[02:28:39] [48/108] grpc-linkerd 1024B conc=32 -> ach=11683.0 p50=20611.00 p99=32821.00 cli=0.8183 srv=0.7400 arm=NA
[02:28:53] [49/108] grpc-linkerd 8192B conc=1 -> ach=3821.0 p50=2133.00 p99=2440.00 cli=0.5647 srv=0.4520 arm=NA
[02:29:06] [50/108] grpc-linkerd 8192B conc=2 -> ach=5300.0 p50=3139.00 p99=3592.00 cli=0.6208 srv=0.4987 arm=NA
[02:29:20] [51/108] grpc-linkerd 8192B conc=4 -> ach=7158.0 p50=4491.00 p99=5944.00 cli=0.7081 srv=0.6082 arm=NA
[02:29:34] [52/108] grpc-linkerd 8192B conc=8 -> ach=7635.0 p50=8281.00 p99=10948.00 cli=0.7007 srv=0.6188 arm=NA
[02:29:47] [53/108] grpc-linkerd 8192B conc=16 -> ach=8362.0 p50=14392.00 p99=20534.00 cli=0.7217 srv=0.6689 arm=NA
[02:30:01] [54/108] grpc-linkerd 8192B conc=32 -> ach=11215.0 p50=22253.00 p99=34071.00 cli=0.9617 srv=0.9128 arm=NA
[02:30:05] grpc-linkerd-opaque: client=bench-grpc-linkerd-opaque(23664) server=echo-grpc-linkerd-opaque(23156) restarts=0/0
[02:30:16] [55/108] grpc-linkerd-opaque 64B conc=1 -> ach=20818.0 p50=379.00 p99=453.00 cli=0.9996 srv=0.9993 arm=NA
[02:30:30] [56/108] grpc-linkerd-opaque 64B conc=2 -> ach=28892.0 p50=544.00 p99=659.00 cli=0.9994 srv=0.9987 arm=NA
[02:30:43] [57/108] grpc-linkerd-opaque 64B conc=4 -> ach=37301.0 p50=841.00 p99=1046.00 cli=0.9997 srv=0.9929 arm=NA
[02:30:57] [58/108] grpc-linkerd-opaque 64B conc=8 -> ach=42972.0 p50=1471.00 p99=1847.00 cli=0.9999 srv=0.9597 arm=NA
[02:31:11] [59/108] grpc-linkerd-opaque 64B conc=16 -> ach=46519.0 p50=2729.00 p99=3240.00 cli=0.9998 srv=0.9464 arm=NA
[02:31:24] [60/108] grpc-linkerd-opaque 64B conc=32 -> ach=49749.0 p50=5111.00 p99=6481.00 cli=0.9998 srv=0.9344 arm=NA
[02:31:38] [61/108] grpc-linkerd-opaque 1024B conc=1 -> ach=20072.0 p50=393.00 p99=472.00 cli=0.9995 srv=0.9987 arm=NA
[02:31:52] [62/108] grpc-linkerd-opaque 1024B conc=2 -> ach=26287.0 p50=594.00 p99=784.00 cli=0.9972 srv=0.9904 arm=NA
[02:32:06] [63/108] grpc-linkerd-opaque 1024B conc=4 -> ach=33639.0 p50=915.00 p99=1149.00 cli=0.9996 srv=0.9698 arm=NA
[02:32:19] [64/108] grpc-linkerd-opaque 1024B conc=8 -> ach=38238.0 p50=1591.00 p99=2031.00 cli=0.9999 srv=0.9606 arm=NA
[02:32:33] [65/108] grpc-linkerd-opaque 1024B conc=16 -> ach=41974.0 p50=2930.00 p99=3748.00 cli=0.9999 srv=0.9424 arm=NA
[02:32:47] [66/108] grpc-linkerd-opaque 1024B conc=32 -> ach=44411.0 p50=5687.00 p99=7131.00 cli=0.9982 srv=0.9475 arm=NA
[02:33:00] [67/108] grpc-linkerd-opaque 8192B conc=1 -> ach=12958.0 p50=617.00 p99=768.00 cli=0.9995 srv=0.9821 arm=NA
[02:33:14] [68/108] grpc-linkerd-opaque 8192B conc=2 -> ach=16955.0 p50=936.00 p99=1287.00 cli=0.9997 srv=0.9804 arm=NA
[02:33:28] [69/108] grpc-linkerd-opaque 8192B conc=4 -> ach=20472.0 p50=1565.00 p99=2103.00 cli=0.9989 srv=0.9525 arm=NA
[02:33:42] [70/108] grpc-linkerd-opaque 8192B conc=8 -> ach=23420.0 p50=2731.00 p99=3668.00 cli=0.9994 srv=0.9591 arm=NA
[02:33:55] [71/108] grpc-linkerd-opaque 8192B conc=16 -> ach=25426.0 p50=5039.00 p99=6723.00 cli=0.9997 srv=0.9710 arm=NA
[02:34:09] [72/108] grpc-linkerd-opaque 8192B conc=32 -> ach=26527.0 p50=9643.00 p99=12978.00 cli=0.9996 srv=0.9684 arm=NA
[02:34:13] grpc-tcp: client=bench-grpc-tcp(20866) server=echo-grpc-tcp(20523) restarts=0/0
[02:34:24] [73/108] grpc-tcp 64B conc=1 -> ach=22740.0 p50=349.00 p99=500.00 cli=0.9049 srv=0.8598 arm=NA
[02:34:38] [74/108] grpc-tcp 64B conc=2 -> ach=26533.0 p50=586.00 p99=860.00 cli=0.9210 srv=0.8990 arm=NA
[02:34:51] [75/108] grpc-tcp 64B conc=4 -> ach=29219.0 p50=1086.00 p99=1513.00 cli=0.9557 srv=0.9559 arm=NA
[02:35:05] [76/108] grpc-tcp 64B conc=8 -> ach=30189.0 p50=2111.00 p99=2924.00 cli=0.9763 srv=0.9786 arm=NA
[02:35:19] [77/108] grpc-tcp 64B conc=16 -> ach=29620.0 p50=4310.00 p99=7599.00 cli=0.9879 srv=0.9883 arm=NA
[02:35:32] [78/108] grpc-tcp 64B conc=32 -> ach=30305.0 p50=8394.00 p99=12728.00 cli=0.9940 srv=0.9939 arm=NA
[02:35:46] [79/108] grpc-tcp 1024B conc=1 -> ach=22615.0 p50=353.00 p99=547.00 cli=0.9173 srv=0.8645 arm=NA
[02:36:00] [80/108] grpc-tcp 1024B conc=2 -> ach=23229.0 p50=672.00 p99=1916.00 cli=0.9952 srv=0.9903 arm=NA
[02:36:13] [81/108] grpc-tcp 1024B conc=4 -> ach=24696.0 p50=164.00 p99=25508.00 cli=0.9971 srv=0.9937 arm=NA
[02:36:27] [82/108] grpc-tcp 1024B conc=8 -> ach=24787.0 p50=326.00 p99=46934.00 cli=0.9967 srv=0.9949 arm=NA
[02:36:41] [83/108] grpc-tcp 1024B conc=16 -> ach=0.0 p50= p99= cli=0.9999 srv=0.9964 arm=NA
[02:36:44] CRASH before grpc-tcp/1024B/conc=32 (restarts 0/0 -> 1/0); re-resolving endpoints
[02:37:01] [84/108] grpc-tcp 1024B conc=32 -> ach=29742.0 p50=8421.00 p99=9426.00 cli=2.3552 srv=0.9997 arm=NA
[02:37:14] [85/108] grpc-tcp 8192B conc=1 -> ach=20862.0 p50=331.00 p99=1257.00 cli=2.3088 srv=0.9233 arm=NA
[02:37:28] [86/108] grpc-tcp 8192B conc=2 -> ach=25253.0 p50=587.00 p99=1290.00 cli=2.5164 srv=0.9794 arm=NA
[02:37:42] [87/108] grpc-tcp 8192B conc=4 -> ach=24191.0 p50=1269.00 p99=2053.00 cli=2.3759 srv=0.9994 arm=NA
[02:37:55] [88/108] grpc-tcp 8192B conc=8 -> ach=23838.0 p50=2547.00 p99=3368.00 cli=2.3284 srv=0.9997 arm=NA
[02:38:09] [89/108] grpc-tcp 8192B conc=16 -> ach=23794.0 p50=5025.00 p99=6048.00 cli=2.1320 srv=0.9997 arm=NA
[02:38:23] [90/108] grpc-tcp 8192B conc=32 -> ach=25263.0 p50=9861.00 p99=11243.00 cli=2.1089 srv=0.9997 arm=NA
[02:38:27] grpc-dpumesh: client=bench-grpc-dpumesh(19473) server=echo-grpc-dpumesh(18859) restarts=0/0
[02:38:38] [91/108] grpc-dpumesh 64B conc=1 -> ach=33584.0 p50=189.00 p99=437.00 cli=0.8907 srv=0.9673 arm=2.5718
[02:38:51] [92/108] grpc-dpumesh 64B conc=2 -> ach=34373.0 p50=416.00 p99=810.00 cli=0.9380 srv=0.9598 arm=2.2445
[02:39:05] [93/108] grpc-dpumesh 64B conc=4 -> ach=36403.0 p50=817.00 p99=1433.00 cli=0.9468 srv=0.9381 arm=1.8412
[02:39:19] [94/108] grpc-dpumesh 64B conc=8 -> ach=31667.0 p50=1592.00 p99=14018.00 cli=0.9369 srv=0.8276 arm=1.4177
[02:39:32] [95/108] grpc-dpumesh 64B conc=16 -> ach=28134.0 p50=3248.00 p99=27937.00 cli=0.9138 srv=0.8533 arm=1.3941
[02:39:46] [96/108] grpc-dpumesh 64B conc=32 -> ach=28289.0 p50=6724.00 p99=65013.00 cli=0.9149 srv=0.8755 arm=1.3548
[02:40:00] [97/108] grpc-dpumesh 1024B conc=1 -> ach=31854.0 p50=196.00 p99=521.00 cli=0.8449 srv=0.9727 arm=2.4250
[02:40:14] [98/108] grpc-dpumesh 1024B conc=2 -> ach=34253.0 p50=425.00 p99=810.00 cli=0.9500 srv=0.9573 arm=2.2708
[02:40:27] [99/108] grpc-dpumesh 1024B conc=4 -> ach=36392.0 p50=826.00 p99=1450.00 cli=0.9583 srv=0.9147 arm=1.8112
[02:40:41] [100/108] grpc-dpumesh 1024B conc=8 -> ach=31639.0 p50=1623.00 p99=13891.00 cli=0.9368 srv=0.8179 arm=1.3227
[02:40:55] [101/108] grpc-dpumesh 1024B conc=16 -> ach=27537.0 p50=3082.00 p99=37871.00 cli=0.8355 srv=0.8533 arm=1.1855
[02:41:09] [102/108] grpc-dpumesh 1024B conc=32 -> ach=27641.0 p50=6552.00 p99=64244.00 cli=0.9018 srv=0.8571 arm=1.2896
[02:41:22] [103/108] grpc-dpumesh 8192B conc=1 -> ach=24608.0 p50=279.00 p99=757.00 cli=0.9191 srv=0.9782 arm=2.7078
[02:41:36] [104/108] grpc-dpumesh 8192B conc=2 -> ach=24639.0 p50=586.00 p99=702.00 cli=0.9249 srv=0.9675 arm=1.8963
[02:41:50] [105/108] grpc-dpumesh 8192B conc=4 -> ach=23026.0 p50=1307.00 p99=12745.00 cli=0.8702 srv=0.9648 arm=1.4447
[02:42:03] [106/108] grpc-dpumesh 8192B conc=8 -> ach=27966.0 p50=1538.00 p99=14350.00 cli=0.9429 srv=0.9336 arm=1.6559
[02:42:17] [107/108] grpc-dpumesh 8192B conc=16 -> ach=22490.0 p50=3244.00 p99=87577.00 cli=0.8386 srv=0.9578 arm=1.6188
[02:42:31] [108/108] grpc-dpumesh 8192B conc=32 -> ach=21451.0 p50=7259.00 p99=140325.00 cli=0.7539 srv=0.9994 arm=1.4042
[02:42:34] closed-loop sweep complete: /home/jukebox/DPUmesh/integrations/linkerd/bench/report/data/linkerd-20260810/closed-1core/points.csv
