
=== webhook — deploy the registration and its serving certificate
serviceaccount/dpumesh-webhook unchanged
clusterrole.rbac.authorization.k8s.io/dpumesh-webhook unchanged
clusterrolebinding.rbac.authorization.k8s.io/dpumesh-webhook unchanged
service/dpumesh-webhook unchanged
deployment.apps/dpumesh-webhook unchanged
mutatingwebhookconfiguration.admissionregistration.k8s.io/dpumesh-inject unchanged
deployment "dpumesh-webhook" successfully rolled out
    I0 [PASS] caBundle published: expected=present observed=present 

=== workloads — the same Deployment, with and without the annotation
deployment.apps/inject-echo created
service/inject-sock unchanged
deployment.apps/plain-echo created
service/plain-sock unchanged
deployment.apps/inject-bench created
service/inject-bench unchanged
deployment.apps/plain-bench created
service/plain-bench unchanged
deployment.apps/inject-echo scaled
deployment.apps/plain-echo scaled
deployment.apps/inject-bench scaled
deployment.apps/plain-bench scaled
    DPU admin ports: 4191 4192 4193 4194 4195 4196 4197 4198

=== I1/I2 — what the admitted Pod objects carry
    I1 [FAIL] inject-echo: expected=injected observed=partial:preload-lib 
    I2 [PASS] plain-echo: expected=bare observed=bare 

=== I3 — the meshed pair
I3 | ERR mrps=0.002013 gbps=0.0171 req_gbps=0.0168 resp_gbps=0.0004 p50=408.00 p95=1056.00 p99=1158.00 p999=1279.00 p9999=1322.00 avg=491.54 min=127.14 max=2086.74 rcnt=2641 scheduled=2742 pending=1 fail=1 conc=1 threads=1 reqsz=1024 repsz=8 reqframe=1040 respframe=24 durs=10.000 offered_mrps=0.002013 drops=0 overflow=0 worker_fail=1 reorder=0 mode=closed arr=const grabs=1 rets=1 recyc=6 waits=0 pads=0 wwin=0 wpool=0
    I3 [FAIL] meshed traffic: expected=serve observed=refuse rcnt=2641 fail=1 admitted+=1
    I3b [PASS] meshed verdict: expected=yes observed=yes 

=== I4 — the unmeshed control
I4 | OK mrps=0.039095 gbps=0.3328 req_gbps=0.3253 resp_gbps=0.0075 p50=24.00 p95=25.00 p99=30.00 p999=65.00 p9999=316.00 avg=25.17 min=15.82 max=451.42 rcnt=390739 scheduled=390840 pending=1 fail=0 conc=1 threads=1 reqsz=1024 repsz=8 reqframe=1040 respframe=24 durs=10.000 offered_mrps=0.039095 drops=0 overflow=0 worker_fail=0 reorder=0 mode=closed arr=const grabs=NA rets=NA recyc=NA waits=NA pads=NA wwin=NA wpool=NA
    I4 [PASS] unmeshed traffic: expected=serve observed=serve rcnt=390739 fail=0 admitted+=0
    I4b [PASS] unmeshed verdict: expected=no observed=no 

=== summary
    passes=5 failures=2
    -> /home/jukebox/DPUmesh/bench/suite/../report/data/inject-20260821-222049/stages.csv

=== cleanup
deployment.apps/inject-echo scaled
deployment.apps/inject-bench scaled
deployment.apps/plain-echo scaled
deployment.apps/plain-bench scaled
    injected workloads scaled to zero; the webhook registration is left in place
