
=== webhook — deploy the registration and its serving certificate
serviceaccount/dpumesh-webhook unchanged
clusterrole.rbac.authorization.k8s.io/dpumesh-webhook unchanged
clusterrolebinding.rbac.authorization.k8s.io/dpumesh-webhook unchanged
service/dpumesh-webhook unchanged
deployment.apps/dpumesh-webhook configured
mutatingwebhookconfiguration.admissionregistration.k8s.io/dpumesh-inject unchanged
Waiting for deployment "dpumesh-webhook" rollout to finish: 1 old replicas are pending termination...
Waiting for deployment "dpumesh-webhook" rollout to finish: 1 old replicas are pending termination...
deployment "dpumesh-webhook" successfully rolled out
    I0 [PASS] caBundle published: expected=present observed=present 

=== workloads — the same Deployment, with and without the annotation
deployment.apps/inject-echo configured
service/inject-sock unchanged
deployment.apps/plain-echo configured
service/plain-sock unchanged
deployment.apps/inject-bench configured
service/inject-bench unchanged
deployment.apps/plain-bench configured
service/plain-bench unchanged
deployment.apps/inject-echo scaled
deployment.apps/plain-echo scaled
deployment.apps/inject-bench scaled
deployment.apps/plain-bench scaled
    DPU admin ports: 4191 4192 4193 4194 4195 4196 4197 4198

=== I1/I2 — what the admitted Pod objects carry
    I1 [PASS] inject-echo: expected=injected observed=injected 
    I2 [PASS] plain-echo: expected=bare observed=bare 

=== I3 — the meshed pair
I3 | OK mrps=0.003487 gbps=0.0297 req_gbps=0.0290 resp_gbps=0.0007 p50=229.00 p95=532.00 p99=673.00 p999=875.00 p9999=1248.00 avg=285.01 min=122.27 max=200322.52 rcnt=34729 scheduled=34830 pending=1 fail=0 conc=1 threads=1 reqsz=1024 repsz=8 reqframe=1040 respframe=24 durs=10.000 offered_mrps=0.003487 drops=0 overflow=0 worker_fail=0 reorder=0 mode=closed arr=const grabs=1 rets=1 recyc=76 waits=0 pads=0 wwin=0 wpool=0
    I3 [PASS] meshed traffic: expected=serve observed=serve rcnt=34729 fail=0 admitted+=1
    I3b [PASS] meshed verdict: expected=yes observed=yes 

=== I4 — the unmeshed control
I4 | OK mrps=0.042489 gbps=0.3617 req_gbps=0.3535 resp_gbps=0.0082 p50=22.00 p95=26.00 p99=38.00 p999=212.00 p9999=271.00 avg=23.27 min=9.43 max=2238.27 rcnt=424785 scheduled=424886 pending=1 fail=0 conc=1 threads=1 reqsz=1024 repsz=8 reqframe=1040 respframe=24 durs=10.000 offered_mrps=0.042489 drops=0 overflow=0 worker_fail=0 reorder=0 mode=closed arr=const grabs=NA rets=NA recyc=NA waits=NA pads=NA wwin=NA wpool=NA
    I4 [PASS] unmeshed traffic: expected=serve observed=serve rcnt=424785 fail=0 admitted+=0
    I4b [PASS] unmeshed verdict: expected=no observed=no 

=== summary
    passes=7 failures=0
    -> /home/jukebox/DPUmesh/bench/suite/../report/data/inject-20260824-103742/stages.csv

=== cleanup
deployment.apps/inject-echo scaled
deployment.apps/inject-bench scaled
deployment.apps/plain-echo scaled
deployment.apps/plain-bench scaled
    injected workloads scaled to zero; the webhook registration is left in place
