
=== DPU admin endpoints: 4191 4192 4193 4194 4195 4196 4197 4198

=== output: /home/jukebox/DPUmesh/bench/report/data/f-sample-20260822

=== surfaces — Linkerd features running in a proxy nobody has aimed at them
S0 | ERR connect failed on channel 0
    S0 [FAIL] no route: ERR connect failed on channel 0 — no reading

=== S1/S2 — HTTPRoute request timeouts
httproute.gateway.networking.k8s.io/bench-grpc-route created
S1 | ERR connect failed on channel 0
    S1 [FAIL] timeout 10s: ERR connect failed on channel 0 — no reading
httproute.gateway.networking.k8s.io/bench-grpc-route configured
S2 | ERR connect failed on channel 0
    S2 [FAIL] timeout 1ms: ERR connect failed on channel 0 — no reading
    S2v [FAIL] the route timed requests out: REQUEST_TIMEOUT+=0
httproute.gateway.networking.k8s.io "bench-grpc-route" deleted

=== S3 — retries, against a backend that fails on purpose
deployment.apps/echo-grpc-dpumesh env updated
Waiting for deployment "echo-grpc-dpumesh" rollout to finish: 0 out of 1 new replicas have been updated...
Waiting for deployment "echo-grpc-dpumesh" rollout to finish: 1 old replicas are pending termination...
Waiting for deployment "echo-grpc-dpumesh" rollout to finish: 1 old replicas are pending termination...
deployment "echo-grpc-dpumesh" successfully rolled out
grpcroute.gateway.networking.k8s.io/bench-grpc-grpcroute created
S3a | OK mrps=0.000618 gbps=0.0053 req_gbps=0.0051 resp_gbps=0.0001 p50=1565.00 p95=1739.00 p99=1820.00 p999=2027.00 p9999=4618.00 avg=1586.35 min=838.77 max=283817.85 rcnt=6269 scheduled=6499 pending=0 fail=129 conc=1 threads=1 channels=1 reqsz=1024 repsz=8 reqframe=1040 respframe=24 durs=10.000 offered_mrps=0.000618 drops=0 overflow=0 worker_fail=0 reorder=0 mode=closed arr=const batch=0 reconns=0 reconn_us=0.00 grabs=0 rets=0 recyc=14 waits=0 pads=0 credit_hold_dropped=0 eq_budget_exhausted=0 dist=NA
    S3a [PASS] 1-in-50 failures; no retry policy: expected=refuse observed=refuse rcnt=6269 fail=129 admitted+=1 denied+=0 route_hits+=0 mismatch+=0
grpcroute.gateway.networking.k8s.io/bench-grpc-grpcroute configured
S3b | ERR connect failed on channel 0
    S3b [FAIL] 1-in-50 failures; retry limit 3: ERR connect failed on channel 0 — no reading
    S3v [FAIL] the route retried the failures: retry_requests+=0
grpcroute.gateway.networking.k8s.io "bench-grpc-grpcroute" deleted
deployment.apps/echo-grpc-dpumesh env updated
Waiting for deployment "echo-grpc-dpumesh" rollout to finish: 1 old replicas are pending termination...
Waiting for deployment "echo-grpc-dpumesh" rollout to finish: 1 old replicas are pending termination...
deployment "echo-grpc-dpumesh" successfully rolled out

=== S4/S5 — method matching
httproute.gateway.networking.k8s.io/bench-grpc-route created
S4 | ERR connect failed on channel 0
    S4 [FAIL] method POST: ERR connect failed on channel 0 — no reading
httproute.gateway.networking.k8s.io/bench-grpc-route configured
S5 | OK mrps=0.000000 gbps=0.0000 req_gbps=0.0000 resp_gbps=0.0000 p50=0.00 p95=0.00 p99=0.00 p999=0.00 p9999=0.00 avg=0.00 min=0.00 max=0.00 rcnt=0 scheduled=23067 pending=0 fail=23066 conc=1 threads=1 channels=1 reqsz=1024 repsz=8 reqframe=1040 respframe=24 durs=10.000 offered_mrps=0.000000 drops=0 overflow=0 worker_fail=0 reorder=0 mode=closed arr=const batch=0 reconns=0 reconn_us=0.00 grabs=0 rets=0 recyc=50 waits=0 pads=0 credit_hold_dropped=0 eq_budget_exhausted=0 dist=NA
    S5 [PASS] method GET: expected=refuse observed=refuse rcnt=0 fail=23066 admitted+=1 denied+=0 route_hits+=0 mismatch+=0
httproute.gateway.networking.k8s.io "bench-grpc-route" deleted

=== S6/S7 — header matching
httproute.gateway.networking.k8s.io/bench-grpc-route created
S6 | ERR connect failed on channel 0
    S6 [FAIL] header content-type: application/grpc: ERR connect failed on channel 0 — no reading
httproute.gateway.networking.k8s.io/bench-grpc-route configured
S7 | ERR connect failed on channel 0
    S7 [FAIL] header content-type: application/json: ERR connect failed on channel 0 — no reading
httproute.gateway.networking.k8s.io "bench-grpc-route" deleted

=== S8/S9 — GRPCRoute
grpcroute.gateway.networking.k8s.io/bench-grpc-grpcroute created
S8 | ERR connect failed on channel 0
    S8 [FAIL] GRPCRoute on the called method: ERR connect failed on channel 0 — no reading
grpcroute.gateway.networking.k8s.io/bench-grpc-grpcroute configured
S9 | ERR connect failed on channel 0
    S9 [FAIL] GRPCRoute on another method: ERR connect failed on channel 0 — no reading
grpcroute.gateway.networking.k8s.io "bench-grpc-grpcroute" deleted

=== S10-S12 — authorization whose subject is a route
    caller identity: default.test-bench.serviceaccount.identity.linkerd.cluster.local
server.policy.linkerd.io/bench-echo-grpc created
S10 | ERR connect failed on channel 0
    S10 [FAIL] Server on the protocol-aware Service; no authorization: ERR connect failed on channel 0 — no reading
grpcroute.gateway.networking.k8s.io/bench-grpc-inbound-route created
meshtlsauthentication.policy.linkerd.io/bench-route-caller created
authorizationpolicy.policy.linkerd.io/bench-allow-route created
S11 | ERR connect failed on channel 0
    S11 [FAIL] AuthorizationPolicy targeting the GRPCRoute: ERR connect failed on channel 0 — no reading
grpcroute.gateway.networking.k8s.io/bench-grpc-inbound-route unchanged
meshtlsauthentication.policy.linkerd.io/bench-route-caller configured
authorizationpolicy.policy.linkerd.io/bench-allow-route unchanged
S12 | ERR connect failed on channel 0
    S12 [FAIL] the same policy naming another identity: ERR connect failed on channel 0 — no reading
grpcroute.gateway.networking.k8s.io "bench-grpc-inbound-route" deleted
meshtlsauthentication.policy.linkerd.io "bench-route-caller" deleted
authorizationpolicy.policy.linkerd.io "bench-allow-route" deleted
server.policy.linkerd.io "bench-echo-grpc" deleted

=== S13/S14 — failure accrual
service/echo-grpc-dpumesh annotated
deployment.apps/echo-grpc-broken created
Waiting for deployment "echo-grpc-broken" rollout to finish: 0 out of 1 new replicas have been updated...
Waiting for deployment "echo-grpc-broken" rollout to finish: 0 of 1 updated replicas are available...
deployment "echo-grpc-broken" successfully rolled out
S13 | ERR connect failed on channel 0
    S13 [FAIL] a failing endpoint beside a healthy one: ERR connect failed on channel 0 — no reading
    S13v ejected: healthy=0 broken=0
deployment.apps "echo-grpc-broken" deleted
pod/echo-grpc-broken-858b5b4ccc-cp2z4 condition met
S14 | ERR connect failed on channel 0
    S14 [FAIL] the failing endpoint withdrawn: ERR connect failed on channel 0 — no reading
service/echo-grpc-dpumesh annotated

=== S15 — HTTP/1.1 through the protocol-aware path
S15 | OK mrps=0.000670 gbps=0.0000 req_gbps=0.0000 resp_gbps=0.0000 p50=1484.00 p95=1659.00 p99=1740.00 p999=2740.00 p9999=3523.00 avg=1466.45 min=674.26 max=4719.58 rcnt=6818 scheduled=6818 pending=0 fail=0 conc=1 threads=1 reqsz=1024 repsz=8 durs=10.182 worker_fail=0 mode=closed arr=const proto=http1
    S15 [PASS] HTTP/1.1 request-response: expected=serve observed=serve rcnt=6818 fail=0 admitted+=1 denied+=0 route_hits+=0 mismatch+=0

=== stages: 3 pass, 17 fail

=== csv: /home/jukebox/DPUmesh/bench/report/data/f-sample-20260822/stages.csv

=== cleanup
deployment.apps/echo-dpumesh-14 scaled
deployment.apps/echo-grpc-dpumesh scaled
    fixtures removed; replica counts restored
