[0;32m[INFO][0m Host NUMA: PCI 94:00.0 -> node 1, benchmark cores 18-35
[0;34m[STEP][0m === Pinning pods to dedicated cores (taskset, profile=grpc) ===
[0;32m[INFO][0m CPU governor=performance, fixed 2.5 GHz on cores 18-35
[0;32m[INFO][0m bench-grpc-dpumesh → core(s) 18,19,20,21,22,23 (pod=01dab2e741e164d77cd3be677feac1c81d14aa5debcf9bbceac06905d7f4b5e3)
[0;32m[INFO][0m   bench-grpc-dpumesh (PID 3330914) → 18,19,20,21,22,23
[0;32m[INFO][0m echo-grpc-dpumesh → core(s) 24,25,26,27,28,29 (pod=189a756474e013100ffcb1a72ab5f68b7b7f7ad38653fd822f63e99d763a5bf1)
[0;32m[INFO][0m   echo-grpc-dpumesh (PID 3330148) → 24,25,26,27,28,29
[0;32m[INFO][0m echo-grpc-alt → core(s) 30,31,32,33,34,35 (pod=1622f43de2004e637ba1e55acd11143ffffd7c4a9288015458b84c421c594e3f)
[0;32m[INFO][0m   echo-grpc-alt (PID 3330550) → 30,31,32,33,34,35
[0;32m[INFO][0m Pinning done
grpc-dpumesh rep1 :: OK mrps=0.008000 gbps=0.0681 req_gbps=0.0666 resp_gbps=0.0015 p50=1459.00 p95=2375.00 p99=2934.00 p999=12519.00 p9999=20843.00 avg=1558.84 min=539.71 max=22497.16 rcnt=155989 scheduled=160000 pending=0 fail=0 conc=0 threads=4 channels=4 reqsz=1024 repsz=8 reqframe=1040 respframe=24 durs=20.000 offered_mrps=0.008000 drops=0 overflow=0 worker_fail=0 reorder=0 mode=open arr=const batch=0 reconns=0 reconn_us=0.00 grabs=80 rets=77 recyc=268 waits=0 pads=109 credit_hold_dropped=0 eq_budget_exhausted=0 dist=NA
[0;32m[INFO][0m Host NUMA: PCI 94:00.0 -> node 1, benchmark cores 18-35
[0;34m[STEP][0m === Pinning pods to dedicated cores (taskset, profile=grpc) ===
[0;32m[INFO][0m CPU governor=performance, fixed 2.5 GHz on cores 18-35
[0;32m[INFO][0m bench-grpc-dpumesh → core(s) 18,19,20,21,22,23 (pod=01dab2e741e164d77cd3be677feac1c81d14aa5debcf9bbceac06905d7f4b5e3)
[0;32m[INFO][0m   bench-grpc-dpumesh (PID 3330914) → 18,19,20,21,22,23
[0;32m[INFO][0m echo-grpc-dpumesh → core(s) 24,25,26,27,28,29 (pod=189a756474e013100ffcb1a72ab5f68b7b7f7ad38653fd822f63e99d763a5bf1)
[0;32m[INFO][0m   echo-grpc-dpumesh (PID 3330148) → 24,25,26,27,28,29
[0;32m[INFO][0m echo-grpc-alt → core(s) 30,31,32,33,34,35 (pod=1622f43de2004e637ba1e55acd11143ffffd7c4a9288015458b84c421c594e3f)
[0;32m[INFO][0m   echo-grpc-alt (PID 3330550) → 30,31,32,33,34,35
[0;32m[INFO][0m Pinning done
grpc-dpumesh rep2 :: OK mrps=0.008000 gbps=0.0681 req_gbps=0.0666 resp_gbps=0.0015 p50=1628.00 p95=2512.00 p99=2932.00 p999=3696.00 p9999=5252.00 avg=1671.77 min=612.33 max=8082.49 rcnt=155986 scheduled=160000 pending=0 fail=0 conc=0 threads=4 channels=4 reqsz=1024 repsz=8 reqframe=1040 respframe=24 durs=20.000 offered_mrps=0.008000 drops=0 overflow=0 worker_fail=0 reorder=0 mode=open arr=const batch=0 reconns=0 reconn_us=0.00 grabs=91 rets=90 recyc=257 waits=0 pads=133 credit_hold_dropped=0 eq_budget_exhausted=0 dist=NA
[0;32m[INFO][0m Host NUMA: PCI 94:00.0 -> node 1, benchmark cores 18-35
[0;34m[STEP][0m === Pinning pods to dedicated cores (taskset, profile=grpc) ===
[0;32m[INFO][0m CPU governor=performance, fixed 2.5 GHz on cores 18-35
[0;32m[INFO][0m bench-grpc-dpumesh → core(s) 18,19,20,21,22,23 (pod=01dab2e741e164d77cd3be677feac1c81d14aa5debcf9bbceac06905d7f4b5e3)
[0;32m[INFO][0m   bench-grpc-dpumesh (PID 3330914) → 18,19,20,21,22,23
[0;32m[INFO][0m echo-grpc-dpumesh → core(s) 24,25,26,27,28,29 (pod=189a756474e013100ffcb1a72ab5f68b7b7f7ad38653fd822f63e99d763a5bf1)
[0;32m[INFO][0m   echo-grpc-dpumesh (PID 3330148) → 24,25,26,27,28,29
[0;32m[INFO][0m echo-grpc-alt → core(s) 30,31,32,33,34,35 (pod=1622f43de2004e637ba1e55acd11143ffffd7c4a9288015458b84c421c594e3f)
[0;32m[INFO][0m   echo-grpc-alt (PID 3330550) → 30,31,32,33,34,35
[0;32m[INFO][0m Pinning done
grpc-dpumesh rep3 :: OK mrps=0.008000 gbps=0.0681 req_gbps=0.0666 resp_gbps=0.0015 p50=1463.00 p95=2401.00 p99=2957.00 p999=7540.00 p9999=16708.00 avg=1557.00 min=558.32 max=19735.76 rcnt=155987 scheduled=160000 pending=0 fail=0 conc=0 threads=4 channels=4 reqsz=1024 repsz=8 reqframe=1040 respframe=24 durs=20.000 offered_mrps=0.008000 drops=0 overflow=0 worker_fail=0 reorder=0 mode=open arr=const batch=0 reconns=0 reconn_us=0.00 grabs=78 rets=77 recyc=270 waits=0 pads=115 credit_hold_dropped=0 eq_budget_exhausted=0 dist=NA
