
=== DPU admin endpoints: 4191 4192 4193 4194 4195 4196 4197 4198

=== output: bench/report/data/policy-route-20260821-fixed

=== policy — inbound authorization on the native Service
    caller identity: default.test-bench.serviceaccount.identity.linkerd.cluster.local
    caller address:  10.244.0.122/32
P0 | OK mrps=0.002807 gbps=0.0239 req_gbps=0.0234 resp_gbps=0.0005 p50=338.00 p95=624.00 p99=769.00 p999=1485.00 p9999=15104.00 avg=355.94 min=110.56 max=21160.28 rcnt=41955 scheduled=42056 pending=1 fail=0 conc=1 threads=1 reqsz=1024 repsz=8 reqframe=1040 respframe=24 durs=15.000 offered_mrps=0.002807 drops=0 overflow=0 worker_fail=0 mode=closed arr=const batch=1 reconns=210 reconn_us=15.79 grabs=211 rets=211 recyc=0 waits=0 pads=0 reorder=0 dist=0:18600,1:15455,2:8000
    P0 [PASS] no policy: expected=serve observed=serve rcnt=41955 fail=0 admitted+=211 denied+=0 route_hits+=0 mismatch+=0
server.policy.linkerd.io/bench-echo-dpumesh created
P1 | ERR mrps=0.000000 gbps=0.0000 req_gbps=0.0000 resp_gbps=0.0000 p50=0.00 p95=0.00 p99=0.00 p999=0.00 p9999=0.00 avg=0.00 min=0.00 max=0.00 rcnt=0 scheduled=1 pending=1 fail=1 conc=1 threads=1 reqsz=1024 repsz=8 reqframe=1040 respframe=24 durs=15.000 offered_mrps=0.000000 drops=0 overflow=0 worker_fail=1 mode=closed arr=const batch=1 reconns=0 reconn_us=0.00 grabs=1 rets=1 recyc=0 waits=0 pads=0 reorder=0 dist=-
    P1 [PASS] Server, no authorization: expected=refuse observed=refuse rcnt=0 fail=1 admitted+=0 denied+=1 route_hits+=0 mismatch+=0

=== P1b — the watch's idle timeout, probed after 100s of silence
P1b | ERR mrps=0.000000 gbps=0.0000 req_gbps=0.0000 resp_gbps=0.0000 p50=0.00 p95=0.00 p99=0.00 p999=0.00 p9999=0.00 avg=0.00 min=0.00 max=0.00 rcnt=0 scheduled=1 pending=1 fail=1 conc=1 threads=1 reqsz=1024 repsz=8 reqframe=1040 respframe=24 durs=15.000 offered_mrps=0.000000 drops=0 overflow=0 worker_fail=1 mode=closed arr=const batch=1 reconns=0 reconn_us=0.00 grabs=1 rets=1 recyc=0 waits=0 pads=0 reorder=0 dist=-
    P1b [PASS] Server, no authorization (after 100s idle): expected=refuse observed=refuse rcnt=0 fail=1 admitted+=0 denied+=1 route_hits+=0 mismatch+=0
meshtlsauthentication.policy.linkerd.io/bench-caller-identity created
authorizationpolicy.policy.linkerd.io/bench-allow-identity created
P2 | OK mrps=0.002983 gbps=0.0254 req_gbps=0.0248 resp_gbps=0.0006 p50=326.00 p95=603.00 p99=726.00 p999=1175.00 p9999=18476.00 avg=334.94 min=116.15 max=22876.95 rcnt=44582 scheduled=44683 pending=1 fail=0 conc=1 threads=1 reqsz=1024 repsz=8 reqframe=1040 respframe=24 durs=15.000 offered_mrps=0.002983 drops=0 overflow=0 worker_fail=0 mode=closed arr=const batch=1 reconns=223 reconn_us=8.32 grabs=224 rets=224 recyc=0 waits=0 pads=0 reorder=0 dist=0:11200,1:15200,2:18282
    P2 [PASS] AuthorizationPolicy: caller identity: expected=serve observed=serve rcnt=44582 fail=0 admitted+=224 denied+=0 route_hits+=0 mismatch+=0
meshtlsauthentication.policy.linkerd.io/bench-caller-identity configured
authorizationpolicy.policy.linkerd.io/bench-allow-identity unchanged
P3 | ERR mrps=0.000000 gbps=0.0000 req_gbps=0.0000 resp_gbps=0.0000 p50=0.00 p95=0.00 p99=0.00 p999=0.00 p9999=0.00 avg=0.00 min=0.00 max=0.00 rcnt=0 scheduled=1 pending=1 fail=1 conc=1 threads=1 reqsz=1024 repsz=8 reqframe=1040 respframe=24 durs=15.000 offered_mrps=0.000000 drops=0 overflow=0 worker_fail=1 mode=closed arr=const batch=1 reconns=0 reconn_us=0.00 grabs=1 rets=1 recyc=0 waits=0 pads=0 reorder=0 dist=-
    P3 [PASS] AuthorizationPolicy: another identity: expected=refuse observed=refuse rcnt=0 fail=1 admitted+=0 denied+=1 route_hits+=0 mismatch+=0
meshtlsauthentication.policy.linkerd.io "bench-caller-identity" deleted
authorizationpolicy.policy.linkerd.io "bench-allow-identity" deleted
networkauthentication.policy.linkerd.io/bench-caller-network created
authorizationpolicy.policy.linkerd.io/bench-allow-network created
P4 | OK mrps=0.002952 gbps=0.0251 req_gbps=0.0246 resp_gbps=0.0006 p50=327.00 p95=605.00 p99=728.00 p999=1122.00 p9999=15943.00 avg=338.45 min=101.27 max=20597.91 rcnt=44100 scheduled=44200 pending=0 fail=0 conc=1 threads=1 reqsz=1024 repsz=8 reqframe=1040 respframe=24 durs=15.000 offered_mrps=0.002952 drops=0 overflow=0 worker_fail=0 mode=closed arr=const batch=1 reconns=221 reconn_us=7.37 grabs=221 rets=221 recyc=0 waits=0 pads=0 reorder=0 dist=0:18800,1:9800,2:15600
    P4 [PASS] AuthorizationPolicy: caller address: expected=serve observed=serve rcnt=44100 fail=0 admitted+=221 denied+=0 route_hits+=0 mismatch+=0
networkauthentication.policy.linkerd.io/bench-caller-network configured
authorizationpolicy.policy.linkerd.io/bench-allow-network unchanged
P5 | ERR mrps=0.000000 gbps=0.0000 req_gbps=0.0000 resp_gbps=0.0000 p50=0.00 p95=0.00 p99=0.00 p999=0.00 p9999=0.00 avg=0.00 min=0.00 max=0.00 rcnt=0 scheduled=1 pending=1 fail=1 conc=1 threads=1 reqsz=1024 repsz=8 reqframe=1040 respframe=24 durs=15.000 offered_mrps=0.000000 drops=0 overflow=0 worker_fail=1 mode=closed arr=const batch=1 reconns=0 reconn_us=0.00 grabs=1 rets=1 recyc=0 waits=0 pads=0 reorder=0 dist=-
    P5 [PASS] AuthorizationPolicy: another network: expected=refuse observed=refuse rcnt=0 fail=1 admitted+=0 denied+=1 route_hits+=0 mismatch+=0
networkauthentication.policy.linkerd.io "bench-caller-network" deleted
authorizationpolicy.policy.linkerd.io "bench-allow-network" deleted
server.policy.linkerd.io "bench-echo-dpumesh" deleted
P6 | OK mrps=0.002814 gbps=0.0240 req_gbps=0.0234 resp_gbps=0.0005 p50=338.00 p95=615.00 p99=729.00 p999=1101.00 p9999=16931.00 avg=355.12 min=112.97 max=23120.01 rcnt=42046 scheduled=42147 pending=1 fail=0 conc=1 threads=1 reqsz=1024 repsz=8 reqframe=1040 respframe=24 durs=15.000 offered_mrps=0.002814 drops=0 overflow=0 worker_fail=0 mode=closed arr=const batch=1 reconns=210 reconn_us=6.82 grabs=211 rets=211 recyc=0 waits=0 pads=0 reorder=0 dist=0:22600,1:7946,2:11600
    P6 [PASS] no policy: expected=serve observed=serve rcnt=42046 fail=0 admitted+=211 denied+=0 route_hits+=0 mismatch+=0

=== stages: 8 pass, 0 fail

=== csv: bench/report/data/policy-route-20260821-fixed/stages.csv

=== cleanup
deployment.apps/echo-dpumesh-14 scaled
deployment.apps/echo-grpc-dpumesh scaled
    fixtures removed; replica counts restored
