[0;32m[INFO][0m Host NUMA: PCI 94:00.0 -> node 1, benchmark cores 18-35
[0;34m[STEP][0m === Removing obsolete transport resources ===
[sudo] password for jukebox: [sudo] password for jukebox: trusted registration keyring ready: host=/etc/dpumesh/registration.keys dpu=/etc/dpumesh/registration.keys
[sudo] password for jukebox: trusted feed keyring ready: host=/etc/dpumesh/feed.keys dpu=/etc/dpumesh/feed.keys
[0;34m[STEP][0m === Applying K8s manifest (replicas=0) ===
deployment.apps/bench-dpumesh configured
service/bench-dpumesh unchanged
deployment.apps/echo-dpumesh unchanged
deployment.apps/echo-dpumesh-13 unchanged
deployment.apps/echo-dpumesh-14 unchanged
service/echo-dpumesh unchanged
deployment.apps/loopback-dpumesh unchanged
service/loopback-dpumesh unchanged
deployment.apps/verbs-dpumesh unchanged
service/verbs-dpumesh unchanged
deployment.apps/preload-dpumesh unchanged
service/preload-dpumesh unchanged
deployment.apps/preload-echo unchanged
deployment.apps/preload-bench unchanged
service/preload-bench unchanged
service/preload-sock unchanged
deployment.apps/http1-echo unchanged
service/http1-dpumesh unchanged
deployment.apps/http1-bench unchanged
service/http1-bench unchanged
deployment.apps/bench-grpc-dpumesh configured
service/bench-grpc-dpumesh unchanged
deployment.apps/echo-grpc-dpumesh configured
service/echo-grpc-dpumesh unchanged
deployment.apps/echo-grpc-alt configured
service/echo-grpc-alt unchanged
[0;32m[INFO][0m DPUmesh API resources applied
[0;32m[INFO][0m sidecarless workload policy/discovery metadata validated
[0;32m[INFO][0m L7 Service target feed carries: test-bench/echo-dpumesh,test-bench/echo-grpc-alt,test-bench/echo-grpc-dpumesh,test-bench/http1-dpumesh,test-bench/loopback-dpumesh,test-bench/preload-dpumesh,test-bench/preload-sock,test-bench/verbs-dpumesh
Service list is well formed: test-bench/echo-dpumesh,test-bench/echo-grpc-alt,test-bench/echo-grpc-dpumesh,test-bench/http1-dpumesh,test-bench/loopback-dpumesh,test-bench/preload-dpumesh,test-bench/preload-sock,test-bench/verbs-dpumesh
[0;34m[STEP][0m === Syncing sources to DPU (jukebox@192.168.100.2:~/DPUmesh) ===
sending incremental file list
buffer.c
buffer.h
build_dpacc.sh
comch_client.c
comch_client.h
comch_common.c
comch_common.h
comch_msgq.c
comch_msgq.h
comch_server.c
comch_server.h
common.c
common.h
config.c
config.h
control_scope.c
control_scope.h
dpa.c
dpa.h
dpa_common.h
dpa_resource_config.yaml
dpu_main.c
dpu_proxy.c
dpu_proxy.h
dpu_worker.c
dpu_worker.h
meson.build
meson_options.txt
object.c
object.h
peer_channel.c
peer_channel.h
pod_membership.c
pod_membership.h
ring.c
ring.h
topology.c
topology.h
workload_grant.c
workload_grant.h
device/dpa_kernel.c

sent 2,774 bytes  received 7,170 bytes  19,888.00 bytes/sec
total size is 728,676  speedup is 73.28
sending incremental file list
dpumesh/dmesh.h
dpumesh/dmesh_common.h
dpumesh/dmesh_topology.h

sent 291 bytes  received 192 bytes  322.00 bytes/sec
total size is 12,463  speedup is 25.80
sending incremental file list
dmesh_l7.h

sent 134 bytes  received 117 bytes  502.00 bytes/sec
total size is 8,887  speedup is 35.41
[0;32m[INFO][0m Source sync complete
[0;34m[STEP][0m === Building host libdpumesh.so (make lib) ===
make: Entering directory '/home/jukebox/DPUmesh'
make: Leaving directory '/home/jukebox/DPUmesh'
[0;32m[INFO][0m Host build OK (/home/jukebox/DPUmesh/build/lib/libdpumesh.so)
[0;34m[STEP][0m === Building bench/validator binaries (make bench) ===
make: Entering directory '/home/jukebox/DPUmesh'
make: Leaving directory '/home/jukebox/DPUmesh'
[0;32m[INFO][0m Bench binaries built (/home/jukebox/DPUmesh/build/bin + /home/jukebox/DPUmesh/build/lib/libdmesh_preload.so)
[0;34m[STEP][0m === Building gRPC bench apps (bench_grpc, echo_grpc; server=release) ===
[0;32m[INFO][0m gRPC apps built (build/grpc-release/bench_grpc, build/grpc-release/echo_grpc)
[0;34m[STEP][0m === Building Docker images (scope=grpc) ===
#0 building with "default" instance using docker driver

#1 [internal] load build definition from workload_attest.Dockerfile
#1 DONE 0.0s

#1 [internal] load build definition from workload_attest.Dockerfile
#1 transferring dockerfile: 903B done
#1 DONE 0.0s

#2 [internal] load metadata for docker.io/library/python:3.12.5-slim-bookworm
#2 DONE 0.7s

#3 [internal] load .dockerignore
#3 transferring context: 2B done
#3 DONE 0.0s

#4 [1/7] FROM docker.io/library/python:3.12.5-slim-bookworm@sha256:c24c34b502635f1f7c4e99dc09a2cbd85d480b7dcfd077198c6b5af138906390
#4 resolve docker.io/library/python:3.12.5-slim-bookworm@sha256:c24c34b502635f1f7c4e99dc09a2cbd85d480b7dcfd077198c6b5af138906390 done
#4 DONE 0.0s

#5 [internal] load build context
#5 transferring context: 66.19kB done
#5 DONE 0.0s

#6 [3/7] COPY bench/workload_attest_agent.py /usr/local/bin/dpumesh-workload-agent
#6 CACHED

#7 [5/7] COPY bench/linkerd_cp_relay.py /usr/local/bin/linkerd_cp_relay.py
#7 CACHED

#8 [2/7] RUN pip install --no-cache-dir cryptography
#8 CACHED

#9 [4/7] COPY bench/feed_delivery.py /usr/local/bin/feed_delivery.py
#9 CACHED

#10 [6/7] COPY bench/dpumesh_feed_receiver.py /usr/local/bin/dpumesh_feed_receiver.py
#10 CACHED

#11 [7/7] RUN chmod 0555 /usr/local/bin/dpumesh-workload-agent                 /usr/local/bin/feed_delivery.py                 /usr/local/bin/linkerd_cp_relay.py                 /usr/local/bin/dpumesh_feed_receiver.py
#11 CACHED

#12 exporting to image
#12 exporting layers done
#12 exporting manifest sha256:3bdf0d031afb65c625b4992e8974ee907e1d0505596ce0dcc72d91819224c510 done
#12 exporting config sha256:fd7ff96e5202d60af89d6818537f73130282a71d6369073e28ab15e5a0a9a4eb done
#12 exporting attestation manifest sha256:e601a306e497d348378cb3ecbc3150df043b252dd66560c3dfe390ef12e78cd5 0.0s done
#12 exporting manifest list sha256:dea1738c8aa8d2b31a7f0db4448ab9cf9e745ce8597759255f5b5b225044bfe4 done
#12 naming to docker.io/bench/dpumesh-workload-agent:latest done
#12 unpacking to docker.io/bench/dpumesh-workload-agent:latest done
#12 DONE 0.0s
docker.io/bench/dpumesh-workload-agent:latest
docker.io/bench/dpumesh workload agent:l	saved	
application/vnd.oci.image.index.v1+json sha256:dea1738c8aa8d2b31a7f0db4448ab9cf9e745ce8597759255f5b5b225044bfe4
Importing	elapsed: 0.8 s	total:   0.0 B	(0.0 B/s)	
#0 building with "default" instance using docker driver

#1 [internal] load build definition from dpumesh_controller.Dockerfile
#1 transferring dockerfile: 521B done
#1 DONE 0.0s

#2 [internal] load metadata for docker.io/library/python:3.12.5-slim-bookworm
#2 DONE 0.3s

#3 [internal] load .dockerignore
#3 transferring context: 2B done
#3 DONE 0.0s

#4 [1/5] FROM docker.io/library/python:3.12.5-slim-bookworm@sha256:c24c34b502635f1f7c4e99dc09a2cbd85d480b7dcfd077198c6b5af138906390
#4 resolve docker.io/library/python:3.12.5-slim-bookworm@sha256:c24c34b502635f1f7c4e99dc09a2cbd85d480b7dcfd077198c6b5af138906390 0.0s done
#4 DONE 0.0s

#5 [internal] load build context
#5 transferring context: 56.88kB done
#5 DONE 0.0s

#6 [4/5] COPY controller/dpumesh_webhook.py /usr/local/bin/dpumesh-webhook
#6 CACHED

#7 [2/5] RUN pip install --no-cache-dir cryptography
#7 CACHED

#8 [3/5] COPY controller/dpumesh_controller.py /usr/local/bin/dpumesh-controller
#8 CACHED

#9 [5/5] RUN chmod 0555 /usr/local/bin/dpumesh-controller /usr/local/bin/dpumesh-webhook
#9 CACHED

#10 exporting to image
#10 exporting layers done
#10 exporting manifest sha256:af5cb976e5c668a0db31b4a22983cd56ec32c6e0c5b3a9ed8432b1abc1ff3c08 done
#10 exporting config sha256:6517a7d47672bcc4e6f1d81cbec26090970a331106f51d73effbc74ad7f2cf98 done
#10 exporting attestation manifest sha256:a2ac1c648c3958efe5a021ca73a2868ace3bfaf32d5dc3095989f73cbce4c64e done
#10 exporting manifest list sha256:7c20880875221cc651474f53d1c72f6097b37208e25eea38ffa65556c8ec9d27 done
#10 naming to docker.io/bench/dpumesh-controller:latest done
#10 unpacking to docker.io/bench/dpumesh-controller:latest done
#10 DONE 0.0s
docker.io/bench/dpumesh-controller:latest
docker.io/bench/dpumesh controller:lates	saved	
application/vnd.oci.image.index.v1+json sha256:7c20880875221cc651474f53d1c72f6097b37208e25eea38ffa65556c8ec9d27
Importing	elapsed: 0.8 s	total:   0.0 B	(0.0 B/s)	
#0 building with "default" instance using docker driver

#1 [internal] load build definition from bench_grpc.Dockerfile
#1 DONE 0.0s

#1 [internal] load build definition from bench_grpc.Dockerfile
#1 transferring dockerfile: 1.08kB done
#1 DONE 0.0s

#2 [internal] load metadata for docker.io/library/ubuntu:22.04
#2 DONE 0.0s

#3 [internal] load .dockerignore
#3 transferring context: 2B done
#3 DONE 0.0s

#4 [1/7] FROM docker.io/library/ubuntu:22.04@sha256:3b06811b2afd352be909dd088a004166d665dc76d38b13eada33522a9d915c6f
#4 resolve docker.io/library/ubuntu:22.04@sha256:3b06811b2afd352be909dd088a004166d665dc76d38b13eada33522a9d915c6f 0.0s done
#4 DONE 0.0s

#5 [internal] load build context
#5 transferring context: 25.48MB 0.1s done
#5 DONE 0.1s

#6 [3/7] COPY build/grpc-release/bench_grpc /usr/local/bin/bench_grpc
#6 CACHED

#7 [4/7] COPY doca-libs/ /usr/local/lib/
#7 CACHED

#8 [6/7] COPY bench/docker/numa-entrypoint.sh /usr/local/bin/numa-entrypoint.sh
#8 CACHED

#9 [5/7] COPY build/lib/libdpumesh.so.5 /usr/local/lib/
#9 CACHED

#10 [2/7] RUN apt-get update &&     DEBIAN_FRONTEND=noninteractive apt-get install -y       ca-certificates       libibverbs1       libnl-3-200       libnl-route-3-200       libyaml-0-2       libsasl2-2       numactl       openssl       libasan6       libubsan1 &&     rm -rf /var/lib/apt/lists/*
#10 CACHED

#11 [7/7] RUN ldconfig
#11 CACHED

#12 exporting to image
#12 exporting layers done
#12 exporting manifest sha256:cc6e6d759c2e4d58d3e276529203dab2fcec945d76c594d1aa88fa9100c03c55 done
#12 exporting config sha256:fa94fa47fe5475c3bec9e8981b1cc6f43de19fee5aee54fc1449757cf7357027 done
#12 exporting attestation manifest sha256:23e3d20b73b40c58858be696dbe082580399d06da751c5451e57db362b3ca33f 0.0s done
#12 exporting manifest list sha256:9e1921d63db91d978ddf5194d21952b2c8377d039613dde23066f59feb2d1b97 done
#12 naming to docker.io/bench/bench-grpc:latest done
#12 unpacking to docker.io/bench/bench-grpc:latest done
#12 DONE 0.0s
docker.io/bench/bench-grpc:latest
docker.io/bench/bench grpc:latest       	saved	
application/vnd.oci.image.index.v1+json sha256:9e1921d63db91d978ddf5194d21952b2c8377d039613dde23066f59feb2d1b97
Importing	elapsed: 0.7 s	total:   0.0 B	(0.0 B/s)	
#0 building with "default" instance using docker driver

#1 [internal] load build definition from echo_grpc.Dockerfile
#1 transferring dockerfile: 1.04kB done
#1 DONE 0.0s

#2 [internal] load metadata for docker.io/library/ubuntu:22.04
#2 DONE 0.0s

#3 [internal] load .dockerignore
#3 transferring context: 2B done
#3 DONE 0.0s

#4 [1/7] FROM docker.io/library/ubuntu:22.04@sha256:3b06811b2afd352be909dd088a004166d665dc76d38b13eada33522a9d915c6f
#4 resolve docker.io/library/ubuntu:22.04@sha256:3b06811b2afd352be909dd088a004166d665dc76d38b13eada33522a9d915c6f done
#4 DONE 0.0s

#5 [internal] load build context
#5 transferring context: 22.14MB 0.1s done
#5 DONE 0.1s

#6 [3/7] COPY build/grpc-release/echo_grpc /usr/local/bin/echo_grpc
#6 CACHED

#7 [4/7] COPY doca-libs/ /usr/local/lib/
#7 CACHED

#8 [5/7] COPY build/lib/libdpumesh.so.5 /usr/local/lib/
#8 CACHED

#9 [2/7] RUN apt-get update &&     DEBIAN_FRONTEND=noninteractive apt-get install -y       ca-certificates       libibverbs1       libnl-3-200       libnl-route-3-200       libyaml-0-2       libsasl2-2       numactl       openssl       libasan6       libubsan1 &&     rm -rf /var/lib/apt/lists/*
#9 CACHED

#10 [6/7] COPY bench/docker/numa-entrypoint.sh /usr/local/bin/numa-entrypoint.sh
#10 CACHED

#11 [7/7] RUN ldconfig
#11 CACHED

#12 exporting to image
#12 exporting layers done
#12 exporting manifest sha256:d77c8787ddc56ceb0eaa4a83d81f4cdb658295049c524aad7d74ce89134fe50b done
#12 exporting config sha256:de08d08ec17a0a110cac6e4836b3d80a2cf5c2214636efb4118555ba4c2140b3 done
#12 exporting attestation manifest sha256:7b58f58d28d40757b6b763653b50bdf31bb8d742bc3c07c2a52ac6edf2942124 0.0s done
#12 exporting manifest list sha256:44eb471b7041f288be806a17994b823dcebe5643d72b13a30803cd39c76bf37e done
#12 naming to docker.io/bench/echo-grpc:latest done
#12 unpacking to docker.io/bench/echo-grpc:latest done
#12 DONE 0.0s
docker.io/bench/echo-grpc:latest
docker.io/bench/echo grpc:latest        	saved	
application/vnd.oci.image.index.v1+json sha256:44eb471b7041f288be806a17994b823dcebe5643d72b13a30803cd39c76bf37e
Importing	elapsed: 0.7 s	total:   0.0 B	(0.0 B/s)	
[0;32m[INFO][0m Scope images built and imported to containerd
[sudo] password for jukebox: controller keyring ready: host=/etc/dpumesh/controller.keys dpu=/etc/dpumesh/controller.pub.keys (public only)
serviceaccount/dpumesh-controller unchanged
clusterrole.rbac.authorization.k8s.io/dpumesh-controller unchanged
clusterrolebinding.rbac.authorization.k8s.io/dpumesh-controller unchanged
service/dpumesh-controller unchanged
configmap/dpumesh-controller-nodes unchanged
deployment.apps/dpumesh-controller unchanged
deployment.apps/dpumesh-controller restarted
Waiting for deployment "dpumesh-controller" rollout to finish: 0 out of 1 new replicas have been updated...
Waiting for deployment "dpumesh-controller" rollout to finish: 1 old replicas are pending termination...
Waiting for deployment "dpumesh-controller" rollout to finish: 1 old replicas are pending termination...
deployment "dpumesh-controller" successfully rolled out
dpumesh-controller ready in namespace test-bench
delivery hop ready at 192.168.100.2:4788 (user=dpumesh-feed root=/etc/dpumesh)
serviceaccount/dpumesh-node-agent unchanged
role.rbac.authorization.k8s.io/dpumesh-node-agent unchanged
rolebinding.rbac.authorization.k8s.io/dpumesh-node-agent unchanged
role.rbac.authorization.k8s.io/dpumesh-node-agent-relay unchanged
rolebinding.rbac.authorization.k8s.io/dpumesh-node-agent-relay unchanged
daemonset.apps/dpumesh-node-agent unchanged
daemonset.apps/dpumesh-node-agent restarted
Waiting for daemon set "dpumesh-node-agent" rollout to finish: 0 out of 1 new pods have been updated...
Waiting for daemon set "dpumesh-node-agent" rollout to finish: 0 of 1 updated pods are available...
daemon set "dpumesh-node-agent" successfully rolled out
trusted workload node agent ready in namespace test-bench
[0;34m[STEP][0m === Waiting for the node agent to deliver the DPU's feeds ===
[0;32m[INFO][0m every feed delivered after 0s
[0;34m[STEP][0m === Syncing linkerd sources to DPU (jukebox@192.168.100.2:/home/jukebox/l7build) ===
[0;32m[INFO][0m linkerd source sync complete
[0;34m[STEP][0m === Building Linkerd adapter on DPU (libdmesh_l7.a) ===
[0;32m[INFO][0m libdmesh_l7.a built (/home/jukebox/l7build/rust/target/release/libdmesh_l7.a)
[0;34m[STEP][0m === Building on DPU (ninja) ===
[0;32m[INFO][0m control plane: deployed (dst=192.168.100.1:28086 policy=192.168.100.1:28087 identity=192.168.100.1:28088)
[0;32m[INFO][0m linkerd preflight OK (staticlib exports the contract, identity material readable, deployed control plane required)
[0;32m[INFO][0m DPU build OK (buildtype=debugoptimized, recompiled 18 C objects)
[0;34m[STEP][0m === Starting dpumesh_dpu (l7_opaque='test-bench/echo-dpumesh,test-bench/loopback-dpumesh,test-bench/verbs-dpumesh,test-bench/preload-dpumesh,test-bench/preload-sock' l7_full='test-bench/echo-grpc-dpumesh,test-bench/echo-grpc-alt,test-bench/http1-dpumesh' dpa_threads='32' rings_per_pod='8' arm_workers='8') ===
[0;32m[INFO][0m Stopping dpumesh_dpu...
[0;32m[INFO][0m dpumesh_dpu running (PID: 1819044)
[0;34m[STEP][0m === Starting pods (innermost first, scope=grpc) ===
deployment.apps/echo-grpc-dpumesh scaled
deployment.apps/echo-grpc-dpumesh scaled
pod/echo-grpc-dpumesh-84cbd4d65d-9w8vp condition met
[0;32m[INFO][0m echo-grpc-dpumesh pod Ready
[0;32m[INFO][0m Waiting for DPUmesh init: echo-grpc-dpumesh (DPUmesh DOCA initialized)
[0;32m[INFO][0m echo-grpc-dpumesh DPUmesh data-ready
deployment.apps/echo-grpc-alt scaled
deployment.apps/echo-grpc-alt scaled
pod/echo-grpc-alt-774bbbccb5-kd8q8 condition met
[0;32m[INFO][0m echo-grpc-alt pod Ready
[0;32m[INFO][0m Waiting for DPUmesh init: echo-grpc-alt (DPUmesh DOCA initialized)
[0;32m[INFO][0m echo-grpc-alt DPUmesh data-ready
deployment.apps/bench-grpc-dpumesh scaled
deployment.apps/bench-grpc-dpumesh scaled
pod/bench-grpc-dpumesh-646d5dcc88-wdf7d condition met
[0;32m[INFO][0m bench-grpc-dpumesh pod Ready
[0;32m[INFO][0m Waiting for DPUmesh init: bench-grpc-dpumesh (DPUmesh DOCA initialized)
[0;32m[INFO][0m bench-grpc-dpumesh DPUmesh data-ready
[0;34m[STEP][0m === Waiting for Linkerd identity and control-plane readiness ===
[0;32m[INFO][0m Linkerd ready on admin port(s): 4191 4192 4193 4194 4195 4196 4197 4198
[0;34m[STEP][0m === Pinning pods to dedicated cores (taskset, profile=fair) ===
[0;32m[INFO][0m CPU governor=performance, fixed 2.5 GHz on cores 18-35
[0;32m[INFO][0m bench-grpc-dpumesh → core(s) 27 (pod=e75a517ec37e3326f1f34b0343d83874bdecf6f091e6659abe9111149aedd0c4)
[0;32m[INFO][0m   bench-grpc-dpumesh (PID 3497933) → 27
[0;32m[INFO][0m echo-grpc-dpumesh → core(s) 28 (pod=b410afb31d4e4ceca26525a56e6f9b479b8abfcf62e031687313e5f1fc155b55)
[0;32m[INFO][0m   echo-grpc-dpumesh (PID 3496895) → 28
[0;32m[INFO][0m Pinning done
[0;34m[STEP][0m === Validating deployed API adapters through embedded Linkerd ===
  grpc-dpumesh  OK mrps=0.000798 gbps=0.0068 req_gbps=0.0066 resp_gbps=0.0002 p50=1233.00 p95=1423.00 p99=1484.00 p999=1582.00 p9999=1793.00 avg=1253.23 min=771.32 max=58041.25 rcnt=4125 scheduled=4226 pending=0 fail=0 conc=1 threads=1 channels=1 reqsz=1024 repsz=8 reqframe=1040 respframe=24 durs=5.000 offered_mrps=0.000798 drops=0 overflow=0 worker_fail=0 reorder=0 mode=closed arr=const batch=0 reconns=0 reconn_us=0.00 grabs=0 rets=0 recyc=9 waits=0 pads=0 credit_hold_dropped=0 eq_budget_exhausted=0 dist=NA
[0;32m[INFO][0m all deployed API adapters passed the embedded-Linkerd smoke gate
[0;32m[INFO][0m === Deploy complete ===
  Run:  ./bench/bench.sh latency|bandwidth|rate|all [dpumesh|preload|grpc-dpumesh]
        ./bench/bench.sh loopback|verbs|preload ...   (validators)
  Re-pin:  ./bench/bench.sh pin [fair|native|preload|grpc|grpcmax]
[0;32m[INFO][0m Host NUMA: PCI 94:00.0 -> node 1, benchmark cores 18-35
[0;34m[STEP][0m === Pinning pods to dedicated cores (taskset, profile=grpc) ===
[0;32m[INFO][0m CPU governor=performance, fixed 2.5 GHz on cores 18-35
[0;32m[INFO][0m bench-grpc-dpumesh → core(s) 18,19,20,21,22,23 (pod=e75a517ec37e3326f1f34b0343d83874bdecf6f091e6659abe9111149aedd0c4)
[0;32m[INFO][0m   bench-grpc-dpumesh (PID 3497933) → 18,19,20,21,22,23
[0;32m[INFO][0m echo-grpc-dpumesh → core(s) 24,25,26,27,28,29 (pod=b410afb31d4e4ceca26525a56e6f9b479b8abfcf62e031687313e5f1fc155b55)
[0;32m[INFO][0m   echo-grpc-dpumesh (PID 3496895) → 24,25,26,27,28,29
[0;32m[INFO][0m Pinning done
