[0;32m[INFO][0m Host NUMA: PCI 94:00.0 -> node 1, benchmark cores 18-35
[0;34m[STEP][0m === Pinning pods to dedicated cores (taskset, profile=native) ===
[0;32m[INFO][0m CPU governor=performance, fixed 2.5 GHz on cores 18-35
[0;32m[INFO][0m bench-dpumesh → core(s) 18,19,20,21,22,23 (pod=8fdafda8b6959863f62acbf745621e56b9cf7796f77477747184cdc7b0912d50)
[0;32m[INFO][0m   bench-dpumesh (PID 319669) → 18,19,20,21,22,23
[0;32m[INFO][0m echo-dpumesh → core(s) 24,25,26,27,28,29 (pod=fc82896eb66ce41755049c941525cee1e2d2e47e90f183c9718f71a4c04c4d55)
[0;32m[INFO][0m   echo-dpumesh (PID 318374) → 24,25,26,27,28,29
[0;32m[INFO][0m echo-dpumesh-13 → core(s) 30 (pod=7c385886ff1c3737b60ffa0843e77c14da190ba5853da49c003643869307bdd3)
[0;32m[INFO][0m   echo-dpumesh-13 (PID 319018) → 30
[0;32m[INFO][0m echo-dpumesh-14 → core(s) 31 (pod=6a6f368d353d8f789472c7ad051841aa03f8ba800fa374e1c37666e989e69c3a)
[0;32m[INFO][0m   echo-dpumesh-14 (PID 319329) → 31
[0;32m[INFO][0m loopback-dpumesh → core(s) 32 (pod=1da268600f5d99fc0471b2da6ec385651d106cd258e97b9cc6746b6a379ff725)
[0;32m[INFO][0m   loopback-dpumesh (PID 319981) → 32
[0;32m[INFO][0m verbs-dpumesh → core(s) 33 (pod=c7bcd96ed6356066992d1b643cb0b5b486812bfe66c1a7316f42d6e38d01d48d)
[0;32m[INFO][0m   verbs-dpumesh (PID 320328) → 33
[0;32m[INFO][0m Pinning done
dpumesh rep1 :: OK mrps=0.015000 gbps=0.1277 req_gbps=0.1248 resp_gbps=0.0029 p50=429.00 p95=734.00 p99=904.00 p999=1509.00 p9999=4492.00 avg=438.47 min=85.36 max=9687.79 rcnt=368996 scheduled=375000 pending=4 fail=0 conc=0 threads=6 reqsz=1024 repsz=8 reqframe=1040 respframe=24 durs=25.000 offered_mrps=0.015000 drops=0 overflow=0 worker_fail=0 mode=open arr=const batch=1 reconns=0 reconn_us=0.00 grabs=13 rets=13 recyc=815 waits=0 pads=7 reorder=0 dist=0:249996,1:125000
[0;32m[INFO][0m Host NUMA: PCI 94:00.0 -> node 1, benchmark cores 18-35
[0;34m[STEP][0m === Pinning pods to dedicated cores (taskset, profile=preload) ===
[0;32m[INFO][0m CPU governor=performance, fixed 2.5 GHz on cores 18-35
[0;32m[INFO][0m preload-dpumesh → core(s) 30,31,32,33,34,35 (pod=66ab7dbd0657973aa31c4646f81b5e5eb650012d5f997d94c466835e2bf39c42)
[0;32m[INFO][0m   preload-dpumesh (PID 320657) → 30,31,32,33,34,35
[0;32m[INFO][0m preload-echo → core(s) 24,25,26,27,28,29 (pod=acaae695fdf569ea1e882ea6f19793da5e7564f22d44bfbca823640397db6e0d)
[0;32m[INFO][0m   preload-echo (PID 321004) → 24,25,26,27,28,29
[0;32m[INFO][0m preload-bench → core(s) 18,19,20,21,22,23 (pod=e4411a9b13d7210eb66c0dde81f5ceb77305ec80bb7a6b8a2d43eeb59e8554e1)
[0;32m[INFO][0m   preload-bench (PID 321349) → 18,19,20,21,22,23
[0;32m[INFO][0m Pinning done
preload rep1 :: OK mrps=0.014999 gbps=0.1277 req_gbps=0.1248 resp_gbps=0.0029 p50=443.00 p95=874.00 p99=1165.00 p999=1468.00 p9999=17937.00 avg=488.18 min=113.10 max=25743.85 rcnt=368989 scheduled=375000 pending=11 fail=0 conc=0 threads=6 reqsz=1024 repsz=8 reqframe=1040 respframe=24 durs=25.000 offered_mrps=0.015000 drops=0 overflow=0 worker_fail=0 reorder=0 mode=open arr=const grabs=9 rets=9 recyc=819 waits=0 pads=3 wwin=0 wpool=0
[0;32m[INFO][0m Host NUMA: PCI 94:00.0 -> node 1, benchmark cores 18-35
[0;34m[STEP][0m === Pinning pods to dedicated cores (taskset, profile=grpc) ===
[0;32m[INFO][0m CPU governor=performance, fixed 2.5 GHz on cores 18-35
[0;32m[INFO][0m bench-grpc-dpumesh → core(s) 18,19,20,21,22,23 (pod=e97f3fd6e98edde9358d1c9f902ea48d7712c96bcaab83d9743056a47f3b0328)
[0;32m[INFO][0m   bench-grpc-dpumesh (PID 321950) → 18,19,20,21,22,23
[0;32m[INFO][0m echo-grpc-dpumesh → core(s) 24,25,26,27,28,29 (pod=f1aea24e510fa7b2e3451b64f6309ec35edc8fc5173f697891c7dd651fbc87e4)
[0;32m[INFO][0m   echo-grpc-dpumesh (PID 321580) → 24,25,26,27,28,29
[0;32m[INFO][0m Pinning done
grpc-dpumesh rep1 :: OK mrps=0.015000 gbps=0.1277 req_gbps=0.1248 resp_gbps=0.0029 p50=1397.00 p95=2588.00 p99=3199.00 p999=3771.00 p9999=5250.00 avg=1521.41 min=515.94 max=6567.46 rcnt=368981 scheduled=375000 pending=0 fail=0 conc=0 threads=6 channels=6 reqsz=1024 repsz=8 reqframe=1040 respframe=24 durs=25.000 offered_mrps=0.015000 drops=0 overflow=0 worker_fail=0 reorder=0 mode=open arr=const batch=0 reconns=0 reconn_us=0.00 grabs=199 rets=195 recyc=623 waits=0 pads=422 credit_hold_dropped=0 eq_budget_exhausted=0 dist=NA
[0;32m[INFO][0m Host NUMA: PCI 94:00.0 -> node 1, benchmark cores 18-35
[0;34m[STEP][0m === Pinning pods to dedicated cores (taskset, profile=native) ===
[0;32m[INFO][0m CPU governor=performance, fixed 2.5 GHz on cores 18-35
[0;32m[INFO][0m bench-dpumesh → core(s) 18,19,20,21,22,23 (pod=8fdafda8b6959863f62acbf745621e56b9cf7796f77477747184cdc7b0912d50)
[0;32m[INFO][0m   bench-dpumesh (PID 319669) → 18,19,20,21,22,23
[0;32m[INFO][0m echo-dpumesh → core(s) 24,25,26,27,28,29 (pod=fc82896eb66ce41755049c941525cee1e2d2e47e90f183c9718f71a4c04c4d55)
[0;32m[INFO][0m   echo-dpumesh (PID 318374) → 24,25,26,27,28,29
[0;32m[INFO][0m echo-dpumesh-13 → core(s) 30 (pod=7c385886ff1c3737b60ffa0843e77c14da190ba5853da49c003643869307bdd3)
[0;32m[INFO][0m   echo-dpumesh-13 (PID 319018) → 30
[0;32m[INFO][0m echo-dpumesh-14 → core(s) 31 (pod=6a6f368d353d8f789472c7ad051841aa03f8ba800fa374e1c37666e989e69c3a)
[0;32m[INFO][0m   echo-dpumesh-14 (PID 319329) → 31
[0;32m[INFO][0m loopback-dpumesh → core(s) 32 (pod=1da268600f5d99fc0471b2da6ec385651d106cd258e97b9cc6746b6a379ff725)
[0;32m[INFO][0m   loopback-dpumesh (PID 319981) → 32
[0;32m[INFO][0m verbs-dpumesh → core(s) 33 (pod=c7bcd96ed6356066992d1b643cb0b5b486812bfe66c1a7316f42d6e38d01d48d)
[0;32m[INFO][0m   verbs-dpumesh (PID 320328) → 33
[0;32m[INFO][0m Pinning done
dpumesh rep2 :: OK mrps=0.015000 gbps=0.1277 req_gbps=0.1248 resp_gbps=0.0029 p50=489.00 p95=820.00 p99=1043.00 p999=1663.00 p9999=18817.00 avg=506.19 min=100.51 max=28217.52 rcnt=369000 scheduled=375000 pending=0 fail=0 conc=0 threads=6 reqsz=1024 repsz=8 reqframe=1040 respframe=24 durs=25.000 offered_mrps=0.015000 drops=0 overflow=0 worker_fail=0 mode=open arr=const batch=1 reconns=0 reconn_us=0.00 grabs=17 rets=17 recyc=811 waits=0 pads=11 reorder=0 dist=0:250000,1:62500,2:62500
[0;32m[INFO][0m Host NUMA: PCI 94:00.0 -> node 1, benchmark cores 18-35
[0;34m[STEP][0m === Pinning pods to dedicated cores (taskset, profile=preload) ===
[0;32m[INFO][0m CPU governor=performance, fixed 2.5 GHz on cores 18-35
[0;32m[INFO][0m preload-dpumesh → core(s) 30,31,32,33,34,35 (pod=66ab7dbd0657973aa31c4646f81b5e5eb650012d5f997d94c466835e2bf39c42)
[0;32m[INFO][0m   preload-dpumesh (PID 320657) → 30,31,32,33,34,35
[0;32m[INFO][0m preload-echo → core(s) 24,25,26,27,28,29 (pod=acaae695fdf569ea1e882ea6f19793da5e7564f22d44bfbca823640397db6e0d)
[0;32m[INFO][0m   preload-echo (PID 321004) → 24,25,26,27,28,29
[0;32m[INFO][0m preload-bench → core(s) 18,19,20,21,22,23 (pod=e4411a9b13d7210eb66c0dde81f5ceb77305ec80bb7a6b8a2d43eeb59e8554e1)
[0;32m[INFO][0m   preload-bench (PID 321349) → 18,19,20,21,22,23
[0;32m[INFO][0m Pinning done
preload rep2 :: OK mrps=0.014999 gbps=0.1277 req_gbps=0.1248 resp_gbps=0.0029 p50=450.00 p95=857.00 p99=1110.00 p999=1475.00 p9999=6530.00 avg=467.14 min=121.45 max=9672.41 rcnt=368987 scheduled=375000 pending=13 fail=0 conc=0 threads=6 reqsz=1024 repsz=8 reqframe=1040 respframe=24 durs=25.000 offered_mrps=0.015000 drops=0 overflow=0 worker_fail=0 reorder=0 mode=open arr=const grabs=11 rets=11 recyc=817 waits=0 pads=5 wwin=0 wpool=0
[0;32m[INFO][0m Host NUMA: PCI 94:00.0 -> node 1, benchmark cores 18-35
[0;34m[STEP][0m === Pinning pods to dedicated cores (taskset, profile=grpc) ===
[0;32m[INFO][0m CPU governor=performance, fixed 2.5 GHz on cores 18-35
[0;32m[INFO][0m bench-grpc-dpumesh → core(s) 18,19,20,21,22,23 (pod=e97f3fd6e98edde9358d1c9f902ea48d7712c96bcaab83d9743056a47f3b0328)
[0;32m[INFO][0m   bench-grpc-dpumesh (PID 321950) → 18,19,20,21,22,23
[0;32m[INFO][0m echo-grpc-dpumesh → core(s) 24,25,26,27,28,29 (pod=f1aea24e510fa7b2e3451b64f6309ec35edc8fc5173f697891c7dd651fbc87e4)
[0;32m[INFO][0m   echo-grpc-dpumesh (PID 321580) → 24,25,26,27,28,29
[0;32m[INFO][0m Pinning done
grpc-dpumesh rep2 :: OK mrps=0.015000 gbps=0.1277 req_gbps=0.1248 resp_gbps=0.0029 p50=1884.00 p95=3241.00 p99=3871.00 p999=7921.00 p9999=15979.00 avg=1966.42 min=686.11 max=20296.66 rcnt=368970 scheduled=375000 pending=0 fail=0 conc=0 threads=6 channels=6 reqsz=1024 repsz=8 reqframe=1040 respframe=24 durs=25.000 offered_mrps=0.015000 drops=0 overflow=0 worker_fail=0 reorder=0 mode=open arr=const batch=0 reconns=0 reconn_us=0.00 grabs=168 rets=162 recyc=654 waits=0 pads=482 credit_hold_dropped=0 eq_budget_exhausted=0 dist=NA
[0;32m[INFO][0m Host NUMA: PCI 94:00.0 -> node 1, benchmark cores 18-35
[0;34m[STEP][0m === Pinning pods to dedicated cores (taskset, profile=native) ===
[0;32m[INFO][0m CPU governor=performance, fixed 2.5 GHz on cores 18-35
[0;32m[INFO][0m bench-dpumesh → core(s) 18,19,20,21,22,23 (pod=8fdafda8b6959863f62acbf745621e56b9cf7796f77477747184cdc7b0912d50)
[0;32m[INFO][0m   bench-dpumesh (PID 319669) → 18,19,20,21,22,23
[0;32m[INFO][0m echo-dpumesh → core(s) 24,25,26,27,28,29 (pod=fc82896eb66ce41755049c941525cee1e2d2e47e90f183c9718f71a4c04c4d55)
[0;32m[INFO][0m   echo-dpumesh (PID 318374) → 24,25,26,27,28,29
[0;32m[INFO][0m echo-dpumesh-13 → core(s) 30 (pod=7c385886ff1c3737b60ffa0843e77c14da190ba5853da49c003643869307bdd3)
[0;32m[INFO][0m   echo-dpumesh-13 (PID 319018) → 30
[0;32m[INFO][0m echo-dpumesh-14 → core(s) 31 (pod=6a6f368d353d8f789472c7ad051841aa03f8ba800fa374e1c37666e989e69c3a)
[0;32m[INFO][0m   echo-dpumesh-14 (PID 319329) → 31
[0;32m[INFO][0m loopback-dpumesh → core(s) 32 (pod=1da268600f5d99fc0471b2da6ec385651d106cd258e97b9cc6746b6a379ff725)
[0;32m[INFO][0m   loopback-dpumesh (PID 319981) → 32
[0;32m[INFO][0m verbs-dpumesh → core(s) 33 (pod=c7bcd96ed6356066992d1b643cb0b5b486812bfe66c1a7316f42d6e38d01d48d)
[0;32m[INFO][0m   verbs-dpumesh (PID 320328) → 33
[0;32m[INFO][0m Pinning done
dpumesh rep3 :: OK mrps=0.015000 gbps=0.1277 req_gbps=0.1248 resp_gbps=0.0029 p50=441.00 p95=834.00 p99=1115.00 p999=1446.00 p9999=3524.00 avg=470.45 min=99.90 max=4967.20 rcnt=369000 scheduled=375000 pending=0 fail=0 conc=0 threads=6 reqsz=1024 repsz=8 reqframe=1040 respframe=24 durs=25.000 offered_mrps=0.015000 drops=0 overflow=0 worker_fail=0 mode=open arr=const batch=1 reconns=0 reconn_us=0.00 grabs=41 rets=41 recyc=787 waits=0 pads=34 reorder=0 dist=0:125000,1:125000,2:125000
[0;32m[INFO][0m Host NUMA: PCI 94:00.0 -> node 1, benchmark cores 18-35
[0;34m[STEP][0m === Pinning pods to dedicated cores (taskset, profile=preload) ===
[0;32m[INFO][0m CPU governor=performance, fixed 2.5 GHz on cores 18-35
[0;32m[INFO][0m preload-dpumesh → core(s) 30,31,32,33,34,35 (pod=66ab7dbd0657973aa31c4646f81b5e5eb650012d5f997d94c466835e2bf39c42)
[0;32m[INFO][0m   preload-dpumesh (PID 320657) → 30,31,32,33,34,35
[0;32m[INFO][0m preload-echo → core(s) 24,25,26,27,28,29 (pod=acaae695fdf569ea1e882ea6f19793da5e7564f22d44bfbca823640397db6e0d)
[0;32m[INFO][0m   preload-echo (PID 321004) → 24,25,26,27,28,29
[0;32m[INFO][0m preload-bench → core(s) 18,19,20,21,22,23 (pod=e4411a9b13d7210eb66c0dde81f5ceb77305ec80bb7a6b8a2d43eeb59e8554e1)
[0;32m[INFO][0m   preload-bench (PID 321349) → 18,19,20,21,22,23
[0;32m[INFO][0m Pinning done
preload rep3 :: OK mrps=0.015000 gbps=0.1277 req_gbps=0.1248 resp_gbps=0.0029 p50=457.00 p95=962.00 p99=1173.00 p999=2318.00 p9999=7986.00 avg=516.34 min=114.55 max=8871.05 rcnt=368994 scheduled=375000 pending=6 fail=0 conc=0 threads=6 reqsz=1024 repsz=8 reqframe=1040 respframe=24 durs=25.000 offered_mrps=0.015000 drops=0 overflow=0 worker_fail=0 reorder=0 mode=open arr=const grabs=17 rets=17 recyc=811 waits=0 pads=11 wwin=0 wpool=0
[0;32m[INFO][0m Host NUMA: PCI 94:00.0 -> node 1, benchmark cores 18-35
[0;34m[STEP][0m === Pinning pods to dedicated cores (taskset, profile=grpc) ===
[0;32m[INFO][0m CPU governor=performance, fixed 2.5 GHz on cores 18-35
[0;32m[INFO][0m bench-grpc-dpumesh → core(s) 18,19,20,21,22,23 (pod=e97f3fd6e98edde9358d1c9f902ea48d7712c96bcaab83d9743056a47f3b0328)
[0;32m[INFO][0m   bench-grpc-dpumesh (PID 321950) → 18,19,20,21,22,23
[0;32m[INFO][0m echo-grpc-dpumesh → core(s) 24,25,26,27,28,29 (pod=f1aea24e510fa7b2e3451b64f6309ec35edc8fc5173f697891c7dd651fbc87e4)
[0;32m[INFO][0m   echo-grpc-dpumesh (PID 321580) → 24,25,26,27,28,29
[0;32m[INFO][0m Pinning done
grpc-dpumesh rep3 :: OK mrps=0.015000 gbps=0.1277 req_gbps=0.1248 resp_gbps=0.0029 p50=1381.00 p95=2561.00 p99=3145.00 p999=3771.00 p9999=6083.00 avg=1503.60 min=523.24 max=7406.81 rcnt=368977 scheduled=375000 pending=0 fail=0 conc=0 threads=6 channels=6 reqsz=1024 repsz=8 reqframe=1040 respframe=24 durs=25.000 offered_mrps=0.015000 drops=0 overflow=0 worker_fail=0 reorder=0 mode=open arr=const batch=0 reconns=0 reconn_us=0.00 grabs=197 rets=193 recyc=625 waits=0 pads=420 credit_hold_dropped=0 eq_budget_exhausted=0 dist=NA
