[09:26:05:895205][715224896][DOCA][WRN][dmesh_core.c:2655][dpumesh_init] DPUmesh DOCA initialized: broker-attached worker=svc:(client) pod_id=1 inbox_ring=1024 K=8 L=8
[bench] ready: pod_id=1 dst_services=echo-dpumesh-native slot=8192
[bench] control LISTEN on :9092
[bench] RUN req=64 reply=8 conc=1 dur=1.0s warmup=100 threads=1 reconn=0 batch=auto dst_svc=echo-dpumesh-native
[bench] DONE OK mrps=0.006835 gbps=0.0057 req_gbps=0.0044 resp_gbps=0.0013 p50=132.00 p95=265.00 p99=337.00 p999=469.00 p9999=552.00 avg=146.03 min=66.79 max=1809.07 rcnt=6718 scheduled=6819 pending=1 fail=0 conc=1 threads=1 reqsz=64 repsz=8 reqframe=80 respframe=24 durs=1.000 offered_mrps=0.006835 drops=0 overflow=0 worker_fail=0 mode=closed arr=const reconns=0 reconn_us=0.00 grabs=1 rets=1 recyc=1 waits=0 pads=0 reorder=0 dist=0:6818
[bench] RUN req=64 reply=8 conc=1 dur=5.0s warmup=1000 threads=1 reconn=0 batch=auto dst_svc=echo-dpumesh-native
[bench] DONE OK mrps=0.006255 gbps=0.0052 req_gbps=0.0040 resp_gbps=0.0012 p50=132.00 p95=301.00 p99=433.00 p999=590.00 p9999=1868.00 avg=159.58 min=65.77 max=3231.38 rcnt=30305 scheduled=31306 pending=1 fail=0 conc=1 threads=1 reqsz=64 repsz=8 reqframe=80 respframe=24 durs=5.000 offered_mrps=0.006255 drops=0 overflow=0 worker_fail=0 mode=closed arr=const reconns=0 reconn_us=0.00 grabs=1 rets=1 recyc=7 waits=0 pads=0 reorder=0 dist=0:31305
[bench] RUN req=8192 reply=8 conc=32 dur=5.0s warmup=1000 threads=1 reconn=0 batch=auto dst_svc=echo-dpumesh-native
[bench] DONE OK mrps=0.099946 gbps=6.5821 req_gbps=6.5629 resp_gbps=0.0192 p50=269.00 p95=596.00 p99=773.00 p999=1138.00 p9999=3648.00 avg=314.16 min=69.52 max=3973.22 rcnt=498424 scheduled=499456 pending=32 fail=0 conc=32 threads=1 reqsz=8192 repsz=8 reqframe=8208 respframe=24 durs=5.000 offered_mrps=0.099946 drops=0 overflow=0 worker_fail=0 mode=closed arr=const reconns=0 reconn_us=0.00 grabs=35 rets=35 recyc=7893 waits=0 pads=7894 reorder=0 dist=0:499424
[bench] RUN req=32 reply=8 conc=32 dur=5.0s warmup=1000 threads=8 reconn=0 batch=auto dst_svc=echo-dpumesh-native
[bench] DONE OK mrps=0.556581 gbps=0.3206 req_gbps=0.2137 resp_gbps=0.1069 p50=430.00 p95=814.00 p99=1034.00 p999=1375.00 p9999=4249.00 avg=456.84 min=59.88 max=16071.64 rcnt=2772615 scheduled=2780867 pending=252 fail=0 conc=32 threads=8 reqsz=32 repsz=8 reqframe=48 respframe=24 durs=5.000 offered_mrps=0.556581 drops=0 overflow=0 worker_fail=0 mode=closed arr=const reconns=0 reconn_us=0.00 grabs=21 rets=21 recyc=260 waits=0 pads=184 reorder=0 dist=0:2780615
[bench] RUN req=8192 reply=8 conc=32 dur=5.0s warmup=1000 threads=1 reconn=0 batch=auto dst_svc=echo-dpumesh-native
[bench] DONE OK mrps=0.097888 gbps=6.4465 req_gbps=6.4277 resp_gbps=0.0188 p50=278.00 p95=616.00 p99=737.00 p999=1036.00 p9999=3439.00 avg=312.96 min=72.66 max=4756.42 rcnt=488408 scheduled=489440 pending=32 fail=0 conc=32 threads=1 reqsz=8192 repsz=8 reqframe=8208 respframe=24 durs=5.000 offered_mrps=0.097888 drops=0 overflow=0 worker_fail=0 mode=closed arr=const reconns=0 reconn_us=0.00 grabs=25 rets=25 recyc=7744 waits=0 pads=7745 reorder=0 dist=0:489408
[bench] RUN req=8192 reply=8 conc=32 dur=5.0s warmup=1000 threads=1 reconn=0 batch=auto dst_svc=echo-dpumesh-native
[bench] DONE OK mrps=0.097486 gbps=6.4201 req_gbps=6.4013 resp_gbps=0.0187 p50=284.00 p95=620.00 p99=789.00 p999=1062.00 p9999=1398.00 avg=319.76 min=72.91 max=2676.85 rcnt=486155 scheduled=487187 pending=32 fail=0 conc=32 threads=1 reqsz=8192 repsz=8 reqframe=8208 respframe=24 durs=5.000 offered_mrps=0.097486 drops=0 overflow=0 worker_fail=0 mode=closed arr=const reconns=0 reconn_us=0.00 grabs=33 rets=33 recyc=7701 waits=0 pads=7702 reorder=0 dist=0:487155
[bench] RUN req=8192 reply=8 conc=32 dur=5.0s warmup=1000 threads=1 reconn=0 batch=auto dst_svc=echo-dpumesh-native
[bench] DONE OK mrps=0.096826 gbps=6.3766 req_gbps=6.3580 resp_gbps=0.0186 p50=281.00 p95=632.00 p99=811.00 p999=1123.00 p9999=3979.00 avg=319.85 min=73.82 max=4144.47 rcnt=483151 scheduled=484183 pending=32 fail=0 conc=32 threads=1 reqsz=8192 repsz=8 reqframe=8208 respframe=24 durs=5.000 offered_mrps=0.096826 drops=0 overflow=0 worker_fail=0 mode=closed arr=const reconns=0 reconn_us=0.00 grabs=19 rets=19 recyc=7667 waits=0 pads=7668 reorder=0 dist=0:484151
[bench] RUN req=8192 reply=8 conc=32 dur=5.0s warmup=1000 threads=1 reconn=0 batch=auto dst_svc=echo-dpumesh-native
[bench] DONE OK mrps=0.099467 gbps=6.5505 req_gbps=6.5314 resp_gbps=0.0191 p50=273.00 p95=609.00 p99=778.00 p999=1167.00 p9999=2224.00 avg=312.85 min=67.71 max=4650.54 rcnt=495991 scheduled=497023 pending=32 fail=0 conc=32 threads=1 reqsz=8192 repsz=8 reqframe=8208 respframe=24 durs=5.000 offered_mrps=0.099467 drops=0 overflow=0 worker_fail=0 mode=closed arr=const reconns=0 reconn_us=0.00 grabs=28 rets=28 recyc=7862 waits=0 pads=7863 reorder=0 dist=0:496991
[bench] RUN req=8192 reply=8 conc=32 dur=5.0s warmup=1000 threads=1 reconn=0 batch=auto dst_svc=echo-dpumesh-native
[bench] DONE OK mrps=0.099895 gbps=6.5787 req_gbps=6.5595 resp_gbps=0.0192 p50=269.00 p95=599.00 p99=761.00 p999=1085.00 p9999=1917.00 avg=313.50 min=77.38 max=2487.54 rcnt=498210 scheduled=499242 pending=32 fail=0 conc=32 threads=1 reqsz=8192 repsz=8 reqframe=8208 respframe=24 durs=5.000 offered_mrps=0.099895 drops=0 overflow=0 worker_fail=0 mode=closed arr=const reconns=0 reconn_us=0.00 grabs=33 rets=33 recyc=7892 waits=0 pads=7893 reorder=0 dist=0:499210
[bench] RUN req=8192 reply=8 conc=32 dur=5.0s warmup=1000 threads=1 reconn=0 batch=auto dst_svc=echo-dpumesh-native
[bench] DONE OK mrps=0.097251 gbps=6.4046 req_gbps=6.3859 resp_gbps=0.0187 p50=275.00 p95=622.00 p99=776.00 p999=1116.00 p9999=2282.00 avg=319.99 min=70.28 max=2985.93 rcnt=485170 scheduled=486202 pending=32 fail=0 conc=32 threads=1 reqsz=8192 repsz=8 reqframe=8208 respframe=24 durs=5.000 offered_mrps=0.097251 drops=0 overflow=0 worker_fail=0 mode=closed arr=const reconns=0 reconn_us=0.00 grabs=23 rets=23 recyc=7695 waits=0 pads=7696 reorder=0 dist=0:486170
[bench] RUN req=8192 reply=8 conc=32 dur=5.0s warmup=1000 threads=1 reconn=0 batch=auto dst_svc=echo-dpumesh-native
[bench] DONE OK mrps=0.099243 gbps=6.5357 req_gbps=6.5167 resp_gbps=0.0191 p50=283.00 p95=594.00 p99=765.00 p999=1059.00 p9999=2662.00 avg=314.51 min=72.01 max=4049.80 rcnt=494861 scheduled=495893 pending=32 fail=0 conc=32 threads=1 reqsz=8192 repsz=8 reqframe=8208 respframe=24 durs=5.000 offered_mrps=0.099243 drops=0 overflow=0 worker_fail=0 mode=closed arr=const reconns=0 reconn_us=0.00 grabs=25 rets=25 recyc=7847 waits=0 pads=7848 reorder=0 dist=0:495861
[bench] RUN req=8192 reply=8 conc=32 dur=5.0s warmup=1000 threads=1 reconn=0 batch=auto dst_svc=echo-dpumesh-native
[bench] DONE OK mrps=0.096241 gbps=6.3380 req_gbps=6.3195 resp_gbps=0.0185 p50=283.00 p95=627.00 p99=773.00 p999=1133.00 p9999=5099.00 avg=322.37 min=73.48 max=15518.30 rcnt=479464 scheduled=480496 pending=32 fail=0 conc=32 threads=1 reqsz=8192 repsz=8 reqframe=8208 respframe=24 durs=5.000 offered_mrps=0.096241 drops=0 overflow=0 worker_fail=0 mode=closed arr=const reconns=0 reconn_us=0.00 grabs=25 rets=25 recyc=7602 waits=0 pads=7603 reorder=0 dist=0:480464
[bench] RUN req=8192 reply=8 conc=32 dur=5.0s warmup=1000 threads=1 reconn=0 batch=auto dst_svc=echo-dpumesh-native
[bench] DONE OK mrps=0.095613 gbps=6.2967 req_gbps=6.2783 resp_gbps=0.0184 p50=280.00 p95=646.00 p99=825.00 p999=1098.00 p9999=2184.00 avg=321.77 min=70.25 max=3862.04 rcnt=476453 scheduled=477485 pending=32 fail=0 conc=32 threads=1 reqsz=8192 repsz=8 reqframe=8208 respframe=24 durs=5.000 offered_mrps=0.095613 drops=0 overflow=0 worker_fail=0 mode=closed arr=const reconns=0 reconn_us=0.00 grabs=20 rets=20 recyc=7560 waits=0 pads=7561 reorder=0 dist=0:477453
[bench] RUN req=8192 reply=8 conc=32 dur=5.0s warmup=1000 threads=1 reconn=0 batch=auto dst_svc=echo-dpumesh-native
[bench] drain timeout: 1 requests still outstanding
[bench] DONE ERR mrps=0.093323 gbps=6.1459 req_gbps=6.1280 resp_gbps=0.0179 p50=281.00 p95=657.00 p99=913.00 p999=1203.00 p9999=1603.00 avg=329.26 min=84.20 max=1748.45 rcnt=465423 scheduled=466444 pending=21 fail=1 conc=32 threads=1 reqsz=8192 repsz=8 reqframe=8208 respframe=24 durs=5.000 offered_mrps=0.093323 drops=0 overflow=0 worker_fail=1 mode=closed arr=const reconns=0 reconn_us=0.00 grabs=8 rets=8 recyc=7396 waits=0 pads=7397 reorder=0 dist=0:466423
