2026-09-08T22:03:50+0900 rapids4 python[2498491]: dpumeshd: broker exited pid=2501327 signal=15 pod=c0a3386e-6cc9-4a27-92c8-254c3a48e921
2026-09-08T22:03:50+0900 rapids4 systemd[1]: dpumeshd.service: Deactivated successfully.
2026-09-08T22:03:50+0900 rapids4 systemd[1]: Stopped DPUmesh host runtime and Kubernetes Device Plugin.
2026-09-08T22:03:50+0900 rapids4 systemd[1]: dpumeshd.service: Consumed 10.690s CPU time.
2026-09-08T22:03:50+0900 rapids4 systemd[1]: Starting DPUmesh host runtime and Kubernetes Device Plugin...
2026-09-08T22:03:50+0900 rapids4 systemd[1]: Started DPUmesh host runtime and Kubernetes Device Plugin.
2026-09-08T22:03:50+0900 rapids4 python[2502799]: dpumeshd: local runtime started incarnation=26bb2985a9605d61d82a6c57804008ac slots=2
2026-09-08T22:03:51+0900 rapids4 python[2502799]: dpumeshd: registered dpumesh.io/channel with kubelet
2026-09-08T22:03:52+0900 rapids4 python[2502799]: dpumeshd: broker pid=2503340 slot=channel-000 generation=1 pod=7c5f4005-3d60-4d1d-b55e-f7369bcacbd1
2026-09-08T22:03:52+0900 rapids4 python[2503340]: [dpumesh] Opening DOCA device at 94:00.0...
2026-09-08T22:03:52+0900 rapids4 python[2503340]: [dpumesh] Connecting comch client...
2026-09-08T22:03:52+0900 rapids4 python[2502799]: dpumeshd: broker pid=2503349 slot=channel-001 generation=1 pod=16cc22e8-0aa2-4f23-9655-0798b273987f
2026-09-08T22:03:52+0900 rapids4 python[2503349]: [dpumesh] Opening DOCA device at 94:00.0...
2026-09-08T22:03:52+0900 rapids4 python[2503349]: [dpumesh] Connecting comch client...
2026-09-08T22:03:53+0900 rapids4 python[2502799]: dpumeshd: direct REGISTER pod=7c5f4005-3d60-4d1d-b55e-f7369bcacbd1 slot=0 generation=1
2026-09-08T22:03:53+0900 rapids4 python[2502799]: dpumeshd: direct REGISTER pod=16cc22e8-0aa2-4f23-9655-0798b273987f slot=1 generation=1
2026-09-08T22:03:53+0900 rapids4 python[2503340]: dmesh_broker: READY sent pod_id=0 fds=19
2026-09-08T22:03:54+0900 rapids4 python[2503349]: dmesh_broker: READY sent pod_id=1 fds=19
2026-09-08T22:03:57+0900 rapids4 python[2502799]: dpumeshd: local control unavailable: DPU control connection closed
2026-09-08T22:04:01+0900 rapids4 python[2503349]: [13:04:01:294804][3823314752][DOCA][ERR][comch_client.c:62][client_send_task_completion_err_callback] Comch client send completion failed: DOCA_ERROR_CONNECTION_ABORTED
2026-09-08T22:04:01+0900 rapids4 python[2503349]: [13:04:01:294886][3823314752][DOCA][WRN][dmesh_core.c:2749][request_remote_pod_quiesce] Control path stopped while awaiting POD_QUIESCED: DOCA_ERROR_CONNECTION_ABORTED
2026-09-08T22:04:01+0900 rapids4 python[2503349]: [13:04:01:294899][3823314752][DOCA][WRN][object.c:58][cleanup_comch_object] CC cleanup start state=3 tasks=0 owned=0
2026-09-08T22:04:01+0900 rapids4 python[2503340]: [13:04:01:294837][4166862656][DOCA][ERR][comch_client.c:62][client_send_task_completion_err_callback] Comch client send completion failed: DOCA_ERROR_CONNECTION_ABORTED
2026-09-08T22:04:01+0900 rapids4 python[2503340]: [13:04:01:294928][4166862656][DOCA][WRN][dmesh_core.c:2749][request_remote_pod_quiesce] Control path stopped while awaiting POD_QUIESCED: DOCA_ERROR_CONNECTION_ABORTED
2026-09-08T22:04:01+0900 rapids4 python[2503340]: [13:04:01:294940][4166862656][DOCA][WRN][object.c:58][cleanup_comch_object] CC cleanup start state=3 tasks=0 owned=0
2026-09-08T22:04:03+0900 rapids4 python[2502799]: dpumeshd: local control unavailable: [Errno 111] Connection refused
2026-09-08T22:04:05+0900 rapids4 python[2502799]: dpumeshd: local control unavailable: [Errno 111] Connection refused
2026-09-08T22:04:07+0900 rapids4 python[2502799]: dpumeshd: local control unavailable: [Errno 111] Connection refused
2026-09-08T22:04:09+0900 rapids4 python[2502799]: dpumeshd: local control unavailable: [Errno 111] Connection refused
2026-09-08T22:04:11+0900 rapids4 python[2502799]: dpumeshd: local control unavailable: [Errno 111] Connection refused
2026-09-08T22:04:13+0900 rapids4 python[2502799]: dpumeshd: local control unavailable: [Errno 111] Connection refused
2026-09-08T22:04:15+0900 rapids4 python[2502799]: dpumeshd: local control unavailable: [Errno 111] Connection refused
2026-09-08T22:04:17+0900 rapids4 python[2502799]: dpumeshd: local control unavailable: [Errno 111] Connection refused
2026-09-08T22:04:19+0900 rapids4 python[2502799]: dpumeshd: local control unavailable: [Errno 111] Connection refused
2026-09-08T22:04:21+0900 rapids4 python[2502799]: dpumeshd: local control unavailable: [Errno 111] Connection refused
2026-09-08T22:04:23+0900 rapids4 python[2502799]: dpumeshd: local control unavailable: [Errno 111] Connection refused
2026-09-08T22:04:25+0900 rapids4 python[2502799]: dpumeshd: local control unavailable: [Errno 111] Connection refused
2026-09-08T22:04:32+0900 rapids4 python[2502799]: dpumeshd: broker exited pid=2503349 exit=0 pod=16cc22e8-0aa2-4f23-9655-0798b273987f
2026-09-08T22:04:32+0900 rapids4 python[2502799]: dpumeshd: broker exited pid=2503340 exit=0 pod=7c5f4005-3d60-4d1d-b55e-f7369bcacbd1
2026-09-08T22:04:39+0900 rapids4 python[2502799]: dpumeshd: broker pid=2505433 slot=channel-000 generation=2 pod=7c5f4005-3d60-4d1d-b55e-f7369bcacbd1
2026-09-08T22:04:39+0900 rapids4 python[2505433]: [dpumesh] Opening DOCA device at 94:00.0...
2026-09-08T22:04:39+0900 rapids4 python[2505433]: [dpumesh] Connecting comch client...
2026-09-08T22:04:40+0900 rapids4 python[2502799]: dpumeshd: direct REGISTER pod=7c5f4005-3d60-4d1d-b55e-f7369bcacbd1 slot=0 generation=2
2026-09-08T22:04:41+0900 rapids4 python[2505433]: dmesh_broker: READY sent pod_id=0 fds=19
2026-09-08T22:04:48+0900 rapids4 python[2502799]: dpumeshd: broker pid=2505789 slot=channel-001 generation=2 pod=16cc22e8-0aa2-4f23-9655-0798b273987f
2026-09-08T22:04:48+0900 rapids4 python[2505789]: [dpumesh] Opening DOCA device at 94:00.0...
2026-09-08T22:04:48+0900 rapids4 python[2505789]: [dpumesh] Connecting comch client...
2026-09-08T22:04:49+0900 rapids4 python[2502799]: dpumeshd: direct REGISTER pod=16cc22e8-0aa2-4f23-9655-0798b273987f slot=1 generation=2
2026-09-08T22:04:50+0900 rapids4 python[2505789]: dmesh_broker: READY sent pod_id=1 fds=19
2026-09-08T22:04:54+0900 rapids4 python[2505433]: [13:04:54:608280][118077248][DOCA][WRN][object.c:58][cleanup_comch_object] CC cleanup start state=2 tasks=0 owned=0
2026-09-08T22:04:54+0900 rapids4 python[2505789]: [13:04:54:613340][1605142336][DOCA][WRN][object.c:58][cleanup_comch_object] CC cleanup start state=2 tasks=0 owned=0
2026-09-08T22:04:54+0900 rapids4 python[2502799]: dpumeshd: broker exited pid=2505433 exit=0 pod=7c5f4005-3d60-4d1d-b55e-f7369bcacbd1
2026-09-08T22:04:54+0900 rapids4 python[2502799]: dpumeshd: broker exited pid=2505789 exit=0 pod=16cc22e8-0aa2-4f23-9655-0798b273987f
2026-09-08T22:04:55+0900 rapids4 python[2502799]: dpumeshd: broker pid=2506465 slot=channel-000 generation=3 pod=54b26af2-7353-4ad5-96ee-facfcabc4258
2026-09-08T22:04:55+0900 rapids4 python[2506465]: [dpumesh] Opening DOCA device at 94:00.0...
2026-09-08T22:04:55+0900 rapids4 python[2506465]: [dpumesh] Connecting comch client...
2026-09-08T22:04:57+0900 rapids4 python[2502799]: dpumeshd: broker pid=2506629 slot=channel-001 generation=3 pod=38ee2559-c917-4371-9f01-7428e81ab5f7
2026-09-08T22:04:57+0900 rapids4 python[2506629]: [dpumesh] Opening DOCA device at 94:00.0...
2026-09-08T22:04:57+0900 rapids4 python[2506629]: [dpumesh] Connecting comch client...
2026-09-08T22:04:58+0900 rapids4 python[2502799]: dpumeshd: direct REGISTER pod=54b26af2-7353-4ad5-96ee-facfcabc4258 slot=0 generation=3
2026-09-08T22:04:58+0900 rapids4 python[2506465]: dmesh_broker: READY sent pod_id=0 fds=19
2026-09-08T22:04:59+0900 rapids4 python[2502799]: dpumeshd: direct REGISTER pod=38ee2559-c917-4371-9f01-7428e81ab5f7 slot=1 generation=3
2026-09-08T22:04:59+0900 rapids4 python[2506629]: dmesh_broker: READY sent pod_id=1 fds=19
2026-09-08T22:05:03+0900 rapids4 python[2502799]: dpumeshd: local control unavailable: DPU control connection closed
2026-09-08T22:05:06+0900 rapids4 python[2506629]: [13:05:06:795156][2820273984][DOCA][ERR][comch_client.c:62][client_send_task_completion_err_callback] Comch client send completion failed: DOCA_ERROR_CONNECTION_ABORTED
2026-09-08T22:05:06+0900 rapids4 python[2506465]: [13:05:06:795159][1046607680][DOCA][ERR][comch_client.c:62][client_send_task_completion_err_callback] Comch client send completion failed: DOCA_ERROR_CONNECTION_ABORTED
2026-09-08T22:05:06+0900 rapids4 python[2506629]: [13:05:06:795248][2820273984][DOCA][WRN][dmesh_core.c:2749][request_remote_pod_quiesce] Control path stopped while awaiting POD_QUIESCED: DOCA_ERROR_CONNECTION_ABORTED
2026-09-08T22:05:06+0900 rapids4 python[2506465]: [13:05:06:795250][1046607680][DOCA][WRN][dmesh_core.c:2749][request_remote_pod_quiesce] Control path stopped while awaiting POD_QUIESCED: DOCA_ERROR_CONNECTION_ABORTED
2026-09-08T22:05:06+0900 rapids4 python[2506629]: [13:05:06:795261][2820273984][DOCA][WRN][object.c:58][cleanup_comch_object] CC cleanup start state=3 tasks=0 owned=0
2026-09-08T22:05:06+0900 rapids4 python[2506465]: [13:05:06:795264][1046607680][DOCA][WRN][object.c:58][cleanup_comch_object] CC cleanup start state=3 tasks=0 owned=0
2026-09-08T22:05:08+0900 rapids4 python[2502799]: dpumeshd: local control unavailable: [Errno 111] Connection refused
2026-09-08T22:05:10+0900 rapids4 python[2502799]: dpumeshd: local control unavailable: [Errno 111] Connection refused
2026-09-08T22:05:12+0900 rapids4 python[2502799]: dpumeshd: local control unavailable: [Errno 111] Connection refused
2026-09-08T22:05:14+0900 rapids4 python[2502799]: dpumeshd: local control unavailable: [Errno 111] Connection refused
2026-09-08T22:05:16+0900 rapids4 python[2502799]: dpumeshd: local control unavailable: [Errno 111] Connection refused
2026-09-08T22:05:18+0900 rapids4 python[2502799]: dpumeshd: local control unavailable: [Errno 111] Connection refused
2026-09-08T22:05:21+0900 rapids4 python[2502799]: dpumeshd: local control unavailable: [Errno 111] Connection refused
2026-09-08T22:05:23+0900 rapids4 python[2502799]: dpumeshd: local control unavailable: [Errno 111] Connection refused
2026-09-08T22:05:25+0900 rapids4 python[2502799]: dpumeshd: local control unavailable: [Errno 111] Connection refused
2026-09-08T22:05:27+0900 rapids4 python[2502799]: dpumeshd: local control unavailable: [Errno 111] Connection refused
2026-09-08T22:05:29+0900 rapids4 python[2502799]: dpumeshd: local control unavailable: [Errno 111] Connection refused
2026-09-08T22:05:31+0900 rapids4 python[2502799]: dpumeshd: local control unavailable: [Errno 111] Connection refused
2026-09-08T22:05:33+0900 rapids4 python[2502799]: dpumeshd: local control unavailable: [Errno 111] Connection refused
2026-09-08T22:05:35+0900 rapids4 python[2502799]: dpumeshd: local control unavailable: [Errno 111] Connection refused
2026-09-08T22:05:36+0900 rapids4 python[2502799]: dpumeshd: broker exited pid=2506465 exit=0 pod=54b26af2-7353-4ad5-96ee-facfcabc4258
2026-09-08T22:05:36+0900 rapids4 python[2502799]: dpumeshd: broker exited pid=2506629 exit=0 pod=38ee2559-c917-4371-9f01-7428e81ab5f7
2026-09-08T22:05:37+0900 rapids4 python[2502799]: dpumeshd: local control unavailable: [Errno 111] Connection refused
2026-09-08T22:05:39+0900 rapids4 python[2502799]: dpumeshd: local control unavailable: [Errno 111] Connection refused
2026-09-08T22:05:41+0900 rapids4 python[2502799]: dpumeshd: local control unavailable: [Errno 111] Connection refused
2026-09-08T22:05:43+0900 rapids4 python[2502799]: dpumeshd: local control unavailable: [Errno 111] Connection refused
