[0;32m[INFO][0m Host NUMA: PCI 94:00.0 -> node 1, benchmark cores 18-35
[0;34m[STEP][0m === Pinning pods to dedicated cores (taskset, profile=native) ===
[0;32m[INFO][0m CPU governor=performance, fixed 2.5 GHz on cores 18-35
[0;32m[INFO][0m bench-dpumesh → core(s) 18,19,20,21,22,23 (pod=7576663205c8edb1eac46b08da8c37883d164a1375c29b904eedcf0175d09d95)
[0;32m[INFO][0m   bench-dpumesh (PID 3327061) → 18,19,20,21,22,23
[0;32m[INFO][0m echo-dpumesh → core(s) 24,25,26,27,28,29 (pod=cc93f2a03644637f50c41ed1c4b07ffbd798c70901cb3e5fb96c876c2a8aa8aa)
[0;32m[INFO][0m   echo-dpumesh (PID 3325741) → 24,25,26,27,28,29
[0;32m[INFO][0m echo-dpumesh-13 → core(s) 30 (pod=a2644b21979a22c718eca5864b61cda60422da4b1fe0449b5ef9bf27e747d58a)
[0;32m[INFO][0m   echo-dpumesh-13 (PID 3326367) → 30
[0;32m[INFO][0m echo-dpumesh-14 → core(s) 31 (pod=01bb761fc012d231bb29fbccdf0f3c8f669c5a4f3fcafde3643202ce8a0f14e7)
[0;32m[INFO][0m   echo-dpumesh-14 (PID 3326704) → 31
[0;32m[INFO][0m loopback-dpumesh → core(s) 32 (pod=7b65d300f48c9d4450da593d707b848a56478ef1c56138a50425bc1bd8efa1f6)
[0;32m[INFO][0m   loopback-dpumesh (PID 3327401) → 32
[0;32m[INFO][0m verbs-dpumesh → core(s) 33 (pod=1b3cb5164245b3fb2309bc99eb91e65e18b1da31e31de09d3c9a7061a45fad45)
[0;32m[INFO][0m   verbs-dpumesh (PID 3327751) → 33
[0;32m[INFO][0m Pinning done
dpumesh rep1 :: OK mrps=0.008000 gbps=0.0681 req_gbps=0.0666 resp_gbps=0.0015 p50=533.00 p95=820.00 p99=947.00 p999=2041.00 p9999=7452.00 avg=537.28 min=118.82 max=8479.43 rcnt=156000 scheduled=160000 pending=0 fail=0 conc=0 threads=4 reqsz=1024 repsz=8 reqframe=1040 respframe=24 durs=20.000 offered_mrps=0.008000 drops=0 overflow=0 worker_fail=0 mode=open arr=const batch=1 reconns=0 reconn_us=0.00 grabs=5 rets=5 recyc=347 waits=0 pads=1 reorder=0 dist=0:120000,2:40000
[0;32m[INFO][0m Host NUMA: PCI 94:00.0 -> node 1, benchmark cores 18-35
[0;34m[STEP][0m === Pinning pods to dedicated cores (taskset, profile=preload) ===
[0;32m[INFO][0m CPU governor=performance, fixed 2.5 GHz on cores 18-35
[0;32m[INFO][0m preload-dpumesh → core(s) 30,31,32,33,34,35 (pod=91a821c34912593d754858921f5bc8365845df8ff981428f92bc72f6ee5aec14)
[0;32m[INFO][0m   preload-dpumesh (PID 3328102) → 30,31,32,33,34,35
[0;32m[INFO][0m preload-echo → core(s) 24,25,26,27,28,29 (pod=6b44bc8e1d0eec1d143a8ea92892e740af3e5aaa69f701914d84c5544dae4680)
[0;32m[INFO][0m   preload-echo (PID 3328444) → 24,25,26,27,28,29
[0;32m[INFO][0m preload-bench → core(s) 18,19,20,21,22,23 (pod=9b011be22cdc088104bebd8c9b9ba75ef403df9fdc6c80aa37ecefa655041fcb)
[0;32m[INFO][0m   preload-bench (PID 3329276) → 18,19,20,21,22,23
[0;32m[INFO][0m Pinning done
preload rep1 :: OK mrps=0.008000 gbps=0.0681 req_gbps=0.0666 resp_gbps=0.0015 p50=662.00 p95=1055.00 p99=1147.00 p999=1568.00 p9999=4411.00 avg=672.10 min=124.05 max=6649.83 rcnt=155994 scheduled=160000 pending=6 fail=0 conc=0 threads=4 reqsz=1024 repsz=8 reqframe=1040 respframe=24 durs=20.000 offered_mrps=0.008000 drops=0 overflow=0 worker_fail=0 reorder=0 mode=open arr=const grabs=5 rets=5 recyc=347 waits=0 pads=1 wwin=0 wpool=0
[0;32m[INFO][0m Host NUMA: PCI 94:00.0 -> node 1, benchmark cores 18-35
[0;34m[STEP][0m === Pinning pods to dedicated cores (taskset, profile=grpc) ===
[0;32m[INFO][0m CPU governor=performance, fixed 2.5 GHz on cores 18-35
[0;32m[INFO][0m bench-grpc-dpumesh → core(s) 18,19,20,21,22,23 (pod=01dab2e741e164d77cd3be677feac1c81d14aa5debcf9bbceac06905d7f4b5e3)
[0;32m[INFO][0m   bench-grpc-dpumesh (PID 3330914) → 18,19,20,21,22,23
[0;32m[INFO][0m echo-grpc-dpumesh → core(s) 24,25,26,27,28,29 (pod=189a756474e013100ffcb1a72ab5f68b7b7f7ad38653fd822f63e99d763a5bf1)
[0;32m[INFO][0m   echo-grpc-dpumesh (PID 3330148) → 24,25,26,27,28,29
[0;32m[INFO][0m echo-grpc-alt → core(s) 30,31,32,33,34,35 (pod=1622f43de2004e637ba1e55acd11143ffffd7c4a9288015458b84c421c594e3f)
[0;32m[INFO][0m   echo-grpc-alt (PID 3330550) → 30,31,32,33,34,35
[0;32m[INFO][0m Pinning done
grpc-dpumesh rep1 :: OK mrps=0.008000 gbps=0.0681 req_gbps=0.0666 resp_gbps=0.0015 p50=1293.00 p95=2066.00 p99=2465.00 p999=3135.00 p9999=4097.00 avg=1333.80 min=538.89 max=5210.60 rcnt=155991 scheduled=160000 pending=0 fail=0 conc=0 threads=4 channels=4 reqsz=1024 repsz=8 reqframe=1040 respframe=24 durs=20.000 offered_mrps=0.008000 drops=0 overflow=0 worker_fail=0 reorder=0 mode=open arr=const batch=0 reconns=0 reconn_us=0.00 grabs=82 rets=80 recyc=266 waits=0 pads=99 credit_hold_dropped=0 eq_budget_exhausted=0 dist=NA
[0;32m[INFO][0m Host NUMA: PCI 94:00.0 -> node 1, benchmark cores 18-35
[0;34m[STEP][0m === Pinning pods to dedicated cores (taskset, profile=native) ===
[0;32m[INFO][0m CPU governor=performance, fixed 2.5 GHz on cores 18-35
[0;32m[INFO][0m bench-dpumesh → core(s) 18,19,20,21,22,23 (pod=7576663205c8edb1eac46b08da8c37883d164a1375c29b904eedcf0175d09d95)
[0;32m[INFO][0m   bench-dpumesh (PID 3327061) → 18,19,20,21,22,23
[0;32m[INFO][0m echo-dpumesh → core(s) 24,25,26,27,28,29 (pod=cc93f2a03644637f50c41ed1c4b07ffbd798c70901cb3e5fb96c876c2a8aa8aa)
[0;32m[INFO][0m   echo-dpumesh (PID 3325741) → 24,25,26,27,28,29
[0;32m[INFO][0m echo-dpumesh-13 → core(s) 30 (pod=a2644b21979a22c718eca5864b61cda60422da4b1fe0449b5ef9bf27e747d58a)
[0;32m[INFO][0m   echo-dpumesh-13 (PID 3326367) → 30
[0;32m[INFO][0m echo-dpumesh-14 → core(s) 31 (pod=01bb761fc012d231bb29fbccdf0f3c8f669c5a4f3fcafde3643202ce8a0f14e7)
[0;32m[INFO][0m   echo-dpumesh-14 (PID 3326704) → 31
[0;32m[INFO][0m loopback-dpumesh → core(s) 32 (pod=7b65d300f48c9d4450da593d707b848a56478ef1c56138a50425bc1bd8efa1f6)
[0;32m[INFO][0m   loopback-dpumesh (PID 3327401) → 32
[0;32m[INFO][0m verbs-dpumesh → core(s) 33 (pod=1b3cb5164245b3fb2309bc99eb91e65e18b1da31e31de09d3c9a7061a45fad45)
[0;32m[INFO][0m   verbs-dpumesh (PID 3327751) → 33
[0;32m[INFO][0m Pinning done
dpumesh rep2 :: OK mrps=0.008000 gbps=0.0681 req_gbps=0.0666 resp_gbps=0.0015 p50=494.00 p95=775.00 p99=894.00 p999=1466.00 p9999=2722.00 avg=500.35 min=121.84 max=5273.76 rcnt=155996 scheduled=160000 pending=4 fail=0 conc=0 threads=4 reqsz=1024 repsz=8 reqframe=1040 respframe=24 durs=20.000 offered_mrps=0.008000 drops=0 overflow=0 worker_fail=0 mode=open arr=const batch=1 reconns=0 reconn_us=0.00 grabs=5 rets=5 recyc=347 waits=0 pads=1 reorder=0 dist=0:79998,1:39999,2:39999
[0;32m[INFO][0m Host NUMA: PCI 94:00.0 -> node 1, benchmark cores 18-35
[0;34m[STEP][0m === Pinning pods to dedicated cores (taskset, profile=preload) ===
[0;32m[INFO][0m CPU governor=performance, fixed 2.5 GHz on cores 18-35
[0;32m[INFO][0m preload-dpumesh → core(s) 30,31,32,33,34,35 (pod=91a821c34912593d754858921f5bc8365845df8ff981428f92bc72f6ee5aec14)
[0;32m[INFO][0m   preload-dpumesh (PID 3328102) → 30,31,32,33,34,35
[0;32m[INFO][0m preload-echo → core(s) 24,25,26,27,28,29 (pod=6b44bc8e1d0eec1d143a8ea92892e740af3e5aaa69f701914d84c5544dae4680)
[0;32m[INFO][0m   preload-echo (PID 3328444) → 24,25,26,27,28,29
[0;32m[INFO][0m preload-bench → core(s) 18,19,20,21,22,23 (pod=9b011be22cdc088104bebd8c9b9ba75ef403df9fdc6c80aa37ecefa655041fcb)
[0;32m[INFO][0m   preload-bench (PID 3329276) → 18,19,20,21,22,23
[0;32m[INFO][0m Pinning done
preload rep2 :: OK mrps=0.008000 gbps=0.0681 req_gbps=0.0666 resp_gbps=0.0015 p50=819.00 p95=1056.00 p99=1127.00 p999=1569.00 p9999=3528.00 avg=730.65 min=124.10 max=5445.16 rcnt=155996 scheduled=160000 pending=4 fail=0 conc=0 threads=4 reqsz=1024 repsz=8 reqframe=1040 respframe=24 durs=20.000 offered_mrps=0.008000 drops=0 overflow=0 worker_fail=0 reorder=0 mode=open arr=const grabs=5 rets=5 recyc=347 waits=0 pads=1 wwin=0 wpool=0
[0;32m[INFO][0m Host NUMA: PCI 94:00.0 -> node 1, benchmark cores 18-35
[0;34m[STEP][0m === Pinning pods to dedicated cores (taskset, profile=grpc) ===
[0;32m[INFO][0m CPU governor=performance, fixed 2.5 GHz on cores 18-35
[0;32m[INFO][0m bench-grpc-dpumesh → core(s) 18,19,20,21,22,23 (pod=01dab2e741e164d77cd3be677feac1c81d14aa5debcf9bbceac06905d7f4b5e3)
[0;32m[INFO][0m   bench-grpc-dpumesh (PID 3330914) → 18,19,20,21,22,23
[0;32m[INFO][0m echo-grpc-dpumesh → core(s) 24,25,26,27,28,29 (pod=189a756474e013100ffcb1a72ab5f68b7b7f7ad38653fd822f63e99d763a5bf1)
[0;32m[INFO][0m   echo-grpc-dpumesh (PID 3330148) → 24,25,26,27,28,29
[0;32m[INFO][0m echo-grpc-alt → core(s) 30,31,32,33,34,35 (pod=1622f43de2004e637ba1e55acd11143ffffd7c4a9288015458b84c421c594e3f)
[0;32m[INFO][0m   echo-grpc-alt (PID 3330550) → 30,31,32,33,34,35
[0;32m[INFO][0m Pinning done
grpc-dpumesh rep2 :: OK mrps=0.008000 gbps=0.0681 req_gbps=0.0666 resp_gbps=0.0015 p50=1403.00 p95=2158.00 p99=2586.00 p999=3275.00 p9999=8495.00 avg=1447.16 min=638.31 max=13023.71 rcnt=155986 scheduled=160000 pending=0 fail=0 conc=0 threads=4 channels=4 reqsz=1024 repsz=8 reqframe=1040 respframe=24 durs=20.000 offered_mrps=0.008000 drops=0 overflow=0 worker_fail=0 reorder=0 mode=open arr=const batch=0 reconns=0 reconn_us=0.00 grabs=93 rets=91 recyc=255 waits=0 pads=121 credit_hold_dropped=0 eq_budget_exhausted=0 dist=NA
[0;32m[INFO][0m Host NUMA: PCI 94:00.0 -> node 1, benchmark cores 18-35
[0;34m[STEP][0m === Pinning pods to dedicated cores (taskset, profile=native) ===
[0;32m[INFO][0m CPU governor=performance, fixed 2.5 GHz on cores 18-35
[0;32m[INFO][0m bench-dpumesh → core(s) 18,19,20,21,22,23 (pod=7576663205c8edb1eac46b08da8c37883d164a1375c29b904eedcf0175d09d95)
[0;32m[INFO][0m   bench-dpumesh (PID 3327061) → 18,19,20,21,22,23
[0;32m[INFO][0m echo-dpumesh → core(s) 24,25,26,27,28,29 (pod=cc93f2a03644637f50c41ed1c4b07ffbd798c70901cb3e5fb96c876c2a8aa8aa)
[0;32m[INFO][0m   echo-dpumesh (PID 3325741) → 24,25,26,27,28,29
[0;32m[INFO][0m echo-dpumesh-13 → core(s) 30 (pod=a2644b21979a22c718eca5864b61cda60422da4b1fe0449b5ef9bf27e747d58a)
[0;32m[INFO][0m   echo-dpumesh-13 (PID 3326367) → 30
[0;32m[INFO][0m echo-dpumesh-14 → core(s) 31 (pod=01bb761fc012d231bb29fbccdf0f3c8f669c5a4f3fcafde3643202ce8a0f14e7)
[0;32m[INFO][0m   echo-dpumesh-14 (PID 3326704) → 31
[0;32m[INFO][0m loopback-dpumesh → core(s) 32 (pod=7b65d300f48c9d4450da593d707b848a56478ef1c56138a50425bc1bd8efa1f6)
[0;32m[INFO][0m   loopback-dpumesh (PID 3327401) → 32
[0;32m[INFO][0m verbs-dpumesh → core(s) 33 (pod=1b3cb5164245b3fb2309bc99eb91e65e18b1da31e31de09d3c9a7061a45fad45)
[0;32m[INFO][0m   verbs-dpumesh (PID 3327751) → 33
[0;32m[INFO][0m Pinning done
dpumesh rep3 :: OK mrps=0.008000 gbps=0.0681 req_gbps=0.0666 resp_gbps=0.0015 p50=456.00 p95=758.00 p99=903.00 p999=18404.00 p9999=26258.00 avg=518.68 min=112.13 max=27902.45 rcnt=156000 scheduled=160000 pending=0 fail=0 conc=0 threads=4 reqsz=1024 repsz=8 reqframe=1040 respframe=24 durs=20.000 offered_mrps=0.008000 drops=0 overflow=0 worker_fail=0 mode=open arr=const batch=1 reconns=0 reconn_us=0.00 grabs=7 rets=7 recyc=345 waits=0 pads=2 reorder=0 dist=0:40000,2:120000
[0;32m[INFO][0m Host NUMA: PCI 94:00.0 -> node 1, benchmark cores 18-35
[0;34m[STEP][0m === Pinning pods to dedicated cores (taskset, profile=preload) ===
[0;32m[INFO][0m CPU governor=performance, fixed 2.5 GHz on cores 18-35
[0;32m[INFO][0m preload-dpumesh → core(s) 30,31,32,33,34,35 (pod=91a821c34912593d754858921f5bc8365845df8ff981428f92bc72f6ee5aec14)
[0;32m[INFO][0m   preload-dpumesh (PID 3328102) → 30,31,32,33,34,35
[0;32m[INFO][0m preload-echo → core(s) 24,25,26,27,28,29 (pod=6b44bc8e1d0eec1d143a8ea92892e740af3e5aaa69f701914d84c5544dae4680)
[0;32m[INFO][0m   preload-echo (PID 3328444) → 24,25,26,27,28,29
[0;32m[INFO][0m preload-bench → core(s) 18,19,20,21,22,23 (pod=9b011be22cdc088104bebd8c9b9ba75ef403df9fdc6c80aa37ecefa655041fcb)
[0;32m[INFO][0m   preload-bench (PID 3329276) → 18,19,20,21,22,23
[0;32m[INFO][0m Pinning done
preload rep3 :: OK mrps=0.008000 gbps=0.0681 req_gbps=0.0666 resp_gbps=0.0015 p50=757.00 p95=1043.00 p99=1286.00 p999=2360.00 p9999=5473.00 avg=692.02 min=116.23 max=12374.81 rcnt=155996 scheduled=160000 pending=4 fail=0 conc=0 threads=4 reqsz=1024 repsz=8 reqframe=1040 respframe=24 durs=20.000 offered_mrps=0.008000 drops=0 overflow=0 worker_fail=0 reorder=0 mode=open arr=const grabs=5 rets=5 recyc=347 waits=0 pads=1 wwin=0 wpool=0
[0;32m[INFO][0m Host NUMA: PCI 94:00.0 -> node 1, benchmark cores 18-35
[0;34m[STEP][0m === Pinning pods to dedicated cores (taskset, profile=grpc) ===
[0;32m[INFO][0m CPU governor=performance, fixed 2.5 GHz on cores 18-35
[0;32m[INFO][0m bench-grpc-dpumesh → core(s) 18,19,20,21,22,23 (pod=01dab2e741e164d77cd3be677feac1c81d14aa5debcf9bbceac06905d7f4b5e3)
[0;32m[INFO][0m   bench-grpc-dpumesh (PID 3330914) → 18,19,20,21,22,23
[0;32m[INFO][0m echo-grpc-dpumesh → core(s) 24,25,26,27,28,29 (pod=189a756474e013100ffcb1a72ab5f68b7b7f7ad38653fd822f63e99d763a5bf1)
[0;32m[INFO][0m   echo-grpc-dpumesh (PID 3330148) → 24,25,26,27,28,29
[0;32m[INFO][0m echo-grpc-alt → core(s) 30,31,32,33,34,35 (pod=1622f43de2004e637ba1e55acd11143ffffd7c4a9288015458b84c421c594e3f)
[0;32m[INFO][0m   echo-grpc-alt (PID 3330550) → 30,31,32,33,34,35
[0;32m[INFO][0m Pinning done
grpc-dpumesh rep3 :: OK mrps=0.008000 gbps=0.0681 req_gbps=0.0666 resp_gbps=0.0015 p50=1322.00 p95=2130.00 p99=2605.00 p999=3345.00 p9999=6056.00 avg=1374.92 min=529.15 max=9184.02 rcnt=155992 scheduled=160000 pending=0 fail=0 conc=0 threads=4 channels=4 reqsz=1024 repsz=8 reqframe=1040 respframe=24 durs=20.000 offered_mrps=0.008000 drops=0 overflow=0 worker_fail=0 reorder=0 mode=open arr=const batch=0 reconns=0 reconn_us=0.00 grabs=85 rets=84 recyc=263 waits=0 pads=89 credit_hold_dropped=0 eq_budget_exhausted=0 dist=NA
