[0;32m[INFO][0m Host NUMA: PCI 94:00.0 -> node 1, benchmark cores 18-35
[0;34m[STEP][0m === Pinning pods to dedicated cores (taskset, profile=native) ===
[0;32m[INFO][0m CPU governor=performance, fixed 2.5 GHz on cores 18-35
[0;32m[INFO][0m bench-dpumesh → core(s) 18,19,20,21,22,23 (pod=7576663205c8edb1eac46b08da8c37883d164a1375c29b904eedcf0175d09d95)
[0;32m[INFO][0m   bench-dpumesh (PID 3327061) → 18,19,20,21,22,23
[0;32m[INFO][0m echo-dpumesh → core(s) 24,25,26,27,28,29 (pod=cc93f2a03644637f50c41ed1c4b07ffbd798c70901cb3e5fb96c876c2a8aa8aa)
[0;32m[INFO][0m   echo-dpumesh (PID 3325741) → 24,25,26,27,28,29
[0;32m[INFO][0m echo-dpumesh-13 → core(s) 30 (pod=a2644b21979a22c718eca5864b61cda60422da4b1fe0449b5ef9bf27e747d58a)
[0;32m[INFO][0m   echo-dpumesh-13 (PID 3326367) → 30
[0;32m[INFO][0m echo-dpumesh-14 → core(s) 31 (pod=01bb761fc012d231bb29fbccdf0f3c8f669c5a4f3fcafde3643202ce8a0f14e7)
[0;32m[INFO][0m   echo-dpumesh-14 (PID 3326704) → 31
[0;32m[INFO][0m loopback-dpumesh → core(s) 32 (pod=7b65d300f48c9d4450da593d707b848a56478ef1c56138a50425bc1bd8efa1f6)
[0;32m[INFO][0m   loopback-dpumesh (PID 3327401) → 32
[0;32m[INFO][0m verbs-dpumesh → core(s) 33 (pod=1b3cb5164245b3fb2309bc99eb91e65e18b1da31e31de09d3c9a7061a45fad45)
[0;32m[INFO][0m   verbs-dpumesh (PID 3327751) → 33
[0;32m[INFO][0m Pinning done
dpumesh rep1 :: OK mrps=0.036899 gbps=0.3141 req_gbps=0.3070 resp_gbps=0.0071 p50=859.00 p95=1370.00 p99=1558.00 p999=1763.00 p9999=5439.00 avg=862.13 min=143.45 max=9549.62 rcnt=736181 scheduled=737213 pending=32 fail=0 conc=32 threads=1 reqsz=1024 repsz=8 reqframe=1040 respframe=24 durs=20.000 offered_mrps=0.036899 drops=0 overflow=0 worker_fail=0 mode=closed arr=const batch=1 reconns=0 reconn_us=0.00 grabs=7 rets=7 recyc=1464 waits=0 pads=1445 reorder=0 dist=2:737181
[0;32m[INFO][0m Host NUMA: PCI 94:00.0 -> node 1, benchmark cores 18-35
[0;34m[STEP][0m === Pinning pods to dedicated cores (taskset, profile=preload) ===
[0;32m[INFO][0m CPU governor=performance, fixed 2.5 GHz on cores 18-35
[0;32m[INFO][0m preload-dpumesh → core(s) 30,31,32,33,34,35 (pod=91a821c34912593d754858921f5bc8365845df8ff981428f92bc72f6ee5aec14)
[0;32m[INFO][0m   preload-dpumesh (PID 3328102) → 30,31,32,33,34,35
[0;32m[INFO][0m preload-echo → core(s) 24,25,26,27,28,29 (pod=6b44bc8e1d0eec1d143a8ea92892e740af3e5aaa69f701914d84c5544dae4680)
[0;32m[INFO][0m   preload-echo (PID 3328444) → 24,25,26,27,28,29
[0;32m[INFO][0m preload-bench → core(s) 18,19,20,21,22,23 (pod=9b011be22cdc088104bebd8c9b9ba75ef403df9fdc6c80aa37ecefa655041fcb)
[0;32m[INFO][0m   preload-bench (PID 3329276) → 18,19,20,21,22,23
[0;32m[INFO][0m Pinning done
preload rep1 :: OK mrps=0.027518 gbps=0.2342 req_gbps=0.2290 resp_gbps=0.0053 p50=1197.00 p95=1998.00 p99=2305.00 p999=2530.00 p9999=3397.00 avg=1156.34 min=127.04 max=3943.29 rcnt=548816 scheduled=549848 pending=32 fail=0 conc=32 threads=1 reqsz=1024 repsz=8 reqframe=1040 respframe=24 durs=20.000 offered_mrps=0.027518 drops=0 overflow=0 worker_fail=0 reorder=0 mode=closed arr=const grabs=16 rets=16 recyc=1082 waits=0 pads=1055 wwin=0 wpool=0
[0;32m[INFO][0m Host NUMA: PCI 94:00.0 -> node 1, benchmark cores 18-35
[0;34m[STEP][0m === Pinning pods to dedicated cores (taskset, profile=grpc) ===
[0;32m[INFO][0m CPU governor=performance, fixed 2.5 GHz on cores 18-35
[0;32m[INFO][0m bench-grpc-dpumesh → core(s) 18,19,20,21,22,23 (pod=01dab2e741e164d77cd3be677feac1c81d14aa5debcf9bbceac06905d7f4b5e3)
[0;32m[INFO][0m   bench-grpc-dpumesh (PID 3330914) → 18,19,20,21,22,23
[0;32m[INFO][0m echo-grpc-dpumesh → core(s) 24,25,26,27,28,29 (pod=189a756474e013100ffcb1a72ab5f68b7b7f7ad38653fd822f63e99d763a5bf1)
[0;32m[INFO][0m   echo-grpc-dpumesh (PID 3330148) → 24,25,26,27,28,29
[0;32m[INFO][0m echo-grpc-alt → core(s) 30,31,32,33,34,35 (pod=1622f43de2004e637ba1e55acd11143ffffd7c4a9288015458b84c421c594e3f)
[0;32m[INFO][0m   echo-grpc-alt (PID 3330550) → 30,31,32,33,34,35
[0;32m[INFO][0m Pinning done
grpc-dpumesh rep1 :: OK mrps=0.002270 gbps=0.0193 req_gbps=0.0189 resp_gbps=0.0004 p50=14146.00 p95=14825.00 p99=15318.00 p999=16155.00 p9999=23357.00 avg=14098.43 min=5016.44 max=24545.82 rcnt=45073 scheduled=46105 pending=0 fail=0 conc=32 threads=1 channels=1 reqsz=1024 repsz=8 reqframe=1040 respframe=24 durs=20.000 offered_mrps=0.002270 drops=0 overflow=0 worker_fail=0 reorder=0 mode=closed arr=const batch=0 reconns=0 reconn_us=0.00 grabs=6 rets=5 recyc=95 waits=0 pads=76 credit_hold_dropped=0 eq_budget_exhausted=0 dist=NA
[0;32m[INFO][0m Host NUMA: PCI 94:00.0 -> node 1, benchmark cores 18-35
[0;34m[STEP][0m === Pinning pods to dedicated cores (taskset, profile=native) ===
[0;32m[INFO][0m CPU governor=performance, fixed 2.5 GHz on cores 18-35
[0;32m[INFO][0m bench-dpumesh → core(s) 18,19,20,21,22,23 (pod=7576663205c8edb1eac46b08da8c37883d164a1375c29b904eedcf0175d09d95)
[0;32m[INFO][0m   bench-dpumesh (PID 3327061) → 18,19,20,21,22,23
[0;32m[INFO][0m echo-dpumesh → core(s) 24,25,26,27,28,29 (pod=cc93f2a03644637f50c41ed1c4b07ffbd798c70901cb3e5fb96c876c2a8aa8aa)
[0;32m[INFO][0m   echo-dpumesh (PID 3325741) → 24,25,26,27,28,29
[0;32m[INFO][0m echo-dpumesh-13 → core(s) 30 (pod=a2644b21979a22c718eca5864b61cda60422da4b1fe0449b5ef9bf27e747d58a)
[0;32m[INFO][0m   echo-dpumesh-13 (PID 3326367) → 30
[0;32m[INFO][0m echo-dpumesh-14 → core(s) 31 (pod=01bb761fc012d231bb29fbccdf0f3c8f669c5a4f3fcafde3643202ce8a0f14e7)
[0;32m[INFO][0m   echo-dpumesh-14 (PID 3326704) → 31
[0;32m[INFO][0m loopback-dpumesh → core(s) 32 (pod=7b65d300f48c9d4450da593d707b848a56478ef1c56138a50425bc1bd8efa1f6)
[0;32m[INFO][0m   loopback-dpumesh (PID 3327401) → 32
[0;32m[INFO][0m verbs-dpumesh → core(s) 33 (pod=1b3cb5164245b3fb2309bc99eb91e65e18b1da31e31de09d3c9a7061a45fad45)
[0;32m[INFO][0m   verbs-dpumesh (PID 3327751) → 33
[0;32m[INFO][0m Pinning done
dpumesh rep2 :: OK mrps=0.036781 gbps=0.3131 req_gbps=0.3060 resp_gbps=0.0071 p50=861.00 p95=1373.00 p99=1557.00 p999=1808.00 p9999=6760.00 avg=864.95 min=126.91 max=25771.79 rcnt=734035 scheduled=735067 pending=32 fail=0 conc=32 threads=1 reqsz=1024 repsz=8 reqframe=1040 respframe=24 durs=20.000 offered_mrps=0.036781 drops=0 overflow=0 worker_fail=0 mode=closed arr=const batch=1 reconns=0 reconn_us=0.00 grabs=7 rets=7 recyc=1460 waits=0 pads=1439 reorder=0 dist=1:735035
[0;32m[INFO][0m Host NUMA: PCI 94:00.0 -> node 1, benchmark cores 18-35
[0;34m[STEP][0m === Pinning pods to dedicated cores (taskset, profile=preload) ===
[0;32m[INFO][0m CPU governor=performance, fixed 2.5 GHz on cores 18-35
[0;32m[INFO][0m preload-dpumesh → core(s) 30,31,32,33,34,35 (pod=91a821c34912593d754858921f5bc8365845df8ff981428f92bc72f6ee5aec14)
[0;32m[INFO][0m   preload-dpumesh (PID 3328102) → 30,31,32,33,34,35
[0;32m[INFO][0m preload-echo → core(s) 24,25,26,27,28,29 (pod=6b44bc8e1d0eec1d143a8ea92892e740af3e5aaa69f701914d84c5544dae4680)
[0;32m[INFO][0m   preload-echo (PID 3328444) → 24,25,26,27,28,29
[0;32m[INFO][0m preload-bench → core(s) 18,19,20,21,22,23 (pod=9b011be22cdc088104bebd8c9b9ba75ef403df9fdc6c80aa37ecefa655041fcb)
[0;32m[INFO][0m   preload-bench (PID 3329276) → 18,19,20,21,22,23
[0;32m[INFO][0m Pinning done
preload rep2 :: OK mrps=0.027354 gbps=0.2328 req_gbps=0.2276 resp_gbps=0.0053 p50=1208.00 p95=2014.00 p99=2324.00 p999=2545.00 p9999=6038.00 avg=1163.41 min=118.26 max=9216.01 rcnt=545241 scheduled=546273 pending=32 fail=0 conc=32 threads=1 reqsz=1024 repsz=8 reqframe=1040 respframe=24 durs=20.000 offered_mrps=0.027354 drops=0 overflow=0 worker_fail=0 reorder=0 mode=closed arr=const grabs=16 rets=16 recyc=1075 waits=0 pads=1057 wwin=0 wpool=0
[0;32m[INFO][0m Host NUMA: PCI 94:00.0 -> node 1, benchmark cores 18-35
[0;34m[STEP][0m === Pinning pods to dedicated cores (taskset, profile=grpc) ===
[0;32m[INFO][0m CPU governor=performance, fixed 2.5 GHz on cores 18-35
[0;32m[INFO][0m bench-grpc-dpumesh → core(s) 18,19,20,21,22,23 (pod=01dab2e741e164d77cd3be677feac1c81d14aa5debcf9bbceac06905d7f4b5e3)
[0;32m[INFO][0m   bench-grpc-dpumesh (PID 3330914) → 18,19,20,21,22,23
[0;32m[INFO][0m echo-grpc-dpumesh → core(s) 24,25,26,27,28,29 (pod=189a756474e013100ffcb1a72ab5f68b7b7f7ad38653fd822f63e99d763a5bf1)
[0;32m[INFO][0m   echo-grpc-dpumesh (PID 3330148) → 24,25,26,27,28,29
[0;32m[INFO][0m echo-grpc-alt → core(s) 30,31,32,33,34,35 (pod=1622f43de2004e637ba1e55acd11143ffffd7c4a9288015458b84c421c594e3f)
[0;32m[INFO][0m   echo-grpc-alt (PID 3330550) → 30,31,32,33,34,35
[0;32m[INFO][0m Pinning done
grpc-dpumesh rep2 :: OK mrps=0.002392 gbps=0.0204 req_gbps=0.0199 resp_gbps=0.0005 p50=13432.00 p95=14133.00 p99=14621.00 p999=15638.00 p9999=19008.00 avg=13379.91 min=6827.27 max=22790.24 rcnt=47572 scheduled=48604 pending=0 fail=0 conc=32 threads=1 channels=1 reqsz=1024 repsz=8 reqframe=1040 respframe=24 durs=20.000 offered_mrps=0.002392 drops=0 overflow=0 worker_fail=0 reorder=0 mode=closed arr=const batch=0 reconns=0 reconn_us=0.00 grabs=4 rets=3 recyc=102 waits=0 pads=89 credit_hold_dropped=0 eq_budget_exhausted=0 dist=NA
[0;32m[INFO][0m Host NUMA: PCI 94:00.0 -> node 1, benchmark cores 18-35
[0;34m[STEP][0m === Pinning pods to dedicated cores (taskset, profile=native) ===
[0;32m[INFO][0m CPU governor=performance, fixed 2.5 GHz on cores 18-35
[0;32m[INFO][0m bench-dpumesh → core(s) 18,19,20,21,22,23 (pod=7576663205c8edb1eac46b08da8c37883d164a1375c29b904eedcf0175d09d95)
[0;32m[INFO][0m   bench-dpumesh (PID 3327061) → 18,19,20,21,22,23
[0;32m[INFO][0m echo-dpumesh → core(s) 24,25,26,27,28,29 (pod=cc93f2a03644637f50c41ed1c4b07ffbd798c70901cb3e5fb96c876c2a8aa8aa)
[0;32m[INFO][0m   echo-dpumesh (PID 3325741) → 24,25,26,27,28,29
[0;32m[INFO][0m echo-dpumesh-13 → core(s) 30 (pod=a2644b21979a22c718eca5864b61cda60422da4b1fe0449b5ef9bf27e747d58a)
[0;32m[INFO][0m   echo-dpumesh-13 (PID 3326367) → 30
[0;32m[INFO][0m echo-dpumesh-14 → core(s) 31 (pod=01bb761fc012d231bb29fbccdf0f3c8f669c5a4f3fcafde3643202ce8a0f14e7)
[0;32m[INFO][0m   echo-dpumesh-14 (PID 3326704) → 31
[0;32m[INFO][0m loopback-dpumesh → core(s) 32 (pod=7b65d300f48c9d4450da593d707b848a56478ef1c56138a50425bc1bd8efa1f6)
[0;32m[INFO][0m   loopback-dpumesh (PID 3327401) → 32
[0;32m[INFO][0m verbs-dpumesh → core(s) 33 (pod=1b3cb5164245b3fb2309bc99eb91e65e18b1da31e31de09d3c9a7061a45fad45)
[0;32m[INFO][0m   verbs-dpumesh (PID 3327751) → 33
[0;32m[INFO][0m Pinning done
dpumesh rep3 :: OK mrps=0.041903 gbps=0.3567 req_gbps=0.3486 resp_gbps=0.0080 p50=703.00 p95=1513.00 p99=1857.00 p999=2067.00 p9999=2578.00 avg=759.01 min=102.77 max=3622.55 rcnt=836271 scheduled=837303 pending=32 fail=0 conc=32 threads=1 reqsz=1024 repsz=8 reqframe=1040 respframe=24 durs=20.000 offered_mrps=0.041903 drops=0 overflow=0 worker_fail=0 mode=closed arr=const batch=1 reconns=0 reconn_us=0.00 grabs=10 rets=10 recyc=1660 waits=0 pads=1638 reorder=0 dist=0:837271
[0;32m[INFO][0m Host NUMA: PCI 94:00.0 -> node 1, benchmark cores 18-35
[0;34m[STEP][0m === Pinning pods to dedicated cores (taskset, profile=preload) ===
[0;32m[INFO][0m CPU governor=performance, fixed 2.5 GHz on cores 18-35
[0;32m[INFO][0m preload-dpumesh → core(s) 30,31,32,33,34,35 (pod=91a821c34912593d754858921f5bc8365845df8ff981428f92bc72f6ee5aec14)
[0;32m[INFO][0m   preload-dpumesh (PID 3328102) → 30,31,32,33,34,35
[0;32m[INFO][0m preload-echo → core(s) 24,25,26,27,28,29 (pod=6b44bc8e1d0eec1d143a8ea92892e740af3e5aaa69f701914d84c5544dae4680)
[0;32m[INFO][0m   preload-echo (PID 3328444) → 24,25,26,27,28,29
[0;32m[INFO][0m preload-bench → core(s) 18,19,20,21,22,23 (pod=9b011be22cdc088104bebd8c9b9ba75ef403df9fdc6c80aa37ecefa655041fcb)
[0;32m[INFO][0m   preload-bench (PID 3329276) → 18,19,20,21,22,23
[0;32m[INFO][0m Pinning done
preload rep3 :: OK mrps=0.026114 gbps=0.2223 req_gbps=0.2173 resp_gbps=0.0050 p50=1248.00 p95=2017.00 p99=2275.00 p999=2508.00 p9999=5433.00 avg=1218.83 min=123.09 max=137928.56 rcnt=520824 scheduled=521856 pending=32 fail=0 conc=32 threads=1 reqsz=1024 repsz=8 reqframe=1040 respframe=24 durs=20.000 offered_mrps=0.026114 drops=0 overflow=0 worker_fail=0 reorder=0 mode=closed arr=const grabs=13 rets=13 recyc=1029 waits=0 pads=1008 wwin=0 wpool=0
[0;32m[INFO][0m Host NUMA: PCI 94:00.0 -> node 1, benchmark cores 18-35
[0;34m[STEP][0m === Pinning pods to dedicated cores (taskset, profile=grpc) ===
[0;32m[INFO][0m CPU governor=performance, fixed 2.5 GHz on cores 18-35
[0;32m[INFO][0m bench-grpc-dpumesh → core(s) 18,19,20,21,22,23 (pod=01dab2e741e164d77cd3be677feac1c81d14aa5debcf9bbceac06905d7f4b5e3)
[0;32m[INFO][0m   bench-grpc-dpumesh (PID 3330914) → 18,19,20,21,22,23
[0;32m[INFO][0m echo-grpc-dpumesh → core(s) 24,25,26,27,28,29 (pod=189a756474e013100ffcb1a72ab5f68b7b7f7ad38653fd822f63e99d763a5bf1)
[0;32m[INFO][0m   echo-grpc-dpumesh (PID 3330148) → 24,25,26,27,28,29
[0;32m[INFO][0m echo-grpc-alt → core(s) 30,31,32,33,34,35 (pod=1622f43de2004e637ba1e55acd11143ffffd7c4a9288015458b84c421c594e3f)
[0;32m[INFO][0m   echo-grpc-alt (PID 3330550) → 30,31,32,33,34,35
[0;32m[INFO][0m Pinning done
grpc-dpumesh rep3 :: OK mrps=0.002307 gbps=0.0196 req_gbps=0.0192 resp_gbps=0.0004 p50=13924.00 p95=14614.00 p99=15154.00 p999=16488.00 p9999=22006.00 avg=13868.19 min=7206.49 max=22114.95 rcnt=45847 scheduled=46879 pending=0 fail=0 conc=32 threads=1 channels=1 reqsz=1024 repsz=8 reqframe=1040 respframe=24 durs=20.000 offered_mrps=0.002307 drops=0 overflow=0 worker_fail=0 reorder=0 mode=closed arr=const batch=0 reconns=0 reconn_us=0.00 grabs=5 rets=4 recyc=98 waits=0 pads=83 credit_hold_dropped=0 eq_budget_exhausted=0 dist=NA
