
=== DPU admin endpoints: 4191 4192 4193 4194 4195 4196 4197 4198

=== output: /home/jukebox/DPUmesh/bench/report/data/f-trace-20260822

=== surfaces — Linkerd features running in a proxy nobody has aimed at them
S0 | OK mrps=0.000654 gbps=0.0056 req_gbps=0.0054 resp_gbps=0.0001 p50=1546.00 p95=1730.00 p99=1792.00 p999=2948.00 p9999=5314.00 avg=1528.97 min=969.03 max=5356.59 rcnt=6633 scheduled=6734 pending=0 fail=0 conc=1 threads=1 channels=1 reqsz=1024 repsz=8 reqframe=1040 respframe=24 durs=10.000 offered_mrps=0.000654 drops=0 overflow=0 worker_fail=0 reorder=0 mode=closed arr=const batch=0 reconns=0 reconn_us=0.00 grabs=0 rets=0 recyc=14 waits=0 pads=0 credit_hold_dropped=0 eq_budget_exhausted=0 dist=NA
    S0 [PASS] no route: expected=serve observed=serve rcnt=6633 fail=0 admitted+=1 denied+=0 route_hits+=0 mismatch+=0

=== S1/S2 — HTTPRoute request timeouts
httproute.gateway.networking.k8s.io/bench-grpc-route created
S1 | OK mrps=0.000642 gbps=0.0055 req_gbps=0.0053 resp_gbps=0.0001 p50=1565.00 p95=1741.00 p99=1832.00 p999=5038.00 p9999=16454.00 avg=1557.36 min=851.72 max=17540.60 rcnt=6511 scheduled=6612 pending=0 fail=0 conc=1 threads=1 channels=1 reqsz=1024 repsz=8 reqframe=1040 respframe=24 durs=10.000 offered_mrps=0.000642 drops=0 overflow=0 worker_fail=0 reorder=0 mode=closed arr=const batch=0 reconns=0 reconn_us=0.00 grabs=0 rets=0 recyc=14 waits=0 pads=0 credit_hold_dropped=0 eq_budget_exhausted=0 dist=NA
    S1 [PASS] timeout 10s: expected=serve observed=serve rcnt=6511 fail=0 admitted+=1 denied+=0 route_hits+=6612 mismatch+=0
httproute.gateway.networking.k8s.io/bench-grpc-route configured
S2 | OK mrps=0.000651 gbps=0.0055 req_gbps=0.0054 resp_gbps=0.0001 p50=1555.00 p95=1730.00 p99=1801.00 p999=2297.00 p9999=2948.00 avg=1532.86 min=842.14 max=2973.94 rcnt=6608 scheduled=6716 pending=0 fail=7 conc=1 threads=1 channels=1 reqsz=1024 repsz=8 reqframe=1040 respframe=24 durs=10.000 offered_mrps=0.000651 drops=0 overflow=0 worker_fail=0 reorder=0 mode=closed arr=const batch=0 reconns=0 reconn_us=0.00 grabs=0 rets=0 recyc=14 waits=0 pads=0 credit_hold_dropped=0 eq_budget_exhausted=0 dist=NA
    S2 [PASS] timeout 1ms: expected=refuse observed=refuse rcnt=6608 fail=7 admitted+=1 denied+=0 route_hits+=6715 mismatch+=0
    S2v [PASS] the route timed requests out: REQUEST_TIMEOUT+=7
httproute.gateway.networking.k8s.io "bench-grpc-route" deleted

=== S3 — retries, against a backend that fails on purpose
deployment.apps/echo-grpc-dpumesh env updated
Waiting for deployment "echo-grpc-dpumesh" rollout to finish: 0 out of 1 new replicas have been updated...
Waiting for deployment "echo-grpc-dpumesh" rollout to finish: 1 old replicas are pending termination...
Waiting for deployment "echo-grpc-dpumesh" rollout to finish: 1 old replicas are pending termination...
deployment "echo-grpc-dpumesh" successfully rolled out
grpcroute.gateway.networking.k8s.io/bench-grpc-grpcroute created
S3a | OK mrps=0.000628 gbps=0.0053 req_gbps=0.0052 resp_gbps=0.0001 p50=1545.00 p95=1740.00 p99=1831.00 p999=2155.00 p9999=3383.00 avg=1560.62 min=825.76 max=263180.31 rcnt=6375 scheduled=6608 pending=0 fail=132 conc=1 threads=1 channels=1 reqsz=1024 repsz=8 reqframe=1040 respframe=24 durs=10.000 offered_mrps=0.000628 drops=0 overflow=0 worker_fail=0 reorder=0 mode=closed arr=const batch=0 reconns=0 reconn_us=0.00 grabs=0 rets=0 recyc=14 waits=0 pads=0 credit_hold_dropped=0 eq_budget_exhausted=0 dist=NA
    S3a [PASS] 1-in-50 failures; no retry policy: expected=refuse observed=refuse rcnt=6375 fail=132 admitted+=1 denied+=0 route_hits+=0 mismatch+=0
grpcroute.gateway.networking.k8s.io/bench-grpc-grpcroute configured
S3b | OK mrps=0.000417 gbps=0.0035 req_gbps=0.0035 resp_gbps=0.0001 p50=1619.00 p95=1811.00 p99=40926.00 p999=52289.00 p9999=53501.00 avg=2398.34 min=897.43 max=53521.62 rcnt=4194 scheduled=4295 pending=0 fail=0 conc=1 threads=1 channels=1 reqsz=1024 repsz=8 reqframe=1040 respframe=24 durs=10.000 offered_mrps=0.000417 drops=0 overflow=0 worker_fail=0 reorder=0 mode=closed arr=const batch=0 reconns=0 reconn_us=0.00 grabs=0 rets=0 recyc=9 waits=0 pads=0 credit_hold_dropped=0 eq_budget_exhausted=0 dist=NA
    S3b [PASS] 1-in-50 failures; retry limit 3: expected=serve observed=serve rcnt=4194 fail=0 admitted+=1 denied+=0 route_hits+=0 mismatch+=0
    S3v [PASS] the route retried the failures: retry_requests+=87
grpcroute.gateway.networking.k8s.io "bench-grpc-grpcroute" deleted
deployment.apps/echo-grpc-dpumesh env updated
Waiting for deployment "echo-grpc-dpumesh" rollout to finish: 1 old replicas are pending termination...
Waiting for deployment "echo-grpc-dpumesh" rollout to finish: 1 old replicas are pending termination...
deployment "echo-grpc-dpumesh" successfully rolled out

=== S4/S5 — method matching
httproute.gateway.networking.k8s.io/bench-grpc-route created
S4 | OK mrps=0.000615 gbps=0.0052 req_gbps=0.0051 resp_gbps=0.0001 p50=1596.00 p95=1822.00 p99=1971.00 p999=3102.00 p9999=62700.00 avg=1626.18 min=876.70 max=201058.19 rcnt=6233 scheduled=6334 pending=0 fail=0 conc=1 threads=1 channels=1 reqsz=1024 repsz=8 reqframe=1040 respframe=24 durs=10.000 offered_mrps=0.000615 drops=0 overflow=0 worker_fail=0 reorder=0 mode=closed arr=const batch=0 reconns=0 reconn_us=0.00 grabs=0 rets=0 recyc=13 waits=0 pads=0 credit_hold_dropped=0 eq_budget_exhausted=0 dist=NA
    S4 [PASS] method POST: expected=serve observed=serve rcnt=6233 fail=0 admitted+=1 denied+=0 route_hits+=6333 mismatch+=0
httproute.gateway.networking.k8s.io/bench-grpc-route configured
S5 | OK mrps=0.000000 gbps=0.0000 req_gbps=0.0000 resp_gbps=0.0000 p50=0.00 p95=0.00 p99=0.00 p999=0.00 p9999=0.00 avg=0.00 min=0.00 max=0.00 rcnt=0 scheduled=23730 pending=0 fail=23729 conc=1 threads=1 channels=1 reqsz=1024 repsz=8 reqframe=1040 respframe=24 durs=10.000 offered_mrps=0.000000 drops=0 overflow=0 worker_fail=0 reorder=0 mode=closed arr=const batch=0 reconns=0 reconn_us=0.00 grabs=0 rets=0 recyc=52 waits=0 pads=0 credit_hold_dropped=0 eq_budget_exhausted=0 dist=NA
    S5 [PASS] method GET: expected=refuse observed=refuse rcnt=0 fail=23729 admitted+=1 denied+=0 route_hits+=0 mismatch+=0
httproute.gateway.networking.k8s.io "bench-grpc-route" deleted

=== S6/S7 — header matching
httproute.gateway.networking.k8s.io/bench-grpc-route created
S6 | OK mrps=0.000624 gbps=0.0053 req_gbps=0.0052 resp_gbps=0.0001 p50=1621.00 p95=1787.00 p99=1883.00 p999=2356.00 p9999=5279.00 avg=1602.91 min=976.40 max=5496.08 rcnt=6323 scheduled=6424 pending=0 fail=0 conc=1 threads=1 channels=1 reqsz=1024 repsz=8 reqframe=1040 respframe=24 durs=10.000 offered_mrps=0.000624 drops=0 overflow=0 worker_fail=0 reorder=0 mode=closed arr=const batch=0 reconns=0 reconn_us=0.00 grabs=0 rets=0 recyc=14 waits=0 pads=0 credit_hold_dropped=0 eq_budget_exhausted=0 dist=NA
    S6 [PASS] header content-type: application/grpc: expected=serve observed=serve rcnt=6323 fail=0 admitted+=1 denied+=0 route_hits+=6423 mismatch+=0
httproute.gateway.networking.k8s.io/bench-grpc-route configured
S7 | OK mrps=0.000000 gbps=0.0000 req_gbps=0.0000 resp_gbps=0.0000 p50=0.00 p95=0.00 p99=0.00 p999=0.00 p9999=0.00 avg=0.00 min=0.00 max=0.00 rcnt=0 scheduled=23103 pending=0 fail=23102 conc=1 threads=1 channels=1 reqsz=1024 repsz=8 reqframe=1040 respframe=24 durs=10.000 offered_mrps=0.000000 drops=0 overflow=0 worker_fail=0 reorder=0 mode=closed arr=const batch=0 reconns=0 reconn_us=0.00 grabs=0 rets=0 recyc=50 waits=0 pads=0 credit_hold_dropped=0 eq_budget_exhausted=0 dist=NA
    S7 [PASS] header content-type: application/json: expected=refuse observed=refuse rcnt=0 fail=23102 admitted+=1 denied+=0 route_hits+=0 mismatch+=0
httproute.gateway.networking.k8s.io "bench-grpc-route" deleted

=== S8/S9 — GRPCRoute
grpcroute.gateway.networking.k8s.io/bench-grpc-grpcroute created
S8 | OK mrps=0.000656 gbps=0.0056 req_gbps=0.0055 resp_gbps=0.0001 p50=1535.00 p95=1720.00 p99=1802.00 p999=3105.00 p9999=4945.00 avg=1524.13 min=962.48 max=24525.07 rcnt=6648 scheduled=6749 pending=0 fail=0 conc=1 threads=1 channels=1 reqsz=1024 repsz=8 reqframe=1040 respframe=24 durs=10.000 offered_mrps=0.000656 drops=0 overflow=0 worker_fail=0 reorder=0 mode=closed arr=const batch=0 reconns=0 reconn_us=0.00 grabs=0 rets=0 recyc=14 waits=0 pads=0 credit_hold_dropped=0 eq_budget_exhausted=0 dist=NA
    S8 [PASS] GRPCRoute on the called method: expected=serve observed=serve rcnt=6648 fail=0 admitted+=1 denied+=0 route_hits+=0 mismatch+=0
grpcroute.gateway.networking.k8s.io/bench-grpc-grpcroute configured
S9 | OK mrps=0.000000 gbps=0.0000 req_gbps=0.0000 resp_gbps=0.0000 p50=0.00 p95=0.00 p99=0.00 p999=0.00 p9999=0.00 avg=0.00 min=0.00 max=0.00 rcnt=0 scheduled=23476 pending=0 fail=23475 conc=1 threads=1 channels=1 reqsz=1024 repsz=8 reqframe=1040 respframe=24 durs=10.000 offered_mrps=0.000000 drops=0 overflow=0 worker_fail=0 reorder=0 mode=closed arr=const batch=0 reconns=0 reconn_us=0.00 grabs=0 rets=0 recyc=51 waits=0 pads=0 credit_hold_dropped=0 eq_budget_exhausted=0 dist=NA
    S9 [PASS] GRPCRoute on another method: expected=refuse observed=refuse rcnt=0 fail=23475 admitted+=1 denied+=0 route_hits+=0 mismatch+=0
grpcroute.gateway.networking.k8s.io "bench-grpc-grpcroute" deleted

=== S10-S12 — authorization whose subject is a route
    caller identity: default.test-bench.serviceaccount.identity.linkerd.cluster.local
server.policy.linkerd.io/bench-echo-grpc created
S10 | OK mrps=0.000000 gbps=0.0000 req_gbps=0.0000 resp_gbps=0.0000 p50=0.00 p95=0.00 p99=0.00 p999=0.00 p9999=0.00 avg=0.00 min=0.00 max=0.00 rcnt=0 scheduled=115 pending=0 fail=114 conc=1 threads=1 channels=1 reqsz=1024 repsz=8 reqframe=1040 respframe=24 durs=10.000 offered_mrps=0.000000 drops=0 overflow=0 worker_fail=0 reorder=0 mode=closed arr=const batch=0 reconns=0 reconn_us=0.00 grabs=114 rets=114 recyc=0 waits=0 pads=0 credit_hold_dropped=0 eq_budget_exhausted=0 dist=NA
    S10 [PASS] Server on the protocol-aware Service; no authorization: expected=refuse observed=refuse rcnt=0 fail=114 admitted+=0 denied+=228 route_hits+=0 mismatch+=0
grpcroute.gateway.networking.k8s.io/bench-grpc-inbound-route created
meshtlsauthentication.policy.linkerd.io/bench-route-caller created
authorizationpolicy.policy.linkerd.io/bench-allow-route created
S11 | ERR connect failed on channel 0
    S11 [FAIL] AuthorizationPolicy targeting the GRPCRoute: ERR connect failed on channel 0 — no reading
grpcroute.gateway.networking.k8s.io/bench-grpc-inbound-route unchanged
meshtlsauthentication.policy.linkerd.io/bench-route-caller configured
authorizationpolicy.policy.linkerd.io/bench-allow-route unchanged
S12 | ERR connect failed on channel 0
    S12 [FAIL] the same policy naming another identity: ERR connect failed on channel 0 — no reading
grpcroute.gateway.networking.k8s.io "bench-grpc-inbound-route" deleted
meshtlsauthentication.policy.linkerd.io "bench-route-caller" deleted
authorizationpolicy.policy.linkerd.io "bench-allow-route" deleted
server.policy.linkerd.io "bench-echo-grpc" deleted

=== S13/S14 — failure accrual
service/echo-grpc-dpumesh annotated
deployment.apps/echo-grpc-broken created
Waiting for deployment "echo-grpc-broken" rollout to finish: 0 out of 1 new replicas have been updated...
Waiting for deployment "echo-grpc-broken" rollout to finish: 0 of 1 updated replicas are available...
deployment "echo-grpc-broken" successfully rolled out
S13 | ERR connect failed on channel 0
    S13 [FAIL] a failing endpoint beside a healthy one: ERR connect failed on channel 0 — no reading
    S13v ejected: healthy=0 broken=0
deployment.apps "echo-grpc-broken" deleted
pod/echo-grpc-broken-858b5b4ccc-87tnl condition met
S14 | OK mrps=0.000659 gbps=0.0056 req_gbps=0.0055 resp_gbps=0.0001 p50=1539.00 p95=1720.00 p99=1787.00 p999=1897.00 p9999=2436.00 avg=1516.27 min=838.38 max=4669.02 rcnt=6685 scheduled=6786 pending=0 fail=0 conc=1 threads=1 channels=1 reqsz=1024 repsz=8 reqframe=1040 respframe=24 durs=10.000 offered_mrps=0.000659 drops=0 overflow=0 worker_fail=0 reorder=0 mode=closed arr=const batch=0 reconns=0 reconn_us=0.00 grabs=0 rets=0 recyc=14 waits=0 pads=0 credit_hold_dropped=0 eq_budget_exhausted=0 dist=NA
    S14 [PASS] the failing endpoint withdrawn: expected=serve observed=serve rcnt=6685 fail=0 admitted+=1 denied+=0 route_hits+=0 mismatch+=0
service/echo-grpc-dpumesh annotated

=== S15 — HTTP/1.1 through the protocol-aware path
S15 | OK mrps=0.000654 gbps=0.0000 req_gbps=0.0000 resp_gbps=0.0000 p50=1493.00 p95=1689.00 p99=1770.00 p999=2137.00 p9999=3183.00 avg=1473.70 min=683.69 max=3922.86 rcnt=6785 scheduled=6785 pending=0 fail=0 conc=1 threads=1 reqsz=1024 repsz=8 durs=10.371 worker_fail=0 mode=closed arr=const proto=http1
    S15 [PASS] HTTP/1.1 request-response: expected=serve observed=serve rcnt=6785 fail=0 admitted+=1 denied+=0 route_hits+=0 mismatch+=0

=== stages: 16 pass, 4 fail

=== csv: /home/jukebox/DPUmesh/bench/report/data/f-trace-20260822/stages.csv

=== cleanup
deployment.apps/echo-dpumesh-14 scaled
deployment.apps/echo-grpc-dpumesh scaled
    fixtures removed; replica counts restored
