[0;32m[INFO][0m Host NUMA: PCI 94:00.0 -> node 1, benchmark cores 18-35
secret/envoy-mtls configured
[0;32m[INFO][0m Envoy benchmark mTLS Secret ready
[0;34m[STEP][0m === Applying K8s manifest (replicas=0) ===
deployment.apps/bench-dpumesh configured
service/bench-dpumesh unchanged
deployment.apps/bench-dpumesh-2 configured
deployment.apps/bench-dpumesh-3 configured
deployment.apps/echo-dpumesh configured
deployment.apps/echo-dpumesh-13 configured
deployment.apps/echo-dpumesh-14 configured
deployment.apps/loopback-dpumesh configured
service/loopback-dpumesh unchanged
deployment.apps/verbs-dpumesh configured
service/verbs-dpumesh unchanged
deployment.apps/preload-dpumesh configured
service/preload-dpumesh unchanged
deployment.apps/preload-echo configured
deployment.apps/preload-bench configured
service/preload-bench unchanged
service/preload-sock unchanged
deployment.apps/bench-tcp configured
service/bench-tcp unchanged
deployment.apps/echo-tcp configured
service/echo-tcp unchanged
deployment.apps/bench-tcp-strict configured
service/bench-tcp-strict unchanged
deployment.apps/echo-tcp-strict configured
service/echo-tcp-strict unchanged
configmap/sidecar1-config unchanged
configmap/sidecar2-config unchanged
configmap/strict-client-config unchanged
configmap/strict-server-config unchanged
deployment.apps/bench-grpc-dpumesh unchanged
service/bench-grpc-dpumesh unchanged
deployment.apps/echo-grpc-dpumesh unchanged
service/echo-grpc-dpumesh unchanged
deployment.apps/bench-grpc-envoy unchanged
service/bench-grpc-envoy unchanged
deployment.apps/echo-grpc-envoy unchanged
service/echo-grpc-envoy unchanged
deployment.apps/bench-grpc-tcp unchanged
service/bench-grpc-tcp unchanged
deployment.apps/echo-grpc-tcp unchanged
service/echo-grpc-tcp unchanged
configmap/grpc-sidecar1-config unchanged
deployment.apps/bench-grpc-envoy-strict unchanged
service/bench-grpc-envoy-strict unchanged
deployment.apps/echo-grpc-envoy-strict unchanged
service/echo-grpc-envoy-strict unchanged
configmap/grpc-strict-client-config unchanged
[0;32m[INFO][0m K8s resources applied (linkerd=0)
[0;34m[STEP][0m === Syncing sources to DPU (jukebox@192.168.100.2:~/DPUmesh) ===
sending incremental file list
buffer.c
buffer.h
build_dpacc.sh
comch_client.c
comch_client.h
comch_common.c
comch_common.h
comch_msgq.c
comch_msgq.h
comch_server.c
comch_server.h
common.c
common.h
config.c
config.h
dpa.c
dpa.h
dpa_common.h
dpa_resource_config.yaml
dpu_main.c
dpu_proxy.c
dpu_proxy.h
dpu_worker.c
dpu_worker.h
meson.build
meson_options.txt
object.c
object.h
ring.c
ring.h
device/dpa_kernel.c

sent 2,145 bytes  received 4,106 bytes  12,502.00 bytes/sec
total size is 395,991  speedup is 63.35
sending incremental file list
dpumesh/dmesh.h
dpumesh/dmesh_common.h
dpumesh/dmesh_topology.h

sent 296 bytes  received 186 bytes  964.00 bytes/sec
total size is 11,720  speedup is 24.32
sending incremental file list
dmesh_l7.h

sent 135 bytes  received 93 bytes  152.00 bytes/sec
total size is 5,623  speedup is 24.66
sending incremental file list
l7_null.c

sent 133 bytes  received 189 bytes  644.00 bytes/sec
total size is 17,491  speedup is 54.32
[0;32m[INFO][0m Source sync complete
[0;34m[STEP][0m === Building on DPU (ninja) ===
[0;32m[INFO][0m DPU build OK (buildtype=debugoptimized, recompiled 14 C objects)
[0;34m[STEP][0m === Building host libdpumesh.so (make lib) ===
make: Entering directory '/home/jukebox/DPUmesh'
make: Leaving directory '/home/jukebox/DPUmesh'
[0;32m[INFO][0m Host build OK (/home/jukebox/DPUmesh/build/lib/libdpumesh.so)
[0;34m[STEP][0m === Building bench/validator binaries (make bench) ===
make: Entering directory '/home/jukebox/DPUmesh'
make: Leaving directory '/home/jukebox/DPUmesh'
[0;32m[INFO][0m Bench binaries built (/home/jukebox/DPUmesh/build/bin + /home/jukebox/DPUmesh/build/lib/libdmesh_preload.so)
[0;34m[STEP][0m === Building gRPC bench apps (bench_grpc, echo_grpc; server=release) ===
[0;32m[INFO][0m gRPC apps built (build/grpc-release/bench_grpc, build/grpc-release/echo_grpc)
[0;34m[STEP][0m === Building Docker images (scope=all) ===
#0 building with "default" instance using docker driver

#1 [internal] load build definition from bench_dpumesh.Dockerfile
#1 transferring dockerfile: 747B done
#1 DONE 0.0s

#2 [internal] load metadata for docker.io/library/ubuntu:22.04
#2 DONE 0.7s

#3 [internal] load .dockerignore
#3 transferring context: 2B done
#3 DONE 0.0s

#4 [1/8] FROM docker.io/library/ubuntu:22.04@sha256:3b06811b2afd352be909dd088a004166d665dc76d38b13eada33522a9d915c6f
#4 resolve docker.io/library/ubuntu:22.04@sha256:3b06811b2afd352be909dd088a004166d665dc76d38b13eada33522a9d915c6f done
#4 DONE 0.0s

#5 [internal] load build context
#5 transferring context: 3.76MB 0.0s done
#5 DONE 0.0s

#6 [6/8] COPY bench/k8s/registry /etc/dpumesh/registry
#6 CACHED

#7 [3/8] COPY build/bin/bench_dpumesh /usr/local/bin/bench_dpumesh
#7 CACHED

#8 [4/8] COPY doca-libs/ /usr/local/lib/
#8 CACHED

#9 [2/8] RUN apt-get update &&     DEBIAN_FRONTEND=noninteractive apt-get install -y       ca-certificates       libibverbs1       libnl-3-200       libnl-route-3-200       libyaml-0-2       libsasl2-2       numactl       openssl &&     rm -rf /var/lib/apt/lists/*
#9 CACHED

#10 [5/8] COPY build/lib/libdpumesh.so.4 /usr/local/lib/
#10 CACHED

#11 [7/8] COPY bench/docker/numa-entrypoint.sh /usr/local/bin/numa-entrypoint.sh
#11 CACHED

#12 [8/8] RUN ldconfig
#12 CACHED

#13 exporting to image
#13 exporting layers done
#13 exporting manifest sha256:ecb8999de77d4831cba440d3f8beb5046b27caba19f9298869404d1055d5b3a6 done
#13 exporting config sha256:461619a53efe661b6a50441a1200d74fb0ec8d07b0b6b7138e1d23adea0e68f2
#13 exporting config sha256:461619a53efe661b6a50441a1200d74fb0ec8d07b0b6b7138e1d23adea0e68f2 done
#13 exporting attestation manifest sha256:eb002a068ea059db190e2f051049119d72af9f21118ef42de6fe6c698880f99a 0.0s done
#13 exporting manifest list sha256:90de5c3abc8856ced434f2aaecdc36eee080046a2b6b58f12a9e2f437125cc77 done
#13 naming to docker.io/bench/bench-dpumesh:latest done
#13 unpacking to docker.io/bench/bench-dpumesh:latest done
#13 DONE 0.0s
docker.io/bench/bench-dpumesh:latest
docker.io/bench/bench dpumesh:latest    	saved	
application/vnd.oci.image.index.v1+json sha256:90de5c3abc8856ced434f2aaecdc36eee080046a2b6b58f12a9e2f437125cc77
Importing	elapsed: 0.5 s	total:   0.0 B	(0.0 B/s)	
#0 building with "default" instance using docker driver

#1 [internal] load build definition from echo_dpumesh.Dockerfile
#1 transferring dockerfile: 731B done
#1 DONE 0.0s

#2 [internal] load metadata for docker.io/library/ubuntu:22.04
#2 DONE 0.3s

#3 [internal] load .dockerignore
#3 transferring context: 2B done
#3 DONE 0.0s

#4 [1/8] FROM docker.io/library/ubuntu:22.04@sha256:3b06811b2afd352be909dd088a004166d665dc76d38b13eada33522a9d915c6f
#4 resolve docker.io/library/ubuntu:22.04@sha256:3b06811b2afd352be909dd088a004166d665dc76d38b13eada33522a9d915c6f done
#4 DONE 0.0s

#5 [internal] load build context
#5 transferring context: 37.98kB done
#5 DONE 0.0s

#6 [2/8] RUN apt-get update &&     DEBIAN_FRONTEND=noninteractive apt-get install -y       ca-certificates       libibverbs1       libnl-3-200       libnl-route-3-200       libyaml-0-2       libsasl2-2       numactl       openssl &&     rm -rf /var/lib/apt/lists/*
#6 CACHED

#7 [4/8] COPY doca-libs/ /usr/local/lib/
#7 CACHED

#8 [7/8] COPY bench/docker/numa-entrypoint.sh /usr/local/bin/numa-entrypoint.sh
#8 CACHED

#9 [3/8] COPY build/bin/echo_dpumesh /usr/local/bin/echo_dpumesh
#9 CACHED

#10 [6/8] COPY bench/k8s/registry /etc/dpumesh/registry
#10 CACHED

#11 [5/8] COPY build/lib/libdpumesh.so.4 /usr/local/lib/
#11 CACHED

#12 [8/8] RUN ldconfig
#12 CACHED

#13 exporting to image
#13 exporting layers done
#13 exporting manifest sha256:e8e5d0a651a1167dccdbcb07cd48c27d4c13b200c27d237f44b9624989b4fdb0 done
#13 exporting config sha256:2c959b97e814272bd09933bb0faae63f5e703e85c139eefa68df311a1edadefa done
#13 exporting attestation manifest sha256:7d2845d5357269484f06880eb047346daf0b77fb5e48fb200e3b184e46197f45 0.0s done
#13 exporting manifest list sha256:aa5c73af5e1bd4277fd66b75c4c2000d4e2816bd6f7d4bd9737439987e83efa5
#13 exporting manifest list sha256:aa5c73af5e1bd4277fd66b75c4c2000d4e2816bd6f7d4bd9737439987e83efa5 done
#13 naming to docker.io/bench/echo-dpumesh:latest done
#13 unpacking to docker.io/bench/echo-dpumesh:latest done
#13 DONE 0.0s
docker.io/bench/echo-dpumesh:latest
docker.io/bench/echo dpumesh:latest     	saved	
application/vnd.oci.image.index.v1+json sha256:aa5c73af5e1bd4277fd66b75c4c2000d4e2816bd6f7d4bd9737439987e83efa5
Importing	elapsed: 0.5 s	total:   0.0 B	(0.0 B/s)	
#0 building with "default" instance using docker driver

#1 [internal] load build definition from loopback_dpumesh.Dockerfile
#1 transferring dockerfile: 747B done
#1 DONE 0.0s

#2 [internal] load metadata for docker.io/library/ubuntu:22.04
#2 DONE 0.3s

#3 [internal] load .dockerignore
#3 transferring context: 2B done
#3 DONE 0.0s

#4 [1/8] FROM docker.io/library/ubuntu:22.04@sha256:3b06811b2afd352be909dd088a004166d665dc76d38b13eada33522a9d915c6f
#4 resolve docker.io/library/ubuntu:22.04@sha256:3b06811b2afd352be909dd088a004166d665dc76d38b13eada33522a9d915c6f done
#4 DONE 0.0s

#5 [internal] load build context
#5 transferring context: 51.39kB done
#5 DONE 0.0s

#6 [4/8] COPY doca-libs/ /usr/local/lib/
#6 CACHED

#7 [6/8] COPY bench/k8s/registry /etc/dpumesh/registry
#7 CACHED

#8 [3/8] COPY build/bin/loopback_dpumesh /usr/local/bin/loopback_dpumesh
#8 CACHED

#9 [5/8] COPY build/lib/libdpumesh.so.4 /usr/local/lib/
#9 CACHED

#10 [7/8] COPY bench/docker/numa-entrypoint.sh /usr/local/bin/numa-entrypoint.sh
#10 CACHED

#11 [2/8] RUN apt-get update &&     DEBIAN_FRONTEND=noninteractive apt-get install -y       ca-certificates       libibverbs1       libnl-3-200       libnl-route-3-200       libyaml-0-2       libsasl2-2       numactl       openssl &&     rm -rf /var/lib/apt/lists/*
#11 CACHED

#12 [8/8] RUN ldconfig
#12 CACHED

#13 exporting to image
#13 exporting layers done
#13 exporting manifest sha256:d25b1e68584928cbd5b8dbba6a63d158ac917c703b2bac9d17c71d522b68291a done
#13 exporting config sha256:9d22822b2e25d4077ac49033e4828eb71aba74ce649af69ef4ef5b3e71d245e1 done
#13 exporting attestation manifest sha256:f77ea36e83c1dbf446ee63b36ba9737e3e6ae403d5fc6ecadbd882ae86b948cd 0.0s done
#13 exporting manifest list sha256:e16c8035a58a75711e0a993085831fbceb4f1931c3b04880b3c41b6533001f6d
#13 exporting manifest list sha256:e16c8035a58a75711e0a993085831fbceb4f1931c3b04880b3c41b6533001f6d done
#13 naming to docker.io/bench/loopback-dpumesh:latest done
#13 unpacking to docker.io/bench/loopback-dpumesh:latest done
#13 DONE 0.0s
docker.io/bench/loopback-dpumesh:latest
docker.io/bench/loopback dpumesh:latest 	saved	
application/vnd.oci.image.index.v1+json sha256:e16c8035a58a75711e0a993085831fbceb4f1931c3b04880b3c41b6533001f6d
Importing	elapsed: 0.5 s	total:   0.0 B	(0.0 B/s)	
#0 building with "default" instance using docker driver

#1 [internal] load build definition from verbs_dpumesh.Dockerfile
#1 transferring dockerfile: 735B done
#1 DONE 0.0s

#2 [internal] load metadata for docker.io/library/ubuntu:22.04
#2 DONE 0.3s

#3 [internal] load .dockerignore
#3 transferring context: 2B done
#3 DONE 0.0s

#4 [1/8] FROM docker.io/library/ubuntu:22.04@sha256:3b06811b2afd352be909dd088a004166d665dc76d38b13eada33522a9d915c6f
#4 resolve docker.io/library/ubuntu:22.04@sha256:3b06811b2afd352be909dd088a004166d665dc76d38b13eada33522a9d915c6f done
#4 DONE 0.0s

#5 [internal] load build context
#5 transferring context: 56.72kB done
#5 DONE 0.0s

#6 [2/8] RUN apt-get update &&     DEBIAN_FRONTEND=noninteractive apt-get install -y       ca-certificates       libibverbs1       libnl-3-200       libnl-route-3-200       libyaml-0-2       libsasl2-2       numactl       openssl &&     rm -rf /var/lib/apt/lists/*
#6 CACHED

#7 [3/8] COPY build/bin/verbs_dpumesh /usr/local/bin/verbs_dpumesh
#7 CACHED

#8 [6/8] COPY bench/k8s/registry /etc/dpumesh/registry
#8 CACHED

#9 [7/8] COPY bench/docker/numa-entrypoint.sh /usr/local/bin/numa-entrypoint.sh
#9 CACHED

#10 [5/8] COPY build/lib/libdpumesh.so.4 /usr/local/lib/
#10 CACHED

#11 [4/8] COPY doca-libs/ /usr/local/lib/
#11 CACHED

#12 [8/8] RUN ldconfig
#12 CACHED

#13 exporting to image
#13 exporting layers done
#13 exporting manifest sha256:c797ae174b50a954b422a2f7ab5c42601fdee8e1a954d5f0ce208b7324ec9966 done
#13 exporting config sha256:ca104d70eea65d2a888e7045964d53402029eb7abae9eed52673311b299500d9 done
#13 exporting attestation manifest sha256:1cf5781f3f769f932547754688eee25dcf2d33971cb453c6141481df2f597973 0.0s done
#13 exporting manifest list sha256:282e81f66da7361ce347bd0e3eb8dae82190f9c9bf7cb3e38b5892710c25d707
#13 exporting manifest list sha256:282e81f66da7361ce347bd0e3eb8dae82190f9c9bf7cb3e38b5892710c25d707 done
#13 naming to docker.io/bench/verbs-dpumesh:latest done
#13 unpacking to docker.io/bench/verbs-dpumesh:latest done
#13 DONE 0.0s
docker.io/bench/verbs-dpumesh:latest
docker.io/bench/verbs dpumesh:latest    	saved	
application/vnd.oci.image.index.v1+json sha256:282e81f66da7361ce347bd0e3eb8dae82190f9c9bf7cb3e38b5892710c25d707
Importing	elapsed: 0.5 s	total:   0.0 B	(0.0 B/s)	
#0 building with "default" instance using docker driver

#1 [internal] load build definition from preload_dpumesh.Dockerfile
#1 transferring dockerfile: 876B done
#1 DONE 0.0s

#2 [internal] load metadata for docker.io/library/ubuntu:22.04
#2 DONE 0.3s

#3 [internal] load .dockerignore
#3 transferring context: 2B done
#3 DONE 0.0s

#4 [ 1/10] FROM docker.io/library/ubuntu:22.04@sha256:3b06811b2afd352be909dd088a004166d665dc76d38b13eada33522a9d915c6f
#4 resolve docker.io/library/ubuntu:22.04@sha256:3b06811b2afd352be909dd088a004166d665dc76d38b13eada33522a9d915c6f done
#4 DONE 0.0s

#5 [internal] load build context
#5 transferring context: 269.15kB done
#5 DONE 0.0s

#6 [ 4/10] COPY build/bin/tcp_echo /usr/local/bin/tcp_echo
#6 CACHED

#7 [ 8/10] COPY build/lib/libdpumesh.so.4 /usr/local/lib/
#7 CACHED

#8 [ 9/10] COPY bench/docker/numa-entrypoint.sh /usr/local/bin/numa-entrypoint.sh
#8 CACHED

#9 [ 3/10] COPY build/bin/preload_runner /usr/local/bin/preload_runner
#9 CACHED

#10 [ 2/10] RUN apt-get update &&     DEBIAN_FRONTEND=noninteractive apt-get install -y       ca-certificates       libibverbs1       libnl-3-200       libnl-route-3-200       libyaml-0-2       libsasl2-2       numactl       openssl &&     rm -rf /var/lib/apt/lists/*
#10 CACHED

#11 [ 5/10] COPY build/bin/tcp_client /usr/local/bin/tcp_client
#11 CACHED

#12 [ 7/10] COPY doca-libs/ /usr/local/lib/
#12 CACHED

#13 [ 6/10] COPY build/lib/libdmesh_preload.so /usr/local/lib/libdmesh_preload.so
#13 CACHED

#14 [10/10] RUN ldconfig
#14 CACHED

#15 exporting to image
#15 exporting layers done
#15 exporting manifest sha256:ce065e010ab5afa2fde540eb783aca7ed60e85c7ba0c991542ae2ddfaa2a11c7 done
#15 exporting config sha256:9886e7f0427dd02474f16b47e877a057fa43aef145d9af6ec2f47315847d925e done
#15 exporting attestation manifest sha256:d664b783fc385965d31d508f81dd673a5d457643288aeab13f13f8e5dedb9bae 0.0s done
#15 exporting manifest list sha256:c1292950bdf64b85a80666ede1ea0e4c16d84a2855b8d0ffcdadbc628b76cbac
#15 exporting manifest list sha256:c1292950bdf64b85a80666ede1ea0e4c16d84a2855b8d0ffcdadbc628b76cbac done
#15 naming to docker.io/bench/preload-dpumesh:latest done
#15 unpacking to docker.io/bench/preload-dpumesh:latest done
#15 DONE 0.0s
docker.io/bench/preload-dpumesh:latest
docker.io/bench/preload dpumesh:latest  	saved	
application/vnd.oci.image.index.v1+json sha256:c1292950bdf64b85a80666ede1ea0e4c16d84a2855b8d0ffcdadbc628b76cbac
Importing	elapsed: 0.6 s	total:   0.0 B	(0.0 B/s)	
#0 building with "default" instance using docker driver

#1 [internal] load build definition from preload_sock.Dockerfile
#1 transferring dockerfile: 734B done
#1 DONE 0.0s

#2 [internal] load metadata for docker.io/library/ubuntu:22.04
#2 DONE 0.3s

#3 [internal] load .dockerignore
#3 transferring context: 2B done
#3 DONE 0.0s

#4 [ 1/10] FROM docker.io/library/ubuntu:22.04@sha256:3b06811b2afd352be909dd088a004166d665dc76d38b13eada33522a9d915c6f
#4 resolve docker.io/library/ubuntu:22.04@sha256:3b06811b2afd352be909dd088a004166d665dc76d38b13eada33522a9d915c6f done
#4 DONE 0.0s

#5 [internal] load build context
#5 transferring context: 135.93kB done
#5 DONE 0.0s

#6 [ 5/10] COPY build/lib/libdmesh_preload.so /usr/local/lib/libdmesh_preload.so
#6 CACHED

#7 [ 6/10] COPY doca-libs/ /usr/local/lib/
#7 CACHED

#8 [ 8/10] COPY bench/k8s/registry /etc/dpumesh/registry
#8 CACHED

#9 [ 2/10] RUN apt-get update &&     DEBIAN_FRONTEND=noninteractive apt-get install -y       ca-certificates libibverbs1 libnl-3-200 libnl-route-3-200       libyaml-0-2 libsasl2-2 numactl openssl &&     rm -rf /var/lib/apt/lists/*
#9 CACHED

#10 [ 7/10] COPY build/lib/libdpumesh.so.4 /usr/local/lib/
#10 CACHED

#11 [ 3/10] COPY build/bin/bench_sock /usr/local/bin/bench_sock
#11 CACHED

#12 [ 4/10] COPY build/bin/echo_sock /usr/local/bin/echo_sock
#12 CACHED

#13 [ 9/10] COPY bench/docker/numa-entrypoint.sh /usr/local/bin/numa-entrypoint.sh
#13 CACHED

#14 [10/10] RUN ldconfig
#14 CACHED

#15 exporting to image
#15 exporting layers done
#15 exporting manifest sha256:8a6c9b57ca0bb1c183dff075d4cd86a144ecfc62e05489efa799361bc061e541 done
#15 exporting config sha256:a3271b10fc22d298835c42a908048942fb7fd2f407a6cbf364dea9dd8431e676 done
#15 exporting attestation manifest sha256:73601cbc368f6917db2a00577da0acefb9844098c0a52dadec3ffb4bf5e86813 0.0s done
#15 exporting manifest list sha256:204bdb0e4a60c107710550d58615182d5aa23d9318403017fc4dcd9f5e48a873
#15 exporting manifest list sha256:204bdb0e4a60c107710550d58615182d5aa23d9318403017fc4dcd9f5e48a873 done
#15 naming to docker.io/bench/preload-sock:latest done
#15 unpacking to docker.io/bench/preload-sock:latest done
#15 DONE 0.0s
docker.io/bench/preload-sock:latest
docker.io/bench/preload sock:latest     	saved	
application/vnd.oci.image.index.v1+json sha256:204bdb0e4a60c107710550d58615182d5aa23d9318403017fc4dcd9f5e48a873
Importing	elapsed: 0.6 s	total:   0.0 B	(0.0 B/s)	
#0 building with "default" instance using docker driver

#1 [internal] load build definition from bench_sock.Dockerfile
#1 DONE 0.0s

#1 [internal] load build definition from bench_sock.Dockerfile
#1 transferring dockerfile: 527B done
#1 DONE 0.0s

#2 [internal] load metadata for docker.io/library/ubuntu:22.04
#2 DONE 0.3s

#3 [internal] load .dockerignore
#3 transferring context: 2B done
#3 DONE 0.0s

#4 [internal] load build context
#4 transferring context: 205B done
#4 DONE 0.0s

#5 [1/4] FROM docker.io/library/ubuntu:22.04@sha256:3b06811b2afd352be909dd088a004166d665dc76d38b13eada33522a9d915c6f
#5 resolve docker.io/library/ubuntu:22.04@sha256:3b06811b2afd352be909dd088a004166d665dc76d38b13eada33522a9d915c6f 0.0s done
#5 DONE 0.0s

#6 [2/4] RUN apt-get update &&     DEBIAN_FRONTEND=noninteractive apt-get install -y ca-certificates numactl &&     rm -rf /var/lib/apt/lists/*
#6 CACHED

#7 [3/4] COPY build/bin/bench_sock /usr/local/bin/bench_sock
#7 CACHED

#8 [4/4] COPY bench/docker/numa-entrypoint.sh /usr/local/bin/numa-entrypoint.sh
#8 CACHED

#9 exporting to image
#9 exporting layers done
#9 exporting manifest sha256:43ad72cd81fa99367f167571f8008ca92d7a02b21be71a8ba585197496e13698 done
#9 exporting config sha256:dd63f955544ea904afeb990dbf55cc4e2d9c9258ea4fdcab1a409b95ab906168 done
#9 exporting attestation manifest sha256:a3187e36d310afb97d736e6b1669c5c834528268a94a21e6ca75fc45834eeaa7 0.0s done
#9 exporting manifest list sha256:7f5eae63207264deccff8879e2b11b63d8a3dad3474f3b9bbaea9c95fde6044f done
#9 naming to docker.io/bench/bench-tcp:latest done
#9 unpacking to docker.io/bench/bench-tcp:latest done
#9 DONE 0.0s
docker.io/bench/bench-tcp:latest
docker.io/bench/bench tcp:latest        	saved	
application/vnd.oci.image.index.v1+json sha256:7f5eae63207264deccff8879e2b11b63d8a3dad3474f3b9bbaea9c95fde6044f
Importing	elapsed: 0.5 s	total:   0.0 B	(0.0 B/s)	
#0 building with "default" instance using docker driver

#1 [internal] load build definition from echo_sock.Dockerfile
#1 transferring dockerfile: 535B done
#1 DONE 0.0s

#2 [internal] load metadata for docker.io/library/ubuntu:22.04
#2 DONE 0.3s

#3 [internal] load .dockerignore
#3 transferring context: 2B done
#3 DONE 0.0s

#4 [internal] load build context
#4 transferring context: 37.09kB done
#4 DONE 0.0s

#5 [1/4] FROM docker.io/library/ubuntu:22.04@sha256:3b06811b2afd352be909dd088a004166d665dc76d38b13eada33522a9d915c6f
#5 resolve docker.io/library/ubuntu:22.04@sha256:3b06811b2afd352be909dd088a004166d665dc76d38b13eada33522a9d915c6f done
#5 DONE 0.0s

#6 [3/4] COPY build/bin/echo_sock /usr/local/bin/echo_sock
#6 CACHED

#7 [2/4] RUN apt-get update &&     DEBIAN_FRONTEND=noninteractive apt-get install -y ca-certificates numactl &&     rm -rf /var/lib/apt/lists/*
#7 CACHED

#8 [4/4] COPY bench/docker/numa-entrypoint.sh /usr/local/bin/numa-entrypoint.sh
#8 CACHED

#9 exporting to image
#9 exporting layers done
#9 exporting manifest sha256:2214c7dd8dbf588c5c7b130ca747161a1e8812e4f94e0bddc2150b488cb6254d done
#9 exporting config sha256:61226f330945e19603175e8542edfa19676a06a0f5b322ce925a2d1db702beea done
#9 exporting attestation manifest sha256:41fda3cae5eb7152d1bb867869b5678e994eaf094b4cb5fb5d4b75af19f747ff 0.0s done
#9 exporting manifest list sha256:d941ee1cb8ccac8661e76fff7eeab0d22ec1be5a54b667af30f4e3f36024cde0 done
#9 naming to docker.io/bench/echo-tcp:latest done
#9 unpacking to docker.io/bench/echo-tcp:latest done
#9 DONE 0.0s
docker.io/bench/echo-tcp:latest
docker.io/bench/echo tcp:latest         	saved	
application/vnd.oci.image.index.v1+json sha256:d941ee1cb8ccac8661e76fff7eeab0d22ec1be5a54b667af30f4e3f36024cde0
Importing	elapsed: 0.5 s	total:   0.0 B	(0.0 B/s)	
#0 building with "default" instance using docker driver

#1 [internal] load build definition from bench_grpc.Dockerfile
#1 DONE 0.0s

#1 [internal] load build definition from bench_grpc.Dockerfile
#1 transferring dockerfile: 1.17kB done
#1 DONE 0.0s

#2 [internal] load metadata for docker.io/library/ubuntu:22.04
#2 DONE 0.3s

#3 [internal] load .dockerignore
#3 transferring context: 2B done
#3 DONE 0.0s

#4 [1/8] FROM docker.io/library/ubuntu:22.04@sha256:3b06811b2afd352be909dd088a004166d665dc76d38b13eada33522a9d915c6f
#4 resolve docker.io/library/ubuntu:22.04@sha256:3b06811b2afd352be909dd088a004166d665dc76d38b13eada33522a9d915c6f done
#4 DONE 0.0s

#5 [internal] load build context
#5 transferring context: 25.12MB 0.1s done
#5 DONE 0.1s

#6 [2/8] RUN apt-get update &&     DEBIAN_FRONTEND=noninteractive apt-get install -y       ca-certificates       libibverbs1       libnl-3-200       libnl-route-3-200       libyaml-0-2       libsasl2-2       numactl       openssl       libasan6       libubsan1 &&     rm -rf /var/lib/apt/lists/*
#6 CACHED

#7 [6/8] COPY bench/k8s/registry /etc/dpumesh/registry
#7 CACHED

#8 [7/8] COPY bench/docker/numa-entrypoint.sh /usr/local/bin/numa-entrypoint.sh
#8 CACHED

#9 [3/8] COPY build/grpc-release/bench_grpc /usr/local/bin/bench_grpc
#9 CACHED

#10 [5/8] COPY build/lib/libdpumesh.so.4 /usr/local/lib/
#10 CACHED

#11 [4/8] COPY doca-libs/ /usr/local/lib/
#11 CACHED

#12 [8/8] RUN ldconfig
#12 CACHED

#13 exporting to image
#13 exporting layers done
#13 exporting manifest sha256:1fe120a58f2242fe77c32fabf55bad368174a9c0f177e24564ff5d765465d6a6 done
#13 exporting config sha256:acbdb882135c2e42b50779847e7ec139d1903512058775040560f1c007127e3c done
#13 exporting attestation manifest sha256:c54c112d8d19c524e590884be6b8875e73c16b48545ef4ed13ee4522cf3b06e3 0.0s done
#13 exporting manifest list sha256:d26eab84a990697122798c6ca6501c452fe600b56fb523af68e29aba45fe9630 done
#13 naming to docker.io/bench/bench-grpc:latest done
#13 unpacking to docker.io/bench/bench-grpc:latest done
#13 DONE 0.0s
docker.io/bench/bench-grpc:latest
docker.io/bench/bench grpc:latest       	saved	
application/vnd.oci.image.index.v1+json sha256:d26eab84a990697122798c6ca6501c452fe600b56fb523af68e29aba45fe9630
Importing	elapsed: 0.7 s	total:   0.0 B	(0.0 B/s)	
#0 building with "default" instance using docker driver

#1 [internal] load build definition from echo_grpc.Dockerfile
#1 transferring dockerfile: 1.09kB done
#1 DONE 0.0s

#2 [internal] load metadata for docker.io/library/ubuntu:22.04
#2 DONE 0.3s

#3 [internal] load .dockerignore
#3 transferring context: 2B done
#3 DONE 0.0s

#4 [1/8] FROM docker.io/library/ubuntu:22.04@sha256:3b06811b2afd352be909dd088a004166d665dc76d38b13eada33522a9d915c6f
#4 resolve docker.io/library/ubuntu:22.04@sha256:3b06811b2afd352be909dd088a004166d665dc76d38b13eada33522a9d915c6f done
#4 DONE 0.0s

#5 [internal] load build context
#5 transferring context: 21.97MB 0.1s done
#5 DONE 0.1s

#6 [4/8] COPY doca-libs/ /usr/local/lib/
#6 CACHED

#7 [5/8] COPY build/lib/libdpumesh.so.4 /usr/local/lib/
#7 CACHED

#8 [3/8] COPY build/grpc-release/echo_grpc /usr/local/bin/echo_grpc
#8 CACHED

#9 [2/8] RUN apt-get update &&     DEBIAN_FRONTEND=noninteractive apt-get install -y       ca-certificates       libibverbs1       libnl-3-200       libnl-route-3-200       libyaml-0-2       libsasl2-2       numactl       openssl       libasan6       libubsan1 &&     rm -rf /var/lib/apt/lists/*
#9 CACHED

#10 [6/8] COPY bench/k8s/registry /etc/dpumesh/registry
#10 CACHED

#11 [7/8] COPY bench/docker/numa-entrypoint.sh /usr/local/bin/numa-entrypoint.sh
#11 CACHED

#12 [8/8] RUN ldconfig
#12 CACHED

#13 exporting to image
#13 exporting layers done
#13 exporting manifest sha256:5f18b956bf3f6b52e873c92a6d12e9d4e48abd56996cbaa3f259217f8d522bb4 done
#13 exporting config sha256:19b8262fc0b6a5dd5e5ed424c7b25fae53b348c3e1d3693fedfb9465d71b4a50 done
#13 exporting attestation manifest sha256:42fb1d33f19f9d581a5d734ab4996199ce04b83a50b2725ca0fb91ded0d1e26e 0.0s done
#13 exporting manifest list sha256:7ad5a7ee93d97114eb20a054b3347826cba1fe98224006ae4320fbaf2d95eb01 done
#13 naming to docker.io/bench/echo-grpc:latest done
#13 unpacking to docker.io/bench/echo-grpc:latest done
#13 DONE 0.0s
docker.io/bench/echo-grpc:latest
docker.io/bench/echo grpc:latest        	saved	
application/vnd.oci.image.index.v1+json sha256:7ad5a7ee93d97114eb20a054b3347826cba1fe98224006ae4320fbaf2d95eb01
Importing	elapsed: 0.7 s	total:   0.0 B	(0.0 B/s)	
[0;32m[INFO][0m Scope images built and imported to containerd
[0;32m[INFO][0m Building NUMA-aware Envoy image
#0 building with "default" instance using docker driver

#1 [internal] load build definition from envoy_numa.Dockerfile
#1 transferring dockerfile: 427B done
#1 DONE 0.0s

#2 [internal] load metadata for docker.io/envoyproxy/envoy:v1.30-latest
#2 DONE 0.0s

#3 [internal] load .dockerignore
#3 transferring context: 2B done
#3 DONE 0.0s

#4 [internal] load build context
#4 transferring context: 110B done
#4 DONE 0.0s

#5 [1/3] FROM docker.io/envoyproxy/envoy:v1.30-latest@sha256:b5cc70f5fe5503858817e897ae1da5d873dc32cbc493790b4e330b8a42c4af9d
#5 resolve docker.io/envoyproxy/envoy:v1.30-latest@sha256:b5cc70f5fe5503858817e897ae1da5d873dc32cbc493790b4e330b8a42c4af9d done
#5 DONE 0.0s

#6 [2/3] RUN apt-get update &&     DEBIAN_FRONTEND=noninteractive apt-get install -y --no-install-recommends       numactl &&     rm -rf /var/lib/apt/lists/*
#6 CACHED

#7 [3/3] COPY bench/docker/numa-entrypoint.sh /usr/local/bin/numa-entrypoint.sh
#7 CACHED

#8 exporting to image
#8 exporting layers done
#8 exporting manifest sha256:f6bddf6a9d57969cb9330370db238078225f3def4fd65097b80090082ff9429e done
#8 exporting config sha256:9c0bc83bcd7c4875f04c4d8cf951a15efeff8ffe464aab576f89d37a38397097 done
#8 exporting attestation manifest sha256:8e5d133b7512c241dec7899029aba996c02f87fda93301d2bfd44b90cba836ce 0.0s done
#8 exporting manifest list sha256:883c99b9e832240ac635e837b64cb3b702b33b52e8b6af857d97dd24edf1dbba
#8 exporting manifest list sha256:883c99b9e832240ac635e837b64cb3b702b33b52e8b6af857d97dd24edf1dbba done
#8 naming to docker.io/bench/envoy-numa:v1.30-latest done
#8 unpacking to docker.io/bench/envoy-numa:v1.30-latest done
#8 DONE 0.0s
docker.io/bench/envoy-numa:v1.30-latest
docker.io/bench/envoy numa:v1.30 latest 	saved	
application/vnd.oci.image.index.v1+json sha256:883c99b9e832240ac635e837b64cb3b702b33b52e8b6af857d97dd24edf1dbba
Importing	elapsed: 1.0 s	total:   0.0 B	(0.0 B/s)	
[0;34m[STEP][0m === Starting dpumesh_dpu (l7_decision='' l7_opaque='' l7_full='' dpa_threads='32' rings_per_pod='8' arm_workers='8') ===
[0;32m[INFO][0m Stopping dpumesh_dpu...
[0;32m[INFO][0m dpumesh_dpu running (PID: 2087473)
[0;34m[STEP][0m === Starting pods (innermost first, scope=all) ===
deployment.apps/echo-dpumesh scaled
deployment.apps/echo-dpumesh scaled
pod/echo-dpumesh-6fbb47b695-cvnqw condition met
[0;32m[INFO][0m echo-dpumesh pod Ready
[0;32m[INFO][0m Waiting for DPUmesh init: echo-dpumesh (DPU pod is data-ready)
[0;32m[INFO][0m echo-dpumesh DPUmesh data-ready
deployment.apps/echo-dpumesh-13 scaled
deployment.apps/echo-dpumesh-13 scaled
pod/echo-dpumesh-13-86c6f8f97b-29gd6 condition met
[0;32m[INFO][0m echo-dpumesh-13 pod Ready
[0;32m[INFO][0m Waiting for DPUmesh init: echo-dpumesh-13 (DPU pod is data-ready)
[0;32m[INFO][0m echo-dpumesh-13 DPUmesh data-ready
deployment.apps/echo-dpumesh-14 scaled
deployment.apps/echo-dpumesh-14 scaled
pod/echo-dpumesh-14-789dcf897f-s5hr7 condition met
[0;32m[INFO][0m echo-dpumesh-14 pod Ready
[0;32m[INFO][0m Waiting for DPUmesh init: echo-dpumesh-14 (DPU pod is data-ready)
[0;32m[INFO][0m echo-dpumesh-14 DPUmesh data-ready
deployment.apps/bench-dpumesh scaled
deployment.apps/bench-dpumesh scaled
pod/bench-dpumesh-9dfc6ddf7-hprh5 condition met
[0;32m[INFO][0m bench-dpumesh pod Ready
[0;32m[INFO][0m Waiting for DPUmesh init: bench-dpumesh (DPU pod is data-ready)
[0;32m[INFO][0m bench-dpumesh DPUmesh data-ready
deployment.apps/bench-dpumesh-2 scaled
deployment.apps/bench-dpumesh-2 scaled
pod/bench-dpumesh-2-76f5485ccb-b5zj6 condition met
[0;32m[INFO][0m bench-dpumesh-2 pod Ready
[0;32m[INFO][0m Waiting for DPUmesh init: bench-dpumesh-2 (DPU pod is data-ready)
[0;32m[INFO][0m bench-dpumesh-2 DPUmesh data-ready
deployment.apps/bench-dpumesh-3 scaled
deployment.apps/bench-dpumesh-3 scaled
pod/bench-dpumesh-3-7d8c6ddb5c-bwqc7 condition met
[0;32m[INFO][0m bench-dpumesh-3 pod Ready
[0;32m[INFO][0m Waiting for DPUmesh init: bench-dpumesh-3 (DPU pod is data-ready)
[0;32m[INFO][0m bench-dpumesh-3 DPUmesh data-ready
deployment.apps/loopback-dpumesh scaled
deployment.apps/loopback-dpumesh scaled
pod/loopback-dpumesh-69d9db7f45-x69qx condition met
[0;32m[INFO][0m loopback-dpumesh pod Ready
[0;32m[INFO][0m Waiting for DPUmesh init: loopback-dpumesh (DPU pod is data-ready)
[0;32m[INFO][0m loopback-dpumesh DPUmesh data-ready
deployment.apps/preload-dpumesh scaled
deployment.apps/preload-dpumesh scaled
pod/preload-dpumesh-58d44ff4d7-25ckj condition met
[0;32m[INFO][0m preload-dpumesh pod Ready
[0;32m[INFO][0m Waiting for DPUmesh init: preload-dpumesh (DPU pod is data-ready)
[0;32m[INFO][0m preload-dpumesh DPUmesh data-ready
deployment.apps/preload-echo scaled
deployment.apps/preload-echo scaled
pod/preload-echo-ffd6ffccd-d2kzh condition met
[0;32m[INFO][0m preload-echo pod Ready
[0;32m[INFO][0m Waiting for DPUmesh init: preload-echo (DPU pod is data-ready)
[0;32m[INFO][0m preload-echo DPUmesh data-ready
deployment.apps/preload-bench scaled
deployment.apps/preload-bench scaled
pod/preload-bench-665cc5c884-cjddq condition met
[0;32m[INFO][0m preload-bench pod Ready
deployment.apps/verbs-dpumesh scaled
deployment.apps/verbs-dpumesh scaled
pod/verbs-dpumesh-6564d99f74-xp8x8 condition met
[0;32m[INFO][0m verbs-dpumesh pod Ready
[0;32m[INFO][0m Waiting for DPUmesh init: verbs-dpumesh (DPU pod is data-ready)
[0;32m[INFO][0m verbs-dpumesh DPUmesh data-ready
deployment.apps/echo-tcp-strict scaled
deployment.apps/echo-tcp-strict scaled
pod/echo-tcp-strict-7d69765b5b-5lgm4 condition met
[0;32m[INFO][0m echo-tcp-strict pod Ready
deployment.apps/bench-tcp-strict scaled
deployment.apps/bench-tcp-strict scaled
pod/bench-tcp-strict-b678c66b7-27k8b condition met
[0;32m[INFO][0m bench-tcp-strict pod Ready
deployment.apps/echo-tcp scaled
deployment.apps/echo-tcp scaled
pod/echo-tcp-6b7d6d46f6-dc7s4 condition met
[0;32m[INFO][0m echo-tcp pod Ready
deployment.apps/bench-tcp scaled
deployment.apps/bench-tcp scaled
pod/bench-tcp-7b8dc7b6f7-l6nzj condition met
[0;32m[INFO][0m bench-tcp pod Ready
[0;34m[STEP][0m === Pinning pods to dedicated cores (taskset, profile=fair) ===
[0;32m[INFO][0m CPU governor=performance, fixed 2.5 GHz on cores 18-35
[0;32m[INFO][0m bench-dpumesh → core(s) 18 (pod=de368155590a0f95044d2bbac8cf757fc4425376ad985f4d4f3256ab4a11f6ef)
[0;32m[INFO][0m   bench-dpumesh (PID 1780416) → 18
[0;32m[INFO][0m bench-dpumesh-2 → core(s) 27 (pod=68ec5dd6d5d1dc7855b09a25732a87f4152e4d96bb20a7ee0065a780392bbebb)
[0;32m[INFO][0m   bench-dpumesh-2 (PID 1780665) → 27
[0;32m[INFO][0m bench-dpumesh-3 → core(s) 28 (pod=761f39f3f14daada065983fb9a66232a4096a346ebf63f30c7cbee53ae089247)
[0;32m[INFO][0m   bench-dpumesh-3 (PID 1780909) → 28
[0;32m[INFO][0m echo-dpumesh → core(s) 19 (pod=1a28bd9a197d1808e5a327b965dd61591acd7b9d8e3b6ada9a88311e71e932f9)
[0;32m[INFO][0m   echo-dpumesh (PID 1779432) → 19
[0;32m[INFO][0m echo-dpumesh-13 → core(s) 24 (pod=48a6b4cc3b572c081d9bb11da1af9d95654c58fc422b12a5ffba5070c80d429d)
[0;32m[INFO][0m   echo-dpumesh-13 (PID 1779907) → 24
[0;32m[INFO][0m echo-dpumesh-14 → core(s) 25 (pod=8f7ae34a82673dccc28cdb312fa7b997e7971e12058778acd50f5b3873c28ffa)
[0;32m[INFO][0m   echo-dpumesh-14 (PID 1780166) → 25
[0;32m[INFO][0m loopback-dpumesh → core(s) 22,23 (pod=0dbd415e1197af2bb7d8b7423988b62f6a6b63224c657cb63cee3df29298d8b6)
[0;32m[INFO][0m   loopback-dpumesh (PID 1781216) → 22,23
[0;32m[INFO][0m verbs-dpumesh → core(s) 22,23 (pod=e7a675ff504e25cf6f4dbb46b05ca9c9ee928aad447728c5d092ccd3dd64bd48)
[0;32m[INFO][0m   verbs-dpumesh (PID 1782731) → 22,23
[0;32m[INFO][0m preload-dpumesh → core(s) 22,23 (pod=446e15f2111b981ac5abd96a2b57772f9e6515ae8876885fce7b4c00ae319957)
[0;32m[INFO][0m   preload-dpumesh (PID 1781479) → 22,23
[0;32m[INFO][0m preload-echo → core(s) 22,23 (pod=c6ea6b430a5accc38c9f78b223c162bc9d08e9452c29a82acc368c650d631ec4)
[0;32m[INFO][0m   preload-echo (PID 1781754) → 22,23
[0;32m[INFO][0m preload-bench → core(s) 22,23 (pod=cb0dbeb850ab3d08c24fa7d021c1f6a24e6c67eedd6f6efb4e667aa64665dd74)
[0;32m[INFO][0m   preload-bench (PID 1782040) → 22,23
[0;32m[INFO][0m bench-tcp → core(s) 20 (pod=c74cad7b736a64a2797ac813dab389710bf66c4a9326d337d15ffd2e50e5dc23)
[0;32m[INFO][0m   sidecar1 (PID 1784068) → 20
[0;32m[INFO][0m   bench-tcp (PID 1784043) → 20
[0;32m[INFO][0m echo-tcp → core(s) 21 (pod=a2f15f3c8c2830f7db391966b951f7174709556f3b1ac5e73ff14c33ec94ea47)
[0;32m[INFO][0m   sidecar2 (PID 1783723) → 21
[0;32m[INFO][0m   echo-tcp (PID 1783699) → 21
[0;32m[INFO][0m Pinning done
[0;32m[INFO][0m === Deploy complete ===
  Run:  /home/jukebox/DPUmesh/bench/bench.sh latency|bandwidth|rate|all [dpumesh|tcp|both]
        /home/jukebox/DPUmesh/bench/bench.sh loopback|verbs|preload ...   (validators)
  Re-pin:  /home/jukebox/DPUmesh/bench/bench.sh pin [fair|l4|hw|hw3|hw6]
