[0;32m[INFO][0m Host NUMA: PCI 94:00.0 -> node 1, benchmark cores 18-35
secret/envoy-mtls configured
[0;32m[INFO][0m Envoy benchmark mTLS Secret ready
[0;34m[STEP][0m === Applying K8s manifest (replicas=0) ===
deployment.apps/bench-dpumesh configured
service/bench-dpumesh unchanged
deployment.apps/bench-dpumesh-2 configured
deployment.apps/bench-dpumesh-3 configured
deployment.apps/echo-dpumesh configured
deployment.apps/echo-dpumesh-13 configured
deployment.apps/echo-dpumesh-14 configured
deployment.apps/loopback-dpumesh configured
service/loopback-dpumesh unchanged
deployment.apps/verbs-dpumesh configured
service/verbs-dpumesh unchanged
deployment.apps/preload-dpumesh configured
service/preload-dpumesh unchanged
deployment.apps/preload-echo configured
deployment.apps/preload-bench configured
service/preload-bench unchanged
service/preload-sock unchanged
deployment.apps/bench-tcp configured
service/bench-tcp unchanged
deployment.apps/echo-tcp configured
service/echo-tcp unchanged
deployment.apps/bench-tcp-strict configured
service/bench-tcp-strict unchanged
deployment.apps/echo-tcp-strict configured
service/echo-tcp-strict unchanged
configmap/sidecar1-config unchanged
configmap/sidecar2-config unchanged
configmap/strict-client-config unchanged
configmap/strict-server-config unchanged
deployment.apps/bench-grpc-dpumesh unchanged
service/bench-grpc-dpumesh unchanged
deployment.apps/echo-grpc-dpumesh unchanged
service/echo-grpc-dpumesh unchanged
deployment.apps/bench-grpc-envoy unchanged
service/bench-grpc-envoy unchanged
deployment.apps/echo-grpc-envoy unchanged
service/echo-grpc-envoy unchanged
deployment.apps/bench-grpc-tcp unchanged
service/bench-grpc-tcp unchanged
deployment.apps/echo-grpc-tcp unchanged
service/echo-grpc-tcp unchanged
configmap/grpc-sidecar1-config unchanged
deployment.apps/bench-grpc-envoy-strict unchanged
service/bench-grpc-envoy-strict unchanged
deployment.apps/echo-grpc-envoy-strict unchanged
service/echo-grpc-envoy-strict unchanged
configmap/grpc-strict-client-config unchanged
[0;32m[INFO][0m K8s resources applied (linkerd=0)
[0;34m[STEP][0m === Syncing sources to DPU (jukebox@192.168.100.2:~/DPUmesh) ===
sending incremental file list
buffer.c
buffer.h
build_dpacc.sh
comch_client.c
comch_client.h
comch_common.c
comch_common.h
comch_msgq.c
comch_msgq.h
comch_server.c
comch_server.h
common.c
common.h
config.c
config.h
dpa.c
dpa.h
dpa_common.h
dpa_resource_config.yaml
dpu_main.c
dpu_proxy.c
dpu_proxy.h
dpu_worker.c
dpu_worker.h
meson.build
meson_options.txt
object.c
object.h
ring.c
ring.h
device/dpa_kernel.c

sent 2,145 bytes  received 4,106 bytes  12,502.00 bytes/sec
total size is 395,991  speedup is 63.35
sending incremental file list
dpumesh/dmesh.h
dpumesh/dmesh_common.h
dpumesh/dmesh_topology.h

sent 296 bytes  received 186 bytes  321.33 bytes/sec
total size is 11,720  speedup is 24.32
sending incremental file list
dmesh_l7.h

sent 135 bytes  received 93 bytes  456.00 bytes/sec
total size is 5,623  speedup is 24.66
sending incremental file list
l7_null.c

sent 133 bytes  received 189 bytes  644.00 bytes/sec
total size is 17,491  speedup is 54.32
[0;32m[INFO][0m Source sync complete
[0;34m[STEP][0m === Building on DPU (ninja) ===
[0;32m[INFO][0m DPU build OK (buildtype=debugoptimized, recompiled 14 C objects)
[0;34m[STEP][0m === Building host libdpumesh.so (make lib) ===
make: Entering directory '/home/jukebox/DPUmesh'
make: Leaving directory '/home/jukebox/DPUmesh'
[0;32m[INFO][0m Host build OK (/home/jukebox/DPUmesh/build/lib/libdpumesh.so)
[0;34m[STEP][0m === Building bench/validator binaries (make bench) ===
make: Entering directory '/home/jukebox/DPUmesh'
make: Leaving directory '/home/jukebox/DPUmesh'
[0;32m[INFO][0m Bench binaries built (/home/jukebox/DPUmesh/build/bin + /home/jukebox/DPUmesh/build/lib/libdmesh_preload.so)
[0;34m[STEP][0m === Building gRPC bench apps (bench_grpc, echo_grpc; server=release) ===
[0;32m[INFO][0m gRPC apps built (build/grpc-release/bench_grpc, build/grpc-release/echo_grpc)
[0;34m[STEP][0m === Building Docker images (scope=all) ===
#0 building with "default" instance using docker driver

#1 [internal] load build definition from bench_dpumesh.Dockerfile
#1 transferring dockerfile: 747B done
#1 DONE 0.0s

#2 [internal] load metadata for docker.io/library/ubuntu:22.04
#2 DONE 1.4s

#3 [internal] load .dockerignore
#3 transferring context: 2B done
#3 DONE 0.0s

#4 [1/8] FROM docker.io/library/ubuntu:22.04@sha256:3b06811b2afd352be909dd088a004166d665dc76d38b13eada33522a9d915c6f
#4 resolve docker.io/library/ubuntu:22.04@sha256:3b06811b2afd352be909dd088a004166d665dc76d38b13eada33522a9d915c6f done
#4 DONE 0.0s

#5 [internal] load build context
#5 transferring context: 3.76MB 0.0s done
#5 DONE 0.0s

#6 [3/8] COPY build/bin/bench_dpumesh /usr/local/bin/bench_dpumesh
#6 CACHED

#7 [5/8] COPY build/lib/libdpumesh.so.4 /usr/local/lib/
#7 CACHED

#8 [6/8] COPY bench/k8s/registry /etc/dpumesh/registry
#8 CACHED

#9 [7/8] COPY bench/docker/numa-entrypoint.sh /usr/local/bin/numa-entrypoint.sh
#9 CACHED

#10 [4/8] COPY doca-libs/ /usr/local/lib/
#10 CACHED

#11 [2/8] RUN apt-get update &&     DEBIAN_FRONTEND=noninteractive apt-get install -y       ca-certificates       libibverbs1       libnl-3-200       libnl-route-3-200       libyaml-0-2       libsasl2-2       numactl       openssl &&     rm -rf /var/lib/apt/lists/*
#11 CACHED

#12 [8/8] RUN ldconfig
#12 CACHED

#13 exporting to image
#13 exporting layers done
#13 exporting manifest sha256:ecb8999de77d4831cba440d3f8beb5046b27caba19f9298869404d1055d5b3a6 done
#13 exporting config sha256:461619a53efe661b6a50441a1200d74fb0ec8d07b0b6b7138e1d23adea0e68f2 done
#13 exporting attestation manifest sha256:8cdd3243d588a0a28131e6175cf378d2a9822d4741635c3cfa292ac2fec9f183 0.0s done
#13 exporting manifest list sha256:49979fc5ce454bcc83252921df15f5ffdba6bc6e697e921f2b66ab33e8092a00 done
#13 naming to docker.io/bench/bench-dpumesh:latest done
#13 unpacking to docker.io/bench/bench-dpumesh:latest done
#13 DONE 0.0s
docker.io/bench/bench-dpumesh:latest
docker.io/bench/bench dpumesh:latest    	saved	
application/vnd.oci.image.index.v1+json sha256:49979fc5ce454bcc83252921df15f5ffdba6bc6e697e921f2b66ab33e8092a00
Importing	elapsed: 0.5 s	total:   0.0 B	(0.0 B/s)	
#0 building with "default" instance using docker driver

#1 [internal] load build definition from echo_dpumesh.Dockerfile
#1 transferring dockerfile: 731B done
#1 DONE 0.0s

#2 [internal] load metadata for docker.io/library/ubuntu:22.04
#2 DONE 0.3s

#3 [internal] load .dockerignore
#3 transferring context: 2B done
#3 DONE 0.0s

#4 [1/8] FROM docker.io/library/ubuntu:22.04@sha256:3b06811b2afd352be909dd088a004166d665dc76d38b13eada33522a9d915c6f
#4 resolve docker.io/library/ubuntu:22.04@sha256:3b06811b2afd352be909dd088a004166d665dc76d38b13eada33522a9d915c6f done
#4 DONE 0.0s

#5 [internal] load build context
#5 transferring context: 37.98kB done
#5 DONE 0.0s

#6 [6/8] COPY bench/k8s/registry /etc/dpumesh/registry
#6 CACHED

#7 [7/8] COPY bench/docker/numa-entrypoint.sh /usr/local/bin/numa-entrypoint.sh
#7 CACHED

#8 [3/8] COPY build/bin/echo_dpumesh /usr/local/bin/echo_dpumesh
#8 CACHED

#9 [4/8] COPY doca-libs/ /usr/local/lib/
#9 CACHED

#10 [5/8] COPY build/lib/libdpumesh.so.4 /usr/local/lib/
#10 CACHED

#11 [2/8] RUN apt-get update &&     DEBIAN_FRONTEND=noninteractive apt-get install -y       ca-certificates       libibverbs1       libnl-3-200       libnl-route-3-200       libyaml-0-2       libsasl2-2       numactl       openssl &&     rm -rf /var/lib/apt/lists/*
#11 CACHED

#12 [8/8] RUN ldconfig
#12 CACHED

#13 exporting to image
#13 exporting layers done
#13 exporting manifest sha256:e8e5d0a651a1167dccdbcb07cd48c27d4c13b200c27d237f44b9624989b4fdb0 done
#13 exporting config sha256:2c959b97e814272bd09933bb0faae63f5e703e85c139eefa68df311a1edadefa done
#13 exporting attestation manifest sha256:7b7e4bedf9728ab5fb942b4b6eb0ec67e2c6ff2f958d607157aa96d1e672f4ac 0.0s done
#13 exporting manifest list sha256:6be52a78afb032f6e95fde68aea9639fe51a70daab09eb5fa187f754d9b92f81
#13 exporting manifest list sha256:6be52a78afb032f6e95fde68aea9639fe51a70daab09eb5fa187f754d9b92f81 done
#13 naming to docker.io/bench/echo-dpumesh:latest done
#13 unpacking to docker.io/bench/echo-dpumesh:latest done
#13 DONE 0.0s
docker.io/bench/echo-dpumesh:latest
docker.io/bench/echo dpumesh:latest     	saved	
application/vnd.oci.image.index.v1+json sha256:6be52a78afb032f6e95fde68aea9639fe51a70daab09eb5fa187f754d9b92f81
Importing	elapsed: 0.5 s	total:   0.0 B	(0.0 B/s)	
#0 building with "default" instance using docker driver

#1 [internal] load build definition from loopback_dpumesh.Dockerfile
#1 transferring dockerfile: 747B done
#1 DONE 0.0s

#2 [internal] load metadata for docker.io/library/ubuntu:22.04
#2 DONE 0.3s

#3 [internal] load .dockerignore
#3 transferring context: 2B done
#3 DONE 0.0s

#4 [1/8] FROM docker.io/library/ubuntu:22.04@sha256:3b06811b2afd352be909dd088a004166d665dc76d38b13eada33522a9d915c6f
#4 resolve docker.io/library/ubuntu:22.04@sha256:3b06811b2afd352be909dd088a004166d665dc76d38b13eada33522a9d915c6f done
#4 DONE 0.0s

#5 [internal] load build context
#5 transferring context: 51.39kB done
#5 DONE 0.0s

#6 [3/8] COPY build/bin/loopback_dpumesh /usr/local/bin/loopback_dpumesh
#6 CACHED

#7 [6/8] COPY bench/k8s/registry /etc/dpumesh/registry
#7 CACHED

#8 [7/8] COPY bench/docker/numa-entrypoint.sh /usr/local/bin/numa-entrypoint.sh
#8 CACHED

#9 [4/8] COPY doca-libs/ /usr/local/lib/
#9 CACHED

#10 [2/8] RUN apt-get update &&     DEBIAN_FRONTEND=noninteractive apt-get install -y       ca-certificates       libibverbs1       libnl-3-200       libnl-route-3-200       libyaml-0-2       libsasl2-2       numactl       openssl &&     rm -rf /var/lib/apt/lists/*
#10 CACHED

#11 [5/8] COPY build/lib/libdpumesh.so.4 /usr/local/lib/
#11 CACHED

#12 [8/8] RUN ldconfig
#12 CACHED

#13 exporting to image
#13 exporting layers done
#13 exporting manifest sha256:d25b1e68584928cbd5b8dbba6a63d158ac917c703b2bac9d17c71d522b68291a done
#13 exporting config sha256:9d22822b2e25d4077ac49033e4828eb71aba74ce649af69ef4ef5b3e71d245e1 done
#13 exporting attestation manifest sha256:53e4ef09418bf898c1da2e21750a37a9e57f190847a86896ef6adc7802b7f081 0.0s done
#13 exporting manifest list sha256:bfedf7614cd5573e932f23bc1d4390df6f6c15d8c90f55f331124131c61605ff
#13 exporting manifest list sha256:bfedf7614cd5573e932f23bc1d4390df6f6c15d8c90f55f331124131c61605ff done
#13 naming to docker.io/bench/loopback-dpumesh:latest done
#13 unpacking to docker.io/bench/loopback-dpumesh:latest done
#13 DONE 0.0s
docker.io/bench/loopback-dpumesh:latest
docker.io/bench/loopback dpumesh:latest 	saved	
application/vnd.oci.image.index.v1+json sha256:bfedf7614cd5573e932f23bc1d4390df6f6c15d8c90f55f331124131c61605ff
Importing	elapsed: 0.5 s	total:   0.0 B	(0.0 B/s)	
#0 building with "default" instance using docker driver

#1 [internal] load build definition from verbs_dpumesh.Dockerfile
#1 transferring dockerfile: 735B done
#1 DONE 0.0s

#2 [internal] load metadata for docker.io/library/ubuntu:22.04
#2 DONE 0.3s

#3 [internal] load .dockerignore
#3 transferring context: 2B done
#3 DONE 0.0s

#4 [1/8] FROM docker.io/library/ubuntu:22.04@sha256:3b06811b2afd352be909dd088a004166d665dc76d38b13eada33522a9d915c6f
#4 resolve docker.io/library/ubuntu:22.04@sha256:3b06811b2afd352be909dd088a004166d665dc76d38b13eada33522a9d915c6f done
#4 DONE 0.0s

#5 [internal] load build context
#5 transferring context: 56.72kB done
#5 DONE 0.0s

#6 [7/8] COPY bench/docker/numa-entrypoint.sh /usr/local/bin/numa-entrypoint.sh
#6 CACHED

#7 [4/8] COPY doca-libs/ /usr/local/lib/
#7 CACHED

#8 [6/8] COPY bench/k8s/registry /etc/dpumesh/registry
#8 CACHED

#9 [3/8] COPY build/bin/verbs_dpumesh /usr/local/bin/verbs_dpumesh
#9 CACHED

#10 [5/8] COPY build/lib/libdpumesh.so.4 /usr/local/lib/
#10 CACHED

#11 [2/8] RUN apt-get update &&     DEBIAN_FRONTEND=noninteractive apt-get install -y       ca-certificates       libibverbs1       libnl-3-200       libnl-route-3-200       libyaml-0-2       libsasl2-2       numactl       openssl &&     rm -rf /var/lib/apt/lists/*
#11 CACHED

#12 [8/8] RUN ldconfig
#12 CACHED

#13 exporting to image
#13 exporting layers done
#13 exporting manifest sha256:c797ae174b50a954b422a2f7ab5c42601fdee8e1a954d5f0ce208b7324ec9966 done
#13 exporting config sha256:ca104d70eea65d2a888e7045964d53402029eb7abae9eed52673311b299500d9 done
#13 exporting attestation manifest sha256:8f7a60ea1d1f75ec4503b1d61edfee17fe2df57e9b38d30b31e046c640e00f43 0.0s done
#13 exporting manifest list sha256:8f85b5a8136e7b443860ae1da586acf42a57f8e515bcd57f226b955aa6aad0fa
#13 exporting manifest list sha256:8f85b5a8136e7b443860ae1da586acf42a57f8e515bcd57f226b955aa6aad0fa done
#13 naming to docker.io/bench/verbs-dpumesh:latest done
#13 unpacking to docker.io/bench/verbs-dpumesh:latest done
#13 DONE 0.0s
docker.io/bench/verbs-dpumesh:latest
docker.io/bench/verbs dpumesh:latest    	saved	
application/vnd.oci.image.index.v1+json sha256:8f85b5a8136e7b443860ae1da586acf42a57f8e515bcd57f226b955aa6aad0fa
Importing	elapsed: 0.5 s	total:   0.0 B	(0.0 B/s)	
#0 building with "default" instance using docker driver

#1 [internal] load build definition from preload_dpumesh.Dockerfile
#1 DONE 0.0s

#1 [internal] load build definition from preload_dpumesh.Dockerfile
#1 transferring dockerfile: 876B done
#1 DONE 0.0s

#2 [internal] load metadata for docker.io/library/ubuntu:22.04
#2 DONE 0.3s

#3 [internal] load .dockerignore
#3 transferring context: 2B done
#3 DONE 0.0s

#4 [ 1/10] FROM docker.io/library/ubuntu:22.04@sha256:3b06811b2afd352be909dd088a004166d665dc76d38b13eada33522a9d915c6f
#4 resolve docker.io/library/ubuntu:22.04@sha256:3b06811b2afd352be909dd088a004166d665dc76d38b13eada33522a9d915c6f done
#4 DONE 0.0s

#5 [internal] load build context
#5 transferring context: 269.15kB done
#5 DONE 0.0s

#6 [ 3/10] COPY build/bin/preload_runner /usr/local/bin/preload_runner
#6 CACHED

#7 [ 4/10] COPY build/bin/tcp_echo /usr/local/bin/tcp_echo
#7 CACHED

#8 [ 7/10] COPY doca-libs/ /usr/local/lib/
#8 CACHED

#9 [ 8/10] COPY build/lib/libdpumesh.so.4 /usr/local/lib/
#9 CACHED

#10 [ 2/10] RUN apt-get update &&     DEBIAN_FRONTEND=noninteractive apt-get install -y       ca-certificates       libibverbs1       libnl-3-200       libnl-route-3-200       libyaml-0-2       libsasl2-2       numactl       openssl &&     rm -rf /var/lib/apt/lists/*
#10 CACHED

#11 [ 5/10] COPY build/bin/tcp_client /usr/local/bin/tcp_client
#11 CACHED

#12 [ 6/10] COPY build/lib/libdmesh_preload.so /usr/local/lib/libdmesh_preload.so
#12 CACHED

#13 [ 9/10] COPY bench/docker/numa-entrypoint.sh /usr/local/bin/numa-entrypoint.sh
#13 CACHED

#14 [10/10] RUN ldconfig
#14 CACHED

#15 exporting to image
#15 exporting layers done
#15 exporting manifest sha256:ce065e010ab5afa2fde540eb783aca7ed60e85c7ba0c991542ae2ddfaa2a11c7 done
#15 exporting config sha256:9886e7f0427dd02474f16b47e877a057fa43aef145d9af6ec2f47315847d925e done
#15 exporting attestation manifest sha256:c6de81ca5af662f1b203ea36c94ca901d2ff49a5063f9e02a19be2fa235c5f98 0.0s done
#15 exporting manifest list sha256:29a7c112e074b45ef883ea8646cf760dfdb8aed9cb61f99fff97dfa12f7c0fff
#15 exporting manifest list sha256:29a7c112e074b45ef883ea8646cf760dfdb8aed9cb61f99fff97dfa12f7c0fff done
#15 naming to docker.io/bench/preload-dpumesh:latest done
#15 unpacking to docker.io/bench/preload-dpumesh:latest done
#15 DONE 0.0s
docker.io/bench/preload-dpumesh:latest
docker.io/bench/preload dpumesh:latest  	saved	
application/vnd.oci.image.index.v1+json sha256:29a7c112e074b45ef883ea8646cf760dfdb8aed9cb61f99fff97dfa12f7c0fff
Importing	elapsed: 0.5 s	total:   0.0 B	(0.0 B/s)	
#0 building with "default" instance using docker driver

#1 [internal] load build definition from preload_sock.Dockerfile
#1 transferring dockerfile: 734B done
#1 DONE 0.0s

#2 [internal] load metadata for docker.io/library/ubuntu:22.04
#2 DONE 0.3s

#3 [internal] load .dockerignore
#3 transferring context: 2B done
#3 DONE 0.0s

#4 [ 1/10] FROM docker.io/library/ubuntu:22.04@sha256:3b06811b2afd352be909dd088a004166d665dc76d38b13eada33522a9d915c6f
#4 resolve docker.io/library/ubuntu:22.04@sha256:3b06811b2afd352be909dd088a004166d665dc76d38b13eada33522a9d915c6f done
#4 DONE 0.0s

#5 [internal] load build context
#5 transferring context: 135.93kB done
#5 DONE 0.0s

#6 [ 4/10] COPY build/bin/echo_sock /usr/local/bin/echo_sock
#6 CACHED

#7 [ 9/10] COPY bench/docker/numa-entrypoint.sh /usr/local/bin/numa-entrypoint.sh
#7 CACHED

#8 [ 5/10] COPY build/lib/libdmesh_preload.so /usr/local/lib/libdmesh_preload.so
#8 CACHED

#9 [ 8/10] COPY bench/k8s/registry /etc/dpumesh/registry
#9 CACHED

#10 [ 2/10] RUN apt-get update &&     DEBIAN_FRONTEND=noninteractive apt-get install -y       ca-certificates libibverbs1 libnl-3-200 libnl-route-3-200       libyaml-0-2 libsasl2-2 numactl openssl &&     rm -rf /var/lib/apt/lists/*
#10 CACHED

#11 [ 3/10] COPY build/bin/bench_sock /usr/local/bin/bench_sock
#11 CACHED

#12 [ 6/10] COPY doca-libs/ /usr/local/lib/
#12 CACHED

#13 [ 7/10] COPY build/lib/libdpumesh.so.4 /usr/local/lib/
#13 CACHED

#14 [10/10] RUN ldconfig
#14 CACHED

#15 exporting to image
#15 exporting layers done
#15 exporting manifest sha256:8a6c9b57ca0bb1c183dff075d4cd86a144ecfc62e05489efa799361bc061e541 done
#15 exporting config sha256:a3271b10fc22d298835c42a908048942fb7fd2f407a6cbf364dea9dd8431e676 done
#15 exporting attestation manifest sha256:459d1b2edf20385f20f601516b4917f69b96bb91cabcc0b3ca1ac034647bca7b 0.0s done
#15 exporting manifest list sha256:52f438136bd4988682c25991740a80f2d78b267f5df54b0efa12716ce8ec1da8
#15 exporting manifest list sha256:52f438136bd4988682c25991740a80f2d78b267f5df54b0efa12716ce8ec1da8 done
#15 naming to docker.io/bench/preload-sock:latest done
#15 unpacking to docker.io/bench/preload-sock:latest done
#15 DONE 0.0s
docker.io/bench/preload-sock:latest
docker.io/bench/preload sock:latest     	saved	
application/vnd.oci.image.index.v1+json sha256:52f438136bd4988682c25991740a80f2d78b267f5df54b0efa12716ce8ec1da8
Importing	elapsed: 0.5 s	total:   0.0 B	(0.0 B/s)	
#0 building with "default" instance using docker driver

#1 [internal] load build definition from bench_sock.Dockerfile
#1 transferring dockerfile: 527B done
#1 DONE 0.0s

#2 [internal] load metadata for docker.io/library/ubuntu:22.04
#2 DONE 0.3s

#3 [internal] load .dockerignore
#3 transferring context: 2B done
#3 DONE 0.0s

#4 [internal] load build context
#4 transferring context: 205B done
#4 DONE 0.0s

#5 [1/4] FROM docker.io/library/ubuntu:22.04@sha256:3b06811b2afd352be909dd088a004166d665dc76d38b13eada33522a9d915c6f
#5 resolve docker.io/library/ubuntu:22.04@sha256:3b06811b2afd352be909dd088a004166d665dc76d38b13eada33522a9d915c6f done
#5 DONE 0.0s

#6 [2/4] RUN apt-get update &&     DEBIAN_FRONTEND=noninteractive apt-get install -y ca-certificates numactl &&     rm -rf /var/lib/apt/lists/*
#6 CACHED

#7 [3/4] COPY build/bin/bench_sock /usr/local/bin/bench_sock
#7 CACHED

#8 [4/4] COPY bench/docker/numa-entrypoint.sh /usr/local/bin/numa-entrypoint.sh
#8 CACHED

#9 exporting to image
#9 exporting layers done
#9 exporting manifest sha256:43ad72cd81fa99367f167571f8008ca92d7a02b21be71a8ba585197496e13698 done
#9 exporting config sha256:dd63f955544ea904afeb990dbf55cc4e2d9c9258ea4fdcab1a409b95ab906168 done
#9 exporting attestation manifest sha256:67fb7c2625247936b7c0954d05def2ed8b65f31fc52212a4fb9869933aaf95dc 0.0s done
#9 exporting manifest list sha256:112fb3f280eb64656084d4e21665703bf30f18b77251d31ead75e017287e25eb done
#9 naming to docker.io/bench/bench-tcp:latest done
#9 unpacking to docker.io/bench/bench-tcp:latest done
#9 DONE 0.0s
docker.io/bench/bench-tcp:latest
docker.io/bench/bench tcp:latest        	saved	
application/vnd.oci.image.index.v1+json sha256:112fb3f280eb64656084d4e21665703bf30f18b77251d31ead75e017287e25eb
Importing	elapsed: 0.5 s	total:   0.0 B	(0.0 B/s)	
#0 building with "default" instance using docker driver

#1 [internal] load build definition from echo_sock.Dockerfile
#1 transferring dockerfile: 535B done
#1 DONE 0.0s

#2 [internal] load metadata for docker.io/library/ubuntu:22.04
#2 DONE 0.3s

#3 [internal] load .dockerignore
#3 transferring context: 2B done
#3 DONE 0.0s

#4 [internal] load build context
#4 transferring context: 37.09kB done
#4 DONE 0.0s

#5 [1/4] FROM docker.io/library/ubuntu:22.04@sha256:3b06811b2afd352be909dd088a004166d665dc76d38b13eada33522a9d915c6f
#5 resolve docker.io/library/ubuntu:22.04@sha256:3b06811b2afd352be909dd088a004166d665dc76d38b13eada33522a9d915c6f 0.0s done
#5 DONE 0.0s

#6 [3/4] COPY build/bin/echo_sock /usr/local/bin/echo_sock
#6 CACHED

#7 [2/4] RUN apt-get update &&     DEBIAN_FRONTEND=noninteractive apt-get install -y ca-certificates numactl &&     rm -rf /var/lib/apt/lists/*
#7 CACHED

#8 [4/4] COPY bench/docker/numa-entrypoint.sh /usr/local/bin/numa-entrypoint.sh
#8 CACHED

#9 exporting to image
#9 exporting layers done
#9 exporting manifest sha256:2214c7dd8dbf588c5c7b130ca747161a1e8812e4f94e0bddc2150b488cb6254d done
#9 exporting config sha256:61226f330945e19603175e8542edfa19676a06a0f5b322ce925a2d1db702beea done
#9 exporting attestation manifest sha256:26a6ab75f05a20408ab2b3c1447340ad7e70e9201a9db26bb9e9a7094bbcc3c2 0.0s done
#9 exporting manifest list sha256:78af0857f9be5e7ce7db2519c6dd8e21f5b446096ac1e4c09a08898bd036b3d5 done
#9 naming to docker.io/bench/echo-tcp:latest done
#9 unpacking to docker.io/bench/echo-tcp:latest done
#9 DONE 0.0s
docker.io/bench/echo-tcp:latest
docker.io/bench/echo tcp:latest         	saved	
application/vnd.oci.image.index.v1+json sha256:78af0857f9be5e7ce7db2519c6dd8e21f5b446096ac1e4c09a08898bd036b3d5
Importing	elapsed: 0.5 s	total:   0.0 B	(0.0 B/s)	
#0 building with "default" instance using docker driver

#1 [internal] load build definition from bench_grpc.Dockerfile
#1 transferring dockerfile: 1.17kB done
#1 DONE 0.0s

#2 [internal] load metadata for docker.io/library/ubuntu:22.04
#2 DONE 0.3s

#3 [internal] load .dockerignore
#3 transferring context: 2B done
#3 DONE 0.0s

#4 [1/8] FROM docker.io/library/ubuntu:22.04@sha256:3b06811b2afd352be909dd088a004166d665dc76d38b13eada33522a9d915c6f
#4 resolve docker.io/library/ubuntu:22.04@sha256:3b06811b2afd352be909dd088a004166d665dc76d38b13eada33522a9d915c6f done
#4 DONE 0.0s

#5 [internal] load build context
#5 transferring context: 25.12MB 0.1s done
#5 DONE 0.1s

#6 [6/8] COPY bench/k8s/registry /etc/dpumesh/registry
#6 CACHED

#7 [7/8] COPY bench/docker/numa-entrypoint.sh /usr/local/bin/numa-entrypoint.sh
#7 CACHED

#8 [2/8] RUN apt-get update &&     DEBIAN_FRONTEND=noninteractive apt-get install -y       ca-certificates       libibverbs1       libnl-3-200       libnl-route-3-200       libyaml-0-2       libsasl2-2       numactl       openssl       libasan6       libubsan1 &&     rm -rf /var/lib/apt/lists/*
#8 CACHED

#9 [4/8] COPY doca-libs/ /usr/local/lib/
#9 CACHED

#10 [5/8] COPY build/lib/libdpumesh.so.4 /usr/local/lib/
#10 CACHED

#11 [3/8] COPY build/grpc-release/bench_grpc /usr/local/bin/bench_grpc
#11 CACHED

#12 [8/8] RUN ldconfig
#12 CACHED

#13 exporting to image
#13 exporting layers done
#13 exporting manifest sha256:1fe120a58f2242fe77c32fabf55bad368174a9c0f177e24564ff5d765465d6a6 done
#13 exporting config sha256:acbdb882135c2e42b50779847e7ec139d1903512058775040560f1c007127e3c done
#13 exporting attestation manifest sha256:5d4656895683b7ac77fa7c4c543bc48e34c4b8d3ee31d37b5fa780af80288de1 0.0s done
#13 exporting manifest list sha256:d794987537648b44ead7c53ae9238706ef4e4123ea1f4b2a27a2bf58a531de12 done
#13 naming to docker.io/bench/bench-grpc:latest done
#13 unpacking to docker.io/bench/bench-grpc:latest done
#13 DONE 0.0s
docker.io/bench/bench-grpc:latest
docker.io/bench/bench grpc:latest       	saved	
application/vnd.oci.image.index.v1+json sha256:d794987537648b44ead7c53ae9238706ef4e4123ea1f4b2a27a2bf58a531de12
Importing	elapsed: 0.7 s	total:   0.0 B	(0.0 B/s)	
#0 building with "default" instance using docker driver

#1 [internal] load build definition from echo_grpc.Dockerfile
#1 DONE 0.0s

#1 [internal] load build definition from echo_grpc.Dockerfile
#1 transferring dockerfile: 1.09kB done
#1 DONE 0.0s

#2 [internal] load metadata for docker.io/library/ubuntu:22.04
#2 DONE 0.3s

#3 [internal] load .dockerignore
#3 transferring context: 2B done
#3 DONE 0.0s

#4 [1/8] FROM docker.io/library/ubuntu:22.04@sha256:3b06811b2afd352be909dd088a004166d665dc76d38b13eada33522a9d915c6f
#4 resolve docker.io/library/ubuntu:22.04@sha256:3b06811b2afd352be909dd088a004166d665dc76d38b13eada33522a9d915c6f done
#4 DONE 0.0s

#5 [internal] load build context
#5 transferring context: 21.97MB 0.1s done
#5 DONE 0.1s

#6 [4/8] COPY doca-libs/ /usr/local/lib/
#6 CACHED

#7 [7/8] COPY bench/docker/numa-entrypoint.sh /usr/local/bin/numa-entrypoint.sh
#7 CACHED

#8 [2/8] RUN apt-get update &&     DEBIAN_FRONTEND=noninteractive apt-get install -y       ca-certificates       libibverbs1       libnl-3-200       libnl-route-3-200       libyaml-0-2       libsasl2-2       numactl       openssl       libasan6       libubsan1 &&     rm -rf /var/lib/apt/lists/*
#8 CACHED

#9 [3/8] COPY build/grpc-release/echo_grpc /usr/local/bin/echo_grpc
#9 CACHED

#10 [5/8] COPY build/lib/libdpumesh.so.4 /usr/local/lib/
#10 CACHED

#11 [6/8] COPY bench/k8s/registry /etc/dpumesh/registry
#11 CACHED

#12 [8/8] RUN ldconfig
#12 CACHED

#13 exporting to image
#13 exporting layers done
#13 exporting manifest sha256:5f18b956bf3f6b52e873c92a6d12e9d4e48abd56996cbaa3f259217f8d522bb4 done
#13 exporting config sha256:19b8262fc0b6a5dd5e5ed424c7b25fae53b348c3e1d3693fedfb9465d71b4a50 done
#13 exporting attestation manifest sha256:4c233582fe10936d6fd091db20c89623c93e8f6a7b6bb9650e844d6746b833c2 0.0s done
#13 exporting manifest list sha256:d5f9a211fb35cfb1396e3a5dafb3dacb05ef71ab9a3c9c62cc5df58fed7bcfd3 done
#13 naming to docker.io/bench/echo-grpc:latest done
#13 unpacking to docker.io/bench/echo-grpc:latest done
#13 DONE 0.0s
docker.io/bench/echo-grpc:latest
docker.io/bench/echo grpc:latest        	saved	
application/vnd.oci.image.index.v1+json sha256:d5f9a211fb35cfb1396e3a5dafb3dacb05ef71ab9a3c9c62cc5df58fed7bcfd3
Importing	elapsed: 0.7 s	total:   0.0 B	(0.0 B/s)	
[0;32m[INFO][0m Scope images built and imported to containerd
[0;32m[INFO][0m Building NUMA-aware Envoy image
#0 building with "default" instance using docker driver

#1 [internal] load build definition from envoy_numa.Dockerfile
#1 DONE 0.0s

#1 [internal] load build definition from envoy_numa.Dockerfile
#1 transferring dockerfile: 427B done
#1 DONE 0.0s

#2 [internal] load metadata for docker.io/envoyproxy/envoy:v1.30-latest
#2 DONE 0.0s

#3 [internal] load .dockerignore
#3 transferring context: 2B done
#3 DONE 0.0s

#4 [internal] load build context
#4 transferring context: 110B done
#4 DONE 0.0s

#5 [1/3] FROM docker.io/envoyproxy/envoy:v1.30-latest@sha256:b5cc70f5fe5503858817e897ae1da5d873dc32cbc493790b4e330b8a42c4af9d
#5 resolve docker.io/envoyproxy/envoy:v1.30-latest@sha256:b5cc70f5fe5503858817e897ae1da5d873dc32cbc493790b4e330b8a42c4af9d done
#5 DONE 0.0s

#6 [2/3] RUN apt-get update &&     DEBIAN_FRONTEND=noninteractive apt-get install -y --no-install-recommends       numactl &&     rm -rf /var/lib/apt/lists/*
#6 CACHED

#7 [3/3] COPY bench/docker/numa-entrypoint.sh /usr/local/bin/numa-entrypoint.sh
#7 CACHED

#8 exporting to image
#8 exporting layers done
#8 exporting manifest sha256:f6bddf6a9d57969cb9330370db238078225f3def4fd65097b80090082ff9429e done
#8 exporting config sha256:9c0bc83bcd7c4875f04c4d8cf951a15efeff8ffe464aab576f89d37a38397097 done
#8 exporting attestation manifest sha256:4e7db5e8fb17d68107c9bcae6158662869372f7238f11ef3a0c23a7307f20fa9 0.0s done
#8 exporting manifest list sha256:6ddafffe5db217b41ae989dd067eda9f9e21a395c7acac01313bd56d425c3528
#8 exporting manifest list sha256:6ddafffe5db217b41ae989dd067eda9f9e21a395c7acac01313bd56d425c3528 done
#8 naming to docker.io/bench/envoy-numa:v1.30-latest done
#8 unpacking to docker.io/bench/envoy-numa:v1.30-latest done
#8 DONE 0.0s
docker.io/bench/envoy-numa:v1.30-latest
docker.io/bench/envoy numa:v1.30 latest 	saved	
application/vnd.oci.image.index.v1+json sha256:6ddafffe5db217b41ae989dd067eda9f9e21a395c7acac01313bd56d425c3528
Importing	elapsed: 1.0 s	total:   0.0 B	(0.0 B/s)	
[0;34m[STEP][0m === Starting dpumesh_dpu (l7_decision='' l7_opaque='' l7_full='11' dpa_threads='32' rings_per_pod='8' arm_workers='8') ===
[0;32m[INFO][0m Stopping dpumesh_dpu...
[0;32m[INFO][0m dpumesh_dpu running (PID: 2091990)
[0;34m[STEP][0m === Starting pods (innermost first, scope=all) ===
deployment.apps/echo-dpumesh scaled
deployment.apps/echo-dpumesh scaled
pod/echo-dpumesh-6fbb47b695-fkhxq condition met
[0;32m[INFO][0m echo-dpumesh pod Ready
[0;32m[INFO][0m Waiting for DPUmesh init: echo-dpumesh (DPU pod is data-ready)
[0;32m[INFO][0m echo-dpumesh DPUmesh data-ready
deployment.apps/echo-dpumesh-13 scaled
deployment.apps/echo-dpumesh-13 scaled
pod/echo-dpumesh-13-86c6f8f97b-ffpq2 condition met
[0;32m[INFO][0m echo-dpumesh-13 pod Ready
[0;32m[INFO][0m Waiting for DPUmesh init: echo-dpumesh-13 (DPU pod is data-ready)
[0;32m[INFO][0m echo-dpumesh-13 DPUmesh data-ready
deployment.apps/echo-dpumesh-14 scaled
deployment.apps/echo-dpumesh-14 scaled
pod/echo-dpumesh-14-789dcf897f-jj9t6 condition met
[0;32m[INFO][0m echo-dpumesh-14 pod Ready
[0;32m[INFO][0m Waiting for DPUmesh init: echo-dpumesh-14 (DPU pod is data-ready)
[0;32m[INFO][0m echo-dpumesh-14 DPUmesh data-ready
deployment.apps/bench-dpumesh scaled
deployment.apps/bench-dpumesh scaled
pod/bench-dpumesh-9dfc6ddf7-5z92x condition met
[0;32m[INFO][0m bench-dpumesh pod Ready
[0;32m[INFO][0m Waiting for DPUmesh init: bench-dpumesh (DPU pod is data-ready)
[0;32m[INFO][0m bench-dpumesh DPUmesh data-ready
deployment.apps/bench-dpumesh-2 scaled
deployment.apps/bench-dpumesh-2 scaled
pod/bench-dpumesh-2-76f5485ccb-d8dwj condition met
[0;32m[INFO][0m bench-dpumesh-2 pod Ready
[0;32m[INFO][0m Waiting for DPUmesh init: bench-dpumesh-2 (DPU pod is data-ready)
[0;32m[INFO][0m bench-dpumesh-2 DPUmesh data-ready
deployment.apps/bench-dpumesh-3 scaled
deployment.apps/bench-dpumesh-3 scaled
pod/bench-dpumesh-3-7d8c6ddb5c-hrds7 condition met
[0;32m[INFO][0m bench-dpumesh-3 pod Ready
[0;32m[INFO][0m Waiting for DPUmesh init: bench-dpumesh-3 (DPU pod is data-ready)
[0;32m[INFO][0m bench-dpumesh-3 DPUmesh data-ready
deployment.apps/loopback-dpumesh scaled
deployment.apps/loopback-dpumesh scaled
pod/loopback-dpumesh-69d9db7f45-gwjvb condition met
[0;32m[INFO][0m loopback-dpumesh pod Ready
[0;32m[INFO][0m Waiting for DPUmesh init: loopback-dpumesh (DPU pod is data-ready)
[0;32m[INFO][0m loopback-dpumesh DPUmesh data-ready
deployment.apps/preload-dpumesh scaled
deployment.apps/preload-dpumesh scaled
pod/preload-dpumesh-58d44ff4d7-pcxcf condition met
[0;32m[INFO][0m preload-dpumesh pod Ready
[0;32m[INFO][0m Waiting for DPUmesh init: preload-dpumesh (DPU pod is data-ready)
[0;32m[INFO][0m preload-dpumesh DPUmesh data-ready
deployment.apps/preload-echo scaled
deployment.apps/preload-echo scaled
pod/preload-echo-ffd6ffccd-mhqbt condition met
[0;32m[INFO][0m preload-echo pod Ready
[0;32m[INFO][0m Waiting for DPUmesh init: preload-echo (DPU pod is data-ready)
[0;32m[INFO][0m preload-echo DPUmesh data-ready
deployment.apps/preload-bench scaled
deployment.apps/preload-bench scaled
pod/preload-bench-665cc5c884-9tlw5 condition met
[0;32m[INFO][0m preload-bench pod Ready
deployment.apps/verbs-dpumesh scaled
deployment.apps/verbs-dpumesh scaled
pod/verbs-dpumesh-6564d99f74-msdch condition met
[0;32m[INFO][0m verbs-dpumesh pod Ready
[0;32m[INFO][0m Waiting for DPUmesh init: verbs-dpumesh (DPU pod is data-ready)
[0;32m[INFO][0m verbs-dpumesh DPUmesh data-ready
deployment.apps/echo-tcp-strict scaled
deployment.apps/echo-tcp-strict scaled
pod/echo-tcp-strict-7d69765b5b-tv7p9 condition met
[0;32m[INFO][0m echo-tcp-strict pod Ready
deployment.apps/bench-tcp-strict scaled
deployment.apps/bench-tcp-strict scaled
pod/bench-tcp-strict-b678c66b7-46lpn condition met
[0;32m[INFO][0m bench-tcp-strict pod Ready
deployment.apps/echo-tcp scaled
deployment.apps/echo-tcp scaled
pod/echo-tcp-6b7d6d46f6-s6tnn condition met
[0;32m[INFO][0m echo-tcp pod Ready
deployment.apps/bench-tcp scaled
deployment.apps/bench-tcp scaled
pod/bench-tcp-7b8dc7b6f7-b5xjl condition met
[0;32m[INFO][0m bench-tcp pod Ready
[0;34m[STEP][0m === Pinning pods to dedicated cores (taskset, profile=fair) ===
[0;32m[INFO][0m CPU governor=performance, fixed 2.5 GHz on cores 18-35
[0;32m[INFO][0m bench-dpumesh → core(s) 18 (pod=2bab7d46625b45ba5959276de1c7688cbfc5f63c21dc3677921ce4e0b2ff9bf6)
[0;32m[INFO][0m   bench-dpumesh (PID 1812769) → 18
[0;32m[INFO][0m bench-dpumesh-2 → core(s) 27 (pod=0cfa715c951d34e7dcaa8dc88b1f775b31ff1bb35d0df7aea6691b1a68aafe3d)
[0;32m[INFO][0m   bench-dpumesh-2 (PID 1813016) → 27
[0;32m[INFO][0m bench-dpumesh-3 → core(s) 28 (pod=540793c765cfaa190325fa672e18f5ee288613a6ef086a9ec54a6869194afce4)
[0;32m[INFO][0m   bench-dpumesh-3 (PID 1813272) → 28
[0;32m[INFO][0m echo-dpumesh → core(s) 19 (pod=4f4cbc059ce13421a46b589de9d270b60f11b711e203eed7d36f834dff062416)
[0;32m[INFO][0m   echo-dpumesh (PID 1811726) → 19
[0;32m[INFO][0m echo-dpumesh-13 → core(s) 24 (pod=8e6392cef766a7a23937eeae98d920d0b1872dc4b2b5275bd217c58661189de9)
[0;32m[INFO][0m   echo-dpumesh-13 (PID 1812237) → 24
[0;32m[INFO][0m echo-dpumesh-14 → core(s) 25 (pod=aec9d4d59685187f0a366f2b2f303b98a66b3c1a452de9e99a427378528f6b61)
[0;32m[INFO][0m   echo-dpumesh-14 (PID 1812514) → 25
[0;32m[INFO][0m loopback-dpumesh → core(s) 22,23 (pod=a67f949f7e55691a60647b67e0625c8fdcba58c9847542e67acc1ba030afd6f1)
[0;32m[INFO][0m   loopback-dpumesh (PID 1813983) → 22,23
[0;32m[INFO][0m verbs-dpumesh → core(s) 22,23 (pod=d087c552da7f9de93756e5b767f8517afba83b72ac0b7b8f6f1170d9b798c469)
[0;32m[INFO][0m   verbs-dpumesh (PID 1815104) → 22,23
[0;32m[INFO][0m preload-dpumesh → core(s) 22,23 (pod=ff35a7a0ee37eae45c7ed767eca42dcaf94449ef97f9bedd5c1956dd5f209248)
[0;32m[INFO][0m   preload-dpumesh (PID 1814273) → 22,23
[0;32m[INFO][0m preload-echo → core(s) 22,23 (pod=318214afb0d48eb0734f506dace7516ecfa713887df29dda5c241fefd23f4dc4)
[0;32m[INFO][0m   preload-echo (PID 1814562) → 22,23
[0;32m[INFO][0m preload-bench → core(s) 22,23 (pod=f40dfe11ca0696002520aa848b3ab9ae1a298152e4af93a12200e0c36375d6ae)
[0;32m[INFO][0m   preload-bench (PID 1814832) → 22,23
[0;32m[INFO][0m bench-tcp → core(s) 20 (pod=18dbd2bc51cf305ba692b49e4fd4dbefda21c15d7714c5be5550218fd020a45f)
[0;32m[INFO][0m   sidecar1 (PID 1816457) → 20
[0;32m[INFO][0m   bench-tcp (PID 1816433) → 20
[0;32m[INFO][0m echo-tcp → core(s) 21 (pod=3ac7932d452dcac0646d1ca477fdb9b86a90a958dcaa790386b5d3caf7e875c4)
[0;32m[INFO][0m   sidecar2 (PID 1816110) → 21
[0;32m[INFO][0m   echo-tcp (PID 1816085) → 21
[0;32m[INFO][0m Pinning done
[0;32m[INFO][0m === Deploy complete ===
  Run:  ./bench/bench.sh latency|bandwidth|rate|all [dpumesh|tcp|both]
        ./bench/bench.sh loopback|verbs|preload ...   (validators)
  Re-pin:  ./bench/bench.sh pin [fair|l4|hw|hw3|hw6]
