[0;32m[INFO][0m Host NUMA: PCI 94:00.0 -> node 1, benchmark cores 18-35
secret/envoy-mtls configured
[0;32m[INFO][0m Envoy benchmark mTLS Secret ready
[0;34m[STEP][0m === Applying K8s manifest (replicas=0) ===
deployment.apps/bench-dpumesh configured
service/bench-dpumesh unchanged
deployment.apps/bench-dpumesh-2 configured
deployment.apps/bench-dpumesh-3 configured
deployment.apps/echo-dpumesh configured
deployment.apps/echo-dpumesh-13 configured
deployment.apps/echo-dpumesh-14 configured
deployment.apps/loopback-dpumesh configured
service/loopback-dpumesh unchanged
deployment.apps/verbs-dpumesh configured
service/verbs-dpumesh unchanged
deployment.apps/preload-dpumesh configured
service/preload-dpumesh unchanged
deployment.apps/preload-echo configured
deployment.apps/preload-bench configured
service/preload-bench unchanged
service/preload-sock unchanged
deployment.apps/bench-tcp configured
service/bench-tcp unchanged
deployment.apps/echo-tcp configured
service/echo-tcp unchanged
deployment.apps/bench-tcp-strict configured
service/bench-tcp-strict unchanged
deployment.apps/echo-tcp-strict configured
service/echo-tcp-strict unchanged
configmap/sidecar1-config unchanged
configmap/sidecar2-config unchanged
configmap/strict-client-config unchanged
configmap/strict-server-config unchanged
deployment.apps/bench-grpc-dpumesh unchanged
service/bench-grpc-dpumesh unchanged
deployment.apps/echo-grpc-dpumesh unchanged
service/echo-grpc-dpumesh unchanged
deployment.apps/bench-grpc-envoy unchanged
service/bench-grpc-envoy unchanged
deployment.apps/echo-grpc-envoy unchanged
service/echo-grpc-envoy unchanged
deployment.apps/bench-grpc-tcp unchanged
service/bench-grpc-tcp unchanged
deployment.apps/echo-grpc-tcp unchanged
service/echo-grpc-tcp unchanged
configmap/grpc-sidecar1-config unchanged
deployment.apps/bench-grpc-envoy-strict unchanged
service/bench-grpc-envoy-strict unchanged
deployment.apps/echo-grpc-envoy-strict unchanged
service/echo-grpc-envoy-strict unchanged
configmap/grpc-strict-client-config unchanged
[0;32m[INFO][0m K8s resources applied (linkerd=0)
[0;34m[STEP][0m === Syncing sources to DPU (jukebox@192.168.100.2:~/DPUmesh) ===
sending incremental file list
buffer.c
buffer.h
build_dpacc.sh
comch_client.c
comch_client.h
comch_common.c
comch_common.h
comch_msgq.c
comch_msgq.h
comch_server.c
comch_server.h
common.c
common.h
config.c
config.h
dpa.c
dpa.h
dpa_common.h
dpa_resource_config.yaml
dpu_main.c
dpu_proxy.c
dpu_proxy.h
dpu_worker.c
dpu_worker.h
meson.build
meson_options.txt
object.c
object.h
ring.c
ring.h
device/dpa_kernel.c

sent 2,145 bytes  received 4,106 bytes  12,502.00 bytes/sec
total size is 395,991  speedup is 63.35
sending incremental file list
dpumesh/dmesh.h
dpumesh/dmesh_common.h
dpumesh/dmesh_topology.h

sent 296 bytes  received 186 bytes  321.33 bytes/sec
total size is 11,720  speedup is 24.32
sending incremental file list
dmesh_l7.h

sent 135 bytes  received 93 bytes  456.00 bytes/sec
total size is 5,623  speedup is 24.66
sending incremental file list
l7_null.c

sent 133 bytes  received 189 bytes  214.67 bytes/sec
total size is 17,491  speedup is 54.32
[0;32m[INFO][0m Source sync complete
[0;34m[STEP][0m === Building on DPU (ninja) ===
[0;32m[INFO][0m DPU build OK (buildtype=debugoptimized, recompiled 14 C objects)
[0;34m[STEP][0m === Building host libdpumesh.so (make lib) ===
make: Entering directory '/home/jukebox/DPUmesh'
make: Leaving directory '/home/jukebox/DPUmesh'
[0;32m[INFO][0m Host build OK (/home/jukebox/DPUmesh/build/lib/libdpumesh.so)
[0;34m[STEP][0m === Building bench/validator binaries (make bench) ===
make: Entering directory '/home/jukebox/DPUmesh'
make: Leaving directory '/home/jukebox/DPUmesh'
[0;32m[INFO][0m Bench binaries built (/home/jukebox/DPUmesh/build/bin + /home/jukebox/DPUmesh/build/lib/libdmesh_preload.so)
[0;34m[STEP][0m === Building gRPC bench apps (bench_grpc, echo_grpc; server=release) ===
[0;32m[INFO][0m gRPC apps built (build/grpc-release/bench_grpc, build/grpc-release/echo_grpc)
[0;34m[STEP][0m === Building Docker images (scope=all) ===
#0 building with "default" instance using docker driver

#1 [internal] load build definition from bench_dpumesh.Dockerfile
#1 DONE 0.0s

#1 [internal] load build definition from bench_dpumesh.Dockerfile
#1 transferring dockerfile: 747B done
#1 DONE 0.0s

#2 [internal] load metadata for docker.io/library/ubuntu:22.04
#2 DONE 0.7s

#3 [internal] load .dockerignore
#3 transferring context: 2B done
#3 DONE 0.0s

#4 [1/8] FROM docker.io/library/ubuntu:22.04@sha256:3b06811b2afd352be909dd088a004166d665dc76d38b13eada33522a9d915c6f
#4 resolve docker.io/library/ubuntu:22.04@sha256:3b06811b2afd352be909dd088a004166d665dc76d38b13eada33522a9d915c6f 0.0s done
#4 DONE 0.0s

#5 [internal] load build context
#5 transferring context: 3.76MB 0.0s done
#5 DONE 0.0s

#6 [3/8] COPY build/bin/bench_dpumesh /usr/local/bin/bench_dpumesh
#6 CACHED

#7 [7/8] COPY bench/docker/numa-entrypoint.sh /usr/local/bin/numa-entrypoint.sh
#7 CACHED

#8 [4/8] COPY doca-libs/ /usr/local/lib/
#8 CACHED

#9 [5/8] COPY build/lib/libdpumesh.so.4 /usr/local/lib/
#9 CACHED

#10 [6/8] COPY bench/k8s/registry /etc/dpumesh/registry
#10 CACHED

#11 [2/8] RUN apt-get update &&     DEBIAN_FRONTEND=noninteractive apt-get install -y       ca-certificates       libibverbs1       libnl-3-200       libnl-route-3-200       libyaml-0-2       libsasl2-2       numactl       openssl &&     rm -rf /var/lib/apt/lists/*
#11 CACHED

#12 [8/8] RUN ldconfig
#12 CACHED

#13 exporting to image
#13 exporting layers done
#13 exporting manifest sha256:ecb8999de77d4831cba440d3f8beb5046b27caba19f9298869404d1055d5b3a6 done
#13 exporting config sha256:461619a53efe661b6a50441a1200d74fb0ec8d07b0b6b7138e1d23adea0e68f2 done
#13 exporting attestation manifest sha256:5baaaa74d9ac02d66da17fcfa0172d2949fdb658dcac4afe478fd4780bb106e2 0.0s done
#13 exporting manifest list sha256:3d90e7b16ac05006f039232832c23c9b7782f0aa7006c9168eae2fedb712ba1e done
#13 naming to docker.io/bench/bench-dpumesh:latest done
#13 unpacking to docker.io/bench/bench-dpumesh:latest done
#13 DONE 0.0s
docker.io/bench/bench-dpumesh:latest
docker.io/bench/bench dpumesh:latest    	saved	
application/vnd.oci.image.index.v1+json sha256:3d90e7b16ac05006f039232832c23c9b7782f0aa7006c9168eae2fedb712ba1e
Importing	elapsed: 0.5 s	total:   0.0 B	(0.0 B/s)	
#0 building with "default" instance using docker driver

#1 [internal] load build definition from echo_dpumesh.Dockerfile
#1 DONE 0.0s

#1 [internal] load build definition from echo_dpumesh.Dockerfile
#1 transferring dockerfile: 731B done
#1 DONE 0.0s

#2 [internal] load metadata for docker.io/library/ubuntu:22.04
#2 DONE 0.3s

#3 [internal] load .dockerignore
#3 transferring context: 2B done
#3 DONE 0.0s

#4 [1/8] FROM docker.io/library/ubuntu:22.04@sha256:3b06811b2afd352be909dd088a004166d665dc76d38b13eada33522a9d915c6f
#4 resolve docker.io/library/ubuntu:22.04@sha256:3b06811b2afd352be909dd088a004166d665dc76d38b13eada33522a9d915c6f done
#4 DONE 0.0s

#5 [internal] load build context
#5 transferring context: 37.98kB done
#5 DONE 0.0s

#6 [3/8] COPY build/bin/echo_dpumesh /usr/local/bin/echo_dpumesh
#6 CACHED

#7 [2/8] RUN apt-get update &&     DEBIAN_FRONTEND=noninteractive apt-get install -y       ca-certificates       libibverbs1       libnl-3-200       libnl-route-3-200       libyaml-0-2       libsasl2-2       numactl       openssl &&     rm -rf /var/lib/apt/lists/*
#7 CACHED

#8 [5/8] COPY build/lib/libdpumesh.so.4 /usr/local/lib/
#8 CACHED

#9 [6/8] COPY bench/k8s/registry /etc/dpumesh/registry
#9 CACHED

#10 [7/8] COPY bench/docker/numa-entrypoint.sh /usr/local/bin/numa-entrypoint.sh
#10 CACHED

#11 [4/8] COPY doca-libs/ /usr/local/lib/
#11 CACHED

#12 [8/8] RUN ldconfig
#12 CACHED

#13 exporting to image
#13 exporting layers done
#13 exporting manifest sha256:e8e5d0a651a1167dccdbcb07cd48c27d4c13b200c27d237f44b9624989b4fdb0 done
#13 exporting config sha256:2c959b97e814272bd09933bb0faae63f5e703e85c139eefa68df311a1edadefa done
#13 exporting attestation manifest sha256:f2df130df7b4382e32943341ea6880eb5f0acab183e5f77ef9ef4d393e7c2bb3 0.0s done
#13 exporting manifest list sha256:154197aa88d6b2e6b5f4ce934311ce762003f2b2686e5a311c408aabf48f9f1d
#13 exporting manifest list sha256:154197aa88d6b2e6b5f4ce934311ce762003f2b2686e5a311c408aabf48f9f1d done
#13 naming to docker.io/bench/echo-dpumesh:latest done
#13 unpacking to docker.io/bench/echo-dpumesh:latest done
#13 DONE 0.0s
docker.io/bench/echo-dpumesh:latest
docker.io/bench/echo dpumesh:latest     	saved	
application/vnd.oci.image.index.v1+json sha256:154197aa88d6b2e6b5f4ce934311ce762003f2b2686e5a311c408aabf48f9f1d
Importing	elapsed: 0.5 s	total:   0.0 B	(0.0 B/s)	
#0 building with "default" instance using docker driver

#1 [internal] load build definition from loopback_dpumesh.Dockerfile
#1 DONE 0.0s

#1 [internal] load build definition from loopback_dpumesh.Dockerfile
#1 transferring dockerfile: 747B done
#1 DONE 0.0s

#2 [internal] load metadata for docker.io/library/ubuntu:22.04
#2 DONE 0.3s

#3 [internal] load .dockerignore
#3 transferring context: 2B done
#3 DONE 0.0s

#4 [1/8] FROM docker.io/library/ubuntu:22.04@sha256:3b06811b2afd352be909dd088a004166d665dc76d38b13eada33522a9d915c6f
#4 resolve docker.io/library/ubuntu:22.04@sha256:3b06811b2afd352be909dd088a004166d665dc76d38b13eada33522a9d915c6f done
#4 DONE 0.0s

#5 [internal] load build context
#5 transferring context: 51.39kB done
#5 DONE 0.0s

#6 [4/8] COPY doca-libs/ /usr/local/lib/
#6 CACHED

#7 [5/8] COPY build/lib/libdpumesh.so.4 /usr/local/lib/
#7 CACHED

#8 [7/8] COPY bench/docker/numa-entrypoint.sh /usr/local/bin/numa-entrypoint.sh
#8 CACHED

#9 [6/8] COPY bench/k8s/registry /etc/dpumesh/registry
#9 CACHED

#10 [2/8] RUN apt-get update &&     DEBIAN_FRONTEND=noninteractive apt-get install -y       ca-certificates       libibverbs1       libnl-3-200       libnl-route-3-200       libyaml-0-2       libsasl2-2       numactl       openssl &&     rm -rf /var/lib/apt/lists/*
#10 CACHED

#11 [3/8] COPY build/bin/loopback_dpumesh /usr/local/bin/loopback_dpumesh
#11 CACHED

#12 [8/8] RUN ldconfig
#12 CACHED

#13 exporting to image
#13 exporting layers done
#13 exporting manifest sha256:d25b1e68584928cbd5b8dbba6a63d158ac917c703b2bac9d17c71d522b68291a done
#13 exporting config sha256:9d22822b2e25d4077ac49033e4828eb71aba74ce649af69ef4ef5b3e71d245e1 done
#13 exporting attestation manifest sha256:94e71e7f73868caf8665045219cdbd3126e7590aa506b604c2f4e02b6c578d6c 0.0s done
#13 exporting manifest list sha256:e8d487dc8cf709c77303c39ff6728f9ef71f4aae48439f4860f63d675ed453ea done
#13 naming to docker.io/bench/loopback-dpumesh:latest
#13 naming to docker.io/bench/loopback-dpumesh:latest done
#13 unpacking to docker.io/bench/loopback-dpumesh:latest done
#13 DONE 0.0s
docker.io/bench/loopback-dpumesh:latest
docker.io/bench/loopback dpumesh:latest 	saved	
application/vnd.oci.image.index.v1+json sha256:e8d487dc8cf709c77303c39ff6728f9ef71f4aae48439f4860f63d675ed453ea
Importing	elapsed: 0.5 s	total:   0.0 B	(0.0 B/s)	
#0 building with "default" instance using docker driver

#1 [internal] load build definition from verbs_dpumesh.Dockerfile
#1 transferring dockerfile: 735B done
#1 DONE 0.0s

#2 [internal] load metadata for docker.io/library/ubuntu:22.04
#2 DONE 0.3s

#3 [internal] load .dockerignore
#3 transferring context: 2B done
#3 DONE 0.0s

#4 [1/8] FROM docker.io/library/ubuntu:22.04@sha256:3b06811b2afd352be909dd088a004166d665dc76d38b13eada33522a9d915c6f
#4 resolve docker.io/library/ubuntu:22.04@sha256:3b06811b2afd352be909dd088a004166d665dc76d38b13eada33522a9d915c6f done
#4 DONE 0.0s

#5 [internal] load build context
#5 transferring context: 56.72kB done
#5 DONE 0.0s

#6 [2/8] RUN apt-get update &&     DEBIAN_FRONTEND=noninteractive apt-get install -y       ca-certificates       libibverbs1       libnl-3-200       libnl-route-3-200       libyaml-0-2       libsasl2-2       numactl       openssl &&     rm -rf /var/lib/apt/lists/*
#6 CACHED

#7 [5/8] COPY build/lib/libdpumesh.so.4 /usr/local/lib/
#7 CACHED

#8 [7/8] COPY bench/docker/numa-entrypoint.sh /usr/local/bin/numa-entrypoint.sh
#8 CACHED

#9 [3/8] COPY build/bin/verbs_dpumesh /usr/local/bin/verbs_dpumesh
#9 CACHED

#10 [4/8] COPY doca-libs/ /usr/local/lib/
#10 CACHED

#11 [6/8] COPY bench/k8s/registry /etc/dpumesh/registry
#11 CACHED

#12 [8/8] RUN ldconfig
#12 CACHED

#13 exporting to image
#13 exporting layers done
#13 exporting manifest sha256:c797ae174b50a954b422a2f7ab5c42601fdee8e1a954d5f0ce208b7324ec9966 done
#13 exporting config sha256:ca104d70eea65d2a888e7045964d53402029eb7abae9eed52673311b299500d9 done
#13 exporting attestation manifest sha256:2186ec62451c39f7832ddcec8bdcea549b40d83859af1b7de8ac610833145fea 0.0s done
#13 exporting manifest list sha256:57b5ded3ba3a6665fe8311fd3404afa7ca71c6a357b3779c325b5778c407ab48
#13 exporting manifest list sha256:57b5ded3ba3a6665fe8311fd3404afa7ca71c6a357b3779c325b5778c407ab48 done
#13 naming to docker.io/bench/verbs-dpumesh:latest done
#13 unpacking to docker.io/bench/verbs-dpumesh:latest done
#13 DONE 0.0s
docker.io/bench/verbs-dpumesh:latest
docker.io/bench/verbs dpumesh:latest    	saved	
application/vnd.oci.image.index.v1+json sha256:57b5ded3ba3a6665fe8311fd3404afa7ca71c6a357b3779c325b5778c407ab48
Importing	elapsed: 0.5 s	total:   0.0 B	(0.0 B/s)	
#0 building with "default" instance using docker driver

#1 [internal] load build definition from preload_dpumesh.Dockerfile
#1 transferring dockerfile: 876B done
#1 DONE 0.0s

#2 [internal] load metadata for docker.io/library/ubuntu:22.04
#2 DONE 0.3s

#3 [internal] load .dockerignore
#3 transferring context: 2B done
#3 DONE 0.0s

#4 [ 1/10] FROM docker.io/library/ubuntu:22.04@sha256:3b06811b2afd352be909dd088a004166d665dc76d38b13eada33522a9d915c6f
#4 resolve docker.io/library/ubuntu:22.04@sha256:3b06811b2afd352be909dd088a004166d665dc76d38b13eada33522a9d915c6f done
#4 DONE 0.0s

#5 [internal] load build context
#5 transferring context: 269.15kB done
#5 DONE 0.0s

#6 [ 2/10] RUN apt-get update &&     DEBIAN_FRONTEND=noninteractive apt-get install -y       ca-certificates       libibverbs1       libnl-3-200       libnl-route-3-200       libyaml-0-2       libsasl2-2       numactl       openssl &&     rm -rf /var/lib/apt/lists/*
#6 CACHED

#7 [ 8/10] COPY build/lib/libdpumesh.so.4 /usr/local/lib/
#7 CACHED

#8 [ 4/10] COPY build/bin/tcp_echo /usr/local/bin/tcp_echo
#8 CACHED

#9 [ 7/10] COPY doca-libs/ /usr/local/lib/
#9 CACHED

#10 [ 9/10] COPY bench/docker/numa-entrypoint.sh /usr/local/bin/numa-entrypoint.sh
#10 CACHED

#11 [ 5/10] COPY build/bin/tcp_client /usr/local/bin/tcp_client
#11 CACHED

#12 [ 6/10] COPY build/lib/libdmesh_preload.so /usr/local/lib/libdmesh_preload.so
#12 CACHED

#13 [ 3/10] COPY build/bin/preload_runner /usr/local/bin/preload_runner
#13 CACHED

#14 [10/10] RUN ldconfig
#14 CACHED

#15 exporting to image
#15 exporting layers done
#15 exporting manifest sha256:ce065e010ab5afa2fde540eb783aca7ed60e85c7ba0c991542ae2ddfaa2a11c7 done
#15 exporting config sha256:9886e7f0427dd02474f16b47e877a057fa43aef145d9af6ec2f47315847d925e done
#15 exporting attestation manifest sha256:3ea5535eb06440e8e86d12556477443869afd9e828bfe55dd596efbd962bc509 0.0s done
#15 exporting manifest list sha256:49d72fcc3dd2e50056ef6d7de63a194bc4542072ce7078fc2825faad6c16b31a
#15 exporting manifest list sha256:49d72fcc3dd2e50056ef6d7de63a194bc4542072ce7078fc2825faad6c16b31a done
#15 naming to docker.io/bench/preload-dpumesh:latest done
#15 unpacking to docker.io/bench/preload-dpumesh:latest done
#15 DONE 0.0s
docker.io/bench/preload-dpumesh:latest
docker.io/bench/preload dpumesh:latest  	saved	
application/vnd.oci.image.index.v1+json sha256:49d72fcc3dd2e50056ef6d7de63a194bc4542072ce7078fc2825faad6c16b31a
Importing	elapsed: 0.5 s	total:   0.0 B	(0.0 B/s)	
#0 building with "default" instance using docker driver

#1 [internal] load build definition from preload_sock.Dockerfile
#1 transferring dockerfile: 734B done
#1 DONE 0.0s

#2 [internal] load metadata for docker.io/library/ubuntu:22.04
#2 DONE 0.3s

#3 [internal] load .dockerignore
#3 transferring context: 2B done
#3 DONE 0.0s

#4 [ 1/10] FROM docker.io/library/ubuntu:22.04@sha256:3b06811b2afd352be909dd088a004166d665dc76d38b13eada33522a9d915c6f
#4 resolve docker.io/library/ubuntu:22.04@sha256:3b06811b2afd352be909dd088a004166d665dc76d38b13eada33522a9d915c6f done
#4 DONE 0.0s

#5 [internal] load build context
#5 transferring context: 135.93kB done
#5 DONE 0.0s

#6 [ 2/10] RUN apt-get update &&     DEBIAN_FRONTEND=noninteractive apt-get install -y       ca-certificates libibverbs1 libnl-3-200 libnl-route-3-200       libyaml-0-2 libsasl2-2 numactl openssl &&     rm -rf /var/lib/apt/lists/*
#6 CACHED

#7 [ 5/10] COPY build/lib/libdmesh_preload.so /usr/local/lib/libdmesh_preload.so
#7 CACHED

#8 [ 9/10] COPY bench/docker/numa-entrypoint.sh /usr/local/bin/numa-entrypoint.sh
#8 CACHED

#9 [ 4/10] COPY build/bin/echo_sock /usr/local/bin/echo_sock
#9 CACHED

#10 [ 6/10] COPY doca-libs/ /usr/local/lib/
#10 CACHED

#11 [ 7/10] COPY build/lib/libdpumesh.so.4 /usr/local/lib/
#11 CACHED

#12 [ 8/10] COPY bench/k8s/registry /etc/dpumesh/registry
#12 CACHED

#13 [ 3/10] COPY build/bin/bench_sock /usr/local/bin/bench_sock
#13 CACHED

#14 [10/10] RUN ldconfig
#14 CACHED

#15 exporting to image
#15 exporting layers done
#15 exporting manifest sha256:8a6c9b57ca0bb1c183dff075d4cd86a144ecfc62e05489efa799361bc061e541 done
#15 exporting config sha256:a3271b10fc22d298835c42a908048942fb7fd2f407a6cbf364dea9dd8431e676 done
#15 exporting attestation manifest sha256:f85c5cfc57ae9396ecee86599967a546cdb80d45bfa8a4939cd2ce12e7d6e823 0.0s done
#15 exporting manifest list sha256:7ff93092b49f0cf4efe07518383c94b83d90c0e31285c70c54baa1a8baea7e72
#15 exporting manifest list sha256:7ff93092b49f0cf4efe07518383c94b83d90c0e31285c70c54baa1a8baea7e72 done
#15 naming to docker.io/bench/preload-sock:latest done
#15 unpacking to docker.io/bench/preload-sock:latest done
#15 DONE 0.0s
docker.io/bench/preload-sock:latest
docker.io/bench/preload sock:latest     	saved	
application/vnd.oci.image.index.v1+json sha256:7ff93092b49f0cf4efe07518383c94b83d90c0e31285c70c54baa1a8baea7e72
Importing	elapsed: 0.5 s	total:   0.0 B	(0.0 B/s)	
#0 building with "default" instance using docker driver

#1 [internal] load build definition from bench_sock.Dockerfile
#1 transferring dockerfile: 527B done
#1 DONE 0.0s

#2 [internal] load metadata for docker.io/library/ubuntu:22.04
#2 DONE 0.3s

#3 [internal] load .dockerignore
#3 transferring context: 2B done
#3 DONE 0.0s

#4 [internal] load build context
#4 transferring context: 205B done
#4 DONE 0.0s

#5 [1/4] FROM docker.io/library/ubuntu:22.04@sha256:3b06811b2afd352be909dd088a004166d665dc76d38b13eada33522a9d915c6f
#5 resolve docker.io/library/ubuntu:22.04@sha256:3b06811b2afd352be909dd088a004166d665dc76d38b13eada33522a9d915c6f 0.0s done
#5 DONE 0.0s

#6 [2/4] RUN apt-get update &&     DEBIAN_FRONTEND=noninteractive apt-get install -y ca-certificates numactl &&     rm -rf /var/lib/apt/lists/*
#6 CACHED

#7 [3/4] COPY build/bin/bench_sock /usr/local/bin/bench_sock
#7 CACHED

#8 [4/4] COPY bench/docker/numa-entrypoint.sh /usr/local/bin/numa-entrypoint.sh
#8 CACHED

#9 exporting to image
#9 exporting layers done
#9 exporting manifest sha256:43ad72cd81fa99367f167571f8008ca92d7a02b21be71a8ba585197496e13698 done
#9 exporting config sha256:dd63f955544ea904afeb990dbf55cc4e2d9c9258ea4fdcab1a409b95ab906168 done
#9 exporting attestation manifest sha256:329897603778494ca36bca0affaa3fb1aef452ac566784ae14e1058404775189 0.0s done
#9 exporting manifest list sha256:bffdaf3604546e8c0f60ef5d53a4ea713b0a9baec4dfcece3cee99b5a2c4c3c9 done
#9 naming to docker.io/bench/bench-tcp:latest done
#9 unpacking to docker.io/bench/bench-tcp:latest done
#9 DONE 0.0s
docker.io/bench/bench-tcp:latest
docker.io/bench/bench tcp:latest        	saved	
application/vnd.oci.image.index.v1+json sha256:bffdaf3604546e8c0f60ef5d53a4ea713b0a9baec4dfcece3cee99b5a2c4c3c9
Importing	elapsed: 0.5 s	total:   0.0 B	(0.0 B/s)	
#0 building with "default" instance using docker driver

#1 [internal] load build definition from echo_sock.Dockerfile
#1 transferring dockerfile: 535B done
#1 DONE 0.0s

#2 [internal] load metadata for docker.io/library/ubuntu:22.04
#2 DONE 0.3s

#3 [internal] load .dockerignore
#3 transferring context: 2B done
#3 DONE 0.0s

#4 [internal] load build context
#4 transferring context: 37.09kB done
#4 DONE 0.0s

#5 [1/4] FROM docker.io/library/ubuntu:22.04@sha256:3b06811b2afd352be909dd088a004166d665dc76d38b13eada33522a9d915c6f
#5 resolve docker.io/library/ubuntu:22.04@sha256:3b06811b2afd352be909dd088a004166d665dc76d38b13eada33522a9d915c6f done
#5 DONE 0.0s

#6 [2/4] RUN apt-get update &&     DEBIAN_FRONTEND=noninteractive apt-get install -y ca-certificates numactl &&     rm -rf /var/lib/apt/lists/*
#6 CACHED

#7 [3/4] COPY build/bin/echo_sock /usr/local/bin/echo_sock
#7 CACHED

#8 [4/4] COPY bench/docker/numa-entrypoint.sh /usr/local/bin/numa-entrypoint.sh
#8 CACHED

#9 exporting to image
#9 exporting layers done
#9 exporting manifest sha256:2214c7dd8dbf588c5c7b130ca747161a1e8812e4f94e0bddc2150b488cb6254d done
#9 exporting config sha256:61226f330945e19603175e8542edfa19676a06a0f5b322ce925a2d1db702beea done
#9 exporting attestation manifest sha256:1e0c14beb43481231fd78dc25a0c0241cbc6551c26db8bf14a27195b6181f804 0.0s done
#9 exporting manifest list sha256:c8ee5f3ab56c8f5654fe7ccfde4ce380c1bb96a514a9aa3a14bce16f39b367c9 done
#9 naming to docker.io/bench/echo-tcp:latest done
#9 unpacking to docker.io/bench/echo-tcp:latest done
#9 DONE 0.0s
docker.io/bench/echo-tcp:latest
docker.io/bench/echo tcp:latest         	saved	
application/vnd.oci.image.index.v1+json sha256:c8ee5f3ab56c8f5654fe7ccfde4ce380c1bb96a514a9aa3a14bce16f39b367c9
Importing	elapsed: 0.5 s	total:   0.0 B	(0.0 B/s)	
#0 building with "default" instance using docker driver

#1 [internal] load build definition from bench_grpc.Dockerfile
#1 transferring dockerfile: 1.17kB done
#1 DONE 0.0s

#2 [internal] load metadata for docker.io/library/ubuntu:22.04
#2 DONE 0.3s

#3 [internal] load .dockerignore
#3 transferring context: 2B done
#3 DONE 0.0s

#4 [1/8] FROM docker.io/library/ubuntu:22.04@sha256:3b06811b2afd352be909dd088a004166d665dc76d38b13eada33522a9d915c6f
#4 resolve docker.io/library/ubuntu:22.04@sha256:3b06811b2afd352be909dd088a004166d665dc76d38b13eada33522a9d915c6f done
#4 DONE 0.0s

#5 [internal] load build context
#5 transferring context: 25.12MB 0.1s done
#5 DONE 0.1s

#6 [3/8] COPY build/grpc-release/bench_grpc /usr/local/bin/bench_grpc
#6 CACHED

#7 [4/8] COPY doca-libs/ /usr/local/lib/
#7 CACHED

#8 [5/8] COPY build/lib/libdpumesh.so.4 /usr/local/lib/
#8 CACHED

#9 [6/8] COPY bench/k8s/registry /etc/dpumesh/registry
#9 CACHED

#10 [2/8] RUN apt-get update &&     DEBIAN_FRONTEND=noninteractive apt-get install -y       ca-certificates       libibverbs1       libnl-3-200       libnl-route-3-200       libyaml-0-2       libsasl2-2       numactl       openssl       libasan6       libubsan1 &&     rm -rf /var/lib/apt/lists/*
#10 CACHED

#11 [7/8] COPY bench/docker/numa-entrypoint.sh /usr/local/bin/numa-entrypoint.sh
#11 CACHED

#12 [8/8] RUN ldconfig
#12 CACHED

#13 exporting to image
#13 exporting layers done
#13 exporting manifest sha256:1fe120a58f2242fe77c32fabf55bad368174a9c0f177e24564ff5d765465d6a6 done
#13 exporting config sha256:acbdb882135c2e42b50779847e7ec139d1903512058775040560f1c007127e3c done
#13 exporting attestation manifest sha256:13a75d140fbc987f270d5eb712f6e86a4b895a05c6fce91132b510fa1b4c5b5e 0.0s done
#13 exporting manifest list sha256:ceca9a648238d8d644db396953e07cd1f6b5fc1eadab8ebd14c9f65348f0a196 done
#13 naming to docker.io/bench/bench-grpc:latest done
#13 unpacking to docker.io/bench/bench-grpc:latest done
#13 DONE 0.0s
docker.io/bench/bench-grpc:latest
docker.io/bench/bench grpc:latest       	saved	
application/vnd.oci.image.index.v1+json sha256:ceca9a648238d8d644db396953e07cd1f6b5fc1eadab8ebd14c9f65348f0a196
Importing	elapsed: 0.7 s	total:   0.0 B	(0.0 B/s)	
#0 building with "default" instance using docker driver

#1 [internal] load build definition from echo_grpc.Dockerfile
#1 transferring dockerfile: 1.09kB done
#1 DONE 0.0s

#2 [internal] load metadata for docker.io/library/ubuntu:22.04
#2 DONE 0.3s

#3 [internal] load .dockerignore
#3 transferring context: 2B done
#3 DONE 0.0s

#4 [1/8] FROM docker.io/library/ubuntu:22.04@sha256:3b06811b2afd352be909dd088a004166d665dc76d38b13eada33522a9d915c6f
#4 resolve docker.io/library/ubuntu:22.04@sha256:3b06811b2afd352be909dd088a004166d665dc76d38b13eada33522a9d915c6f done
#4 DONE 0.0s

#5 [internal] load build context
#5 transferring context: 21.97MB 0.1s done
#5 DONE 0.1s

#6 [4/8] COPY doca-libs/ /usr/local/lib/
#6 CACHED

#7 [5/8] COPY build/lib/libdpumesh.so.4 /usr/local/lib/
#7 CACHED

#8 [6/8] COPY bench/k8s/registry /etc/dpumesh/registry
#8 CACHED

#9 [2/8] RUN apt-get update &&     DEBIAN_FRONTEND=noninteractive apt-get install -y       ca-certificates       libibverbs1       libnl-3-200       libnl-route-3-200       libyaml-0-2       libsasl2-2       numactl       openssl       libasan6       libubsan1 &&     rm -rf /var/lib/apt/lists/*
#9 CACHED

#10 [3/8] COPY build/grpc-release/echo_grpc /usr/local/bin/echo_grpc
#10 CACHED

#11 [7/8] COPY bench/docker/numa-entrypoint.sh /usr/local/bin/numa-entrypoint.sh
#11 CACHED

#12 [8/8] RUN ldconfig
#12 CACHED

#13 exporting to image
#13 exporting layers done
#13 exporting manifest sha256:5f18b956bf3f6b52e873c92a6d12e9d4e48abd56996cbaa3f259217f8d522bb4 done
#13 exporting config sha256:19b8262fc0b6a5dd5e5ed424c7b25fae53b348c3e1d3693fedfb9465d71b4a50 done
#13 exporting attestation manifest sha256:673a0a54295a47ac1b3f58260dacf4a5ff046b4abf3370154193e55a120b9b2f 0.0s done
#13 exporting manifest list sha256:da76df80734455627e06d9b60fac78e1fb1ebbb6e6ef5d15a052aabeec5ee7e7 done
#13 naming to docker.io/bench/echo-grpc:latest done
#13 unpacking to docker.io/bench/echo-grpc:latest done
#13 DONE 0.0s
docker.io/bench/echo-grpc:latest
docker.io/bench/echo grpc:latest        	saved	
application/vnd.oci.image.index.v1+json sha256:da76df80734455627e06d9b60fac78e1fb1ebbb6e6ef5d15a052aabeec5ee7e7
Importing	elapsed: 0.7 s	total:   0.0 B	(0.0 B/s)	
[0;32m[INFO][0m Scope images built and imported to containerd
[0;32m[INFO][0m Building NUMA-aware Envoy image
#0 building with "default" instance using docker driver

#1 [internal] load build definition from envoy_numa.Dockerfile
#1 DONE 0.0s

#1 [internal] load build definition from envoy_numa.Dockerfile
#1 transferring dockerfile: 427B done
#1 DONE 0.0s

#2 [internal] load metadata for docker.io/envoyproxy/envoy:v1.30-latest
#2 DONE 0.0s

#3 [internal] load .dockerignore
#3 transferring context: 2B done
#3 DONE 0.0s

#4 [internal] load build context
#4 transferring context: 110B done
#4 DONE 0.0s

#5 [1/3] FROM docker.io/envoyproxy/envoy:v1.30-latest@sha256:b5cc70f5fe5503858817e897ae1da5d873dc32cbc493790b4e330b8a42c4af9d
#5 resolve docker.io/envoyproxy/envoy:v1.30-latest@sha256:b5cc70f5fe5503858817e897ae1da5d873dc32cbc493790b4e330b8a42c4af9d 0.0s done
#5 DONE 0.0s

#6 [2/3] RUN apt-get update &&     DEBIAN_FRONTEND=noninteractive apt-get install -y --no-install-recommends       numactl &&     rm -rf /var/lib/apt/lists/*
#6 CACHED

#7 [3/3] COPY bench/docker/numa-entrypoint.sh /usr/local/bin/numa-entrypoint.sh
#7 CACHED

#8 exporting to image
#8 exporting layers done
#8 exporting manifest sha256:f6bddf6a9d57969cb9330370db238078225f3def4fd65097b80090082ff9429e done
#8 exporting config sha256:9c0bc83bcd7c4875f04c4d8cf951a15efeff8ffe464aab576f89d37a38397097 done
#8 exporting attestation manifest sha256:1a6787ef473512479e6c6bf02cf36265d080e0c5ba6509ce19959c54f6df0d1a 0.0s done
#8 exporting manifest list sha256:5f2cf7c1505c4b0d26f0df713491139b0bb872798fbbd2686d736c6e80fa276c done
#8 naming to docker.io/bench/envoy-numa:v1.30-latest
#8 naming to docker.io/bench/envoy-numa:v1.30-latest done
#8 unpacking to docker.io/bench/envoy-numa:v1.30-latest done
#8 DONE 0.1s
docker.io/bench/envoy-numa:v1.30-latest
docker.io/bench/envoy numa:v1.30 latest 	saved	
application/vnd.oci.image.index.v1+json sha256:5f2cf7c1505c4b0d26f0df713491139b0bb872798fbbd2686d736c6e80fa276c
Importing	elapsed: 1.0 s	total:   0.0 B	(0.0 B/s)	
[0;34m[STEP][0m === Starting dpumesh_dpu (l7_decision='' l7_opaque='' l7_full='11' dpa_threads='32' rings_per_pod='8' arm_workers='8') ===
[0;32m[INFO][0m Stopping dpumesh_dpu...
[0;32m[INFO][0m dpumesh_dpu running (PID: 2082641)
[0;34m[STEP][0m === Starting pods (innermost first, scope=all) ===
deployment.apps/echo-dpumesh scaled
deployment.apps/echo-dpumesh scaled
pod/echo-dpumesh-6fbb47b695-k4bbg condition met
[0;32m[INFO][0m echo-dpumesh pod Ready
[0;32m[INFO][0m Waiting for DPUmesh init: echo-dpumesh (DPU pod is data-ready)
[0;32m[INFO][0m echo-dpumesh DPUmesh data-ready
deployment.apps/echo-dpumesh-13 scaled
deployment.apps/echo-dpumesh-13 scaled
pod/echo-dpumesh-13-86c6f8f97b-dsxxm condition met
[0;32m[INFO][0m echo-dpumesh-13 pod Ready
[0;32m[INFO][0m Waiting for DPUmesh init: echo-dpumesh-13 (DPU pod is data-ready)
[0;32m[INFO][0m echo-dpumesh-13 DPUmesh data-ready
deployment.apps/echo-dpumesh-14 scaled
deployment.apps/echo-dpumesh-14 scaled
pod/echo-dpumesh-14-789dcf897f-9nqn7 condition met
[0;32m[INFO][0m echo-dpumesh-14 pod Ready
[0;32m[INFO][0m Waiting for DPUmesh init: echo-dpumesh-14 (DPU pod is data-ready)
[0;32m[INFO][0m echo-dpumesh-14 DPUmesh data-ready
deployment.apps/bench-dpumesh scaled
deployment.apps/bench-dpumesh scaled
pod/bench-dpumesh-9dfc6ddf7-q5mcn condition met
[0;32m[INFO][0m bench-dpumesh pod Ready
[0;32m[INFO][0m Waiting for DPUmesh init: bench-dpumesh (DPU pod is data-ready)
[0;32m[INFO][0m bench-dpumesh DPUmesh data-ready
deployment.apps/bench-dpumesh-2 scaled
deployment.apps/bench-dpumesh-2 scaled
pod/bench-dpumesh-2-76f5485ccb-btrgp condition met
[0;32m[INFO][0m bench-dpumesh-2 pod Ready
[0;32m[INFO][0m Waiting for DPUmesh init: bench-dpumesh-2 (DPU pod is data-ready)
[0;32m[INFO][0m bench-dpumesh-2 DPUmesh data-ready
deployment.apps/bench-dpumesh-3 scaled
deployment.apps/bench-dpumesh-3 scaled
pod/bench-dpumesh-3-7d8c6ddb5c-dvq58 condition met
[0;32m[INFO][0m bench-dpumesh-3 pod Ready
[0;32m[INFO][0m Waiting for DPUmesh init: bench-dpumesh-3 (DPU pod is data-ready)
[0;32m[INFO][0m bench-dpumesh-3 DPUmesh data-ready
deployment.apps/loopback-dpumesh scaled
deployment.apps/loopback-dpumesh scaled
pod/loopback-dpumesh-69d9db7f45-7hbzj condition met
[0;32m[INFO][0m loopback-dpumesh pod Ready
[0;32m[INFO][0m Waiting for DPUmesh init: loopback-dpumesh (DPU pod is data-ready)
[0;32m[INFO][0m loopback-dpumesh DPUmesh data-ready
deployment.apps/preload-dpumesh scaled
deployment.apps/preload-dpumesh scaled
pod/preload-dpumesh-58d44ff4d7-xpqbs condition met
[0;32m[INFO][0m preload-dpumesh pod Ready
[0;32m[INFO][0m Waiting for DPUmesh init: preload-dpumesh (DPU pod is data-ready)
[0;32m[INFO][0m preload-dpumesh DPUmesh data-ready
deployment.apps/preload-echo scaled
deployment.apps/preload-echo scaled
pod/preload-echo-ffd6ffccd-vrh75 condition met
[0;32m[INFO][0m preload-echo pod Ready
[0;32m[INFO][0m Waiting for DPUmesh init: preload-echo (DPU pod is data-ready)
[0;32m[INFO][0m preload-echo DPUmesh data-ready
deployment.apps/preload-bench scaled
deployment.apps/preload-bench scaled
pod/preload-bench-665cc5c884-6hvwt condition met
[0;32m[INFO][0m preload-bench pod Ready
deployment.apps/verbs-dpumesh scaled
deployment.apps/verbs-dpumesh scaled
pod/verbs-dpumesh-6564d99f74-frgbn condition met
[0;32m[INFO][0m verbs-dpumesh pod Ready
[0;32m[INFO][0m Waiting for DPUmesh init: verbs-dpumesh (DPU pod is data-ready)
[0;32m[INFO][0m verbs-dpumesh DPUmesh data-ready
deployment.apps/echo-tcp-strict scaled
deployment.apps/echo-tcp-strict scaled
pod/echo-tcp-strict-7d69765b5b-t7qkh condition met
[0;32m[INFO][0m echo-tcp-strict pod Ready
deployment.apps/bench-tcp-strict scaled
deployment.apps/bench-tcp-strict scaled
pod/bench-tcp-strict-b678c66b7-5h2tg condition met
[0;32m[INFO][0m bench-tcp-strict pod Ready
deployment.apps/echo-tcp scaled
deployment.apps/echo-tcp scaled
pod/echo-tcp-6b7d6d46f6-jlc67 condition met
[0;32m[INFO][0m echo-tcp pod Ready
deployment.apps/bench-tcp scaled
deployment.apps/bench-tcp scaled
pod/bench-tcp-7b8dc7b6f7-x5sm9 condition met
[0;32m[INFO][0m bench-tcp pod Ready
[0;34m[STEP][0m === Pinning pods to dedicated cores (taskset, profile=fair) ===
[0;32m[INFO][0m CPU governor=performance, fixed 2.5 GHz on cores 18-35
[0;32m[INFO][0m bench-dpumesh → core(s) 18 (pod=8af3707ef00a234b680e93f25bc24698695d5b6463aea08a27d96fbf400780f2)
[0;32m[INFO][0m   bench-dpumesh (PID 1741801) → 18
[0;32m[INFO][0m bench-dpumesh-2 → core(s) 27 (pod=b131d24ff4eabbcc551e025bbc2a25f23eb4cbb46f2c84886668efb1c48b5693)
[0;32m[INFO][0m   bench-dpumesh-2 (PID 1742046) → 27
[0;32m[INFO][0m bench-dpumesh-3 → core(s) 28 (pod=f7a57eeecb957c92d64dc3173ac046dfec8424fdb2e9b41f855cb8e5a0096c07)
[0;32m[INFO][0m   bench-dpumesh-3 (PID 1742326) → 28
[0;32m[INFO][0m echo-dpumesh → core(s) 19 (pod=b0efb3cd5108f66fe805188c38815556143c61b6d6f0d0e49562dd3841050dfb)
[0;32m[INFO][0m   echo-dpumesh (PID 1740807) → 19
[0;32m[INFO][0m echo-dpumesh-13 → core(s) 24 (pod=e0aa79954198b3b38ddb5e95fcf1e777f168782120c2b60b58b7b789fd74861b)
[0;32m[INFO][0m   echo-dpumesh-13 (PID 1741304) → 24
[0;32m[INFO][0m echo-dpumesh-14 → core(s) 25 (pod=f57285e570d05ae88303a3078a53b5bfc7adb47ea935190e1d4319eaccb2f02c)
[0;32m[INFO][0m   echo-dpumesh-14 (PID 1741549) → 25
[0;32m[INFO][0m loopback-dpumesh → core(s) 22,23 (pod=64375f43d1f9a315d0d5528186ab8966ce20fb3939adfd0dc4777d9b8d0c5893)
[0;32m[INFO][0m   loopback-dpumesh (PID 1742631) → 22,23
[0;32m[INFO][0m verbs-dpumesh → core(s) 22,23 (pod=7b622e4674bbfd15a0dd84cc509b0abb416ad84ca660fd20dd06658e6a1a3811)
[0;32m[INFO][0m   verbs-dpumesh (PID 1743678) → 22,23
[0;32m[INFO][0m preload-dpumesh → core(s) 22,23 (pod=88704e78b1b6a3d8fec04a3a1603cf389c74a6aaaf6cb65e33bb89b0456402b3)
[0;32m[INFO][0m   preload-dpumesh (PID 1742897) → 22,23
[0;32m[INFO][0m preload-echo → core(s) 22,23 (pod=c87f2f84e72fd53cc3c3238435ca561201e6eda8733505d3539bef6ab0f434de)
[0;32m[INFO][0m   preload-echo (PID 1743197) → 22,23
[0;32m[INFO][0m preload-bench → core(s) 22,23 (pod=90a15bc8f608b9b8e821da37f8b9bcd72a10420a11e865dbacde0dbe1e720250)
[0;32m[INFO][0m   preload-bench (PID 1743433) → 22,23
[0;32m[INFO][0m bench-tcp → core(s) 20 (pod=3b583999358fa358a4dc857f7bf009785929d2a698991c593b5e2dfe0c6be40f)
[0;32m[INFO][0m   sidecar1 (PID 1745126) → 20
[0;32m[INFO][0m   bench-tcp (PID 1745102) → 20
[0;32m[INFO][0m echo-tcp → core(s) 21 (pod=c874ca180f43c76a14f5c0333a98338dc7ef76f89ac0b20f01e6e9c57582a666)
[0;32m[INFO][0m   sidecar2 (PID 1744728) → 21
[0;32m[INFO][0m   echo-tcp (PID 1744704) → 21
[0;32m[INFO][0m Pinning done
[0;32m[INFO][0m === Deploy complete ===
  Run:  /home/jukebox/DPUmesh/bench/bench.sh latency|bandwidth|rate|all [dpumesh|tcp|both]
        /home/jukebox/DPUmesh/bench/bench.sh loopback|verbs|preload ...   (validators)
  Re-pin:  /home/jukebox/DPUmesh/bench/bench.sh pin [fair|l4|hw|hw3|hw6]
