[0;34m[l4][0m output=/home/jukebox/DPUmesh/bench/report/data/l4-20260728-020955
[0;34m[l4][0m planned: load=324 idle=12 calibration=12 perf_replays=12 timed_windows~58.0min
[sudo] password for jukebox: [0;34m[l4][0m deploying canonical L4 stack: N/K/A=32/8/8, local NUMA, L7 disabled
[0;32m[INFO][0m Host NUMA: PCI 94:00.0 -> node 1, benchmark cores 18-35
secret/envoy-mtls configured
[0;32m[INFO][0m Envoy benchmark mTLS Secret ready
[0;34m[STEP][0m === Applying K8s manifest (replicas=0) ===
deployment.apps/bench-dpumesh configured
service/bench-dpumesh unchanged
deployment.apps/bench-dpumesh-2 configured
deployment.apps/bench-dpumesh-3 configured
deployment.apps/echo-dpumesh configured
deployment.apps/echo-dpumesh-13 configured
deployment.apps/echo-dpumesh-14 configured
deployment.apps/loopback-dpumesh configured
service/loopback-dpumesh unchanged
deployment.apps/verbs-dpumesh configured
service/verbs-dpumesh unchanged
deployment.apps/stream-dpumesh configured
service/stream-dpumesh unchanged
deployment.apps/preload-dpumesh configured
service/preload-dpumesh unchanged
deployment.apps/preload-echo configured
deployment.apps/preload-bench configured
service/preload-bench unchanged
service/preload-sock unchanged
deployment.apps/bench-tcp configured
service/bench-tcp unchanged
deployment.apps/echo-tcp configured
service/echo-tcp unchanged
deployment.apps/bench-tcp-strict configured
service/bench-tcp-strict unchanged
deployment.apps/echo-tcp-strict configured
service/echo-tcp-strict unchanged
deployment.apps/echo-plain configured
service/echo-plain unchanged
deployment.apps/bench-direct configured
service/bench-direct unchanged
configmap/sidecar1-config unchanged
configmap/sidecar2-config unchanged
configmap/strict-client-config unchanged
configmap/strict-server-config unchanged
[0;32m[INFO][0m K8s resources applied
[0;34m[STEP][0m === Syncing sources to DPU (jukebox@192.168.100.2:~/DPUmesh) ===
sending incremental file list
buffer.c
buffer.h
build_dpacc.sh
comch_client.c
comch_client.h
comch_common.c
comch_common.h
comch_msgq.c
comch_msgq.h
comch_server.c
comch_server.h
common.c
common.h
config.c
config.h
dpa.c
dpa.h
dpa_common.h
dpa_resource_config.yaml
dpu_l7.c
dpu_l7.h
dpu_main.c
dpu_proxy.c
dpu_proxy.h
dpu_worker.c
dpu_worker.h
meson.build
object.c
object.h
ring.c
ring.h
device/dpa_kernel.c

sent 2,196 bytes  received 3,929 bytes  12,250.00 bytes/sec
total size is 373,325  speedup is 60.95
sending incremental file list
dpumesh/dmesh.h
dpumesh/dmesh_common.h
dpumesh/dmesh_topology.h

sent 296 bytes  received 170 bytes  932.00 bytes/sec
total size is 10,586  speedup is 22.72
[0;32m[INFO][0m Source sync complete
[0;34m[STEP][0m === Building on DPU (ninja) ===
[0;32m[INFO][0m DPU build OK (buildtype=debugoptimized, recompiled 14 C objects)
[0;34m[STEP][0m === Building host libdpumesh.so (make lib) ===
make: Entering directory '/home/jukebox/DPUmesh'
make: Leaving directory '/home/jukebox/DPUmesh'
[0;32m[INFO][0m Host build OK (/home/jukebox/DPUmesh/build/lib/libdpumesh.so)
[0;34m[STEP][0m === Building bench/validator binaries (make bench) ===
make: Entering directory '/home/jukebox/DPUmesh'
make: Leaving directory '/home/jukebox/DPUmesh'
[0;32m[INFO][0m Bench binaries built (/home/jukebox/DPUmesh/build/bin + /home/jukebox/DPUmesh/build/lib/libdmesh_preload.so)
[0;34m[STEP][0m === Building Docker images ===
#0 building with "default" instance using docker driver

#1 [internal] load build definition from bench_dpumesh.Dockerfile
#1 transferring dockerfile: 747B done
#1 DONE 0.0s

#2 [internal] load metadata for docker.io/library/ubuntu:22.04
#2 DONE 1.3s

#3 [internal] load .dockerignore
#3 transferring context: 2B done
#3 DONE 0.0s

#4 [1/8] FROM docker.io/library/ubuntu:22.04@sha256:0e0a0fc6d18feda9db1590da249ac93e8d5abfea8f4c3c0c849ce512b5ef8982
#4 resolve docker.io/library/ubuntu:22.04@sha256:0e0a0fc6d18feda9db1590da249ac93e8d5abfea8f4c3c0c849ce512b5ef8982 0.0s done
#4 DONE 0.0s

#5 [internal] load build context
#5 transferring context: 3.68MB 0.0s done
#5 DONE 0.0s

#6 [4/8] COPY doca-libs/ /usr/local/lib/
#6 CACHED

#7 [2/8] RUN apt-get update &&     DEBIAN_FRONTEND=noninteractive apt-get install -y       ca-certificates       libibverbs1       libnl-3-200       libnl-route-3-200       libyaml-0-2       libsasl2-2       numactl       openssl &&     rm -rf /var/lib/apt/lists/*
#7 CACHED

#8 [6/8] COPY bench/k8s/registry /etc/dpumesh/registry
#8 CACHED

#9 [7/8] COPY bench/docker/numa-entrypoint.sh /usr/local/bin/numa-entrypoint.sh
#9 CACHED

#10 [3/8] COPY build/bin/bench_dpumesh /usr/local/bin/bench_dpumesh
#10 CACHED

#11 [5/8] COPY build/lib/libdpumesh.so.4 /usr/local/lib/
#11 CACHED

#12 [8/8] RUN ldconfig
#12 CACHED

#13 exporting to image
#13 exporting layers done
#13 exporting manifest sha256:792425f5c58851fe4244bbd0fe284271db165c0fe8c1a9aad75c0abd1b2658ee done
#13 exporting config sha256:403ab436c4ae0046956fa31364267833a997b8f188b406a6e988ca4f270090b5 done
#13 exporting attestation manifest sha256:5a4b406f76ff87420da7b8a1fe7b992f7279d3dc0b0dce3477ea800fd6fba088 0.0s done
#13 exporting manifest list sha256:1d71da48d7d492099ade3aba9fe69f510d3dbc00db44574d81d32461d991c196 done
#13 naming to docker.io/bench/bench-dpumesh:latest done
#13 unpacking to docker.io/bench/bench-dpumesh:latest done
#13 DONE 0.1s
docker.io/bench/bench-dpumesh:latest
docker.io/bench/bench dpumesh:latest    	saved	
application/vnd.oci.image.index.v1+json sha256:1d71da48d7d492099ade3aba9fe69f510d3dbc00db44574d81d32461d991c196
Importing	elapsed: 0.7 s	total:   0.0 B	(0.0 B/s)	
#0 building with "default" instance using docker driver

#1 [internal] load build definition from echo_dpumesh.Dockerfile
#1 transferring dockerfile: 731B done
#1 DONE 0.0s

#2 [internal] load metadata for docker.io/library/ubuntu:22.04
#2 DONE 0.3s

#3 [internal] load .dockerignore
#3 transferring context: 2B done
#3 DONE 0.0s

#4 [1/8] FROM docker.io/library/ubuntu:22.04@sha256:0e0a0fc6d18feda9db1590da249ac93e8d5abfea8f4c3c0c849ce512b5ef8982
#4 resolve docker.io/library/ubuntu:22.04@sha256:0e0a0fc6d18feda9db1590da249ac93e8d5abfea8f4c3c0c849ce512b5ef8982 0.0s done
#4 DONE 0.0s

#5 [internal] load build context
#5 transferring context: 42.13kB done
#5 DONE 0.0s

#6 [7/8] COPY bench/docker/numa-entrypoint.sh /usr/local/bin/numa-entrypoint.sh
#6 CACHED

#7 [2/8] RUN apt-get update &&     DEBIAN_FRONTEND=noninteractive apt-get install -y       ca-certificates       libibverbs1       libnl-3-200       libnl-route-3-200       libyaml-0-2       libsasl2-2       numactl       openssl &&     rm -rf /var/lib/apt/lists/*
#7 CACHED

#8 [5/8] COPY build/lib/libdpumesh.so.4 /usr/local/lib/
#8 CACHED

#9 [6/8] COPY bench/k8s/registry /etc/dpumesh/registry
#9 CACHED

#10 [3/8] COPY build/bin/echo_dpumesh /usr/local/bin/echo_dpumesh
#10 CACHED

#11 [4/8] COPY doca-libs/ /usr/local/lib/
#11 CACHED

#12 [8/8] RUN ldconfig
#12 CACHED

#13 exporting to image
#13 exporting layers done
#13 exporting manifest sha256:df5066ca8883dd920b2a9f46aeba897eabb03a6fd49ddfdb91aac8861ab93955 done
#13 exporting config sha256:1d52c38bba9a223ef6644719eb119c077137cc2140e435c91fee2b935085b190 done
#13 exporting attestation manifest sha256:6876ee2c9166ff6e7a842b412e4112b9b5f59d3d72634873560867316d17af44 0.0s done
#13 exporting manifest list sha256:c9a5f10872a20fce399f5b43f5e9f472e02dc18d3ebeb0cd2d75aff0e170abc6 done
#13 naming to docker.io/bench/echo-dpumesh:latest done
#13 unpacking to docker.io/bench/echo-dpumesh:latest done
#13 DONE 0.0s
docker.io/bench/echo-dpumesh:latest
docker.io/bench/echo dpumesh:latest     	saved	
application/vnd.oci.image.index.v1+json sha256:c9a5f10872a20fce399f5b43f5e9f472e02dc18d3ebeb0cd2d75aff0e170abc6
Importing	elapsed: 0.6 s	total:   0.0 B	(0.0 B/s)	
#0 building with "default" instance using docker driver

#1 [internal] load build definition from loopback_dpumesh.Dockerfile
#1 transferring dockerfile: 747B done
#1 DONE 0.0s

#2 [internal] load metadata for docker.io/library/ubuntu:22.04
#2 DONE 0.3s

#3 [internal] load .dockerignore
#3 transferring context: 2B done
#3 DONE 0.0s

#4 [1/8] FROM docker.io/library/ubuntu:22.04@sha256:0e0a0fc6d18feda9db1590da249ac93e8d5abfea8f4c3c0c849ce512b5ef8982
#4 resolve docker.io/library/ubuntu:22.04@sha256:0e0a0fc6d18feda9db1590da249ac93e8d5abfea8f4c3c0c849ce512b5ef8982 0.0s done
#4 DONE 0.0s

#5 [internal] load build context
#5 transferring context: 51.37kB done
#5 DONE 0.0s

#6 [6/8] COPY bench/k8s/registry /etc/dpumesh/registry
#6 CACHED

#7 [5/8] COPY build/lib/libdpumesh.so.4 /usr/local/lib/
#7 CACHED

#8 [2/8] RUN apt-get update &&     DEBIAN_FRONTEND=noninteractive apt-get install -y       ca-certificates       libibverbs1       libnl-3-200       libnl-route-3-200       libyaml-0-2       libsasl2-2       numactl       openssl &&     rm -rf /var/lib/apt/lists/*
#8 CACHED

#9 [3/8] COPY build/bin/loopback_dpumesh /usr/local/bin/loopback_dpumesh
#9 CACHED

#10 [4/8] COPY doca-libs/ /usr/local/lib/
#10 CACHED

#11 [7/8] COPY bench/docker/numa-entrypoint.sh /usr/local/bin/numa-entrypoint.sh
#11 CACHED

#12 [8/8] RUN ldconfig
#12 CACHED

#13 exporting to image
#13 exporting layers done
#13 exporting manifest sha256:31f16cecacd1b5db898a20aec6e162057f9b413bb58d5ed61e99ca80c1958fdd done
#13 exporting config sha256:7200c9f5e384daf58bb297cbf2f41c8ed074be0ff95b4b8dbaa70752ff111a56 done
#13 exporting attestation manifest sha256:51e816a2b93b02e80cdf095a56366c2abe57cd3b7e4614406a4b7ed1698ec0d7 0.0s done
#13 exporting manifest list sha256:c91c59f25ca5572d19a7a8955cf4e2053a50a218ca60d011870733e4d6c2c221 done
#13 naming to docker.io/bench/loopback-dpumesh:latest done
#13 unpacking to docker.io/bench/loopback-dpumesh:latest done
#13 DONE 0.0s
docker.io/bench/loopback-dpumesh:latest
docker.io/bench/loopback dpumesh:latest 	saved	
application/vnd.oci.image.index.v1+json sha256:c91c59f25ca5572d19a7a8955cf4e2053a50a218ca60d011870733e4d6c2c221
Importing	elapsed: 0.6 s	total:   0.0 B	(0.0 B/s)	
#0 building with "default" instance using docker driver

#1 [internal] load build definition from stream_dpumesh.Dockerfile
#1 transferring dockerfile: 739B done
#1 DONE 0.0s

#2 [internal] load metadata for docker.io/library/ubuntu:22.04
#2 DONE 0.3s

#3 [internal] load .dockerignore
#3 transferring context: 2B done
#3 DONE 0.0s

#4 [1/8] FROM docker.io/library/ubuntu:22.04@sha256:0e0a0fc6d18feda9db1590da249ac93e8d5abfea8f4c3c0c849ce512b5ef8982
#4 resolve docker.io/library/ubuntu:22.04@sha256:0e0a0fc6d18feda9db1590da249ac93e8d5abfea8f4c3c0c849ce512b5ef8982 0.0s done
#4 DONE 0.0s

#5 [internal] load build context
#5 transferring context: 55.94kB done
#5 DONE 0.0s

#6 [5/8] COPY build/lib/libdpumesh.so.4 /usr/local/lib/
#6 CACHED

#7 [6/8] COPY bench/k8s/registry /etc/dpumesh/registry
#7 CACHED

#8 [7/8] COPY bench/docker/numa-entrypoint.sh /usr/local/bin/numa-entrypoint.sh
#8 CACHED

#9 [2/8] RUN apt-get update &&     DEBIAN_FRONTEND=noninteractive apt-get install -y       ca-certificates       libibverbs1       libnl-3-200       libnl-route-3-200       libyaml-0-2       libsasl2-2       numactl       openssl &&     rm -rf /var/lib/apt/lists/*
#9 CACHED

#10 [4/8] COPY doca-libs/ /usr/local/lib/
#10 CACHED

#11 [3/8] COPY build/bin/stream_dpumesh /usr/local/bin/stream_dpumesh
#11 CACHED

#12 [8/8] RUN ldconfig
#12 CACHED

#13 exporting to image
#13 exporting layers done
#13 exporting manifest sha256:e703c7b55110dbdae91ce9e4e2ea69b32e4f976c1ca94a26053cd0d577f3569d done
#13 exporting config sha256:9d192440d009b0907a538352dca77d577448ac5d6a801b97e3bc873026dfea4d done
#13 exporting attestation manifest sha256:5eb6a98076fd2139d534bec70a23bf7927413f42a3effd2f622f805bc43359d3 0.0s done
#13 exporting manifest list sha256:c193778ac0fcd7fa7df2eb3451ecd96c8419a680ada3ec3437374e36f0d5bdd6 done
#13 naming to docker.io/bench/stream-dpumesh:latest done
#13 unpacking to docker.io/bench/stream-dpumesh:latest done
#13 DONE 0.0s
docker.io/bench/stream-dpumesh:latest
docker.io/bench/stream dpumesh:latest   	saved	
application/vnd.oci.image.index.v1+json sha256:c193778ac0fcd7fa7df2eb3451ecd96c8419a680ada3ec3437374e36f0d5bdd6
Importing	elapsed: 0.6 s	total:   0.0 B	(0.0 B/s)	
#0 building with "default" instance using docker driver

#1 [internal] load build definition from verbs_dpumesh.Dockerfile
#1 transferring dockerfile: 735B done
#1 DONE 0.0s

#2 [internal] load metadata for docker.io/library/ubuntu:22.04
#2 DONE 0.4s

#3 [internal] load .dockerignore
#3 transferring context: 2B done
#3 DONE 0.0s

#4 [1/8] FROM docker.io/library/ubuntu:22.04@sha256:0e0a0fc6d18feda9db1590da249ac93e8d5abfea8f4c3c0c849ce512b5ef8982
#4 resolve docker.io/library/ubuntu:22.04@sha256:0e0a0fc6d18feda9db1590da249ac93e8d5abfea8f4c3c0c849ce512b5ef8982 0.0s done
#4 DONE 0.0s

#5 [internal] load build context
#5 transferring context: 56.69kB done
#5 DONE 0.0s

#6 [2/8] RUN apt-get update &&     DEBIAN_FRONTEND=noninteractive apt-get install -y       ca-certificates       libibverbs1       libnl-3-200       libnl-route-3-200       libyaml-0-2       libsasl2-2       numactl       openssl &&     rm -rf /var/lib/apt/lists/*
#6 CACHED

#7 [7/8] COPY bench/docker/numa-entrypoint.sh /usr/local/bin/numa-entrypoint.sh
#7 CACHED

#8 [3/8] COPY build/bin/verbs_dpumesh /usr/local/bin/verbs_dpumesh
#8 CACHED

#9 [4/8] COPY doca-libs/ /usr/local/lib/
#9 CACHED

#10 [5/8] COPY build/lib/libdpumesh.so.4 /usr/local/lib/
#10 CACHED

#11 [6/8] COPY bench/k8s/registry /etc/dpumesh/registry
#11 CACHED

#12 [8/8] RUN ldconfig
#12 CACHED

#13 exporting to image
#13 exporting layers done
#13 exporting manifest sha256:09822f2580ff0bace4393be450b288fa5cb49b97317b6859cefa4c67def24975 done
#13 exporting config sha256:a4ff0932111140ec161cb62bf80a79210b198c84664f0b794cae557f72af1282 done
#13 exporting attestation manifest sha256:966ab50d2665722a37b35a3d5ab138f1af637ed896c019a803792917cfe2b0ba 0.0s done
#13 exporting manifest list sha256:035e9ae28f1ff29eae1cbcb94f5e7047c318a84a36520e5eaa9eed9b4f02a8be done
#13 naming to docker.io/bench/verbs-dpumesh:latest done
#13 unpacking to docker.io/bench/verbs-dpumesh:latest done
#13 DONE 0.0s
docker.io/bench/verbs-dpumesh:latest
docker.io/bench/verbs dpumesh:latest    	saved	
application/vnd.oci.image.index.v1+json sha256:035e9ae28f1ff29eae1cbcb94f5e7047c318a84a36520e5eaa9eed9b4f02a8be
Importing	elapsed: 0.6 s	total:   0.0 B	(0.0 B/s)	
#0 building with "default" instance using docker driver

#1 [internal] load build definition from preload_dpumesh.Dockerfile
#1 transferring dockerfile: 876B done
#1 DONE 0.0s

#2 [internal] load metadata for docker.io/library/ubuntu:22.04
#2 DONE 0.3s

#3 [internal] load .dockerignore
#3 transferring context: 2B done
#3 DONE 0.0s

#4 [ 1/10] FROM docker.io/library/ubuntu:22.04@sha256:0e0a0fc6d18feda9db1590da249ac93e8d5abfea8f4c3c0c849ce512b5ef8982
#4 resolve docker.io/library/ubuntu:22.04@sha256:0e0a0fc6d18feda9db1590da249ac93e8d5abfea8f4c3c0c849ce512b5ef8982 0.0s done
#4 DONE 0.0s

#5 [internal] load build context
#5 transferring context: 262.31kB done
#5 DONE 0.0s

#6 [ 4/10] COPY build/bin/tcp_echo /usr/local/bin/tcp_echo
#6 CACHED

#7 [ 2/10] RUN apt-get update &&     DEBIAN_FRONTEND=noninteractive apt-get install -y       ca-certificates       libibverbs1       libnl-3-200       libnl-route-3-200       libyaml-0-2       libsasl2-2       numactl       openssl &&     rm -rf /var/lib/apt/lists/*
#7 CACHED

#8 [ 5/10] COPY build/bin/tcp_client /usr/local/bin/tcp_client
#8 CACHED

#9 [ 3/10] COPY build/bin/preload_runner /usr/local/bin/preload_runner
#9 CACHED

#10 [ 6/10] COPY build/lib/libdmesh_preload.so /usr/local/lib/libdmesh_preload.so
#10 CACHED

#11 [ 7/10] COPY doca-libs/ /usr/local/lib/
#11 CACHED

#12 [ 8/10] COPY build/lib/libdpumesh.so.4 /usr/local/lib/
#12 CACHED

#13 [ 9/10] COPY bench/docker/numa-entrypoint.sh /usr/local/bin/numa-entrypoint.sh
#13 CACHED

#14 [10/10] RUN ldconfig
#14 CACHED

#15 exporting to image
#15 exporting layers done
#15 exporting manifest sha256:703857d9a36ddcc1716affbb649eaef6ae619f9e369d4cdb5822234969dfaf50 done
#15 exporting config sha256:0ac343ccd4d695fcdf1d4af6e81fad5b366e9aea988e402b2ac49bba1790ffc2 done
#15 exporting attestation manifest sha256:1d3932ac3098728f7bdc501e650091ae15a1357639cce2340c28695dffc9baa9 0.0s done
#15 exporting manifest list sha256:5294103589d99bc80074e4c89c13eb574f29bf7521d5c907c4df692aa2e12d47 done
#15 naming to docker.io/bench/preload-dpumesh:latest done
#15 unpacking to docker.io/bench/preload-dpumesh:latest done
#15 DONE 0.0s
docker.io/bench/preload-dpumesh:latest
docker.io/bench/preload dpumesh:latest  	saved	
application/vnd.oci.image.index.v1+json sha256:5294103589d99bc80074e4c89c13eb574f29bf7521d5c907c4df692aa2e12d47
Importing	elapsed: 0.7 s	total:   0.0 B	(0.0 B/s)	
#0 building with "default" instance using docker driver

#1 [internal] load build definition from preload_sock.Dockerfile
#1 transferring dockerfile: 734B done
#1 DONE 0.0s

#2 [internal] load metadata for docker.io/library/ubuntu:22.04
#2 DONE 0.3s

#3 [internal] load .dockerignore
#3 transferring context: 2B done
#3 DONE 0.0s

#4 [ 1/10] FROM docker.io/library/ubuntu:22.04@sha256:0e0a0fc6d18feda9db1590da249ac93e8d5abfea8f4c3c0c849ce512b5ef8982
#4 resolve docker.io/library/ubuntu:22.04@sha256:0e0a0fc6d18feda9db1590da249ac93e8d5abfea8f4c3c0c849ce512b5ef8982 done
#4 DONE 0.0s

#5 [internal] load build context
#5 transferring context: 114.36kB done
#5 DONE 0.0s

#6 [ 4/10] COPY build/bin/echo_sock /usr/local/bin/echo_sock
#6 CACHED

#7 [ 6/10] COPY doca-libs/ /usr/local/lib/
#7 CACHED

#8 [ 5/10] COPY build/lib/libdmesh_preload.so /usr/local/lib/libdmesh_preload.so
#8 CACHED

#9 [ 8/10] COPY bench/k8s/registry /etc/dpumesh/registry
#9 CACHED

#10 [ 2/10] RUN apt-get update &&     DEBIAN_FRONTEND=noninteractive apt-get install -y       ca-certificates libibverbs1 libnl-3-200 libnl-route-3-200       libyaml-0-2 libsasl2-2 numactl openssl &&     rm -rf /var/lib/apt/lists/*
#10 CACHED

#11 [ 3/10] COPY build/bin/bench_sock /usr/local/bin/bench_sock
#11 CACHED

#12 [ 7/10] COPY build/lib/libdpumesh.so.4 /usr/local/lib/
#12 CACHED

#13 [ 9/10] COPY bench/docker/numa-entrypoint.sh /usr/local/bin/numa-entrypoint.sh
#13 CACHED

#14 [10/10] RUN ldconfig
#14 CACHED

#15 exporting to image
#15 exporting layers done
#15 exporting manifest sha256:1c99c2bb22f737bea15ab34b0ea1f0793f01248157d80b97d1ef184ffcf6bea4 done
#15 exporting config sha256:00b3942a546d82ed9cfd4fc2c9e72e47a116a98b48d223e864438b669001785c done
#15 exporting attestation manifest sha256:6fa080993b801ec5ddf9a7b74302744835980f2fa1ccf921c3daf500d5c9b8b9 0.0s done
#15 exporting manifest list sha256:e6a3d55f6e1f7a48c710dfd5554d51d2fc8cb0801a43b4dc8358bd02d493c643 done
#15 naming to docker.io/bench/preload-sock:latest done
#15 unpacking to docker.io/bench/preload-sock:latest done
#15 DONE 0.1s
docker.io/bench/preload-sock:latest
docker.io/bench/preload sock:latest     	saved	
application/vnd.oci.image.index.v1+json sha256:e6a3d55f6e1f7a48c710dfd5554d51d2fc8cb0801a43b4dc8358bd02d493c643
Importing	elapsed: 0.6 s	total:   0.0 B	(0.0 B/s)	
#0 building with "default" instance using docker driver

#1 [internal] load build definition from bench_sock.Dockerfile
#1 transferring dockerfile: 527B done
#1 DONE 0.0s

#2 [internal] load metadata for docker.io/library/ubuntu:22.04
#2 DONE 0.3s

#3 [internal] load .dockerignore
#3 transferring context: 2B done
#3 DONE 0.0s

#4 [internal] load build context
#4 transferring context: 205B done
#4 DONE 0.0s

#5 [1/4] FROM docker.io/library/ubuntu:22.04@sha256:0e0a0fc6d18feda9db1590da249ac93e8d5abfea8f4c3c0c849ce512b5ef8982
#5 resolve docker.io/library/ubuntu:22.04@sha256:0e0a0fc6d18feda9db1590da249ac93e8d5abfea8f4c3c0c849ce512b5ef8982 done
#5 DONE 0.0s

#6 [2/4] RUN apt-get update &&     DEBIAN_FRONTEND=noninteractive apt-get install -y ca-certificates numactl &&     rm -rf /var/lib/apt/lists/*
#6 CACHED

#7 [3/4] COPY build/bin/bench_sock /usr/local/bin/bench_sock
#7 CACHED

#8 [4/4] COPY bench/docker/numa-entrypoint.sh /usr/local/bin/numa-entrypoint.sh
#8 CACHED

#9 exporting to image
#9 exporting layers done
#9 exporting manifest sha256:1f7306c3879489f949fdd3b9ceb86a7f9a09cb839c50b975f641ceccfaf1379c done
#9 exporting config sha256:85a6c5dbfc2e7ae64ac4151a7526d2b3dd4f3b11f85dc26701a69fa49692217d done
#9 exporting attestation manifest sha256:d0b089a9a80bd3a06b32ebaf62bc879a6977606ab7113534390923181383c213 done
#9 exporting manifest list sha256:bf9c01723a49a7c9eeeb6ef6928d36b76205a149f656f7fff62967ba73f79438 done
#9 naming to docker.io/bench/bench-tcp:latest done
#9 unpacking to docker.io/bench/bench-tcp:latest done
#9 DONE 0.0s
docker.io/bench/bench-tcp:latest
docker.io/bench/bench tcp:latest        	saved	
application/vnd.oci.image.index.v1+json sha256:bf9c01723a49a7c9eeeb6ef6928d36b76205a149f656f7fff62967ba73f79438
Importing	elapsed: 0.6 s	total:   0.0 B	(0.0 B/s)	
#0 building with "default" instance using docker driver

#1 [internal] load build definition from echo_sock.Dockerfile
#1 transferring dockerfile: 535B done
#1 DONE 0.0s

#2 [internal] load metadata for docker.io/library/ubuntu:22.04
#2 DONE 0.3s

#3 [internal] load .dockerignore
#3 transferring context: 2B done
#3 DONE 0.0s

#4 [internal] load build context
#4 transferring context: 37.09kB done
#4 DONE 0.0s

#5 [1/4] FROM docker.io/library/ubuntu:22.04@sha256:0e0a0fc6d18feda9db1590da249ac93e8d5abfea8f4c3c0c849ce512b5ef8982
#5 resolve docker.io/library/ubuntu:22.04@sha256:0e0a0fc6d18feda9db1590da249ac93e8d5abfea8f4c3c0c849ce512b5ef8982
#5 resolve docker.io/library/ubuntu:22.04@sha256:0e0a0fc6d18feda9db1590da249ac93e8d5abfea8f4c3c0c849ce512b5ef8982 0.1s done
#5 DONE 0.2s

#6 [2/4] RUN apt-get update &&     DEBIAN_FRONTEND=noninteractive apt-get install -y ca-certificates numactl &&     rm -rf /var/lib/apt/lists/*
#6 CACHED

#7 [3/4] COPY build/bin/echo_sock /usr/local/bin/echo_sock
#7 CACHED

#8 [4/4] COPY bench/docker/numa-entrypoint.sh /usr/local/bin/numa-entrypoint.sh
#8 CACHED

#9 exporting to image
#9 exporting layers done
#9 exporting manifest sha256:f49be2b738dff76c56be9bd93b3550b03e21abbe82379a92b21f2dd0172d260d done
#9 exporting config sha256:c56ea40fd54db47d7bd35d5814b14af634947d16e4465c280620a32d93a4d34f done
#9 exporting attestation manifest sha256:df2492bbea120a4a85c0b8ac7fd9e8bdde839e54ca38adbdc41d90fb31c2b19c 0.0s done
#9 exporting manifest list sha256:4a450873218531686a51029d8b9573457e0f4a19689e6d651244709a1344cb77 done
#9 naming to docker.io/bench/echo-tcp:latest done
#9 unpacking to docker.io/bench/echo-tcp:latest done
#9 DONE 0.1s
docker.io/bench/echo-tcp:latest
docker.io/bench/echo tcp:latest         	saved	
application/vnd.oci.image.index.v1+json sha256:4a450873218531686a51029d8b9573457e0f4a19689e6d651244709a1344cb77
Importing	elapsed: 0.6 s	total:   0.0 B	(0.0 B/s)	
[0;32m[INFO][0m All images built and imported to containerd
[0;32m[INFO][0m Building NUMA-aware Envoy image
#0 building with "default" instance using docker driver

#1 [internal] load build definition from envoy_numa.Dockerfile
#1 transferring dockerfile: 398B done
#1 DONE 0.0s

#2 [internal] load metadata for docker.io/envoyproxy/envoy:v1.30-latest
#2 DONE 0.0s

#3 [internal] load .dockerignore
#3 transferring context: 2B done
#3 DONE 0.0s

#4 [internal] load build context
#4 transferring context: 110B done
#4 DONE 0.0s

#5 [1/3] FROM docker.io/envoyproxy/envoy:v1.30-latest@sha256:b5cc70f5fe5503858817e897ae1da5d873dc32cbc493790b4e330b8a42c4af9d
#5 resolve docker.io/envoyproxy/envoy:v1.30-latest@sha256:b5cc70f5fe5503858817e897ae1da5d873dc32cbc493790b4e330b8a42c4af9d done
#5 DONE 0.0s

#6 [2/3] RUN apt-get update &&     DEBIAN_FRONTEND=noninteractive apt-get install -y --no-install-recommends       numactl &&     rm -rf /var/lib/apt/lists/*
#6 CACHED

#7 [3/3] COPY bench/docker/numa-entrypoint.sh /usr/local/bin/numa-entrypoint.sh
#7 CACHED

#8 exporting to image
#8 exporting layers done
#8 exporting manifest sha256:253034c83e48382b36ad0de64c3dcfdcb15a319ddecfcb14a6a089f4d08df456 done
#8 exporting config sha256:bf263af6c71e4b4abebf4b7b0e072d06bb9ddea17922eff9147f30393ebe550a done
#8 exporting attestation manifest sha256:6756fa49996f1d6bb1a1f861aad80dd67eaf91d2b2a6749388e632d33b0acd5c 0.0s done
#8 exporting manifest list sha256:0199be28758453149fcdc57a2d0320306e23f895926ea061a6a9dbeb435b0649 done
#8 naming to docker.io/bench/envoy-numa:v1.30-latest done
#8 unpacking to docker.io/bench/envoy-numa:v1.30-latest done
#8 DONE 0.1s
docker.io/bench/envoy-numa:v1.30-latest
docker.io/bench/envoy numa:v1.30 latest 	saved	
application/vnd.oci.image.index.v1+json sha256:0199be28758453149fcdc57a2d0320306e23f895926ea061a6a9dbeb435b0649
Importing	elapsed: 1.2 s	total:   0.0 B	(0.0 B/s)	
[0;34m[STEP][0m === Starting dpumesh_dpu (l7_svc='' dpa_threads='32' rings_per_pod='8' arm_workers='8') ===
[0;32m[INFO][0m Stopping dpumesh_dpu...
[0;32m[INFO][0m dpumesh_dpu running (PID: 693508)
[0;34m[STEP][0m === Starting pods (innermost first, scope=all) ===
deployment.apps/echo-dpumesh scaled
deployment.apps/echo-dpumesh scaled
pod/echo-dpumesh-f98c98b9-znxms condition met
[0;32m[INFO][0m echo-dpumesh pod Ready
[0;32m[INFO][0m Waiting for DPUmesh init: echo-dpumesh (DPU pod is data-ready)
[0;32m[INFO][0m echo-dpumesh DPUmesh data-ready
deployment.apps/echo-dpumesh-13 scaled
deployment.apps/echo-dpumesh-13 scaled
pod/echo-dpumesh-13-86c6f8f97b-k542q condition met
[0;32m[INFO][0m echo-dpumesh-13 pod Ready
[0;32m[INFO][0m Waiting for DPUmesh init: echo-dpumesh-13 (DPU pod is data-ready)
[0;32m[INFO][0m echo-dpumesh-13 DPUmesh data-ready
deployment.apps/echo-dpumesh-14 scaled
deployment.apps/echo-dpumesh-14 scaled
pod/echo-dpumesh-14-789dcf897f-p6t5k condition met
[0;32m[INFO][0m echo-dpumesh-14 pod Ready
[0;32m[INFO][0m Waiting for DPUmesh init: echo-dpumesh-14 (DPU pod is data-ready)
[0;32m[INFO][0m echo-dpumesh-14 DPUmesh data-ready
deployment.apps/bench-dpumesh scaled
deployment.apps/bench-dpumesh scaled
pod/bench-dpumesh-75d4f4b777-5pj9k condition met
[0;32m[INFO][0m bench-dpumesh pod Ready
[0;32m[INFO][0m Waiting for DPUmesh init: bench-dpumesh (DPU pod is data-ready)
[0;32m[INFO][0m bench-dpumesh DPUmesh data-ready
deployment.apps/bench-dpumesh-2 scaled
deployment.apps/bench-dpumesh-2 scaled
pod/bench-dpumesh-2-76f5485ccb-zd2lx condition met
[0;32m[INFO][0m bench-dpumesh-2 pod Ready
[0;32m[INFO][0m Waiting for DPUmesh init: bench-dpumesh-2 (DPU pod is data-ready)
[0;32m[INFO][0m bench-dpumesh-2 DPUmesh data-ready
deployment.apps/bench-dpumesh-3 scaled
deployment.apps/bench-dpumesh-3 scaled
pod/bench-dpumesh-3-7d8c6ddb5c-dtk5k condition met
[0;32m[INFO][0m bench-dpumesh-3 pod Ready
[0;32m[INFO][0m Waiting for DPUmesh init: bench-dpumesh-3 (DPU pod is data-ready)
[0;32m[INFO][0m bench-dpumesh-3 DPUmesh data-ready
deployment.apps/loopback-dpumesh scaled
deployment.apps/loopback-dpumesh scaled
pod/loopback-dpumesh-69d9db7f45-frgjf condition met
[0;32m[INFO][0m loopback-dpumesh pod Ready
[0;32m[INFO][0m Waiting for DPUmesh init: loopback-dpumesh (DPU pod is data-ready)
[0;32m[INFO][0m loopback-dpumesh DPUmesh data-ready
deployment.apps/preload-dpumesh scaled
deployment.apps/preload-dpumesh scaled
pod/preload-dpumesh-58d44ff4d7-hcwm8 condition met
[0;32m[INFO][0m preload-dpumesh pod Ready
[0;32m[INFO][0m Waiting for DPUmesh init: preload-dpumesh (DPU pod is data-ready)
[0;32m[INFO][0m preload-dpumesh DPUmesh data-ready
deployment.apps/preload-echo scaled
deployment.apps/preload-echo scaled
pod/preload-echo-86568cf7b6-m6s2s condition met
[0;32m[INFO][0m preload-echo pod Ready
[0;32m[INFO][0m Waiting for DPUmesh init: preload-echo (DPU pod is data-ready)
[0;32m[INFO][0m preload-echo DPUmesh data-ready
deployment.apps/preload-bench scaled
deployment.apps/preload-bench scaled
pod/preload-bench-856d8bf994-x7f79 condition met
[0;32m[INFO][0m preload-bench pod Ready
deployment.apps/verbs-dpumesh scaled
deployment.apps/verbs-dpumesh scaled
pod/verbs-dpumesh-6564d99f74-mq5dq condition met
[0;32m[INFO][0m verbs-dpumesh pod Ready
[0;32m[INFO][0m Waiting for DPUmesh init: verbs-dpumesh (DPU pod is data-ready)
[0;32m[INFO][0m verbs-dpumesh DPUmesh data-ready
deployment.apps/stream-dpumesh scaled
deployment.apps/stream-dpumesh scaled
pod/stream-dpumesh-947b97f5d-4sblm condition met
[0;32m[INFO][0m stream-dpumesh pod Ready
[0;32m[INFO][0m Waiting for DPUmesh init: stream-dpumesh (DPU pod is data-ready)
[0;32m[INFO][0m stream-dpumesh DPUmesh data-ready
deployment.apps/echo-plain scaled
deployment.apps/echo-plain scaled
pod/echo-plain-867b9d4789-c2745 condition met
[0;32m[INFO][0m echo-plain pod Ready
deployment.apps/echo-tcp-strict scaled
deployment.apps/echo-tcp-strict scaled
pod/echo-tcp-strict-7d69765b5b-nvxt5 condition met
[0;32m[INFO][0m echo-tcp-strict pod Ready
deployment.apps/bench-tcp-strict scaled
deployment.apps/bench-tcp-strict scaled
pod/bench-tcp-strict-b678c66b7-69nr6 condition met
[0;32m[INFO][0m bench-tcp-strict pod Ready
deployment.apps/echo-tcp scaled
deployment.apps/echo-tcp scaled
pod/echo-tcp-6b7d6d46f6-5qrm9 condition met
[0;32m[INFO][0m echo-tcp pod Ready
deployment.apps/bench-tcp scaled
deployment.apps/bench-tcp scaled
pod/bench-tcp-7b8dc7b6f7-tkqkh condition met
[0;32m[INFO][0m bench-tcp pod Ready
deployment.apps/bench-direct scaled
deployment.apps/bench-direct scaled
pod/bench-direct-9d5cf8b99-zj4vx condition met
[0;32m[INFO][0m bench-direct pod Ready
[0;34m[STEP][0m === Pinning pods to dedicated cores (taskset, profile=fair) ===
[0;32m[INFO][0m CPU governor=performance, fixed 2.5 GHz on cores 18-35
[0;32m[INFO][0m bench-dpumesh → core(s) 18 (pod=3e0d64342364b139037e5969d7e68442b1e404031d525fe0cf8add40ed559496)
[0;32m[INFO][0m   bench-dpumesh (PID 1964054) → 18
[0;32m[INFO][0m bench-dpumesh-2 → core(s) 27 (pod=c588bb7943e3866ea57a8aa55e8b450d4147c3ad5d3c9ddfdcfa5853a858cdb2)
[0;32m[INFO][0m   bench-dpumesh-2 (PID 1964304) → 27
[0;32m[INFO][0m bench-dpumesh-3 → core(s) 28 (pod=7e389148b25321890cdd83545f450fd0bc8df80d884c09e68acf5a38ea4a34dc)
[0;32m[INFO][0m   bench-dpumesh-3 (PID 1964519) → 28
[0;32m[INFO][0m echo-dpumesh → core(s) 19 (pod=4755a70626534b1486bb9086a0631b0c5ea0c03ed7e0958f0ec431c1d970efe0)
[0;32m[INFO][0m   echo-dpumesh (PID 1963252) → 19
[0;32m[INFO][0m echo-dpumesh-13 → core(s) 24 (pod=c404336510899b1889e44b5ca7e79b8bb1e832cb20bdd545e8e003b59e661031)
[0;32m[INFO][0m   echo-dpumesh-13 (PID 1963653) → 24
[0;32m[INFO][0m echo-dpumesh-14 → core(s) 25 (pod=0c18451ea04861a5b9ddad756a599b360be6b2eb5e6c0ef1781f2c26aaf6eb4c)
[0;32m[INFO][0m   echo-dpumesh-14 (PID 1963851) → 25
[0;32m[INFO][0m loopback-dpumesh → core(s) 22,23 (pod=3b5c9b798c7b99464ce323c129455c3bd564d36abbe79aab24c39a0127344cde)
[0;32m[INFO][0m   loopback-dpumesh (PID 1964730) → 22,23
[0;32m[INFO][0m stream-dpumesh → core(s) 22,23 (pod=db7cd6a757eaeb1571873485efbc99eb0cf791b5d2640c62fb7e5e7316998cbd)
[0;32m[INFO][0m   stream-dpumesh (PID 1965825) → 22,23
[0;32m[INFO][0m verbs-dpumesh → core(s) 22,23 (pod=be0d1dfcd1e26758ad443639bee436c073fa8bfe195d7b86d1d15b64a1e78b31)
[0;32m[INFO][0m   verbs-dpumesh (PID 1965614) → 22,23
[0;32m[INFO][0m preload-dpumesh → core(s) 22,23 (pod=2396b689830bdd2232d02c4fea80f312c118ef6af1fcd66b36610a90250230f1)
[0;32m[INFO][0m   preload-dpumesh (PID 1964972) → 22,23
[0;32m[INFO][0m preload-echo → core(s) 22,23 (pod=856567f755a7b33a28c844a4cd5ffa7af7749f3aa90180b8a7aa254965cffd42)
[0;32m[INFO][0m   preload-echo (PID 1965182) → 22,23
[0;32m[INFO][0m preload-bench → core(s) 22,23 (pod=155aece260fadebd10e9f5b219f12c594a16c436ebdbb42cdf47bee1d99a9bae)
[0;32m[INFO][0m   preload-bench (PID 1965407) → 22,23
[0;32m[INFO][0m bench-tcp → core(s) 20 (pod=11b1ebcb29bb3d609224a633bd2c4759139c3e51691f7c83494066f8a500e16d)
[0;32m[INFO][0m   sidecar1 (PID 1967748) → 20
[0;32m[INFO][0m   bench-tcp (PID 1967723) → 20
[0;32m[INFO][0m echo-tcp → core(s) 21 (pod=c54c7fdf264f60992411ee5a8df2542a930fbba8e2f2db00ed0cb3a4d101c808)
[0;32m[INFO][0m   sidecar2 (PID 1967449) → 21
[0;32m[INFO][0m   echo-tcp (PID 1967427) → 21
[0;32m[INFO][0m bench-direct → core(s) 26 (pod=d9a48423dba53b13a85ddc5dcc64f17c89b96169a8cf8319243ef8ac64ed58a6)
[0;32m[INFO][0m   bench-direct (PID 1968018) → 26
[0;32m[INFO][0m Pinning done
[0;32m[INFO][0m === Deploy complete ===
  Run:  /home/jukebox/DPUmesh/bench/bench.sh latency|bandwidth|rate|all [dpumesh|tcp|both]
        /home/jukebox/DPUmesh/bench/bench.sh loopback|verbs|stream|preload ...   (validators)
  Re-pin:  /home/jukebox/DPUmesh/bench/bench.sh pin [fair|l4|hw|hw3|hw6]
[0;32m[INFO][0m Host NUMA: PCI 94:00.0 -> node 1, benchmark cores 18-35
[0;34m[STEP][0m === Pinning pods to dedicated cores (taskset, profile=l4) ===
[0;32m[INFO][0m CPU governor=performance, fixed 2.5 GHz on cores 18-35
[0;32m[INFO][0m bench-dpumesh → core(s) 26 (pod=3e0d64342364b139037e5969d7e68442b1e404031d525fe0cf8add40ed559496)
[0;32m[INFO][0m   bench-dpumesh (PID 1964054) → 26
[0;32m[INFO][0m bench-dpumesh-2 → core(s) 28 (pod=c588bb7943e3866ea57a8aa55e8b450d4147c3ad5d3c9ddfdcfa5853a858cdb2)
[0;32m[INFO][0m   bench-dpumesh-2 (PID 1964304) → 28
[0;32m[INFO][0m bench-dpumesh-3 → core(s) 29 (pod=7e389148b25321890cdd83545f450fd0bc8df80d884c09e68acf5a38ea4a34dc)
[0;32m[INFO][0m   bench-dpumesh-3 (PID 1964519) → 29
[0;32m[INFO][0m echo-dpumesh → core(s) 27 (pod=4755a70626534b1486bb9086a0631b0c5ea0c03ed7e0958f0ec431c1d970efe0)
[0;32m[INFO][0m   echo-dpumesh (PID 1963252) → 27
[0;32m[INFO][0m echo-dpumesh-13 → core(s) 30 (pod=c404336510899b1889e44b5ca7e79b8bb1e832cb20bdd545e8e003b59e661031)
[0;32m[INFO][0m   echo-dpumesh-13 (PID 1963653) → 30
[0;32m[INFO][0m echo-dpumesh-14 → core(s) 31 (pod=0c18451ea04861a5b9ddad756a599b360be6b2eb5e6c0ef1781f2c26aaf6eb4c)
[0;32m[INFO][0m   echo-dpumesh-14 (PID 1963851) → 31
[0;32m[INFO][0m loopback-dpumesh → core(s) 32 (pod=3b5c9b798c7b99464ce323c129455c3bd564d36abbe79aab24c39a0127344cde)
[0;32m[INFO][0m   loopback-dpumesh (PID 1964730) → 32
[0;32m[INFO][0m stream-dpumesh → core(s) 33 (pod=db7cd6a757eaeb1571873485efbc99eb0cf791b5d2640c62fb7e5e7316998cbd)
[0;32m[INFO][0m   stream-dpumesh (PID 1965825) → 33
[0;32m[INFO][0m verbs-dpumesh → core(s) 34 (pod=be0d1dfcd1e26758ad443639bee436c073fa8bfe195d7b86d1d15b64a1e78b31)
[0;32m[INFO][0m   verbs-dpumesh (PID 1965614) → 34
[0;32m[INFO][0m preload-dpumesh → core(s) 35 (pod=2396b689830bdd2232d02c4fea80f312c118ef6af1fcd66b36610a90250230f1)
[0;32m[INFO][0m   preload-dpumesh (PID 1964972) → 35
[0;32m[INFO][0m preload-echo → core(s) 19 (pod=856567f755a7b33a28c844a4cd5ffa7af7749f3aa90180b8a7aa254965cffd42)
[0;32m[INFO][0m   preload-echo (PID 1965182) → 19
[0;32m[INFO][0m preload-bench → core(s) 18 (pod=155aece260fadebd10e9f5b219f12c594a16c436ebdbb42cdf47bee1d99a9bae)
[0;32m[INFO][0m   preload-bench (PID 1965407) → 18
[0;32m[INFO][0m bench-tcp → core(s) 22 (pod=11b1ebcb29bb3d609224a633bd2c4759139c3e51691f7c83494066f8a500e16d)
[0;32m[INFO][0m   sidecar1 (PID 1967748) → 22
[0;32m[INFO][0m   bench-tcp (PID 1967723) → 22
[0;32m[INFO][0m echo-tcp → core(s) 23 (pod=c54c7fdf264f60992411ee5a8df2542a930fbba8e2f2db00ed0cb3a4d101c808)
[0;32m[INFO][0m   sidecar2 (PID 1967449) → 23
[0;32m[INFO][0m   echo-tcp (PID 1967427) → 23
[0;32m[INFO][0m bench-tcp-strict → core(s) 24 (pod=32043378ca040a7326cc8526279f6381513718daad59f4116174656aef2bddc0)
[0;32m[INFO][0m   sidecar1 (PID 1967095) → 24
[0;32m[INFO][0m   bench-tcp-strict (PID 1967072) → 24
[0;32m[INFO][0m echo-tcp-strict → core(s) 25 (pod=1c683c7b43581719588d7566dfe95b4d0be61c108bc023aebe3626c930318b62)
[0;32m[INFO][0m   sidecar2 (PID 1966798) → 25
[0;32m[INFO][0m   echo-tcp-strict (PID 1966776) → 25
[0;32m[INFO][0m bench-direct → core(s) 20 (pod=d9a48423dba53b13a85ddc5dcc64f17c89b96169a8cf8319243ef8ac64ed58a6)
[0;32m[INFO][0m   bench-direct (PID 1968018) → 20
[0;32m[INFO][0m echo-plain → core(s) 21 (pod=7dd798f145ac78cd3f3c01e81b9a1b77b2952ced87b13fa0a35cba479e86827a)
[0;32m[INFO][0m   echo-plain (PID 1966569) → 21
[0;32m[INFO][0m Pinning done
[0;34m[l4][0m binary equivalence PASS (bench_sock and echo_sock hashes match)
[0;34m[l4][0m smoke plain: OK mrps=0.332904 gbps=0.1704 p50=46.00 p95=58.00 p99=60.00 p999=72.00 p9999=85.00 avg=46.67 min=19.83 max=3209.29 rcnt=664428 scheduled=664524 pending=16 fail=0 conc=4 threads=4 reqsz=64 repsz=8 durs=2.000 offered_mrps=0.332904 drops=0 overflow=0 reorder=0 mode=closed arr=const
[0;34m[l4][0m smoke envoy-permissive: OK mrps=0.150309 gbps=0.0770 p50=102.00 p95=127.00 p99=155.00 p999=240.00 p9999=519.00 avg=105.36 min=56.87 max=1958.71 rcnt=300380 scheduled=300476 pending=16 fail=0 conc=4 threads=4 reqsz=64 repsz=8 durs=2.000 offered_mrps=0.150309 drops=0 overflow=0 reorder=0 mode=closed arr=const
[0;34m[l4][0m smoke envoy-strict: OK mrps=0.138177 gbps=0.0707 p50=115.00 p95=152.00 p99=163.00 p999=382.00 p9999=570.00 avg=114.74 min=61.07 max=645.33 rcnt=276172 scheduled=276268 pending=16 fail=0 conc=4 threads=4 reqsz=64 repsz=8 durs=2.000 offered_mrps=0.138177 drops=0 overflow=0 reorder=0 mode=closed arr=const
[0;34m[l4][0m smoke dpumesh-preload: OK mrps=0.105308 gbps=0.0539 p50=143.00 p95=163.00 p99=307.00 p999=535.00 p9999=1935.00 avg=148.00 min=65.31 max=2415.76 rcnt=210432 scheduled=210528 pending=16 fail=0 conc=4 threads=4 reqsz=64 repsz=8 durs=2.000 offered_mrps=0.105308 drops=0 overflow=0 reorder=0 mode=closed arr=const
[0;34m[l4][0m cal-64-plain peak=2.226080 Mrps
[0;34m[l4][0m cal-64-envoy-permissive peak=1.033435 Mrps
[0;34m[l4][0m cal-64-envoy-strict peak=0.936763 Mrps
[0;34m[l4][0m cal-64-dpumesh-preload peak=0.827742 Mrps
[0;34m[l4][0m payload=64 common rate range 82774..2559992 rps
[0;34m[l4][0m cal-1024-plain peak=1.753616 Mrps
[0;34m[l4][0m cal-1024-envoy-permissive peak=0.807429 Mrps
[0;34m[l4][0m cal-1024-envoy-strict peak=0.543094 Mrps
[0;34m[l4][0m cal-1024-dpumesh-preload peak=0.413005 Mrps
[0;34m[l4][0m payload=1024 common rate range 41301..2016658 rps
[0;34m[l4][0m cal-8192-plain peak=0.455341 Mrps
[0;34m[l4][0m cal-8192-envoy-permissive peak=0.242748 Mrps
[0;34m[l4][0m cal-8192-envoy-strict peak=0.111443 Mrps
[0;34m[l4][0m cal-8192-dpumesh-preload peak=0.057642 Mrps
[0;34m[l4][0m payload=8192 common rate range 5764..523642 rps
[0;34m[l4][0m collecting idle baselines
[0;34m[l4][0m idle-0-q0-envoy-permissive-r1 offered=0 achieved=0.000 p99=0 host_cgroup=0.004919 host_busy=0.021989 dpu=NA status=ok
[0;34m[l4][0m idle-0-q0-envoy-strict-r1 offered=0 achieved=0.000 p99=0 host_cgroup=0.004464 host_busy=0.023990 dpu=NA status=ok
[0;34m[l4][0m idle-0-q0-dpumesh-preload-r1 offered=0 achieved=0.000 p99=0 host_cgroup=0.000158 host_busy=0.029986 dpu=0.144712 status=ok
[0;34m[l4][0m idle-0-q0-plain-r1 offered=0 achieved=0.000 p99=0 host_cgroup=0.000000 host_busy=0.031985 dpu=NA status=ok
[0;34m[l4][0m idle-0-q0-envoy-strict-r2 offered=0 achieved=0.000 p99=0 host_cgroup=0.004389 host_busy=0.017991 dpu=NA status=ok
[0;34m[l4][0m idle-0-q0-dpumesh-preload-r2 offered=0 achieved=0.000 p99=0 host_cgroup=0.000159 host_busy=0.037983 dpu=0.143123 status=ok
[0;34m[l4][0m idle-0-q0-plain-r2 offered=0 achieved=0.000 p99=0 host_cgroup=0.000000 host_busy=0.013993 dpu=NA status=ok
[0;34m[l4][0m idle-0-q0-envoy-permissive-r2 offered=0 achieved=0.000 p99=0 host_cgroup=0.005151 host_busy=0.021990 dpu=NA status=ok
[0;34m[l4][0m idle-0-q0-dpumesh-preload-r3 offered=0 achieved=0.000 p99=0 host_cgroup=0.000163 host_busy=0.031985 dpu=0.141264 status=ok
[0;34m[l4][0m idle-0-q0-plain-r3 offered=0 achieved=0.000 p99=0 host_cgroup=0.000000 host_busy=0.015992 dpu=NA status=ok
[0;34m[l4][0m idle-0-q0-envoy-permissive-r3 offered=0 achieved=0.000 p99=0 host_cgroup=0.005265 host_busy=0.029986 dpu=NA status=ok
[0;34m[l4][0m idle-0-q0-envoy-strict-r3 offered=0 achieved=0.000 p99=0 host_cgroup=0.004747 host_busy=0.021990 dpu=NA status=ok
[0;34m[l4][0m collecting open-loop load sweep
[0;34m[l4][0m load-64-q1-envoy-strict-r1 offered=82774 achieved=82774.000 p99=392.00 host_cgroup=1.951941 host_busy=1.952263 dpu=NA status=ok
[0;34m[l4][0m load-64-q1-dpumesh-preload-r1 offered=82774 achieved=82773.000 p99=238.00 host_cgroup=1.572696 host_busy=1.538226 dpu=3.155450 status=ok
[0;34m[l4][0m load-64-q1-plain-r1 offered=82774 achieved=82732.000 p99=210.00 host_cgroup=1.246751 host_busy=1.188525 dpu=NA status=ok
[0;34m[l4][0m load-64-q1-envoy-permissive-r1 offered=82774 achieved=82773.000 p99=352.00 host_cgroup=1.921935 host_busy=1.921574 dpu=NA status=ok
[0;34m[l4][0m load-64-q2-dpumesh-preload-r1 offered=127112 achieved=126261.000 p99=139139.00 host_cgroup=1.809089 host_busy=1.787375 dpu=3.824811 status=ok
[0;34m[l4][0m load-64-q2-plain-r1 offered=127112 achieved=127111.000 p99=132.00 host_cgroup=1.822568 host_busy=1.803497 dpu=NA status=ok
[0;34m[l4][0m load-64-q2-envoy-permissive-r1 offered=127112 achieved=127110.000 p99=391.00 host_cgroup=1.965704 host_busy=1.966946 dpu=NA status=ok
[0;34m[l4][0m load-64-q2-envoy-strict-r1 offered=127112 achieved=127111.000 p99=398.00 host_cgroup=1.849575 host_busy=1.851998 dpu=NA status=ok
[0;34m[l4][0m load-64-q3-plain-r1 offered=195200 achieved=195217.000 p99=146.00 host_cgroup=1.834141 host_busy=1.810222 dpu=NA status=ok
[0;34m[l4][0m load-64-q3-envoy-permissive-r1 offered=195200 achieved=195198.000 p99=379.00 host_cgroup=1.840122 host_busy=1.828018 dpu=NA status=ok
[0;34m[l4][0m load-64-q3-envoy-strict-r1 offered=195200 achieved=195200.000 p99=388.00 host_cgroup=1.930434 host_busy=1.931416 dpu=NA status=ok
[0;34m[l4][0m load-64-q3-dpumesh-preload-r1 offered=195200 achieved=193754.000 p99=147757.00 host_cgroup=1.883884 host_busy=1.873745 dpu=3.838863 status=ok
[0;34m[l4][0m load-64-q4-envoy-permissive-r1 offered=299760 achieved=299758.000 p99=393.00 host_cgroup=1.965963 host_busy=1.964695 dpu=NA status=ok
[0;34m[l4][0m load-64-q4-envoy-strict-r1 offered=299760 achieved=299758.000 p99=361.00 host_cgroup=1.911460 host_busy=1.909076 dpu=NA status=ok
[0;34m[l4][0m load-64-q4-dpumesh-preload-r1 offered=299760 achieved=297653.000 p99=186108.00 host_cgroup=1.921735 host_busy=1.922101 dpu=3.749526 status=ok
