[0;32m[INFO][0m Host NUMA: PCI 94:00.0 -> node 1, benchmark cores 18-35
[0;34m[STEP][0m === Pinning pods to dedicated cores (taskset, profile=native) ===
[0;32m[INFO][0m CPU governor=performance, fixed 2.5 GHz on cores 18-35
[0;32m[INFO][0m bench-dpumesh → core(s) 18,19,20,21,22,23 (pod=8fdafda8b6959863f62acbf745621e56b9cf7796f77477747184cdc7b0912d50)
[0;32m[INFO][0m   bench-dpumesh (PID 319669) → 18,19,20,21,22,23
[0;32m[INFO][0m echo-dpumesh → core(s) 24,25,26,27,28,29 (pod=fc82896eb66ce41755049c941525cee1e2d2e47e90f183c9718f71a4c04c4d55)
[0;32m[INFO][0m   echo-dpumesh (PID 318374) → 24,25,26,27,28,29
[0;32m[INFO][0m echo-dpumesh-13 → core(s) 30 (pod=7c385886ff1c3737b60ffa0843e77c14da190ba5853da49c003643869307bdd3)
[0;32m[INFO][0m   echo-dpumesh-13 (PID 319018) → 30
[0;32m[INFO][0m echo-dpumesh-14 → core(s) 31 (pod=6a6f368d353d8f789472c7ad051841aa03f8ba800fa374e1c37666e989e69c3a)
[0;32m[INFO][0m   echo-dpumesh-14 (PID 319329) → 31
[0;32m[INFO][0m loopback-dpumesh → core(s) 32 (pod=1da268600f5d99fc0471b2da6ec385651d106cd258e97b9cc6746b6a379ff725)
[0;32m[INFO][0m   loopback-dpumesh (PID 319981) → 32
[0;32m[INFO][0m verbs-dpumesh → core(s) 33 (pod=c7bcd96ed6356066992d1b643cb0b5b486812bfe66c1a7316f42d6e38d01d48d)
[0;32m[INFO][0m   verbs-dpumesh (PID 320328) → 33
[0;32m[INFO][0m Pinning done
dpumesh rep1 :: OK mrps=0.008000 gbps=0.0681 req_gbps=0.0666 resp_gbps=0.0015 p50=438.00 p95=772.00 p99=871.00 p999=3748.00 p9999=22537.00 avg=467.22 min=94.59 max=28149.17 rcnt=195999 scheduled=200000 pending=1 fail=0 conc=0 threads=4 reqsz=1024 repsz=8 reqframe=1040 respframe=24 durs=25.000 offered_mrps=0.008000 drops=0 overflow=0 worker_fail=0 mode=open arr=const batch=1 reconns=0 reconn_us=0.00 grabs=4 rets=4 recyc=436 waits=0 pads=0 reorder=0 dist=0:49999,1:150000
[0;32m[INFO][0m Host NUMA: PCI 94:00.0 -> node 1, benchmark cores 18-35
[0;34m[STEP][0m === Pinning pods to dedicated cores (taskset, profile=preload) ===
[0;32m[INFO][0m CPU governor=performance, fixed 2.5 GHz on cores 18-35
[0;32m[INFO][0m preload-dpumesh → core(s) 30,31,32,33,34,35 (pod=66ab7dbd0657973aa31c4646f81b5e5eb650012d5f997d94c466835e2bf39c42)
[0;32m[INFO][0m   preload-dpumesh (PID 320657) → 30,31,32,33,34,35
[0;32m[INFO][0m preload-echo → core(s) 24,25,26,27,28,29 (pod=acaae695fdf569ea1e882ea6f19793da5e7564f22d44bfbca823640397db6e0d)
[0;32m[INFO][0m   preload-echo (PID 321004) → 24,25,26,27,28,29
[0;32m[INFO][0m preload-bench → core(s) 18,19,20,21,22,23 (pod=e4411a9b13d7210eb66c0dde81f5ceb77305ec80bb7a6b8a2d43eeb59e8554e1)
[0;32m[INFO][0m   preload-bench (PID 321349) → 18,19,20,21,22,23
[0;32m[INFO][0m Pinning done
preload rep1 :: OK mrps=0.008000 gbps=0.0681 req_gbps=0.0666 resp_gbps=0.0015 p50=761.00 p95=1048.00 p99=1264.00 p999=8956.00 p9999=24004.00 avg=711.61 min=127.23 max=28057.49 rcnt=195996 scheduled=200000 pending=4 fail=0 conc=0 threads=4 reqsz=1024 repsz=8 reqframe=1040 respframe=24 durs=25.000 offered_mrps=0.008000 drops=0 overflow=0 worker_fail=0 reorder=0 mode=open arr=const grabs=8 rets=8 recyc=432 waits=0 pads=4 wwin=0 wpool=0
[0;32m[INFO][0m Host NUMA: PCI 94:00.0 -> node 1, benchmark cores 18-35
[0;34m[STEP][0m === Pinning pods to dedicated cores (taskset, profile=grpc) ===
[0;32m[INFO][0m CPU governor=performance, fixed 2.5 GHz on cores 18-35
[0;32m[INFO][0m bench-grpc-dpumesh → core(s) 18,19,20,21,22,23 (pod=e97f3fd6e98edde9358d1c9f902ea48d7712c96bcaab83d9743056a47f3b0328)
[0;32m[INFO][0m   bench-grpc-dpumesh (PID 321950) → 18,19,20,21,22,23
[0;32m[INFO][0m echo-grpc-dpumesh → core(s) 24,25,26,27,28,29 (pod=f1aea24e510fa7b2e3451b64f6309ec35edc8fc5173f697891c7dd651fbc87e4)
[0;32m[INFO][0m   echo-grpc-dpumesh (PID 321580) → 24,25,26,27,28,29
[0;32m[INFO][0m Pinning done
grpc-dpumesh rep1 :: OK mrps=0.008000 gbps=0.0681 req_gbps=0.0666 resp_gbps=0.0015 p50=1072.00 p95=1659.00 p99=2099.00 p999=2355.00 p9999=4268.00 avg=1125.63 min=511.76 max=5777.78 rcnt=195991 scheduled=200000 pending=0 fail=0 conc=0 threads=4 channels=4 reqsz=1024 repsz=8 reqframe=1040 respframe=24 durs=25.000 offered_mrps=0.008000 drops=0 overflow=0 worker_fail=0 reorder=0 mode=open arr=const batch=0 reconns=0 reconn_us=0.00 grabs=81 rets=81 recyc=355 waits=0 pads=91 credit_hold_dropped=0 eq_budget_exhausted=0 dist=NA
[0;32m[INFO][0m Host NUMA: PCI 94:00.0 -> node 1, benchmark cores 18-35
[0;34m[STEP][0m === Pinning pods to dedicated cores (taskset, profile=native) ===
[0;32m[INFO][0m CPU governor=performance, fixed 2.5 GHz on cores 18-35
[0;32m[INFO][0m bench-dpumesh → core(s) 18,19,20,21,22,23 (pod=8fdafda8b6959863f62acbf745621e56b9cf7796f77477747184cdc7b0912d50)
[0;32m[INFO][0m   bench-dpumesh (PID 319669) → 18,19,20,21,22,23
[0;32m[INFO][0m echo-dpumesh → core(s) 24,25,26,27,28,29 (pod=fc82896eb66ce41755049c941525cee1e2d2e47e90f183c9718f71a4c04c4d55)
[0;32m[INFO][0m   echo-dpumesh (PID 318374) → 24,25,26,27,28,29
[0;32m[INFO][0m echo-dpumesh-13 → core(s) 30 (pod=7c385886ff1c3737b60ffa0843e77c14da190ba5853da49c003643869307bdd3)
[0;32m[INFO][0m   echo-dpumesh-13 (PID 319018) → 30
[0;32m[INFO][0m echo-dpumesh-14 → core(s) 31 (pod=6a6f368d353d8f789472c7ad051841aa03f8ba800fa374e1c37666e989e69c3a)
[0;32m[INFO][0m   echo-dpumesh-14 (PID 319329) → 31
[0;32m[INFO][0m loopback-dpumesh → core(s) 32 (pod=1da268600f5d99fc0471b2da6ec385651d106cd258e97b9cc6746b6a379ff725)
[0;32m[INFO][0m   loopback-dpumesh (PID 319981) → 32
[0;32m[INFO][0m verbs-dpumesh → core(s) 33 (pod=c7bcd96ed6356066992d1b643cb0b5b486812bfe66c1a7316f42d6e38d01d48d)
[0;32m[INFO][0m   verbs-dpumesh (PID 320328) → 33
[0;32m[INFO][0m Pinning done
dpumesh rep2 :: OK mrps=0.008000 gbps=0.0681 req_gbps=0.0666 resp_gbps=0.0015 p50=501.00 p95=774.00 p99=879.00 p999=1327.00 p9999=5769.00 avg=508.23 min=121.00 max=9453.81 rcnt=195996 scheduled=200000 pending=4 fail=0 conc=0 threads=4 reqsz=1024 repsz=8 reqframe=1040 respframe=24 durs=25.000 offered_mrps=0.008000 drops=0 overflow=0 worker_fail=0 mode=open arr=const batch=1 reconns=0 reconn_us=0.00 grabs=5 rets=5 recyc=435 waits=0 pads=1 reorder=0 dist=0:149997,1:49999
[0;32m[INFO][0m Host NUMA: PCI 94:00.0 -> node 1, benchmark cores 18-35
[0;34m[STEP][0m === Pinning pods to dedicated cores (taskset, profile=preload) ===
[0;32m[INFO][0m CPU governor=performance, fixed 2.5 GHz on cores 18-35
[0;32m[INFO][0m preload-dpumesh → core(s) 30,31,32,33,34,35 (pod=66ab7dbd0657973aa31c4646f81b5e5eb650012d5f997d94c466835e2bf39c42)
[0;32m[INFO][0m   preload-dpumesh (PID 320657) → 30,31,32,33,34,35
[0;32m[INFO][0m preload-echo → core(s) 24,25,26,27,28,29 (pod=acaae695fdf569ea1e882ea6f19793da5e7564f22d44bfbca823640397db6e0d)
[0;32m[INFO][0m   preload-echo (PID 321004) → 24,25,26,27,28,29
[0;32m[INFO][0m preload-bench → core(s) 18,19,20,21,22,23 (pod=e4411a9b13d7210eb66c0dde81f5ceb77305ec80bb7a6b8a2d43eeb59e8554e1)
[0;32m[INFO][0m   preload-bench (PID 321349) → 18,19,20,21,22,23
[0;32m[INFO][0m Pinning done
preload rep2 :: OK mrps=0.008000 gbps=0.0681 req_gbps=0.0666 resp_gbps=0.0015 p50=712.00 p95=1047.00 p99=1079.00 p999=1579.00 p9999=3190.00 avg=668.64 min=127.94 max=5287.24 rcnt=195992 scheduled=200000 pending=8 fail=0 conc=0 threads=4 reqsz=1024 repsz=8 reqframe=1040 respframe=24 durs=25.000 offered_mrps=0.008000 drops=0 overflow=0 worker_fail=0 reorder=0 mode=open arr=const grabs=4 rets=4 recyc=436 waits=0 pads=0 wwin=0 wpool=0
[0;32m[INFO][0m Host NUMA: PCI 94:00.0 -> node 1, benchmark cores 18-35
[0;34m[STEP][0m === Pinning pods to dedicated cores (taskset, profile=grpc) ===
[0;32m[INFO][0m CPU governor=performance, fixed 2.5 GHz on cores 18-35
[0;32m[INFO][0m bench-grpc-dpumesh → core(s) 18,19,20,21,22,23 (pod=e97f3fd6e98edde9358d1c9f902ea48d7712c96bcaab83d9743056a47f3b0328)
[0;32m[INFO][0m   bench-grpc-dpumesh (PID 321950) → 18,19,20,21,22,23
[0;32m[INFO][0m echo-grpc-dpumesh → core(s) 24,25,26,27,28,29 (pod=f1aea24e510fa7b2e3451b64f6309ec35edc8fc5173f697891c7dd651fbc87e4)
[0;32m[INFO][0m   echo-grpc-dpumesh (PID 321580) → 24,25,26,27,28,29
[0;32m[INFO][0m Pinning done
grpc-dpumesh rep2 :: OK mrps=0.008000 gbps=0.0681 req_gbps=0.0666 resp_gbps=0.0015 p50=1257.00 p95=1999.00 p99=2221.00 p999=7191.00 p9999=10678.00 avg=1269.56 min=636.94 max=14084.99 rcnt=195991 scheduled=200000 pending=0 fail=0 conc=0 threads=4 channels=4 reqsz=1024 repsz=8 reqframe=1040 respframe=24 durs=25.000 offered_mrps=0.008000 drops=0 overflow=0 worker_fail=0 reorder=0 mode=open arr=const batch=0 reconns=0 reconn_us=0.00 grabs=104 rets=103 recyc=332 waits=0 pads=154 credit_hold_dropped=0 eq_budget_exhausted=0 dist=NA
[0;32m[INFO][0m Host NUMA: PCI 94:00.0 -> node 1, benchmark cores 18-35
[0;34m[STEP][0m === Pinning pods to dedicated cores (taskset, profile=native) ===
[0;32m[INFO][0m CPU governor=performance, fixed 2.5 GHz on cores 18-35
[0;32m[INFO][0m bench-dpumesh → core(s) 18,19,20,21,22,23 (pod=8fdafda8b6959863f62acbf745621e56b9cf7796f77477747184cdc7b0912d50)
[0;32m[INFO][0m   bench-dpumesh (PID 319669) → 18,19,20,21,22,23
[0;32m[INFO][0m echo-dpumesh → core(s) 24,25,26,27,28,29 (pod=fc82896eb66ce41755049c941525cee1e2d2e47e90f183c9718f71a4c04c4d55)
[0;32m[INFO][0m   echo-dpumesh (PID 318374) → 24,25,26,27,28,29
[0;32m[INFO][0m echo-dpumesh-13 → core(s) 30 (pod=7c385886ff1c3737b60ffa0843e77c14da190ba5853da49c003643869307bdd3)
[0;32m[INFO][0m   echo-dpumesh-13 (PID 319018) → 30
[0;32m[INFO][0m echo-dpumesh-14 → core(s) 31 (pod=6a6f368d353d8f789472c7ad051841aa03f8ba800fa374e1c37666e989e69c3a)
[0;32m[INFO][0m   echo-dpumesh-14 (PID 319329) → 31
[0;32m[INFO][0m loopback-dpumesh → core(s) 32 (pod=1da268600f5d99fc0471b2da6ec385651d106cd258e97b9cc6746b6a379ff725)
[0;32m[INFO][0m   loopback-dpumesh (PID 319981) → 32
[0;32m[INFO][0m verbs-dpumesh → core(s) 33 (pod=c7bcd96ed6356066992d1b643cb0b5b486812bfe66c1a7316f42d6e38d01d48d)
[0;32m[INFO][0m   verbs-dpumesh (PID 320328) → 33
[0;32m[INFO][0m Pinning done
dpumesh rep3 :: OK mrps=0.008000 gbps=0.0681 req_gbps=0.0666 resp_gbps=0.0015 p50=465.00 p95=763.00 p99=870.00 p999=1171.00 p9999=2087.00 avg=483.49 min=102.68 max=5083.42 rcnt=195999 scheduled=200000 pending=1 fail=0 conc=0 threads=4 reqsz=1024 repsz=8 reqframe=1040 respframe=24 durs=25.000 offered_mrps=0.008000 drops=0 overflow=0 worker_fail=0 mode=open arr=const batch=1 reconns=0 reconn_us=0.00 grabs=4 rets=4 recyc=436 waits=0 pads=0 reorder=0 dist=0:49999,1:100000,2:50000
[0;32m[INFO][0m Host NUMA: PCI 94:00.0 -> node 1, benchmark cores 18-35
[0;34m[STEP][0m === Pinning pods to dedicated cores (taskset, profile=preload) ===
[0;32m[INFO][0m CPU governor=performance, fixed 2.5 GHz on cores 18-35
[0;32m[INFO][0m preload-dpumesh → core(s) 30,31,32,33,34,35 (pod=66ab7dbd0657973aa31c4646f81b5e5eb650012d5f997d94c466835e2bf39c42)
[0;32m[INFO][0m   preload-dpumesh (PID 320657) → 30,31,32,33,34,35
[0;32m[INFO][0m preload-echo → core(s) 24,25,26,27,28,29 (pod=acaae695fdf569ea1e882ea6f19793da5e7564f22d44bfbca823640397db6e0d)
[0;32m[INFO][0m   preload-echo (PID 321004) → 24,25,26,27,28,29
[0;32m[INFO][0m preload-bench → core(s) 18,19,20,21,22,23 (pod=e4411a9b13d7210eb66c0dde81f5ceb77305ec80bb7a6b8a2d43eeb59e8554e1)
[0;32m[INFO][0m   preload-bench (PID 321349) → 18,19,20,21,22,23
[0;32m[INFO][0m Pinning done
preload rep3 :: OK mrps=0.008000 gbps=0.0681 req_gbps=0.0666 resp_gbps=0.0015 p50=735.00 p95=1015.00 p99=1067.00 p999=2332.00 p9999=6709.00 avg=682.03 min=127.07 max=16087.29 rcnt=195997 scheduled=200000 pending=3 fail=0 conc=0 threads=4 reqsz=1024 repsz=8 reqframe=1040 respframe=24 durs=25.000 offered_mrps=0.008000 drops=0 overflow=0 worker_fail=0 reorder=0 mode=open arr=const grabs=4 rets=4 recyc=436 waits=0 pads=0 wwin=0 wpool=0
[0;32m[INFO][0m Host NUMA: PCI 94:00.0 -> node 1, benchmark cores 18-35
[0;34m[STEP][0m === Pinning pods to dedicated cores (taskset, profile=grpc) ===
[0;32m[INFO][0m CPU governor=performance, fixed 2.5 GHz on cores 18-35
[0;32m[INFO][0m bench-grpc-dpumesh → core(s) 18,19,20,21,22,23 (pod=e97f3fd6e98edde9358d1c9f902ea48d7712c96bcaab83d9743056a47f3b0328)
[0;32m[INFO][0m   bench-grpc-dpumesh (PID 321950) → 18,19,20,21,22,23
[0;32m[INFO][0m echo-grpc-dpumesh → core(s) 24,25,26,27,28,29 (pod=f1aea24e510fa7b2e3451b64f6309ec35edc8fc5173f697891c7dd651fbc87e4)
[0;32m[INFO][0m   echo-grpc-dpumesh (PID 321580) → 24,25,26,27,28,29
[0;32m[INFO][0m Pinning done
grpc-dpumesh rep3 :: OK mrps=0.008000 gbps=0.0681 req_gbps=0.0666 resp_gbps=0.0015 p50=1072.00 p95=1665.00 p99=2112.00 p999=2828.00 p9999=6924.00 avg=1127.27 min=535.84 max=11051.82 rcnt=195992 scheduled=200000 pending=0 fail=0 conc=0 threads=4 channels=4 reqsz=1024 repsz=8 reqframe=1040 respframe=24 durs=25.000 offered_mrps=0.008000 drops=0 overflow=0 worker_fail=0 reorder=0 mode=open arr=const batch=0 reconns=0 reconn_us=0.00 grabs=81 rets=80 recyc=355 waits=0 pads=97 credit_hold_dropped=0 eq_budget_exhausted=0 dist=NA
